The CJS build of Vite's Node API is deprecated. See https://vite.dev/guide/troubleshooting.html#vite-cjs-node-api-deprecated for more details.

[1m[46m RUN [49m[22m [36mv3.2.4 [39m[90mC:/Users/rebui/Downloads/my-web-2025[39m

 [32m笨・[39m src/lib/utils/error-handling.test.ts[2m > [22mError Handling Utilities[2m > [22mAppErrorHandler[2m > [22mshould handle ContentError correctly[32m 6[2mms[22m[39m
 [32m笨・[39m src/lib/utils/error-handling.test.ts[2m > [22mError Handling Utilities[2m > [22mAppErrorHandler[2m > [22mshould handle generic Error[32m 1[2mms[22m[39m
 [32m笨・[39m src/lib/utils/error-handling.test.ts[2m > [22mError Handling Utilities[2m > [22mAppErrorHandler[2m > [22mshould handle unknown error types[32m 0[2mms[22m[39m
 [32m笨・[39m src/lib/utils/error-handling.test.ts[2m > [22mError Handling Utilities[2m > [22mAppErrorHandler[2m > [22mshould log errors[32m 2[2mms[22m[39m
 [32m笨・[39m src/lib/utils/error-handling.test.ts[2m > [22mError Handling Utilities[2m > [22mAppErrorHandler[2m > [22mshould create network errors[32m 0[2mms[22m[39m
 [32m笨・[39m src/lib/utils/error-handling.test.ts[2m > [22mError Handling Utilities[2m > [22mAppErrorHandler[2m > [22mshould create validation errors[32m 0[2mms[22m[39m
 [32m笨・[39m src/lib/utils/error-handling.test.ts[2m > [22mError Handling Utilities[2m > [22mErrorBoundaryHelper[2m > [22mshould log component errors[32m 1[2mms[22m[39m
 [32m笨・[39m src/lib/utils/error-handling.test.ts[2m > [22mError Handling Utilities[2m > [22mErrorBoundaryHelper[2m > [22mshould get error fallback element[32m 0[2mms[22m[39m
 [32m笨・[39m src/lib/utils/error-handling.test.ts[2m > [22mError Handling Utilities[2m > [22mwithErrorHandling[2m > [22mshould handle successful operations[32m 0[2mms[22m[39m
 [32m笨・[39m src/lib/utils/error-handling.test.ts[2m > [22mError Handling Utilities[2m > [22mwithErrorHandling[2m > [22mshould handle failed operations[32m 0[2mms[22m[39m
 [32m笨・[39m src/lib/utils/error-handling.test.ts[2m > [22mError Handling Utilities[2m > [22mwithErrorHandling[2m > [22mshould return undefined when no fallback provided[32m 0[2mms[22m[39m
 [32m笨・[39m src/lib/utils/error-handling.test.ts[2m > [22mError Handling Utilities[2m > [22mretryOperation[2m > [22mshould succeed on first try[32m 0[2mms[22m[39m
 [32m笨・[39m src/lib/utils/error-handling.test.ts[2m > [22mError Handling Utilities[2m > [22mretryOperation[2m > [22mshould retry on failure and eventually succeed[32m 56[2mms[22m[39m
 [32m笨・[39m src/lib/utils/error-handling.test.ts[2m > [22mError Handling Utilities[2m > [22mretryOperation[2m > [22mshould fail after maximum retries[32m 47[2mms[22m[39m
 [32m笨・[39m src/lib/utils/error-handling.test.ts[2m > [22mError Handling Utilities[2m > [22mFormErrorHandler[2m > [22mshould parse API errors from array format[32m 1[2mms[22m[39m
 [32m笨・[39m src/lib/utils/error-handling.test.ts[2m > [22mError Handling Utilities[2m > [22mFormErrorHandler[2m > [22mshould parse API errors from object format[32m 0[2mms[22m[39m
 [32m笨・[39m src/lib/utils/error-handling.test.ts[2m > [22mError Handling Utilities[2m > [22mFormErrorHandler[2m > [22mshould get first error for field[32m 0[2mms[22m[39m
 [32m笨・[39m src/lib/utils/error-handling.test.ts[2m > [22mError Handling Utilities[2m > [22mFormErrorHandler[2m > [22mshould check if has errors[32m 0[2mms[22m[39m
 [32m笨・[39m src/lib/utils/error-handling.test.ts[2m > [22mError Handling Utilities[2m > [22mFormErrorHandler[2m > [22mshould clear field error[32m 0[2mms[22m[39m
 [32m笨・[39m src/lib/utils/error-handling.test.ts[2m > [22mError Handling Utilities[2m > [22mFormErrorHandler[2m > [22mshould set field error[32m 0[2mms[22m[39m
 [32m笨・[39m src/lib/utils/error-handling.test.ts[2m > [22mError Handling Utilities[2m > [22mhandleFetchError[2m > [22mshould handle 404 error[32m 0[2mms[22m[39m
 [32m笨・[39m src/lib/utils/error-handling.test.ts[2m > [22mError Handling Utilities[2m > [22mhandleFetchError[2m > [22mshould handle 500 error[32m 0[2mms[22m[39m
 [32m笨・[39m src/lib/utils/error-handling.test.ts[2m > [22mError Handling Utilities[2m > [22mhandleFetchError[2m > [22mshould handle response without JSON[32m 0[2mms[22m[39m
 [32m笨・[39m src/lib/utils/error-handling.test.ts[2m > [22mError Handling Utilities[2m > [22msafeJSONParse[2m > [22mshould parse valid JSON[32m 0[2mms[22m[39m
 [32m笨・[39m src/lib/utils/error-handling.test.ts[2m > [22mError Handling Utilities[2m > [22msafeJSONParse[2m > [22mshould return fallback for invalid JSON[32m 1[2mms[22m[39m
 [32m笨・[39m src/lib/utils/error-handling.test.ts[2m > [22mError Handling Utilities[2m > [22msafeJSONParse[2m > [22mshould return fallback for empty string[32m 0[2mms[22m[39m
 [32m笨・[39m src/lib/utils/error-handling.test.ts[2m > [22mError Handling Utilities[2m > [22msetupGlobalErrorHandlers[2m > [22mshould setup global error handlers[32m 1[2mms[22m[39m
 [31mﾃ・[39m src/app/02_portfolio/components/ThreeJSPlayground.test.tsx[2m > [22mThreeJSPlayground Component[2m > [22mshould render the Three.js playground with title[32m 34[2mms[22m[39m
[31m   竊・Unable to find an accessible element with the role "heading" and name "Three.js Playground"

There are no accessible roles. But there might be some inaccessible roles. If you wish to access them, then set the `hidden` option to `true`. Learn more about this here: https://testing-library.com/docs/dom-testing-library/api-queries#byrole

Ignored nodes: comments, script, style
[36m<body />[31m[39m
 [31mﾃ・[39m src/app/02_portfolio/components/ThreeJSPlayground.test.tsx[2m > [22mThreeJSPlayground Component[2m > [22mshould render canvas element[32m 6[2mms[22m[39m
[31m   竊・Unable to find an accessible element with the role "img"

There are no accessible roles. But there might be some inaccessible roles. If you wish to access them, then set the `hidden` option to `true`. Learn more about this here: https://testing-library.com/docs/dom-testing-library/api-queries#byrole

Ignored nodes: comments, script, style
[36m<body />[31m[39m
 [31mﾃ・[39m src/app/02_portfolio/components/ThreeJSPlayground.test.tsx[2m > [22mThreeJSPlayground Component[2m > [22mshould render description text[32m 6[2mms[22m[39m
[31m   竊・Unable to find an element with the text: Interactive 3D graphics and animations powered by Three.js. This could be because the text is broken up by multiple elements. In this case, you can provide a function for your text matcher to make your matcher more flexible.

Ignored nodes: comments, script, style
[36m<body />[31m[39m
 [31mﾃ・[39m src/app/02_portfolio/components/ThreeJSPlayground.test.tsx[2m > [22mThreeJSPlayground Component[2m > [22mshould render control buttons[32m 4[2mms[22m[39m
[31m   竊・Unable to find an accessible element with the role "button" and name "Reset Scene"

There are no accessible roles. But there might be some inaccessible roles. If you wish to access them, then set the `hidden` option to `true`. Learn more about this here: https://testing-library.com/docs/dom-testing-library/api-queries#byrole

Ignored nodes: comments, script, style
[36m<body />[31m[39m
 [32m笨・[39m src/app/02_portfolio/components/ThreeJSPlayground.test.tsx[2m > [22mThreeJSPlayground Component[2m > [22mshould initialize canvas context on mount[32m 3[2mms[22m[39m
 [32m笨・[39m src/app/02_portfolio/components/ThreeJSPlayground.test.tsx[2m > [22mThreeJSPlayground Component[2m > [22mshould start animation on mount[32m 5[2mms[22m[39m
 [32m笨・[39m src/app/02_portfolio/components/ThreeJSPlayground.test.tsx[2m > [22mThreeJSPlayground Component[2m > [22mshould call drawing methods during animation[32m 36[2mms[22m[39m
 [31mﾃ・[39m src/app/02_portfolio/components/ThreeJSPlayground.test.tsx[2m > [22mThreeJSPlayground Component[2m > [22mshould handle button clicks without errors[32m 2[2mms[22m[39m
[31m   竊・Unable to find an accessible element with the role "button" and name "Reset Scene"

There are no accessible roles. But there might be some inaccessible roles. If you wish to access them, then set the `hidden` option to `true`. Learn more about this here: https://testing-library.com/docs/dom-testing-library/api-queries#byrole

Ignored nodes: comments, script, style
[36m<body />[31m[39m
 [32m笨・[39m src/app/02_portfolio/components/ThreeJSPlayground.test.tsx[2m > [22mThreeJSPlayground Component[2m > [22mshould clean up animation on unmount[32m 2[2mms[22m[39m
 [2m[90m竊・[39m[22m src/app/02_portfolio/components/ThreeJSPlayground.test.tsx[2m > [22mThreeJSPlayground Component[2m > [22mshould handle missing canvas gracefully
 [31mﾃ・[39m src/app/05_admin/page.test.tsx[2m > [22mAdmin Page[2m > [22mshould render access denied when not in development mode[33m 1021[2mms[22m[39m
[31m   竊・Unable to find an element with the text: Access Denied. This could be because the text is broken up by multiple elements. In this case, you can provide a function for your text matcher to make your matcher more flexible.

Ignored nodes: comments, script, style
[36m<body />[31m

Ignored nodes: comments, script, style
[36m<html>[31m
  [36m<head />[31m
  [36m<body>[31m
    [36m<div>[31m
      [36m<div[31m
        [33mclass[31m=[32m" min-h-screen text-[var(--color-foreground)] bg-gray flex min-h-screen items-center justify-center"[31m
      [36m>[31m
        [36m<div[31m
          [33mclass[31m=[32m"container-grid"[31m
        [36m>[31m
          [36m<div[31m
            [33mclass[31m=[32m"xs:px-6 px-4 md:px-8 "[31m
          [36m>[31m
            [36m<div[31m
              [33mclass[31m=[32m"text-center"[31m
            [36m>[31m
              [36m<svg[31m
                [33maria-hidden[31m=[32m"true"[31m
                [33mclass[31m=[32m"lucide lucide-shield text-primary mx-auto mb-6"[31m
                [33mfill[31m=[32m"none"[31m
                [33mheight[31m=[32m"64"[31m
                [33mstroke[31m=[32m"currentColor"[31m
                [33mstroke-linecap[31m=[32m"round"[31m
                [33mstroke-linejoin[31m=[32m"round"[31m
                [33mstroke-width[31m=[32m"2"[31m
                [33mviewBox[31m=[32m"0 0 24 24"[31m
                [33mwidth[31m=[32m"64"[31m
                [33mxmlns[31m=[32m"http://www.w3.org/2000/svg"[31m
              [36m>[31m
                [36m<path[31m
                  [33md[31m=[32m"M20 13c0 5-3.5 7.5-7.66 8.95a1 1 0 0 1-.67-.01C7.5 20.5 4 18 4 13V6a1 1 0 0 1 1-1c2 0 4.5-1.2 6.24-2.72a1.17 1.17 0 0 1 1.52 0C14.51 3.81 17 5 19 5a1 1 0 0 1 1 1z"[31m
                [36m/>[31m
              [36m</svg>[31m
              [36m<h1[31m
                [33mclass[31m=[32m"neue-haas-grotesk-display text-primary mb-4 text-4xl"[31m
              [36m>[31m
                [0mAccess Denied[0m
              [36m</h1>[31m
              [36m<p[31m
                [33mclass[31m=[32m"noto-sans-jp text-foreground/70 mb-6"[31m
              [36m>[31m
                [0mAdmin access is only available in development mode.[0m
              [36m</p>[31m
              [36m<a[31m
                [33mclass[31m=[32m"bg-primary hover:bg-primary/90 inline-block px-6 py-3 text-white transition-colors"[31m
                [33mhref[31m=[32m"/"[31m
              [36m>[31m
                [0mBack to Home[0m
              [36m</a>[31m
            [36m</div>[31m
          [36m</div>[31m
        [36m</div>[31m
      [36m</div>[31m
    [36m</div>[31m
  [36m</body>[31m
[36m</html>[31m[39m
 [31mﾃ・[39m src/app/05_admin/page.test.tsx[2m > [22mAdmin Page[2m > [22mshould render admin dashboard in development mode[33m 1038[2mms[22m[39m
[31m   竊・Unable to find an element with the text: Admin Dashboard. This could be because the text is broken up by multiple elements. In this case, you can provide a function for your text matcher to make your matcher more flexible.

Ignored nodes: comments, script, style
[36m<body />[31m

Ignored nodes: comments, script, style
[36m<html>[31m
  [36m<head />[31m
  [36m<body>[31m
    [36m<div>[31m
      [36m<div[31m
        [33mclass[31m=[32m" min-h-screen text-[var(--color-foreground)] bg-gray"[31m
      [36m>[31m
        [36m<nav[31m
          [33mclass[31m=[32m"border-foreground/20 border-b p-4"[31m
        [36m>[31m
          [36m<div[31m
            [33mclass[31m=[32m"container-grid"[31m
          [36m>[31m
            [36m<div[31m
              [33mclass[31m=[32m"xs:px-6 px-4 md:px-8 "[31m
            [36m>[31m
              [36m<div[31m
                [33mclass[31m=[32m"flex items-center justify-between"[31m
              [36m>[31m
                [36m<a[31m
                  [33mclass[31m=[32m"neue-haas-grotesk-display text-primary hover:text-primary/80 text-2xl"[31m
                  [33mhref[31m=[32m"/"[31m
                [36m>[31m
                  [0m竊・Home[0m
                [36m</a>[31m
                [36m<div[31m
                  [33mclass[31m=[32m"text-foreground/60 text-sm"[31m
                [36m>[31m
                  [0mDevelopment Mode Only[0m
                [36m</div>[31m
              [36m</div>[31m
            [36m</div>[31m
          [36m</div>[31m
        [36m</nav>[31m
        [36m<header[31m
          [33mclass[31m=[32m"px-4 py-12 text-center"[31m
        [36m>[31m
          [36m<h1[31m
            [33mclass[31m=[32m"neue-haas-grotesk-display text-primary mb-4 text-4xl md:text-6xl"[31m
          [36m>[31m
            [0mAdmin Dashboard[0m
          [36m</h1>[31m
          [36m<p[31m
            [33mclass[31m=[32m"noto-sans-jp text-foreground/80 text-lg"[31m
          [36m>[31m
            [0mContent Management & Analytics[0m
          [36m</p>[31m
          [36m<div[31m
            [33mclass[31m=[32m"bg-primary mx-auto mt-6 h-1 w-24"[31m
          [36m/>[31m
        [36m</header>[31m
        [36m<main[31m
          [33mclass[31m=[32m"pb-16"[31m
        [36m>[31m
          [36m<div[31m
            [33mclass[31m=[32m"container-grid"[31m
          [36m>[31m
            [36m<div[31m
              [33mclass[31m=[32m"xs:px-6 px-4 md:px-8 "[31m
            [36m>[31m
              [36m<section[31m
                [33mclass[31m=[32m"mb-12"[31m
              [36m>[31m
                [36m<h2[31m
                  [33mclass[31m=[32m"neue-haas-grotesk-display text-foreground mb-6 text-2xl"[31m
                [36m>[31m
                  [0mOverview[0m
                [36m</h2>[31m
                [36m<div[31m
                  [33mclass[31m=[32m"grid gap-4 xs:gap-6 md:gap-8 grid-cols-1 xs:grid-cols-2 md:grid-cols-4 xl:grid-cols-4 2xl:grid-cols-4 "[31m
                [36m>[31m
                  [36m<div[31m
                    [33mclass[31m=[32m"border-foreground/20 bg-gray/50 border p-6"[31m
                  [36m>[31m
                    [36m<div[31m
                      [33mclass[31m=[32m"mb-2 flex items-center justify-between"[31m
                    [36m>[31m
                      [36m<svg[31m
                        [33maria-hidden[31m=[32m"true"[31m
                        [33mclass[31m=[32m"lucide lucide-file-text text-primary"[31m
                        [33mfill[31m=[32m"none"[31m
                        [33mheight[31m=[32m"24"[31m
                        [33mstroke[31m=[32m"currentColor"[31m
                        [33mstroke-linecap[31m=[32m"round"[31m
                        [33mstroke-linejoin[31m=[32m"round"[31m
                        [33mstroke-width[31m=[32m"2"[31m
                        [33mviewBox[31m=[32m"0 0 24 24"[31m
                        [33mwidth[31m=[32m"24"[31m
                        [33mxmlns[31m=[32m"http://www.w3.org/2000/svg"[31m
                      [36m>[31m
                        [36m<path[31m
                          [33md[31m=[32m"M15 2H6a2 2 0 0 0-2 2v16a2 2 0 0 0 2 2h12a2 2 0 0 0 2-2V7Z"[31m
                        [36m/>[31m
                        [36m<path[31m
                          [33md[31m=[32m"M14 2v4a2 2 0 0 0 2 2h4"[31m
                        [36m/>[31m
                        [36m<path[31m
                          [33md[31m=[32m"M10 9H8"[31m
                        [36m/>[31m
                        [36m<path[31m
                          [33md[31m=[32m"M16 13H8"[31m
                        [36m/>[31m
                        [36m<path[31m
                          [33md[31m=[32m"M16 17H8"[31m
                        [36m/>[31m
                      [36m</svg>[31m
                      [36m<span[31m
                        [33mclass[31m=[32m"text-foreground/50 text-xs"[31m
                      [36m>[31m
                        [0mCONTENT[0m
                      [36m</span>[31m
                    [36m</div>[31m
                    [36m<div[31m
                      [33mclass[31m=[32m"neue-haas-grotesk-display text-foreground text-2xl"[31m
                    [36m>[31m
                      [0m25[0m
                    [36m</div>[31m
                    [36m<div[31m
                      [33mclass[31m=[32m"text-foreground/70 text-sm"[31m
                    [36m>[31m
                      [0mTotal Items[0m
                    [36m</div>[31m
                  [36m</div>[31m
                  [36m<div[31m
                    [33mclass[31m=[32m"border-foreground/20 bg-gray/50 border p-6"[31m
                  [36m>[31m
                    [36m<div[31m
                      [33mclass[31m=[32m"mb-2 flex items-center justify-between"[31m
                    [36m>[31m
                      [36m<svg[31m
                        [33maria-hidden[31m=[32m"true"[31m
                        [33mclass[31m=[32m"lucide lucide-activity text-primary"[31m
                        [33mfill[31m=[32m"none"[31m
                        [33mheight[31m=[32m"24"[31m
                        [33mstroke[31m=[32m"currentColor"[31m
                        [33mstroke-linecap[31m=[32m"round"[31m
                        [33mstroke-linejoin[31m=[32m"round"[31m
                        [33mstroke-width[31m=[32m"2"[31m
                        [33mviewBox[31m=[32m"0 0 24 24"[31m
                        [33mwidth[31m=[32m"24"[31m
                        [33mxmlns[31m=[32m"http://www.w3.org/2000/svg"[31m
                      [36m>[31m
                        [36m<path[31m
                          [33md[31m=[32m"M22 12h-2.48a2 2 0 0 0-1.93 1.46l-2.35 8.36a.25.25 0 0 1-.48 0L9.24 2.18a.25.25 0 0 0-.48 0l-2.35 8.36A2 2 0 0 1 4.49 12H2"[31m
                        [36m/>[31m
                      [36m</svg>[31m
                      [36m<span[31m
                        [33mclass[31m=[32m"text-foreground/50 text-xs"[31m
                      [36m>[31m
      ...[39m
 [31mﾃ・[39m src/app/05_admin/page.test.tsx[2m > [22mAdmin Page[2m > [22mshould render navigation in development mode[33m 1018[2mms[22m[39m
[31m   竊・Unable to find role="link" and name "竊・Home"

Ignored nodes: comments, script, style
[36m<body />[31m

Ignored nodes: comments, script, style
[36m<html>[31m
  [36m<head />[31m
  [36m<body>[31m
    [36m<div>[31m
      [36m<div[31m
        [33mclass[31m=[32m" min-h-screen text-[var(--color-foreground)] bg-gray"[31m
      [36m>[31m
        [36m<nav[31m
          [33mclass[31m=[32m"border-foreground/20 border-b p-4"[31m
        [36m>[31m
          [36m<div[31m
            [33mclass[31m=[32m"container-grid"[31m
          [36m>[31m
            [36m<div[31m
              [33mclass[31m=[32m"xs:px-6 px-4 md:px-8 "[31m
            [36m>[31m
              [36m<div[31m
                [33mclass[31m=[32m"flex items-center justify-between"[31m
              [36m>[31m
                [36m<a[31m
                  [33mclass[31m=[32m"neue-haas-grotesk-display text-primary hover:text-primary/80 text-2xl"[31m
                  [33mhref[31m=[32m"/"[31m
                [36m>[31m
                  [0m竊・Home[0m
                [36m</a>[31m
                [36m<div[31m
                  [33mclass[31m=[32m"text-foreground/60 text-sm"[31m
                [36m>[31m
                  [0mDevelopment Mode Only[0m
                [36m</div>[31m
              [36m</div>[31m
            [36m</div>[31m
          [36m</div>[31m
        [36m</nav>[31m
        [36m<header[31m
          [33mclass[31m=[32m"px-4 py-12 text-center"[31m
        [36m>[31m
          [36m<h1[31m
            [33mclass[31m=[32m"neue-haas-grotesk-display text-primary mb-4 text-4xl md:text-6xl"[31m
          [36m>[31m
            [0mAdmin Dashboard[0m
          [36m</h1>[31m
          [36m<p[31m
            [33mclass[31m=[32m"noto-sans-jp text-foreground/80 text-lg"[31m
          [36m>[31m
            [0mContent Management & Analytics[0m
          [36m</p>[31m
          [36m<div[31m
            [33mclass[31m=[32m"bg-primary mx-auto mt-6 h-1 w-24"[31m
          [36m/>[31m
        [36m</header>[31m
        [36m<main[31m
          [33mclass[31m=[32m"pb-16"[31m
        [36m>[31m
          [36m<div[31m
            [33mclass[31m=[32m"container-grid"[31m
          [36m>[31m
            [36m<div[31m
              [33mclass[31m=[32m"xs:px-6 px-4 md:px-8 "[31m
            [36m>[31m
              [36m<section[31m
                [33mclass[31m=[32m"mb-12"[31m
              [36m>[31m
                [36m<h2[31m
                  [33mclass[31m=[32m"neue-haas-grotesk-display text-foreground mb-6 text-2xl"[31m
                [36m>[31m
                  [0mOverview[0m
                [36m</h2>[31m
                [36m<div[31m
                  [33mclass[31m=[32m"grid gap-4 xs:gap-6 md:gap-8 grid-cols-1 xs:grid-cols-2 md:grid-cols-4 xl:grid-cols-4 2xl:grid-cols-4 "[31m
                [36m>[31m
                  [36m<div[31m
                    [33mclass[31m=[32m"border-foreground/20 bg-gray/50 border p-6"[31m
                  [36m>[31m
                    [36m<div[31m
                      [33mclass[31m=[32m"mb-2 flex items-center justify-between"[31m
                    [36m>[31m
                      [36m<svg[31m
                        [33maria-hidden[31m=[32m"true"[31m
                        [33mclass[31m=[32m"lucide lucide-file-text text-primary"[31m
                        [33mfill[31m=[32m"none"[31m
                        [33mheight[31m=[32m"24"[31m
                        [33mstroke[31m=[32m"currentColor"[31m
                        [33mstroke-linecap[31m=[32m"round"[31m
                        [33mstroke-linejoin[31m=[32m"round"[31m
                        [33mstroke-width[31m=[32m"2"[31m
                        [33mviewBox[31m=[32m"0 0 24 24"[31m
                        [33mwidth[31m=[32m"24"[31m
                        [33mxmlns[31m=[32m"http://www.w3.org/2000/svg"[31m
                      [36m>[31m
                        [36m<path[31m
                          [33md[31m=[32m"M15 2H6a2 2 0 0 0-2 2v16a2 2 0 0 0 2 2h12a2 2 0 0 0 2-2V7Z"[31m
                        [36m/>[31m
                        [36m<path[31m
                          [33md[31m=[32m"M14 2v4a2 2 0 0 0 2 2h4"[31m
                        [36m/>[31m
                        [36m<path[31m
                          [33md[31m=[32m"M10 9H8"[31m
                        [36m/>[31m
                        [36m<path[31m
                          [33md[31m=[32m"M16 13H8"[31m
                        [36m/>[31m
                        [36m<path[31m
                          [33md[31m=[32m"M16 17H8"[31m
                        [36m/>[31m
                      [36m</svg>[31m
                      [36m<span[31m
                        [33mclass[31m=[32m"text-foreground/50 text-xs"[31m
                      [36m>[31m
                        [0mCONTENT[0m
                      [36m</span>[31m
                    [36m</div>[31m
                    [36m<div[31m
                      [33mclass[31m=[32m"neue-haas-grotesk-display text-foreground text-2xl"[31m
                    [36m>[31m
                      [0m25[0m
                    [36m</div>[31m
                    [36m<div[31m
                      [33mclass[31m=[32m"text-foreground/70 text-sm"[31m
                    [36m>[31m
                      [0mTotal Items[0m
                    [36m</div>[31m
                  [36m</div>[31m
                  [36m<div[31m
                    [33mclass[31m=[32m"border-foreground/20 bg-gray/50 border p-6"[31m
                  [36m>[31m
                    [36m<div[31m
                      [33mclass[31m=[32m"mb-2 flex items-center justify-between"[31m
                    [36m>[31m
                      [36m<svg[31m
                        [33maria-hidden[31m=[32m"true"[31m
                        [33mclass[31m=[32m"lucide lucide-activity text-primary"[31m
                        [33mfill[31m=[32m"none"[31m
                        [33mheight[31m=[32m"24"[31m
                        [33mstroke[31m=[32m"currentColor"[31m
                        [33mstroke-linecap[31m=[32m"round"[31m
                        [33mstroke-linejoin[31m=[32m"round"[31m
                        [33mstroke-width[31m=[32m"2"[31m
                        [33mviewBox[31m=[32m"0 0 24 24"[31m
                        [33mwidth[31m=[32m"24"[31m
                        [33mxmlns[31m=[32m"http://www.w3.org/2000/svg"[31m
                      [36m>[31m
                        [36m<path[31m
                          [33md[31m=[32m"M22 12h-2.48a2 2 0 0 0-1.93 1.46l-2.35 8.36a.25.25 0 0 1-.48 0L9.24 2.18a.25.25 0 0 0-.48 0l-2.35 8.36A2 2 0 0 1 4.49 12H2"[31m
                        [36m/>[31m
                      [36m</svg>[31m
                      [36m<span[31m
                        [33mclass[31m=[32m"text-foreground/50 text-xs"[31m
                      [36m>[31m
      ...[39m
 [31mﾃ・[39m src/app/05_admin/page.test.tsx[2m > [22mAdmin Page[2m > [22mshould render statistics overview[33m 1023[2mms[22m[39m
[31m   竊・Unable to find an element with the text: Overview. This could be because the text is broken up by multiple elements. In this case, you can provide a function for your text matcher to make your matcher more flexible.

Ignored nodes: comments, script, style
[36m<body />[31m

Ignored nodes: comments, script, style
[36m<html>[31m
  [36m<head />[31m
  [36m<body>[31m
    [36m<div>[31m
      [36m<div[31m
        [33mclass[31m=[32m" min-h-screen text-[var(--color-foreground)] bg-gray"[31m
      [36m>[31m
        [36m<nav[31m
          [33mclass[31m=[32m"border-foreground/20 border-b p-4"[31m
        [36m>[31m
          [36m<div[31m
            [33mclass[31m=[32m"container-grid"[31m
          [36m>[31m
            [36m<div[31m
              [33mclass[31m=[32m"xs:px-6 px-4 md:px-8 "[31m
            [36m>[31m
              [36m<div[31m
                [33mclass[31m=[32m"flex items-center justify-between"[31m
              [36m>[31m
                [36m<a[31m
                  [33mclass[31m=[32m"neue-haas-grotesk-display text-primary hover:text-primary/80 text-2xl"[31m
                  [33mhref[31m=[32m"/"[31m
                [36m>[31m
                  [0m竊・Home[0m
                [36m</a>[31m
                [36m<div[31m
                  [33mclass[31m=[32m"text-foreground/60 text-sm"[31m
                [36m>[31m
                  [0mDevelopment Mode Only[0m
                [36m</div>[31m
              [36m</div>[31m
            [36m</div>[31m
          [36m</div>[31m
        [36m</nav>[31m
        [36m<header[31m
          [33mclass[31m=[32m"px-4 py-12 text-center"[31m
        [36m>[31m
          [36m<h1[31m
            [33mclass[31m=[32m"neue-haas-grotesk-display text-primary mb-4 text-4xl md:text-6xl"[31m
          [36m>[31m
            [0mAdmin Dashboard[0m
          [36m</h1>[31m
          [36m<p[31m
            [33mclass[31m=[32m"noto-sans-jp text-foreground/80 text-lg"[31m
          [36m>[31m
            [0mContent Management & Analytics[0m
          [36m</p>[31m
          [36m<div[31m
            [33mclass[31m=[32m"bg-primary mx-auto mt-6 h-1 w-24"[31m
          [36m/>[31m
        [36m</header>[31m
        [36m<main[31m
          [33mclass[31m=[32m"pb-16"[31m
        [36m>[31m
          [36m<div[31m
            [33mclass[31m=[32m"container-grid"[31m
          [36m>[31m
            [36m<div[31m
              [33mclass[31m=[32m"xs:px-6 px-4 md:px-8 "[31m
            [36m>[31m
              [36m<section[31m
                [33mclass[31m=[32m"mb-12"[31m
              [36m>[31m
                [36m<h2[31m
                  [33mclass[31m=[32m"neue-haas-grotesk-display text-foreground mb-6 text-2xl"[31m
                [36m>[31m
                  [0mOverview[0m
                [36m</h2>[31m
                [36m<div[31m
                  [33mclass[31m=[32m"grid gap-4 xs:gap-6 md:gap-8 grid-cols-1 xs:grid-cols-2 md:grid-cols-4 xl:grid-cols-4 2xl:grid-cols-4 "[31m
                [36m>[31m
                  [36m<div[31m
                    [33mclass[31m=[32m"border-foreground/20 bg-gray/50 border p-6"[31m
                  [36m>[31m
                    [36m<div[31m
                      [33mclass[31m=[32m"mb-2 flex items-center justify-between"[31m
                    [36m>[31m
                      [36m<svg[31m
                        [33maria-hidden[31m=[32m"true"[31m
                        [33mclass[31m=[32m"lucide lucide-file-text text-primary"[31m
                        [33mfill[31m=[32m"none"[31m
                        [33mheight[31m=[32m"24"[31m
                        [33mstroke[31m=[32m"currentColor"[31m
                        [33mstroke-linecap[31m=[32m"round"[31m
                        [33mstroke-linejoin[31m=[32m"round"[31m
                        [33mstroke-width[31m=[32m"2"[31m
                        [33mviewBox[31m=[32m"0 0 24 24"[31m
                        [33mwidth[31m=[32m"24"[31m
                        [33mxmlns[31m=[32m"http://www.w3.org/2000/svg"[31m
                      [36m>[31m
                        [36m<path[31m
                          [33md[31m=[32m"M15 2H6a2 2 0 0 0-2 2v16a2 2 0 0 0 2 2h12a2 2 0 0 0 2-2V7Z"[31m
                        [36m/>[31m
                        [36m<path[31m
                          [33md[31m=[32m"M14 2v4a2 2 0 0 0 2 2h4"[31m
                        [36m/>[31m
                        [36m<path[31m
                          [33md[31m=[32m"M10 9H8"[31m
                        [36m/>[31m
                        [36m<path[31m
                          [33md[31m=[32m"M16 13H8"[31m
                        [36m/>[31m
                        [36m<path[31m
                          [33md[31m=[32m"M16 17H8"[31m
                        [36m/>[31m
                      [36m</svg>[31m
                      [36m<span[31m
                        [33mclass[31m=[32m"text-foreground/50 text-xs"[31m
                      [36m>[31m
                        [0mCONTENT[0m
                      [36m</span>[31m
                    [36m</div>[31m
                    [36m<div[31m
                      [33mclass[31m=[32m"neue-haas-grotesk-display text-foreground text-2xl"[31m
                    [36m>[31m
                      [0m25[0m
                    [36m</div>[31m
                    [36m<div[31m
                      [33mclass[31m=[32m"text-foreground/70 text-sm"[31m
                    [36m>[31m
                      [0mTotal Items[0m
                    [36m</div>[31m
                  [36m</div>[31m
                  [36m<div[31m
                    [33mclass[31m=[32m"border-foreground/20 bg-gray/50 border p-6"[31m
                  [36m>[31m
                    [36m<div[31m
                      [33mclass[31m=[32m"mb-2 flex items-center justify-between"[31m
                    [36m>[31m
                      [36m<svg[31m
                        [33maria-hidden[31m=[32m"true"[31m
                        [33mclass[31m=[32m"lucide lucide-activity text-primary"[31m
                        [33mfill[31m=[32m"none"[31m
                        [33mheight[31m=[32m"24"[31m
                        [33mstroke[31m=[32m"currentColor"[31m
                        [33mstroke-linecap[31m=[32m"round"[31m
                        [33mstroke-linejoin[31m=[32m"round"[31m
                        [33mstroke-width[31m=[32m"2"[31m
                        [33mviewBox[31m=[32m"0 0 24 24"[31m
                        [33mwidth[31m=[32m"24"[31m
                        [33mxmlns[31m=[32m"http://www.w3.org/2000/svg"[31m
                      [36m>[31m
                        [36m<path[31m
                          [33md[31m=[32m"M22 12h-2.48a2 2 0 0 0-1.93 1.46l-2.35 8.36a.25.25 0 0 1-.48 0L9.24 2.18a.25.25 0 0 0-.48 0l-2.35 8.36A2 2 0 0 1 4.49 12H2"[31m
                        [36m/>[31m
                      [36m</svg>[31m
                      [36m<span[31m
                        [33mclass[31m=[32m"text-foreground/50 text-xs"[31m
                      [36m>[31m
      ...[39m
 [31mﾃ・[39m src/app/05_admin/page.test.tsx[2m > [22mAdmin Page[2m > [22mshould render stats values[33m 1026[2mms[22m[39m
[31m   竊・Unable to find an element with the text: 25. This could be because the text is broken up by multiple elements. In this case, you can provide a function for your text matcher to make your matcher more flexible.

Ignored nodes: comments, script, style
[36m<body />[31m

Ignored nodes: comments, script, style
[36m<html>[31m
  [36m<head />[31m
  [36m<body>[31m
    [36m<div>[31m
      [36m<div[31m
        [33mclass[31m=[32m" min-h-screen text-[var(--color-foreground)] bg-gray"[31m
      [36m>[31m
        [36m<nav[31m
          [33mclass[31m=[32m"border-foreground/20 border-b p-4"[31m
        [36m>[31m
          [36m<div[31m
            [33mclass[31m=[32m"container-grid"[31m
          [36m>[31m
            [36m<div[31m
              [33mclass[31m=[32m"xs:px-6 px-4 md:px-8 "[31m
            [36m>[31m
              [36m<div[31m
                [33mclass[31m=[32m"flex items-center justify-between"[31m
              [36m>[31m
                [36m<a[31m
                  [33mclass[31m=[32m"neue-haas-grotesk-display text-primary hover:text-primary/80 text-2xl"[31m
                  [33mhref[31m=[32m"/"[31m
                [36m>[31m
                  [0m竊・Home[0m
                [36m</a>[31m
                [36m<div[31m
                  [33mclass[31m=[32m"text-foreground/60 text-sm"[31m
                [36m>[31m
                  [0mDevelopment Mode Only[0m
                [36m</div>[31m
              [36m</div>[31m
            [36m</div>[31m
          [36m</div>[31m
        [36m</nav>[31m
        [36m<header[31m
          [33mclass[31m=[32m"px-4 py-12 text-center"[31m
        [36m>[31m
          [36m<h1[31m
            [33mclass[31m=[32m"neue-haas-grotesk-display text-primary mb-4 text-4xl md:text-6xl"[31m
          [36m>[31m
            [0mAdmin Dashboard[0m
          [36m</h1>[31m
          [36m<p[31m
            [33mclass[31m=[32m"noto-sans-jp text-foreground/80 text-lg"[31m
          [36m>[31m
            [0mContent Management & Analytics[0m
          [36m</p>[31m
          [36m<div[31m
            [33mclass[31m=[32m"bg-primary mx-auto mt-6 h-1 w-24"[31m
          [36m/>[31m
        [36m</header>[31m
        [36m<main[31m
          [33mclass[31m=[32m"pb-16"[31m
        [36m>[31m
          [36m<div[31m
            [33mclass[31m=[32m"container-grid"[31m
          [36m>[31m
            [36m<div[31m
              [33mclass[31m=[32m"xs:px-6 px-4 md:px-8 "[31m
            [36m>[31m
              [36m<section[31m
                [33mclass[31m=[32m"mb-12"[31m
              [36m>[31m
                [36m<h2[31m
                  [33mclass[31m=[32m"neue-haas-grotesk-display text-foreground mb-6 text-2xl"[31m
                [36m>[31m
                  [0mOverview[0m
                [36m</h2>[31m
                [36m<div[31m
                  [33mclass[31m=[32m"grid gap-4 xs:gap-6 md:gap-8 grid-cols-1 xs:grid-cols-2 md:grid-cols-4 xl:grid-cols-4 2xl:grid-cols-4 "[31m
                [36m>[31m
                  [36m<div[31m
                    [33mclass[31m=[32m"border-foreground/20 bg-gray/50 border p-6"[31m
                  [36m>[31m
                    [36m<div[31m
                      [33mclass[31m=[32m"mb-2 flex items-center justify-between"[31m
                    [36m>[31m
                      [36m<svg[31m
                        [33maria-hidden[31m=[32m"true"[31m
                        [33mclass[31m=[32m"lucide lucide-file-text text-primary"[31m
                        [33mfill[31m=[32m"none"[31m
                        [33mheight[31m=[32m"24"[31m
                        [33mstroke[31m=[32m"currentColor"[31m
                        [33mstroke-linecap[31m=[32m"round"[31m
                        [33mstroke-linejoin[31m=[32m"round"[31m
                        [33mstroke-width[31m=[32m"2"[31m
                        [33mviewBox[31m=[32m"0 0 24 24"[31m
                        [33mwidth[31m=[32m"24"[31m
                        [33mxmlns[31m=[32m"http://www.w3.org/2000/svg"[31m
                      [36m>[31m
                        [36m<path[31m
                          [33md[31m=[32m"M15 2H6a2 2 0 0 0-2 2v16a2 2 0 0 0 2 2h12a2 2 0 0 0 2-2V7Z"[31m
                        [36m/>[31m
                        [36m<path[31m
                          [33md[31m=[32m"M14 2v4a2 2 0 0 0 2 2h4"[31m
                        [36m/>[31m
                        [36m<path[31m
                          [33md[31m=[32m"M10 9H8"[31m
                        [36m/>[31m
                        [36m<path[31m
                          [33md[31m=[32m"M16 13H8"[31m
                        [36m/>[31m
                        [36m<path[31m
                          [33md[31m=[32m"M16 17H8"[31m
                        [36m/>[31m
                      [36m</svg>[31m
                      [36m<span[31m
                        [33mclass[31m=[32m"text-foreground/50 text-xs"[31m
                      [36m>[31m
                        [0mCONTENT[0m
                      [36m</span>[31m
                    [36m</div>[31m
                    [36m<div[31m
                      [33mclass[31m=[32m"neue-haas-grotesk-display text-foreground text-2xl"[31m
                    [36m>[31m
                      [0m25[0m
                    [36m</div>[31m
                    [36m<div[31m
                      [33mclass[31m=[32m"text-foreground/70 text-sm"[31m
                    [36m>[31m
                      [0mTotal Items[0m
                    [36m</div>[31m
                  [36m</div>[31m
                  [36m<div[31m
                    [33mclass[31m=[32m"border-foreground/20 bg-gray/50 border p-6"[31m
                  [36m>[31m
                    [36m<div[31m
                      [33mclass[31m=[32m"mb-2 flex items-center justify-between"[31m
                    [36m>[31m
                      [36m<svg[31m
                        [33maria-hidden[31m=[32m"true"[31m
                        [33mclass[31m=[32m"lucide lucide-activity text-primary"[31m
                        [33mfill[31m=[32m"none"[31m
                        [33mheight[31m=[32m"24"[31m
                        [33mstroke[31m=[32m"currentColor"[31m
                        [33mstroke-linecap[31m=[32m"round"[31m
                        [33mstroke-linejoin[31m=[32m"round"[31m
                        [33mstroke-width[31m=[32m"2"[31m
                        [33mviewBox[31m=[32m"0 0 24 24"[31m
                        [33mwidth[31m=[32m"24"[31m
                        [33mxmlns[31m=[32m"http://www.w3.org/2000/svg"[31m
                      [36m>[31m
                        [36m<path[31m
                          [33md[31m=[32m"M22 12h-2.48a2 2 0 0 0-1.93 1.46l-2.35 8.36a.25.25 0 0 1-.48 0L9.24 2.18a.25.25 0 0 0-.48 0l-2.35 8.36A2 2 0 0 1 4.49 12H2"[31m
                        [36m/>[31m
                      [36m</svg>[31m
                      [36m<span[31m
                        [33mclass[31m=[32m"text-foreground/50 text-xs"[31m
                      [36m>[31m
      ...[39m
 [31mﾃ・[39m src/app/05_admin/page.test.tsx[2m > [22mAdmin Page[2m > [22mshould render management tools section[33m 1025[2mms[22m[39m
[31m   竊・Unable to find an element with the text: Management Tools. This could be because the text is broken up by multiple elements. In this case, you can provide a function for your text matcher to make your matcher more flexible.

Ignored nodes: comments, script, style
[36m<body />[31m

Ignored nodes: comments, script, style
[36m<html>[31m
  [36m<head />[31m
  [36m<body>[31m
    [36m<div>[31m
      [36m<div[31m
        [33mclass[31m=[32m" min-h-screen text-[var(--color-foreground)] bg-gray"[31m
      [36m>[31m
        [36m<nav[31m
          [33mclass[31m=[32m"border-foreground/20 border-b p-4"[31m
        [36m>[31m
          [36m<div[31m
            [33mclass[31m=[32m"container-grid"[31m
          [36m>[31m
            [36m<div[31m
              [33mclass[31m=[32m"xs:px-6 px-4 md:px-8 "[31m
            [36m>[31m
              [36m<div[31m
                [33mclass[31m=[32m"flex items-center justify-between"[31m
              [36m>[31m
                [36m<a[31m
                  [33mclass[31m=[32m"neue-haas-grotesk-display text-primary hover:text-primary/80 text-2xl"[31m
                  [33mhref[31m=[32m"/"[31m
                [36m>[31m
                  [0m竊・Home[0m
                [36m</a>[31m
                [36m<div[31m
                  [33mclass[31m=[32m"text-foreground/60 text-sm"[31m
                [36m>[31m
                  [0mDevelopment Mode Only[0m
                [36m</div>[31m
              [36m</div>[31m
            [36m</div>[31m
          [36m</div>[31m
        [36m</nav>[31m
        [36m<header[31m
          [33mclass[31m=[32m"px-4 py-12 text-center"[31m
        [36m>[31m
          [36m<h1[31m
            [33mclass[31m=[32m"neue-haas-grotesk-display text-primary mb-4 text-4xl md:text-6xl"[31m
          [36m>[31m
            [0mAdmin Dashboard[0m
          [36m</h1>[31m
          [36m<p[31m
            [33mclass[31m=[32m"noto-sans-jp text-foreground/80 text-lg"[31m
          [36m>[31m
            [0mContent Management & Analytics[0m
          [36m</p>[31m
          [36m<div[31m
            [33mclass[31m=[32m"bg-primary mx-auto mt-6 h-1 w-24"[31m
          [36m/>[31m
        [36m</header>[31m
        [36m<main[31m
          [33mclass[31m=[32m"pb-16"[31m
        [36m>[31m
          [36m<div[31m
            [33mclass[31m=[32m"container-grid"[31m
          [36m>[31m
            [36m<div[31m
              [33mclass[31m=[32m"xs:px-6 px-4 md:px-8 "[31m
            [36m>[31m
              [36m<section[31m
                [33mclass[31m=[32m"mb-12"[31m
              [36m>[31m
                [36m<h2[31m
                  [33mclass[31m=[32m"neue-haas-grotesk-display text-foreground mb-6 text-2xl"[31m
                [36m>[31m
                  [0mOverview[0m
                [36m</h2>[31m
                [36m<div[31m
                  [33mclass[31m=[32m"grid gap-4 xs:gap-6 md:gap-8 grid-cols-1 xs:grid-cols-2 md:grid-cols-4 xl:grid-cols-4 2xl:grid-cols-4 "[31m
                [36m>[31m
                  [36m<div[31m
                    [33mclass[31m=[32m"border-foreground/20 bg-gray/50 border p-6"[31m
                  [36m>[31m
                    [36m<div[31m
                      [33mclass[31m=[32m"mb-2 flex items-center justify-between"[31m
                    [36m>[31m
                      [36m<svg[31m
                        [33maria-hidden[31m=[32m"true"[31m
                        [33mclass[31m=[32m"lucide lucide-file-text text-primary"[31m
                        [33mfill[31m=[32m"none"[31m
                        [33mheight[31m=[32m"24"[31m
                        [33mstroke[31m=[32m"currentColor"[31m
                        [33mstroke-linecap[31m=[32m"round"[31m
                        [33mstroke-linejoin[31m=[32m"round"[31m
                        [33mstroke-width[31m=[32m"2"[31m
                        [33mviewBox[31m=[32m"0 0 24 24"[31m
                        [33mwidth[31m=[32m"24"[31m
                        [33mxmlns[31m=[32m"http://www.w3.org/2000/svg"[31m
                      [36m>[31m
                        [36m<path[31m
                          [33md[31m=[32m"M15 2H6a2 2 0 0 0-2 2v16a2 2 0 0 0 2 2h12a2 2 0 0 0 2-2V7Z"[31m
                        [36m/>[31m
                        [36m<path[31m
                          [33md[31m=[32m"M14 2v4a2 2 0 0 0 2 2h4"[31m
                        [36m/>[31m
                        [36m<path[31m
                          [33md[31m=[32m"M10 9H8"[31m
                        [36m/>[31m
                        [36m<path[31m
                          [33md[31m=[32m"M16 13H8"[31m
                        [36m/>[31m
                        [36m<path[31m
                          [33md[31m=[32m"M16 17H8"[31m
                        [36m/>[31m
                      [36m</svg>[31m
                      [36m<span[31m
                        [33mclass[31m=[32m"text-foreground/50 text-xs"[31m
                      [36m>[31m
                        [0mCONTENT[0m
                      [36m</span>[31m
                    [36m</div>[31m
                    [36m<div[31m
                      [33mclass[31m=[32m"neue-haas-grotesk-display text-foreground text-2xl"[31m
                    [36m>[31m
                      [0m25[0m
                    [36m</div>[31m
                    [36m<div[31m
                      [33mclass[31m=[32m"text-foreground/70 text-sm"[31m
                    [36m>[31m
                      [0mTotal Items[0m
                    [36m</div>[31m
                  [36m</div>[31m
                  [36m<div[31m
                    [33mclass[31m=[32m"border-foreground/20 bg-gray/50 border p-6"[31m
                  [36m>[31m
                    [36m<div[31m
                      [33mclass[31m=[32m"mb-2 flex items-center justify-between"[31m
                    [36m>[31m
                      [36m<svg[31m
                        [33maria-hidden[31m=[32m"true"[31m
                        [33mclass[31m=[32m"lucide lucide-activity text-primary"[31m
                        [33mfill[31m=[32m"none"[31m
                        [33mheight[31m=[32m"24"[31m
                        [33mstroke[31m=[32m"currentColor"[31m
                        [33mstroke-linecap[31m=[32m"round"[31m
                        [33mstroke-linejoin[31m=[32m"round"[31m
                        [33mstroke-width[31m=[32m"2"[31m
                        [33mviewBox[31m=[32m"0 0 24 24"[31m
                        [33mwidth[31m=[32m"24"[31m
                        [33mxmlns[31m=[32m"http://www.w3.org/2000/svg"[31m
                      [36m>[31m
                        [36m<path[31m
                          [33md[31m=[32m"M22 12h-2.48a2 2 0 0 0-1.93 1.46l-2.35 8.36a.25.25 0 0 1-.48 0L9.24 2.18a.25.25 0 0 0-.48 0l-2.35 8.36A2 2 0 0 1 4.49 12H2"[31m
                        [36m/>[31m
                      [36m</svg>[31m
                      [36m<span[31m
                        [33mclass[31m=[32m"text-foreground/50 text-xs"[31m
                      [36m>[31m
      ...[39m
 [31mﾃ・[39m src/app/05_admin/page.test.tsx[2m > [22mAdmin Page[2m > [22mshould render management tool links[33m 1024[2mms[22m[39m
[31m   竊・Unable to find an element with the text: Content Manager. This could be because the text is broken up by multiple elements. In this case, you can provide a function for your text matcher to make your matcher more flexible.

Ignored nodes: comments, script, style
[36m<body />[31m

Ignored nodes: comments, script, style
[36m<html>[31m
  [36m<head />[31m
  [36m<body>[31m
    [36m<div>[31m
      [36m<div[31m
        [33mclass[31m=[32m" min-h-screen text-[var(--color-foreground)] bg-gray"[31m
      [36m>[31m
        [36m<nav[31m
          [33mclass[31m=[32m"border-foreground/20 border-b p-4"[31m
        [36m>[31m
          [36m<div[31m
            [33mclass[31m=[32m"container-grid"[31m
          [36m>[31m
            [36m<div[31m
              [33mclass[31m=[32m"xs:px-6 px-4 md:px-8 "[31m
            [36m>[31m
              [36m<div[31m
                [33mclass[31m=[32m"flex items-center justify-between"[31m
              [36m>[31m
                [36m<a[31m
                  [33mclass[31m=[32m"neue-haas-grotesk-display text-primary hover:text-primary/80 text-2xl"[31m
                  [33mhref[31m=[32m"/"[31m
                [36m>[31m
                  [0m竊・Home[0m
                [36m</a>[31m
                [36m<div[31m
                  [33mclass[31m=[32m"text-foreground/60 text-sm"[31m
                [36m>[31m
                  [0mDevelopment Mode Only[0m
                [36m</div>[31m
              [36m</div>[31m
            [36m</div>[31m
          [36m</div>[31m
        [36m</nav>[31m
        [36m<header[31m
          [33mclass[31m=[32m"px-4 py-12 text-center"[31m
        [36m>[31m
          [36m<h1[31m
            [33mclass[31m=[32m"neue-haas-grotesk-display text-primary mb-4 text-4xl md:text-6xl"[31m
          [36m>[31m
            [0mAdmin Dashboard[0m
          [36m</h1>[31m
          [36m<p[31m
            [33mclass[31m=[32m"noto-sans-jp text-foreground/80 text-lg"[31m
          [36m>[31m
            [0mContent Management & Analytics[0m
          [36m</p>[31m
          [36m<div[31m
            [33mclass[31m=[32m"bg-primary mx-auto mt-6 h-1 w-24"[31m
          [36m/>[31m
        [36m</header>[31m
        [36m<main[31m
          [33mclass[31m=[32m"pb-16"[31m
        [36m>[31m
          [36m<div[31m
            [33mclass[31m=[32m"container-grid"[31m
          [36m>[31m
            [36m<div[31m
              [33mclass[31m=[32m"xs:px-6 px-4 md:px-8 "[31m
            [36m>[31m
              [36m<section[31m
                [33mclass[31m=[32m"mb-12"[31m
              [36m>[31m
                [36m<h2[31m
                  [33mclass[31m=[32m"neue-haas-grotesk-display text-foreground mb-6 text-2xl"[31m
                [36m>[31m
                  [0mOverview[0m
                [36m</h2>[31m
                [36m<div[31m
                  [33mclass[31m=[32m"grid gap-4 xs:gap-6 md:gap-8 grid-cols-1 xs:grid-cols-2 md:grid-cols-4 xl:grid-cols-4 2xl:grid-cols-4 "[31m
                [36m>[31m
                  [36m<div[31m
                    [33mclass[31m=[32m"border-foreground/20 bg-gray/50 border p-6"[31m
                  [36m>[31m
                    [36m<div[31m
                      [33mclass[31m=[32m"mb-2 flex items-center justify-between"[31m
                    [36m>[31m
                      [36m<svg[31m
                        [33maria-hidden[31m=[32m"true"[31m
                        [33mclass[31m=[32m"lucide lucide-file-text text-primary"[31m
                        [33mfill[31m=[32m"none"[31m
                        [33mheight[31m=[32m"24"[31m
                        [33mstroke[31m=[32m"currentColor"[31m
                        [33mstroke-linecap[31m=[32m"round"[31m
                        [33mstroke-linejoin[31m=[32m"round"[31m
                        [33mstroke-width[31m=[32m"2"[31m
                        [33mviewBox[31m=[32m"0 0 24 24"[31m
                        [33mwidth[31m=[32m"24"[31m
                        [33mxmlns[31m=[32m"http://www.w3.org/2000/svg"[31m
                      [36m>[31m
                        [36m<path[31m
                          [33md[31m=[32m"M15 2H6a2 2 0 0 0-2 2v16a2 2 0 0 0 2 2h12a2 2 0 0 0 2-2V7Z"[31m
                        [36m/>[31m
                        [36m<path[31m
                          [33md[31m=[32m"M14 2v4a2 2 0 0 0 2 2h4"[31m
                        [36m/>[31m
                        [36m<path[31m
                          [33md[31m=[32m"M10 9H8"[31m
                        [36m/>[31m
                        [36m<path[31m
                          [33md[31m=[32m"M16 13H8"[31m
                        [36m/>[31m
                        [36m<path[31m
                          [33md[31m=[32m"M16 17H8"[31m
                        [36m/>[31m
                      [36m</svg>[31m
                      [36m<span[31m
                        [33mclass[31m=[32m"text-foreground/50 text-xs"[31m
                      [36m>[31m
                        [0mCONTENT[0m
                      [36m</span>[31m
                    [36m</div>[31m
                    [36m<div[31m
                      [33mclass[31m=[32m"neue-haas-grotesk-display text-foreground text-2xl"[31m
                    [36m>[31m
                      [0m25[0m
                    [36m</div>[31m
                    [36m<div[31m
                      [33mclass[31m=[32m"text-foreground/70 text-sm"[31m
                    [36m>[31m
                      [0mTotal Items[0m
                    [36m</div>[31m
                  [36m</div>[31m
                  [36m<div[31m
                    [33mclass[31m=[32m"border-foreground/20 bg-gray/50 border p-6"[31m
                  [36m>[31m
                    [36m<div[31m
                      [33mclass[31m=[32m"mb-2 flex items-center justify-between"[31m
                    [36m>[31m
                      [36m<svg[31m
                        [33maria-hidden[31m=[32m"true"[31m
                        [33mclass[31m=[32m"lucide lucide-activity text-primary"[31m
                        [33mfill[31m=[32m"none"[31m
                        [33mheight[31m=[32m"24"[31m
                        [33mstroke[31m=[32m"currentColor"[31m
                        [33mstroke-linecap[31m=[32m"round"[31m
                        [33mstroke-linejoin[31m=[32m"round"[31m
                        [33mstroke-width[31m=[32m"2"[31m
                        [33mviewBox[31m=[32m"0 0 24 24"[31m
                        [33mwidth[31m=[32m"24"[31m
                        [33mxmlns[31m=[32m"http://www.w3.org/2000/svg"[31m
                      [36m>[31m
                        [36m<path[31m
                          [33md[31m=[32m"M22 12h-2.48a2 2 0 0 0-1.93 1.46l-2.35 8.36a.25.25 0 0 1-.48 0L9.24 2.18a.25.25 0 0 0-.48 0l-2.35 8.36A2 2 0 0 1 4.49 12H2"[31m
                        [36m/>[31m
                      [36m</svg>[31m
                      [36m<span[31m
                        [33mclass[31m=[32m"text-foreground/50 text-xs"[31m
                      [36m>[31m
      ...[39m
 [31mﾃ・[39m src/app/05_admin/page.test.tsx[2m > [22mAdmin Page[2m > [22mshould render tool descriptions[33m 1022[2mms[22m[39m
[31m   竊・Unable to find an element with the text: Create, edit, and manage portfolio items, tools, and blog posts. This could be because the text is broken up by multiple elements. In this case, you can provide a function for your text matcher to make your matcher more flexible.

Ignored nodes: comments, script, style
[36m<body />[31m

Ignored nodes: comments, script, style
[36m<html>[31m
  [36m<head />[31m
  [36m<body>[31m
    [36m<div>[31m
      [36m<div[31m
        [33mclass[31m=[32m" min-h-screen text-[var(--color-foreground)] bg-gray"[31m
      [36m>[31m
        [36m<nav[31m
          [33mclass[31m=[32m"border-foreground/20 border-b p-4"[31m
        [36m>[31m
          [36m<div[31m
            [33mclass[31m=[32m"container-grid"[31m
          [36m>[31m
            [36m<div[31m
              [33mclass[31m=[32m"xs:px-6 px-4 md:px-8 "[31m
            [36m>[31m
              [36m<div[31m
                [33mclass[31m=[32m"flex items-center justify-between"[31m
              [36m>[31m
                [36m<a[31m
                  [33mclass[31m=[32m"neue-haas-grotesk-display text-primary hover:text-primary/80 text-2xl"[31m
                  [33mhref[31m=[32m"/"[31m
                [36m>[31m
                  [0m竊・Home[0m
                [36m</a>[31m
                [36m<div[31m
                  [33mclass[31m=[32m"text-foreground/60 text-sm"[31m
                [36m>[31m
                  [0mDevelopment Mode Only[0m
                [36m</div>[31m
              [36m</div>[31m
            [36m</div>[31m
          [36m</div>[31m
        [36m</nav>[31m
        [36m<header[31m
          [33mclass[31m=[32m"px-4 py-12 text-center"[31m
        [36m>[31m
          [36m<h1[31m
            [33mclass[31m=[32m"neue-haas-grotesk-display text-primary mb-4 text-4xl md:text-6xl"[31m
          [36m>[31m
            [0mAdmin Dashboard[0m
          [36m</h1>[31m
          [36m<p[31m
            [33mclass[31m=[32m"noto-sans-jp text-foreground/80 text-lg"[31m
          [36m>[31m
            [0mContent Management & Analytics[0m
          [36m</p>[31m
          [36m<div[31m
            [33mclass[31m=[32m"bg-primary mx-auto mt-6 h-1 w-24"[31m
          [36m/>[31m
        [36m</header>[31m
        [36m<main[31m
          [33mclass[31m=[32m"pb-16"[31m
        [36m>[31m
          [36m<div[31m
            [33mclass[31m=[32m"container-grid"[31m
          [36m>[31m
            [36m<div[31m
              [33mclass[31m=[32m"xs:px-6 px-4 md:px-8 "[31m
            [36m>[31m
              [36m<section[31m
                [33mclass[31m=[32m"mb-12"[31m
              [36m>[31m
                [36m<h2[31m
                  [33mclass[31m=[32m"neue-haas-grotesk-display text-foreground mb-6 text-2xl"[31m
                [36m>[31m
                  [0mOverview[0m
                [36m</h2>[31m
                [36m<div[31m
                  [33mclass[31m=[32m"grid gap-4 xs:gap-6 md:gap-8 grid-cols-1 xs:grid-cols-2 md:grid-cols-4 xl:grid-cols-4 2xl:grid-cols-4 "[31m
                [36m>[31m
                  [36m<div[31m
                    [33mclass[31m=[32m"border-foreground/20 bg-gray/50 border p-6"[31m
                  [36m>[31m
                    [36m<div[31m
                      [33mclass[31m=[32m"mb-2 flex items-center justify-between"[31m
                    [36m>[31m
                      [36m<svg[31m
                        [33maria-hidden[31m=[32m"true"[31m
                        [33mclass[31m=[32m"lucide lucide-file-text text-primary"[31m
                        [33mfill[31m=[32m"none"[31m
                        [33mheight[31m=[32m"24"[31m
                        [33mstroke[31m=[32m"currentColor"[31m
                        [33mstroke-linecap[31m=[32m"round"[31m
                        [33mstroke-linejoin[31m=[32m"round"[31m
                        [33mstroke-width[31m=[32m"2"[31m
                        [33mviewBox[31m=[32m"0 0 24 24"[31m
                        [33mwidth[31m=[32m"24"[31m
                        [33mxmlns[31m=[32m"http://www.w3.org/2000/svg"[31m
                      [36m>[31m
                        [36m<path[31m
                          [33md[31m=[32m"M15 2H6a2 2 0 0 0-2 2v16a2 2 0 0 0 2 2h12a2 2 0 0 0 2-2V7Z"[31m
                        [36m/>[31m
                        [36m<path[31m
                          [33md[31m=[32m"M14 2v4a2 2 0 0 0 2 2h4"[31m
                        [36m/>[31m
                        [36m<path[31m
                          [33md[31m=[32m"M10 9H8"[31m
                        [36m/>[31m
                        [36m<path[31m
                          [33md[31m=[32m"M16 13H8"[31m
                        [36m/>[31m
                        [36m<path[31m
                          [33md[31m=[32m"M16 17H8"[31m
                        [36m/>[31m
                      [36m</svg>[31m
                      [36m<span[31m
                        [33mclass[31m=[32m"text-foreground/50 text-xs"[31m
                      [36m>[31m
                        [0mCONTENT[0m
                      [36m</span>[31m
                    [36m</div>[31m
                    [36m<div[31m
                      [33mclass[31m=[32m"neue-haas-grotesk-display text-foreground text-2xl"[31m
                    [36m>[31m
                      [0m25[0m
                    [36m</div>[31m
                    [36m<div[31m
                      [33mclass[31m=[32m"text-foreground/70 text-sm"[31m
                    [36m>[31m
                      [0mTotal Items[0m
                    [36m</div>[31m
                  [36m</div>[31m
                  [36m<div[31m
                    [33mclass[31m=[32m"border-foreground/20 bg-gray/50 border p-6"[31m
                  [36m>[31m
                    [36m<div[31m
                      [33mclass[31m=[32m"mb-2 flex items-center justify-between"[31m
                    [36m>[31m
                      [36m<svg[31m
                        [33maria-hidden[31m=[32m"true"[31m
                        [33mclass[31m=[32m"lucide lucide-activity text-primary"[31m
                        [33mfill[31m=[32m"none"[31m
                        [33mheight[31m=[32m"24"[31m
                        [33mstroke[31m=[32m"currentColor"[31m
                        [33mstroke-linecap[31m=[32m"round"[31m
                        [33mstroke-linejoin[31m=[32m"round"[31m
                        [33mstroke-width[31m=[32m"2"[31m
                        [33mviewBox[31m=[32m"0 0 24 24"[31m
                        [33mwidth[31m=[32m"24"[31m
                        [33mxmlns[31m=[32m"http://www.w3.org/2000/svg"[31m
                      [36m>[31m
                        [36m<path[31m
                          [33md[31m=[32m"M22 12h-2.48a2 2 0 0 0-1.93 1.46l-2.35 8.36a.25.25 0 0 1-.48 0L9.24 2.18a.25.25 0 0 0-.48 0l-2.35 8.36A2 2 0 0 1 4.49 12H2"[31m
                        [36m/>[31m
                      [36m</svg>[31m
                      [36m<span[31m
                        [33mclass[31m=[32m"text-foreground/50 text-xs"[31m
                      [36m>[31m
      ...[39m
 [31mﾃ・[39m src/app/05_admin/page.test.tsx[2m > [22mAdmin Page[2m > [22mshould render main content structure[33m 1020[2mms[22m[39m
[31m   竊・Unable to find role="main"

Ignored nodes: comments, script, style
[36m<body />[31m

Ignored nodes: comments, script, style
[36m<html>[31m
  [36m<head />[31m
  [36m<body>[31m
    [36m<div>[31m
      [36m<div[31m
        [33mclass[31m=[32m" min-h-screen text-[var(--color-foreground)] bg-gray"[31m
      [36m>[31m
        [36m<nav[31m
          [33mclass[31m=[32m"border-foreground/20 border-b p-4"[31m
        [36m>[31m
          [36m<div[31m
            [33mclass[31m=[32m"container-grid"[31m
          [36m>[31m
            [36m<div[31m
              [33mclass[31m=[32m"xs:px-6 px-4 md:px-8 "[31m
            [36m>[31m
              [36m<div[31m
                [33mclass[31m=[32m"flex items-center justify-between"[31m
              [36m>[31m
                [36m<a[31m
                  [33mclass[31m=[32m"neue-haas-grotesk-display text-primary hover:text-primary/80 text-2xl"[31m
                  [33mhref[31m=[32m"/"[31m
                [36m>[31m
                  [0m竊・Home[0m
                [36m</a>[31m
                [36m<div[31m
                  [33mclass[31m=[32m"text-foreground/60 text-sm"[31m
                [36m>[31m
                  [0mDevelopment Mode Only[0m
                [36m</div>[31m
              [36m</div>[31m
            [36m</div>[31m
          [36m</div>[31m
        [36m</nav>[31m
        [36m<header[31m
          [33mclass[31m=[32m"px-4 py-12 text-center"[31m
        [36m>[31m
          [36m<h1[31m
            [33mclass[31m=[32m"neue-haas-grotesk-display text-primary mb-4 text-4xl md:text-6xl"[31m
          [36m>[31m
            [0mAdmin Dashboard[0m
          [36m</h1>[31m
          [36m<p[31m
            [33mclass[31m=[32m"noto-sans-jp text-foreground/80 text-lg"[31m
          [36m>[31m
            [0mContent Management & Analytics[0m
          [36m</p>[31m
          [36m<div[31m
            [33mclass[31m=[32m"bg-primary mx-auto mt-6 h-1 w-24"[31m
          [36m/>[31m
        [36m</header>[31m
        [36m<main[31m
          [33mclass[31m=[32m"pb-16"[31m
        [36m>[31m
          [36m<div[31m
            [33mclass[31m=[32m"container-grid"[31m
          [36m>[31m
            [36m<div[31m
              [33mclass[31m=[32m"xs:px-6 px-4 md:px-8 "[31m
            [36m>[31m
              [36m<section[31m
                [33mclass[31m=[32m"mb-12"[31m
              [36m>[31m
                [36m<h2[31m
                  [33mclass[31m=[32m"neue-haas-grotesk-display text-foreground mb-6 text-2xl"[31m
                [36m>[31m
                  [0mOverview[0m
                [36m</h2>[31m
                [36m<div[31m
                  [33mclass[31m=[32m"grid gap-4 xs:gap-6 md:gap-8 grid-cols-1 xs:grid-cols-2 md:grid-cols-4 xl:grid-cols-4 2xl:grid-cols-4 "[31m
                [36m>[31m
                  [36m<div[31m
                    [33mclass[31m=[32m"border-foreground/20 bg-gray/50 border p-6"[31m
                  [36m>[31m
                    [36m<div[31m
                      [33mclass[31m=[32m"mb-2 flex items-center justify-between"[31m
                    [36m>[31m
                      [36m<svg[31m
                        [33maria-hidden[31m=[32m"true"[31m
                        [33mclass[31m=[32m"lucide lucide-file-text text-primary"[31m
                        [33mfill[31m=[32m"none"[31m
                        [33mheight[31m=[32m"24"[31m
                        [33mstroke[31m=[32m"currentColor"[31m
                        [33mstroke-linecap[31m=[32m"round"[31m
                        [33mstroke-linejoin[31m=[32m"round"[31m
                        [33mstroke-width[31m=[32m"2"[31m
                        [33mviewBox[31m=[32m"0 0 24 24"[31m
                        [33mwidth[31m=[32m"24"[31m
                        [33mxmlns[31m=[32m"http://www.w3.org/2000/svg"[31m
                      [36m>[31m
                        [36m<path[31m
                          [33md[31m=[32m"M15 2H6a2 2 0 0 0-2 2v16a2 2 0 0 0 2 2h12a2 2 0 0 0 2-2V7Z"[31m
                        [36m/>[31m
                        [36m<path[31m
                          [33md[31m=[32m"M14 2v4a2 2 0 0 0 2 2h4"[31m
                        [36m/>[31m
                        [36m<path[31m
                          [33md[31m=[32m"M10 9H8"[31m
                        [36m/>[31m
                        [36m<path[31m
                          [33md[31m=[32m"M16 13H8"[31m
                        [36m/>[31m
                        [36m<path[31m
                          [33md[31m=[32m"M16 17H8"[31m
                        [36m/>[31m
                      [36m</svg>[31m
                      [36m<span[31m
                        [33mclass[31m=[32m"text-foreground/50 text-xs"[31m
                      [36m>[31m
                        [0mCONTENT[0m
                      [36m</span>[31m
                    [36m</div>[31m
                    [36m<div[31m
                      [33mclass[31m=[32m"neue-haas-grotesk-display text-foreground text-2xl"[31m
                    [36m>[31m
                      [0m25[0m
                    [36m</div>[31m
                    [36m<div[31m
                      [33mclass[31m=[32m"text-foreground/70 text-sm"[31m
                    [36m>[31m
                      [0mTotal Items[0m
                    [36m</div>[31m
                  [36m</div>[31m
                  [36m<div[31m
                    [33mclass[31m=[32m"border-foreground/20 bg-gray/50 border p-6"[31m
                  [36m>[31m
                    [36m<div[31m
                      [33mclass[31m=[32m"mb-2 flex items-center justify-between"[31m
                    [36m>[31m
                      [36m<svg[31m
                        [33maria-hidden[31m=[32m"true"[31m
                        [33mclass[31m=[32m"lucide lucide-activity text-primary"[31m
                        [33mfill[31m=[32m"none"[31m
                        [33mheight[31m=[32m"24"[31m
                        [33mstroke[31m=[32m"currentColor"[31m
                        [33mstroke-linecap[31m=[32m"round"[31m
                        [33mstroke-linejoin[31m=[32m"round"[31m
                        [33mstroke-width[31m=[32m"2"[31m
                        [33mviewBox[31m=[32m"0 0 24 24"[31m
                        [33mwidth[31m=[32m"24"[31m
                        [33mxmlns[31m=[32m"http://www.w3.org/2000/svg"[31m
                      [36m>[31m
                        [36m<path[31m
                          [33md[31m=[32m"M22 12h-2.48a2 2 0 0 0-1.93 1.46l-2.35 8.36a.25.25 0 0 1-.48 0L9.24 2.18a.25.25 0 0 0-.48 0l-2.35 8.36A2 2 0 0 1 4.49 12H2"[31m
                        [36m/>[31m
                      [36m</svg>[31m
                      [36m<span[31m
                        [33mclass[31m=[32m"text-foreground/50 text-xs"[31m
                      [36m>[31m
      ...[39m
 [31mﾃ・[39m src/app/05_admin/page.test.tsx[2m > [22mAdmin Page[2m > [22mshould render stats labels[33m 1024[2mms[22m[39m
[31m   竊・Unable to find an element with the text: CONTENT. This could be because the text is broken up by multiple elements. In this case, you can provide a function for your text matcher to make your matcher more flexible.

Ignored nodes: comments, script, style
[36m<body />[31m

Ignored nodes: comments, script, style
[36m<html>[31m
  [36m<head />[31m
  [36m<body>[31m
    [36m<div>[31m
      [36m<div[31m
        [33mclass[31m=[32m" min-h-screen text-[var(--color-foreground)] bg-gray"[31m
      [36m>[31m
        [36m<nav[31m
          [33mclass[31m=[32m"border-foreground/20 border-b p-4"[31m
        [36m>[31m
          [36m<div[31m
            [33mclass[31m=[32m"container-grid"[31m
          [36m>[31m
            [36m<div[31m
              [33mclass[31m=[32m"xs:px-6 px-4 md:px-8 "[31m
            [36m>[31m
              [36m<div[31m
                [33mclass[31m=[32m"flex items-center justify-between"[31m
              [36m>[31m
                [36m<a[31m
                  [33mclass[31m=[32m"neue-haas-grotesk-display text-primary hover:text-primary/80 text-2xl"[31m
                  [33mhref[31m=[32m"/"[31m
                [36m>[31m
                  [0m竊・Home[0m
                [36m</a>[31m
                [36m<div[31m
                  [33mclass[31m=[32m"text-foreground/60 text-sm"[31m
                [36m>[31m
                  [0mDevelopment Mode Only[0m
                [36m</div>[31m
              [36m</div>[31m
            [36m</div>[31m
          [36m</div>[31m
        [36m</nav>[31m
        [36m<header[31m
          [33mclass[31m=[32m"px-4 py-12 text-center"[31m
        [36m>[31m
          [36m<h1[31m
            [33mclass[31m=[32m"neue-haas-grotesk-display text-primary mb-4 text-4xl md:text-6xl"[31m
          [36m>[31m
            [0mAdmin Dashboard[0m
          [36m</h1>[31m
          [36m<p[31m
            [33mclass[31m=[32m"noto-sans-jp text-foreground/80 text-lg"[31m
          [36m>[31m
            [0mContent Management & Analytics[0m
          [36m</p>[31m
          [36m<div[31m
            [33mclass[31m=[32m"bg-primary mx-auto mt-6 h-1 w-24"[31m
          [36m/>[31m
        [36m</header>[31m
        [36m<main[31m
          [33mclass[31m=[32m"pb-16"[31m
        [36m>[31m
          [36m<div[31m
            [33mclass[31m=[32m"container-grid"[31m
          [36m>[31m
            [36m<div[31m
              [33mclass[31m=[32m"xs:px-6 px-4 md:px-8 "[31m
            [36m>[31m
              [36m<section[31m
                [33mclass[31m=[32m"mb-12"[31m
              [36m>[31m
                [36m<h2[31m
                  [33mclass[31m=[32m"neue-haas-grotesk-display text-foreground mb-6 text-2xl"[31m
                [36m>[31m
                  [0mOverview[0m
                [36m</h2>[31m
                [36m<div[31m
                  [33mclass[31m=[32m"grid gap-4 xs:gap-6 md:gap-8 grid-cols-1 xs:grid-cols-2 md:grid-cols-4 xl:grid-cols-4 2xl:grid-cols-4 "[31m
                [36m>[31m
                  [36m<div[31m
                    [33mclass[31m=[32m"border-foreground/20 bg-gray/50 border p-6"[31m
                  [36m>[31m
                    [36m<div[31m
                      [33mclass[31m=[32m"mb-2 flex items-center justify-between"[31m
                    [36m>[31m
                      [36m<svg[31m
                        [33maria-hidden[31m=[32m"true"[31m
                        [33mclass[31m=[32m"lucide lucide-file-text text-primary"[31m
                        [33mfill[31m=[32m"none"[31m
                        [33mheight[31m=[32m"24"[31m
                        [33mstroke[31m=[32m"currentColor"[31m
                        [33mstroke-linecap[31m=[32m"round"[31m
                        [33mstroke-linejoin[31m=[32m"round"[31m
                        [33mstroke-width[31m=[32m"2"[31m
                        [33mviewBox[31m=[32m"0 0 24 24"[31m
                        [33mwidth[31m=[32m"24"[31m
                        [33mxmlns[31m=[32m"http://www.w3.org/2000/svg"[31m
                      [36m>[31m
                        [36m<path[31m
                          [33md[31m=[32m"M15 2H6a2 2 0 0 0-2 2v16a2 2 0 0 0 2 2h12a2 2 0 0 0 2-2V7Z"[31m
                        [36m/>[31m
                        [36m<path[31m
                          [33md[31m=[32m"M14 2v4a2 2 0 0 0 2 2h4"[31m
                        [36m/>[31m
                        [36m<path[31m
                          [33md[31m=[32m"M10 9H8"[31m
                        [36m/>[31m
                        [36m<path[31m
                          [33md[31m=[32m"M16 13H8"[31m
                        [36m/>[31m
                        [36m<path[31m
                          [33md[31m=[32m"M16 17H8"[31m
                        [36m/>[31m
                      [36m</svg>[31m
                      [36m<span[31m
                        [33mclass[31m=[32m"text-foreground/50 text-xs"[31m
                      [36m>[31m
                        [0mCONTENT[0m
                      [36m</span>[31m
                    [36m</div>[31m
                    [36m<div[31m
                      [33mclass[31m=[32m"neue-haas-grotesk-display text-foreground text-2xl"[31m
                    [36m>[31m
                      [0m25[0m
                    [36m</div>[31m
                    [36m<div[31m
                      [33mclass[31m=[32m"text-foreground/70 text-sm"[31m
                    [36m>[31m
                      [0mTotal Items[0m
                    [36m</div>[31m
                  [36m</div>[31m
                  [36m<div[31m
                    [33mclass[31m=[32m"border-foreground/20 bg-gray/50 border p-6"[31m
                  [36m>[31m
                    [36m<div[31m
                      [33mclass[31m=[32m"mb-2 flex items-center justify-between"[31m
                    [36m>[31m
                      [36m<svg[31m
                        [33maria-hidden[31m=[32m"true"[31m
                        [33mclass[31m=[32m"lucide lucide-activity text-primary"[31m
                        [33mfill[31m=[32m"none"[31m
                        [33mheight[31m=[32m"24"[31m
                        [33mstroke[31m=[32m"currentColor"[31m
                        [33mstroke-linecap[31m=[32m"round"[31m
                        [33mstroke-linejoin[31m=[32m"round"[31m
                        [33mstroke-width[31m=[32m"2"[31m
                        [33mviewBox[31m=[32m"0 0 24 24"[31m
                        [33mwidth[31m=[32m"24"[31m
                        [33mxmlns[31m=[32m"http://www.w3.org/2000/svg"[31m
                      [36m>[31m
                        [36m<path[31m
                          [33md[31m=[32m"M22 12h-2.48a2 2 0 0 0-1.93 1.46l-2.35 8.36a.25.25 0 0 1-.48 0L9.24 2.18a.25.25 0 0 0-.48 0l-2.35 8.36A2 2 0 0 1 4.49 12H2"[31m
                        [36m/>[31m
                      [36m</svg>[31m
                      [36m<span[31m
                        [33mclass[31m=[32m"text-foreground/50 text-xs"[31m
                      [36m>[31m
      ...[39m
 [31mﾃ・[39m src/app/05_admin/page.test.tsx[2m > [22mAdmin Page[2m > [22mshould render additional management tools[33m 1022[2mms[22m[39m
[31m   竊・Unable to find an element with the text: Performance Monitor. This could be because the text is broken up by multiple elements. In this case, you can provide a function for your text matcher to make your matcher more flexible.

Ignored nodes: comments, script, style
[36m<body />[31m

Ignored nodes: comments, script, style
[36m<html>[31m
  [36m<head />[31m
  [36m<body>[31m
    [36m<div>[31m
      [36m<div[31m
        [33mclass[31m=[32m" min-h-screen text-[var(--color-foreground)] bg-gray"[31m
      [36m>[31m
        [36m<nav[31m
          [33mclass[31m=[32m"border-foreground/20 border-b p-4"[31m
        [36m>[31m
          [36m<div[31m
            [33mclass[31m=[32m"container-grid"[31m
          [36m>[31m
            [36m<div[31m
              [33mclass[31m=[32m"xs:px-6 px-4 md:px-8 "[31m
            [36m>[31m
              [36m<div[31m
                [33mclass[31m=[32m"flex items-center justify-between"[31m
              [36m>[31m
                [36m<a[31m
                  [33mclass[31m=[32m"neue-haas-grotesk-display text-primary hover:text-primary/80 text-2xl"[31m
                  [33mhref[31m=[32m"/"[31m
                [36m>[31m
                  [0m竊・Home[0m
                [36m</a>[31m
                [36m<div[31m
                  [33mclass[31m=[32m"text-foreground/60 text-sm"[31m
                [36m>[31m
                  [0mDevelopment Mode Only[0m
                [36m</div>[31m
              [36m</div>[31m
            [36m</div>[31m
          [36m</div>[31m
        [36m</nav>[31m
        [36m<header[31m
          [33mclass[31m=[32m"px-4 py-12 text-center"[31m
        [36m>[31m
          [36m<h1[31m
            [33mclass[31m=[32m"neue-haas-grotesk-display text-primary mb-4 text-4xl md:text-6xl"[31m
          [36m>[31m
            [0mAdmin Dashboard[0m
          [36m</h1>[31m
          [36m<p[31m
            [33mclass[31m=[32m"noto-sans-jp text-foreground/80 text-lg"[31m
          [36m>[31m
            [0mContent Management & Analytics[0m
          [36m</p>[31m
          [36m<div[31m
            [33mclass[31m=[32m"bg-primary mx-auto mt-6 h-1 w-24"[31m
          [36m/>[31m
        [36m</header>[31m
        [36m<main[31m
          [33mclass[31m=[32m"pb-16"[31m
        [36m>[31m
          [36m<div[31m
            [33mclass[31m=[32m"container-grid"[31m
          [36m>[31m
            [36m<div[31m
              [33mclass[31m=[32m"xs:px-6 px-4 md:px-8 "[31m
            [36m>[31m
              [36m<section[31m
                [33mclass[31m=[32m"mb-12"[31m
              [36m>[31m
                [36m<h2[31m
                  [33mclass[31m=[32m"neue-haas-grotesk-display text-foreground mb-6 text-2xl"[31m
                [36m>[31m
                  [0mOverview[0m
                [36m</h2>[31m
                [36m<div[31m
                  [33mclass[31m=[32m"grid gap-4 xs:gap-6 md:gap-8 grid-cols-1 xs:grid-cols-2 md:grid-cols-4 xl:grid-cols-4 2xl:grid-cols-4 "[31m
                [36m>[31m
                  [36m<div[31m
                    [33mclass[31m=[32m"border-foreground/20 bg-gray/50 border p-6"[31m
                  [36m>[31m
                    [36m<div[31m
                      [33mclass[31m=[32m"mb-2 flex items-center justify-between"[31m
                    [36m>[31m
                      [36m<svg[31m
                        [33maria-hidden[31m=[32m"true"[31m
                        [33mclass[31m=[32m"lucide lucide-file-text text-primary"[31m
                        [33mfill[31m=[32m"none"[31m
                        [33mheight[31m=[32m"24"[31m
                        [33mstroke[31m=[32m"currentColor"[31m
                        [33mstroke-linecap[31m=[32m"round"[31m
                        [33mstroke-linejoin[31m=[32m"round"[31m
                        [33mstroke-width[31m=[32m"2"[31m
                        [33mviewBox[31m=[32m"0 0 24 24"[31m
                        [33mwidth[31m=[32m"24"[31m
                        [33mxmlns[31m=[32m"http://www.w3.org/2000/svg"[31m
                      [36m>[31m
                        [36m<path[31m
                          [33md[31m=[32m"M15 2H6a2 2 0 0 0-2 2v16a2 2 0 0 0 2 2h12a2 2 0 0 0 2-2V7Z"[31m
                        [36m/>[31m
                        [36m<path[31m
                          [33md[31m=[32m"M14 2v4a2 2 0 0 0 2 2h4"[31m
                        [36m/>[31m
                        [36m<path[31m
                          [33md[31m=[32m"M10 9H8"[31m
                        [36m/>[31m
                        [36m<path[31m
                          [33md[31m=[32m"M16 13H8"[31m
                        [36m/>[31m
                        [36m<path[31m
                          [33md[31m=[32m"M16 17H8"[31m
                        [36m/>[31m
                      [36m</svg>[31m
                      [36m<span[31m
                        [33mclass[31m=[32m"text-foreground/50 text-xs"[31m
                      [36m>[31m
                        [0mCONTENT[0m
                      [36m</span>[31m
                    [36m</div>[31m
                    [36m<div[31m
                      [33mclass[31m=[32m"neue-haas-grotesk-display text-foreground text-2xl"[31m
                    [36m>[31m
                      [0m25[0m
                    [36m</div>[31m
                    [36m<div[31m
                      [33mclass[31m=[32m"text-foreground/70 text-sm"[31m
                    [36m>[31m
                      [0mTotal Items[0m
                    [36m</div>[31m
                  [36m</div>[31m
                  [36m<div[31m
                    [33mclass[31m=[32m"border-foreground/20 bg-gray/50 border p-6"[31m
                  [36m>[31m
                    [36m<div[31m
                      [33mclass[31m=[32m"mb-2 flex items-center justify-between"[31m
                    [36m>[31m
                      [36m<svg[31m
                        [33maria-hidden[31m=[32m"true"[31m
                        [33mclass[31m=[32m"lucide lucide-activity text-primary"[31m
                        [33mfill[31m=[32m"none"[31m
                        [33mheight[31m=[32m"24"[31m
                        [33mstroke[31m=[32m"currentColor"[31m
                        [33mstroke-linecap[31m=[32m"round"[31m
                        [33mstroke-linejoin[31m=[32m"round"[31m
                        [33mstroke-width[31m=[32m"2"[31m
                        [33mviewBox[31m=[32m"0 0 24 24"[31m
                        [33mwidth[31m=[32m"24"[31m
                        [33mxmlns[31m=[32m"http://www.w3.org/2000/svg"[31m
                      [36m>[31m
                        [36m<path[31m
                          [33md[31m=[32m"M22 12h-2.48a2 2 0 0 0-1.93 1.46l-2.35 8.36a.25.25 0 0 1-.48 0L9.24 2.18a.25.25 0 0 0-.48 0l-2.35 8.36A2 2 0 0 1 4.49 12H2"[31m
                        [36m/>[31m
                      [36m</svg>[31m
                      [36m<span[31m
                        [33mclass[31m=[32m"text-foreground/50 text-xs"[31m
                      [36m>[31m
      ...[39m
 [31mﾃ・[39m src/app/05_admin/page.test.tsx[2m > [22mAdmin Page[2m > [22mshould render additional management tool links[33m 1021[2mms[22m[39m
[31m   竊・Unable to find an element with the text: Performance Monitor. This could be because the text is broken up by multiple elements. In this case, you can provide a function for your text matcher to make your matcher more flexible.

Ignored nodes: comments, script, style
[36m<body />[31m

Ignored nodes: comments, script, style
[36m<html>[31m
  [36m<head />[31m
  [36m<body>[31m
    [36m<div>[31m
      [36m<div[31m
        [33mclass[31m=[32m" min-h-screen text-[var(--color-foreground)] bg-gray"[31m
      [36m>[31m
        [36m<nav[31m
          [33mclass[31m=[32m"border-foreground/20 border-b p-4"[31m
        [36m>[31m
          [36m<div[31m
            [33mclass[31m=[32m"container-grid"[31m
          [36m>[31m
            [36m<div[31m
              [33mclass[31m=[32m"xs:px-6 px-4 md:px-8 "[31m
            [36m>[31m
              [36m<div[31m
                [33mclass[31m=[32m"flex items-center justify-between"[31m
              [36m>[31m
                [36m<a[31m
                  [33mclass[31m=[32m"neue-haas-grotesk-display text-primary hover:text-primary/80 text-2xl"[31m
                  [33mhref[31m=[32m"/"[31m
                [36m>[31m
                  [0m竊・Home[0m
                [36m</a>[31m
                [36m<div[31m
                  [33mclass[31m=[32m"text-foreground/60 text-sm"[31m
                [36m>[31m
                  [0mDevelopment Mode Only[0m
                [36m</div>[31m
              [36m</div>[31m
            [36m</div>[31m
          [36m</div>[31m
        [36m</nav>[31m
        [36m<header[31m
          [33mclass[31m=[32m"px-4 py-12 text-center"[31m
        [36m>[31m
          [36m<h1[31m
            [33mclass[31m=[32m"neue-haas-grotesk-display text-primary mb-4 text-4xl md:text-6xl"[31m
          [36m>[31m
            [0mAdmin Dashboard[0m
          [36m</h1>[31m
          [36m<p[31m
            [33mclass[31m=[32m"noto-sans-jp text-foreground/80 text-lg"[31m
          [36m>[31m
            [0mContent Management & Analytics[0m
          [36m</p>[31m
          [36m<div[31m
            [33mclass[31m=[32m"bg-primary mx-auto mt-6 h-1 w-24"[31m
          [36m/>[31m
        [36m</header>[31m
        [36m<main[31m
          [33mclass[31m=[32m"pb-16"[31m
        [36m>[31m
          [36m<div[31m
            [33mclass[31m=[32m"container-grid"[31m
          [36m>[31m
            [36m<div[31m
              [33mclass[31m=[32m"xs:px-6 px-4 md:px-8 "[31m
            [36m>[31m
              [36m<section[31m
                [33mclass[31m=[32m"mb-12"[31m
              [36m>[31m
                [36m<h2[31m
                  [33mclass[31m=[32m"neue-haas-grotesk-display text-foreground mb-6 text-2xl"[31m
                [36m>[31m
                  [0mOverview[0m
                [36m</h2>[31m
                [36m<div[31m
                  [33mclass[31m=[32m"grid gap-4 xs:gap-6 md:gap-8 grid-cols-1 xs:grid-cols-2 md:grid-cols-4 xl:grid-cols-4 2xl:grid-cols-4 "[31m
                [36m>[31m
                  [36m<div[31m
                    [33mclass[31m=[32m"border-foreground/20 bg-gray/50 border p-6"[31m
                  [36m>[31m
                    [36m<div[31m
                      [33mclass[31m=[32m"mb-2 flex items-center justify-between"[31m
                    [36m>[31m
                      [36m<svg[31m
                        [33maria-hidden[31m=[32m"true"[31m
                        [33mclass[31m=[32m"lucide lucide-file-text text-primary"[31m
                        [33mfill[31m=[32m"none"[31m
                        [33mheight[31m=[32m"24"[31m
                        [33mstroke[31m=[32m"currentColor"[31m
                        [33mstroke-linecap[31m=[32m"round"[31m
                        [33mstroke-linejoin[31m=[32m"round"[31m
                        [33mstroke-width[31m=[32m"2"[31m
                        [33mviewBox[31m=[32m"0 0 24 24"[31m
                        [33mwidth[31m=[32m"24"[31m
                        [33mxmlns[31m=[32m"http://www.w3.org/2000/svg"[31m
                      [36m>[31m
                        [36m<path[31m
                          [33md[31m=[32m"M15 2H6a2 2 0 0 0-2 2v16a2 2 0 0 0 2 2h12a2 2 0 0 0 2-2V7Z"[31m
                        [36m/>[31m
                        [36m<path[31m
                          [33md[31m=[32m"M14 2v4a2 2 0 0 0 2 2h4"[31m
                        [36m/>[31m
                        [36m<path[31m
                          [33md[31m=[32m"M10 9H8"[31m
                        [36m/>[31m
                        [36m<path[31m
                          [33md[31m=[32m"M16 13H8"[31m
                        [36m/>[31m
                        [36m<path[31m
                          [33md[31m=[32m"M16 17H8"[31m
                        [36m/>[31m
                      [36m</svg>[31m
                      [36m<span[31m
                        [33mclass[31m=[32m"text-foreground/50 text-xs"[31m
                      [36m>[31m
                        [0mCONTENT[0m
                      [36m</span>[31m
                    [36m</div>[31m
                    [36m<div[31m
                      [33mclass[31m=[32m"neue-haas-grotesk-display text-foreground text-2xl"[31m
                    [36m>[31m
                      [0m25[0m
                    [36m</div>[31m
                    [36m<div[31m
                      [33mclass[31m=[32m"text-foreground/70 text-sm"[31m
                    [36m>[31m
                      [0mTotal Items[0m
                    [36m</div>[31m
                  [36m</div>[31m
                  [36m<div[31m
                    [33mclass[31m=[32m"border-foreground/20 bg-gray/50 border p-6"[31m
                  [36m>[31m
                    [36m<div[31m
                      [33mclass[31m=[32m"mb-2 flex items-center justify-between"[31m
                    [36m>[31m
                      [36m<svg[31m
                        [33maria-hidden[31m=[32m"true"[31m
                        [33mclass[31m=[32m"lucide lucide-activity text-primary"[31m
                        [33mfill[31m=[32m"none"[31m
                        [33mheight[31m=[32m"24"[31m
                        [33mstroke[31m=[32m"currentColor"[31m
                        [33mstroke-linecap[31m=[32m"round"[31m
                        [33mstroke-linejoin[31m=[32m"round"[31m
                        [33mstroke-width[31m=[32m"2"[31m
                        [33mviewBox[31m=[32m"0 0 24 24"[31m
                        [33mwidth[31m=[32m"24"[31m
                        [33mxmlns[31m=[32m"http://www.w3.org/2000/svg"[31m
                      [36m>[31m
                        [36m<path[31m
                          [33md[31m=[32m"M22 12h-2.48a2 2 0 0 0-1.93 1.46l-2.35 8.36a.25.25 0 0 1-.48 0L9.24 2.18a.25.25 0 0 0-.48 0l-2.35 8.36A2 2 0 0 1 4.49 12H2"[31m
                        [36m/>[31m
                      [36m</svg>[31m
                      [36m<span[31m
                        [33mclass[31m=[32m"text-foreground/50 text-xs"[31m
                      [36m>[31m
      ...[39m
 [31mﾃ・[39m src/app/05_admin/page.test.tsx[2m > [22mAdmin Page[2m > [22mshould render additional tool descriptions[33m 1012[2mms[22m[39m
[31m   竊・Unable to find an element with the text: Configure site settings, SEO, and integrations. This could be because the text is broken up by multiple elements. In this case, you can provide a function for your text matcher to make your matcher more flexible.

Ignored nodes: comments, script, style
[36m<body />[31m

Ignored nodes: comments, script, style
[36m<html>[31m
  [36m<head />[31m
  [36m<body>[31m
    [36m<div>[31m
      [36m<div[31m
        [33mclass[31m=[32m" min-h-screen text-[var(--color-foreground)] bg-gray"[31m
      [36m>[31m
        [36m<nav[31m
          [33mclass[31m=[32m"border-foreground/20 border-b p-4"[31m
        [36m>[31m
          [36m<div[31m
            [33mclass[31m=[32m"container-grid"[31m
          [36m>[31m
            [36m<div[31m
              [33mclass[31m=[32m"xs:px-6 px-4 md:px-8 "[31m
            [36m>[31m
              [36m<div[31m
                [33mclass[31m=[32m"flex items-center justify-between"[31m
              [36m>[31m
                [36m<a[31m
                  [33mclass[31m=[32m"neue-haas-grotesk-display text-primary hover:text-primary/80 text-2xl"[31m
                  [33mhref[31m=[32m"/"[31m
                [36m>[31m
                  [0m竊・Home[0m
                [36m</a>[31m
                [36m<div[31m
                  [33mclass[31m=[32m"text-foreground/60 text-sm"[31m
                [36m>[31m
                  [0mDevelopment Mode Only[0m
                [36m</div>[31m
              [36m</div>[31m
            [36m</div>[31m
          [36m</div>[31m
        [36m</nav>[31m
        [36m<header[31m
          [33mclass[31m=[32m"px-4 py-12 text-center"[31m
        [36m>[31m
          [36m<h1[31m
            [33mclass[31m=[32m"neue-haas-grotesk-display text-primary mb-4 text-4xl md:text-6xl"[31m
          [36m>[31m
            [0mAdmin Dashboard[0m
          [36m</h1>[31m
          [36m<p[31m
            [33mclass[31m=[32m"noto-sans-jp text-foreground/80 text-lg"[31m
          [36m>[31m
            [0mContent Management & Analytics[0m
          [36m</p>[31m
          [36m<div[31m
            [33mclass[31m=[32m"bg-primary mx-auto mt-6 h-1 w-24"[31m
          [36m/>[31m
        [36m</header>[31m
        [36m<main[31m
          [33mclass[31m=[32m"pb-16"[31m
        [36m>[31m
          [36m<div[31m
            [33mclass[31m=[32m"container-grid"[31m
          [36m>[31m
            [36m<div[31m
              [33mclass[31m=[32m"xs:px-6 px-4 md:px-8 "[31m
            [36m>[31m
              [36m<section[31m
                [33mclass[31m=[32m"mb-12"[31m
              [36m>[31m
                [36m<h2[31m
                  [33mclass[31m=[32m"neue-haas-grotesk-display text-foreground mb-6 text-2xl"[31m
                [36m>[31m
                  [0mOverview[0m
                [36m</h2>[31m
                [36m<div[31m
                  [33mclass[31m=[32m"grid gap-4 xs:gap-6 md:gap-8 grid-cols-1 xs:grid-cols-2 md:grid-cols-4 xl:grid-cols-4 2xl:grid-cols-4 "[31m
                [36m>[31m
                  [36m<div[31m
                    [33mclass[31m=[32m"border-foreground/20 bg-gray/50 border p-6"[31m
                  [36m>[31m
                    [36m<div[31m
                      [33mclass[31m=[32m"mb-2 flex items-center justify-between"[31m
                    [36m>[31m
                      [36m<svg[31m
                        [33maria-hidden[31m=[32m"true"[31m
                        [33mclass[31m=[32m"lucide lucide-file-text text-primary"[31m
                        [33mfill[31m=[32m"none"[31m
                        [33mheight[31m=[32m"24"[31m
                        [33mstroke[31m=[32m"currentColor"[31m
                        [33mstroke-linecap[31m=[32m"round"[31m
                        [33mstroke-linejoin[31m=[32m"round"[31m
                        [33mstroke-width[31m=[32m"2"[31m
                        [33mviewBox[31m=[32m"0 0 24 24"[31m
                        [33mwidth[31m=[32m"24"[31m
                        [33mxmlns[31m=[32m"http://www.w3.org/2000/svg"[31m
                      [36m>[31m
                        [36m<path[31m
                          [33md[31m=[32m"M15 2H6a2 2 0 0 0-2 2v16a2 2 0 0 0 2 2h12a2 2 0 0 0 2-2V7Z"[31m
                        [36m/>[31m
                        [36m<path[31m
                          [33md[31m=[32m"M14 2v4a2 2 0 0 0 2 2h4"[31m
                        [36m/>[31m
                        [36m<path[31m
                          [33md[31m=[32m"M10 9H8"[31m
                        [36m/>[31m
                        [36m<path[31m
                          [33md[31m=[32m"M16 13H8"[31m
                        [36m/>[31m
                        [36m<path[31m
                          [33md[31m=[32m"M16 17H8"[31m
                        [36m/>[31m
                      [36m</svg>[31m
                      [36m<span[31m
                        [33mclass[31m=[32m"text-foreground/50 text-xs"[31m
                      [36m>[31m
                        [0mCONTENT[0m
                      [36m</span>[31m
                    [36m</div>[31m
                    [36m<div[31m
                      [33mclass[31m=[32m"neue-haas-grotesk-display text-foreground text-2xl"[31m
                    [36m>[31m
                      [0m25[0m
                    [36m</div>[31m
                    [36m<div[31m
                      [33mclass[31m=[32m"text-foreground/70 text-sm"[31m
                    [36m>[31m
                      [0mTotal Items[0m
                    [36m</div>[31m
                  [36m</div>[31m
                  [36m<div[31m
                    [33mclass[31m=[32m"border-foreground/20 bg-gray/50 border p-6"[31m
                  [36m>[31m
                    [36m<div[31m
                      [33mclass[31m=[32m"mb-2 flex items-center justify-between"[31m
                    [36m>[31m
                      [36m<svg[31m
                        [33maria-hidden[31m=[32m"true"[31m
                        [33mclass[31m=[32m"lucide lucide-activity text-primary"[31m
                        [33mfill[31m=[32m"none"[31m
                        [33mheight[31m=[32m"24"[31m
                        [33mstroke[31m=[32m"currentColor"[31m
                        [33mstroke-linecap[31m=[32m"round"[31m
                        [33mstroke-linejoin[31m=[32m"round"[31m
                        [33mstroke-width[31m=[32m"2"[31m
                        [33mviewBox[31m=[32m"0 0 24 24"[31m
                        [33mwidth[31m=[32m"24"[31m
                        [33mxmlns[31m=[32m"http://www.w3.org/2000/svg"[31m
                      [36m>[31m
                        [36m<path[31m
                          [33md[31m=[32m"M22 12h-2.48a2 2 0 0 0-1.93 1.46l-2.35 8.36a.25.25 0 0 1-.48 0L9.24 2.18a.25.25 0 0 0-.48 0l-2.35 8.36A2 2 0 0 1 4.49 12H2"[31m
                        [36m/>[31m
                      [36m</svg>[31m
                      [36m<span[31m
                        [33mclass[31m=[32m"text-foreground/50 text-xs"[31m
                      [36m>[31m
      ...[39m
 [31mﾃ・[39m src/app/05_admin/page.test.tsx[2m > [22mAdmin Page[2m > [22mshould render Quick Actions section[33m 1019[2mms[22m[39m
[31m   竊・Unable to find an element with the text: Quick Actions. This could be because the text is broken up by multiple elements. In this case, you can provide a function for your text matcher to make your matcher more flexible.

Ignored nodes: comments, script, style
[36m<body />[31m

Ignored nodes: comments, script, style
[36m<html>[31m
  [36m<head />[31m
  [36m<body>[31m
    [36m<div>[31m
      [36m<div[31m
        [33mclass[31m=[32m" min-h-screen text-[var(--color-foreground)] bg-gray"[31m
      [36m>[31m
        [36m<nav[31m
          [33mclass[31m=[32m"border-foreground/20 border-b p-4"[31m
        [36m>[31m
          [36m<div[31m
            [33mclass[31m=[32m"container-grid"[31m
          [36m>[31m
            [36m<div[31m
              [33mclass[31m=[32m"xs:px-6 px-4 md:px-8 "[31m
            [36m>[31m
              [36m<div[31m
                [33mclass[31m=[32m"flex items-center justify-between"[31m
              [36m>[31m
                [36m<a[31m
                  [33mclass[31m=[32m"neue-haas-grotesk-display text-primary hover:text-primary/80 text-2xl"[31m
                  [33mhref[31m=[32m"/"[31m
                [36m>[31m
                  [0m竊・Home[0m
                [36m</a>[31m
                [36m<div[31m
                  [33mclass[31m=[32m"text-foreground/60 text-sm"[31m
                [36m>[31m
                  [0mDevelopment Mode Only[0m
                [36m</div>[31m
              [36m</div>[31m
            [36m</div>[31m
          [36m</div>[31m
        [36m</nav>[31m
        [36m<header[31m
          [33mclass[31m=[32m"px-4 py-12 text-center"[31m
        [36m>[31m
          [36m<h1[31m
            [33mclass[31m=[32m"neue-haas-grotesk-display text-primary mb-4 text-4xl md:text-6xl"[31m
          [36m>[31m
            [0mAdmin Dashboard[0m
          [36m</h1>[31m
          [36m<p[31m
            [33mclass[31m=[32m"noto-sans-jp text-foreground/80 text-lg"[31m
          [36m>[31m
            [0mContent Management & Analytics[0m
          [36m</p>[31m
          [36m<div[31m
            [33mclass[31m=[32m"bg-primary mx-auto mt-6 h-1 w-24"[31m
          [36m/>[31m
        [36m</header>[31m
        [36m<main[31m
          [33mclass[31m=[32m"pb-16"[31m
        [36m>[31m
          [36m<div[31m
            [33mclass[31m=[32m"container-grid"[31m
          [36m>[31m
            [36m<div[31m
              [33mclass[31m=[32m"xs:px-6 px-4 md:px-8 "[31m
            [36m>[31m
              [36m<section[31m
                [33mclass[31m=[32m"mb-12"[31m
              [36m>[31m
                [36m<h2[31m
                  [33mclass[31m=[32m"neue-haas-grotesk-display text-foreground mb-6 text-2xl"[31m
                [36m>[31m
                  [0mOverview[0m
                [36m</h2>[31m
                [36m<div[31m
                  [33mclass[31m=[32m"grid gap-4 xs:gap-6 md:gap-8 grid-cols-1 xs:grid-cols-2 md:grid-cols-4 xl:grid-cols-4 2xl:grid-cols-4 "[31m
                [36m>[31m
                  [36m<div[31m
                    [33mclass[31m=[32m"border-foreground/20 bg-gray/50 border p-6"[31m
                  [36m>[31m
                    [36m<div[31m
                      [33mclass[31m=[32m"mb-2 flex items-center justify-between"[31m
                    [36m>[31m
                      [36m<svg[31m
                        [33maria-hidden[31m=[32m"true"[31m
                        [33mclass[31m=[32m"lucide lucide-file-text text-primary"[31m
                        [33mfill[31m=[32m"none"[31m
                        [33mheight[31m=[32m"24"[31m
                        [33mstroke[31m=[32m"currentColor"[31m
                        [33mstroke-linecap[31m=[32m"round"[31m
                        [33mstroke-linejoin[31m=[32m"round"[31m
                        [33mstroke-width[31m=[32m"2"[31m
                        [33mviewBox[31m=[32m"0 0 24 24"[31m
                        [33mwidth[31m=[32m"24"[31m
                        [33mxmlns[31m=[32m"http://www.w3.org/2000/svg"[31m
                      [36m>[31m
                        [36m<path[31m
                          [33md[31m=[32m"M15 2H6a2 2 0 0 0-2 2v16a2 2 0 0 0 2 2h12a2 2 0 0 0 2-2V7Z"[31m
                        [36m/>[31m
                        [36m<path[31m
                          [33md[31m=[32m"M14 2v4a2 2 0 0 0 2 2h4"[31m
                        [36m/>[31m
                        [36m<path[31m
                          [33md[31m=[32m"M10 9H8"[31m
                        [36m/>[31m
                        [36m<path[31m
                          [33md[31m=[32m"M16 13H8"[31m
                        [36m/>[31m
                        [36m<path[31m
                          [33md[31m=[32m"M16 17H8"[31m
                        [36m/>[31m
                      [36m</svg>[31m
                      [36m<span[31m
                        [33mclass[31m=[32m"text-foreground/50 text-xs"[31m
                      [36m>[31m
                        [0mCONTENT[0m
                      [36m</span>[31m
                    [36m</div>[31m
                    [36m<div[31m
                      [33mclass[31m=[32m"neue-haas-grotesk-display text-foreground text-2xl"[31m
                    [36m>[31m
                      [0m25[0m
                    [36m</div>[31m
                    [36m<div[31m
                      [33mclass[31m=[32m"text-foreground/70 text-sm"[31m
                    [36m>[31m
                      [0mTotal Items[0m
                    [36m</div>[31m
                  [36m</div>[31m
                  [36m<div[31m
                    [33mclass[31m=[32m"border-foreground/20 bg-gray/50 border p-6"[31m
                  [36m>[31m
                    [36m<div[31m
                      [33mclass[31m=[32m"mb-2 flex items-center justify-between"[31m
                    [36m>[31m
                      [36m<svg[31m
                        [33maria-hidden[31m=[32m"true"[31m
                        [33mclass[31m=[32m"lucide lucide-activity text-primary"[31m
                        [33mfill[31m=[32m"none"[31m
                        [33mheight[31m=[32m"24"[31m
                        [33mstroke[31m=[32m"currentColor"[31m
                        [33mstroke-linecap[31m=[32m"round"[31m
                        [33mstroke-linejoin[31m=[32m"round"[31m
                        [33mstroke-width[31m=[32m"2"[31m
                        [33mviewBox[31m=[32m"0 0 24 24"[31m
                        [33mwidth[31m=[32m"24"[31m
                        [33mxmlns[31m=[32m"http://www.w3.org/2000/svg"[31m
                      [36m>[31m
                        [36m<path[31m
                          [33md[31m=[32m"M22 12h-2.48a2 2 0 0 0-1.93 1.46l-2.35 8.36a.25.25 0 0 1-.48 0L9.24 2.18a.25.25 0 0 0-.48 0l-2.35 8.36A2 2 0 0 1 4.49 12H2"[31m
                        [36m/>[31m
                      [36m</svg>[31m
                      [36m<span[31m
                        [33mclass[31m=[32m"text-foreground/50 text-xs"[31m
                      [36m>[31m
      ...[39m
 [31mﾃ・[39m src/app/05_admin/page.test.tsx[2m > [22mAdmin Page[2m > [22mshould render Recent Activity items[33m 1019[2mms[22m[39m
[31m   竊・Unable to find an element with the text: New portfolio item added. This could be because the text is broken up by multiple elements. In this case, you can provide a function for your text matcher to make your matcher more flexible.

Ignored nodes: comments, script, style
[36m<body />[31m

Ignored nodes: comments, script, style
[36m<html>[31m
  [36m<head />[31m
  [36m<body>[31m
    [36m<div>[31m
      [36m<div[31m
        [33mclass[31m=[32m" min-h-screen text-[var(--color-foreground)] bg-gray"[31m
      [36m>[31m
        [36m<nav[31m
          [33mclass[31m=[32m"border-foreground/20 border-b p-4"[31m
        [36m>[31m
          [36m<div[31m
            [33mclass[31m=[32m"container-grid"[31m
          [36m>[31m
            [36m<div[31m
              [33mclass[31m=[32m"xs:px-6 px-4 md:px-8 "[31m
            [36m>[31m
              [36m<div[31m
                [33mclass[31m=[32m"flex items-center justify-between"[31m
              [36m>[31m
                [36m<a[31m
                  [33mclass[31m=[32m"neue-haas-grotesk-display text-primary hover:text-primary/80 text-2xl"[31m
                  [33mhref[31m=[32m"/"[31m
                [36m>[31m
                  [0m竊・Home[0m
                [36m</a>[31m
                [36m<div[31m
                  [33mclass[31m=[32m"text-foreground/60 text-sm"[31m
                [36m>[31m
                  [0mDevelopment Mode Only[0m
                [36m</div>[31m
              [36m</div>[31m
            [36m</div>[31m
          [36m</div>[31m
        [36m</nav>[31m
        [36m<header[31m
          [33mclass[31m=[32m"px-4 py-12 text-center"[31m
        [36m>[31m
          [36m<h1[31m
            [33mclass[31m=[32m"neue-haas-grotesk-display text-primary mb-4 text-4xl md:text-6xl"[31m
          [36m>[31m
            [0mAdmin Dashboard[0m
          [36m</h1>[31m
          [36m<p[31m
            [33mclass[31m=[32m"noto-sans-jp text-foreground/80 text-lg"[31m
          [36m>[31m
            [0mContent Management & Analytics[0m
          [36m</p>[31m
          [36m<div[31m
            [33mclass[31m=[32m"bg-primary mx-auto mt-6 h-1 w-24"[31m
          [36m/>[31m
        [36m</header>[31m
        [36m<main[31m
          [33mclass[31m=[32m"pb-16"[31m
        [36m>[31m
          [36m<div[31m
            [33mclass[31m=[32m"container-grid"[31m
          [36m>[31m
            [36m<div[31m
              [33mclass[31m=[32m"xs:px-6 px-4 md:px-8 "[31m
            [36m>[31m
              [36m<section[31m
                [33mclass[31m=[32m"mb-12"[31m
              [36m>[31m
                [36m<h2[31m
                  [33mclass[31m=[32m"neue-haas-grotesk-display text-foreground mb-6 text-2xl"[31m
                [36m>[31m
                  [0mOverview[0m
                [36m</h2>[31m
                [36m<div[31m
                  [33mclass[31m=[32m"grid gap-4 xs:gap-6 md:gap-8 grid-cols-1 xs:grid-cols-2 md:grid-cols-4 xl:grid-cols-4 2xl:grid-cols-4 "[31m
                [36m>[31m
                  [36m<div[31m
                    [33mclass[31m=[32m"border-foreground/20 bg-gray/50 border p-6"[31m
                  [36m>[31m
                    [36m<div[31m
                      [33mclass[31m=[32m"mb-2 flex items-center justify-between"[31m
                    [36m>[31m
                      [36m<svg[31m
                        [33maria-hidden[31m=[32m"true"[31m
                        [33mclass[31m=[32m"lucide lucide-file-text text-primary"[31m
                        [33mfill[31m=[32m"none"[31m
                        [33mheight[31m=[32m"24"[31m
                        [33mstroke[31m=[32m"currentColor"[31m
                        [33mstroke-linecap[31m=[32m"round"[31m
                        [33mstroke-linejoin[31m=[32m"round"[31m
                        [33mstroke-width[31m=[32m"2"[31m
                        [33mviewBox[31m=[32m"0 0 24 24"[31m
                        [33mwidth[31m=[32m"24"[31m
                        [33mxmlns[31m=[32m"http://www.w3.org/2000/svg"[31m
                      [36m>[31m
                        [36m<path[31m
                          [33md[31m=[32m"M15 2H6a2 2 0 0 0-2 2v16a2 2 0 0 0 2 2h12a2 2 0 0 0 2-2V7Z"[31m
                        [36m/>[31m
                        [36m<path[31m
                          [33md[31m=[32m"M14 2v4a2 2 0 0 0 2 2h4"[31m
                        [36m/>[31m
                        [36m<path[31m
                          [33md[31m=[32m"M10 9H8"[31m
                        [36m/>[31m
                        [36m<path[31m
                          [33md[31m=[32m"M16 13H8"[31m
                        [36m/>[31m
                        [36m<path[31m
                          [33md[31m=[32m"M16 17H8"[31m
                        [36m/>[31m
                      [36m</svg>[31m
                      [36m<span[31m
                        [33mclass[31m=[32m"text-foreground/50 text-xs"[31m
                      [36m>[31m
                        [0mCONTENT[0m
                      [36m</span>[31m
                    [36m</div>[31m
                    [36m<div[31m
                      [33mclass[31m=[32m"neue-haas-grotesk-display text-foreground text-2xl"[31m
                    [36m>[31m
                      [0m25[0m
                    [36m</div>[31m
                    [36m<div[31m
                      [33mclass[31m=[32m"text-foreground/70 text-sm"[31m
                    [36m>[31m
                      [0mTotal Items[0m
                    [36m</div>[31m
                  [36m</div>[31m
                  [36m<div[31m
                    [33mclass[31m=[32m"border-foreground/20 bg-gray/50 border p-6"[31m
                  [36m>[31m
                    [36m<div[31m
                      [33mclass[31m=[32m"mb-2 flex items-center justify-between"[31m
                    [36m>[31m
                      [36m<svg[31m
                        [33maria-hidden[31m=[32m"true"[31m
                        [33mclass[31m=[32m"lucide lucide-activity text-primary"[31m
                        [33mfill[31m=[32m"none"[31m
                        [33mheight[31m=[32m"24"[31m
                        [33mstroke[31m=[32m"currentColor"[31m
                        [33mstroke-linecap[31m=[32m"round"[31m
                        [33mstroke-linejoin[31m=[32m"round"[31m
                        [33mstroke-width[31m=[32m"2"[31m
                        [33mviewBox[31m=[32m"0 0 24 24"[31m
                        [33mwidth[31m=[32m"24"[31m
                        [33mxmlns[31m=[32m"http://www.w3.org/2000/svg"[31m
                      [36m>[31m
                        [36m<path[31m
                          [33md[31m=[32m"M22 12h-2.48a2 2 0 0 0-1.93 1.46l-2.35 8.36a.25.25 0 0 1-.48 0L9.24 2.18a.25.25 0 0 0-.48 0l-2.35 8.36A2 2 0 0 1 4.49 12H2"[31m
                        [36m/>[31m
                      [36m</svg>[31m
                      [36m<span[31m
                        [33mclass[31m=[32m"text-foreground/50 text-xs"[31m
                      [36m>[31m
      ...[39m
 [31mﾃ・[39m src/app/05_admin/page.test.tsx[2m > [22mAdmin Page[2m > [22mshould render System Status items[33m 1019[2mms[22m[39m
[31m   竊・Unable to find an element with the text: Website Status. This could be because the text is broken up by multiple elements. In this case, you can provide a function for your text matcher to make your matcher more flexible.

Ignored nodes: comments, script, style
[36m<body />[31m

Ignored nodes: comments, script, style
[36m<html>[31m
  [36m<head />[31m
  [36m<body>[31m
    [36m<div>[31m
      [36m<div[31m
        [33mclass[31m=[32m" min-h-screen text-[var(--color-foreground)] bg-gray"[31m
      [36m>[31m
        [36m<nav[31m
          [33mclass[31m=[32m"border-foreground/20 border-b p-4"[31m
        [36m>[31m
          [36m<div[31m
            [33mclass[31m=[32m"container-grid"[31m
          [36m>[31m
            [36m<div[31m
              [33mclass[31m=[32m"xs:px-6 px-4 md:px-8 "[31m
            [36m>[31m
              [36m<div[31m
                [33mclass[31m=[32m"flex items-center justify-between"[31m
              [36m>[31m
                [36m<a[31m
                  [33mclass[31m=[32m"neue-haas-grotesk-display text-primary hover:text-primary/80 text-2xl"[31m
                  [33mhref[31m=[32m"/"[31m
                [36m>[31m
                  [0m竊・Home[0m
                [36m</a>[31m
                [36m<div[31m
                  [33mclass[31m=[32m"text-foreground/60 text-sm"[31m
                [36m>[31m
                  [0mDevelopment Mode Only[0m
                [36m</div>[31m
              [36m</div>[31m
            [36m</div>[31m
          [36m</div>[31m
        [36m</nav>[31m
        [36m<header[31m
          [33mclass[31m=[32m"px-4 py-12 text-center"[31m
        [36m>[31m
          [36m<h1[31m
            [33mclass[31m=[32m"neue-haas-grotesk-display text-primary mb-4 text-4xl md:text-6xl"[31m
          [36m>[31m
            [0mAdmin Dashboard[0m
          [36m</h1>[31m
          [36m<p[31m
            [33mclass[31m=[32m"noto-sans-jp text-foreground/80 text-lg"[31m
          [36m>[31m
            [0mContent Management & Analytics[0m
          [36m</p>[31m
          [36m<div[31m
            [33mclass[31m=[32m"bg-primary mx-auto mt-6 h-1 w-24"[31m
          [36m/>[31m
        [36m</header>[31m
        [36m<main[31m
          [33mclass[31m=[32m"pb-16"[31m
        [36m>[31m
          [36m<div[31m
            [33mclass[31m=[32m"container-grid"[31m
          [36m>[31m
            [36m<div[31m
              [33mclass[31m=[32m"xs:px-6 px-4 md:px-8 "[31m
            [36m>[31m
              [36m<section[31m
                [33mclass[31m=[32m"mb-12"[31m
              [36m>[31m
                [36m<h2[31m
                  [33mclass[31m=[32m"neue-haas-grotesk-display text-foreground mb-6 text-2xl"[31m
                [36m>[31m
                  [0mOverview[0m
                [36m</h2>[31m
                [36m<div[31m
                  [33mclass[31m=[32m"grid gap-4 xs:gap-6 md:gap-8 grid-cols-1 xs:grid-cols-2 md:grid-cols-4 xl:grid-cols-4 2xl:grid-cols-4 "[31m
                [36m>[31m
                  [36m<div[31m
                    [33mclass[31m=[32m"border-foreground/20 bg-gray/50 border p-6"[31m
                  [36m>[31m
                    [36m<div[31m
                      [33mclass[31m=[32m"mb-2 flex items-center justify-between"[31m
                    [36m>[31m
                      [36m<svg[31m
                        [33maria-hidden[31m=[32m"true"[31m
                        [33mclass[31m=[32m"lucide lucide-file-text text-primary"[31m
                        [33mfill[31m=[32m"none"[31m
                        [33mheight[31m=[32m"24"[31m
                        [33mstroke[31m=[32m"currentColor"[31m
                        [33mstroke-linecap[31m=[32m"round"[31m
                        [33mstroke-linejoin[31m=[32m"round"[31m
                        [33mstroke-width[31m=[32m"2"[31m
                        [33mviewBox[31m=[32m"0 0 24 24"[31m
                        [33mwidth[31m=[32m"24"[31m
                        [33mxmlns[31m=[32m"http://www.w3.org/2000/svg"[31m
                      [36m>[31m
                        [36m<path[31m
                          [33md[31m=[32m"M15 2H6a2 2 0 0 0-2 2v16a2 2 0 0 0 2 2h12a2 2 0 0 0 2-2V7Z"[31m
                        [36m/>[31m
                        [36m<path[31m
                          [33md[31m=[32m"M14 2v4a2 2 0 0 0 2 2h4"[31m
                        [36m/>[31m
                        [36m<path[31m
                          [33md[31m=[32m"M10 9H8"[31m
                        [36m/>[31m
                        [36m<path[31m
                          [33md[31m=[32m"M16 13H8"[31m
                        [36m/>[31m
                        [36m<path[31m
                          [33md[31m=[32m"M16 17H8"[31m
                        [36m/>[31m
                      [36m</svg>[31m
                      [36m<span[31m
                        [33mclass[31m=[32m"text-foreground/50 text-xs"[31m
                      [36m>[31m
                        [0mCONTENT[0m
                      [36m</span>[31m
                    [36m</div>[31m
                    [36m<div[31m
                      [33mclass[31m=[32m"neue-haas-grotesk-display text-foreground text-2xl"[31m
                    [36m>[31m
                      [0m25[0m
                    [36m</div>[31m
                    [36m<div[31m
                      [33mclass[31m=[32m"text-foreground/70 text-sm"[31m
                    [36m>[31m
                      [0mTotal Items[0m
                    [36m</div>[31m
                  [36m</div>[31m
                  [36m<div[31m
                    [33mclass[31m=[32m"border-foreground/20 bg-gray/50 border p-6"[31m
                  [36m>[31m
                    [36m<div[31m
                      [33mclass[31m=[32m"mb-2 flex items-center justify-between"[31m
                    [36m>[31m
                      [36m<svg[31m
                        [33maria-hidden[31m=[32m"true"[31m
                        [33mclass[31m=[32m"lucide lucide-activity text-primary"[31m
                        [33mfill[31m=[32m"none"[31m
                        [33mheight[31m=[32m"24"[31m
                        [33mstroke[31m=[32m"currentColor"[31m
                        [33mstroke-linecap[31m=[32m"round"[31m
                        [33mstroke-linejoin[31m=[32m"round"[31m
                        [33mstroke-width[31m=[32m"2"[31m
                        [33mviewBox[31m=[32m"0 0 24 24"[31m
                        [33mwidth[31m=[32m"24"[31m
                        [33mxmlns[31m=[32m"http://www.w3.org/2000/svg"[31m
                      [36m>[31m
                        [36m<path[31m
                          [33md[31m=[32m"M22 12h-2.48a2 2 0 0 0-1.93 1.46l-2.35 8.36a.25.25 0 0 1-.48 0L9.24 2.18a.25.25 0 0 0-.48 0l-2.35 8.36A2 2 0 0 1 4.49 12H2"[31m
                        [36m/>[31m
                      [36m</svg>[31m
                      [36m<span[31m
                        [33mclass[31m=[32m"text-foreground/50 text-xs"[31m
                      [36m>[31m
      ...[39m
 [31mﾃ・[39m src/app/05_admin/page.test.tsx[2m > [22mAdmin Page[2m > [22mshould render footer[33m 1023[2mms[22m[39m
[31m   竊・Unable to find role="contentinfo"

Ignored nodes: comments, script, style
[36m<body />[31m

Ignored nodes: comments, script, style
[36m<html>[31m
  [36m<head />[31m
  [36m<body>[31m
    [36m<div>[31m
      [36m<div[31m
        [33mclass[31m=[32m" min-h-screen text-[var(--color-foreground)] bg-gray"[31m
      [36m>[31m
        [36m<nav[31m
          [33mclass[31m=[32m"border-foreground/20 border-b p-4"[31m
        [36m>[31m
          [36m<div[31m
            [33mclass[31m=[32m"container-grid"[31m
          [36m>[31m
            [36m<div[31m
              [33mclass[31m=[32m"xs:px-6 px-4 md:px-8 "[31m
            [36m>[31m
              [36m<div[31m
                [33mclass[31m=[32m"flex items-center justify-between"[31m
              [36m>[31m
                [36m<a[31m
                  [33mclass[31m=[32m"neue-haas-grotesk-display text-primary hover:text-primary/80 text-2xl"[31m
                  [33mhref[31m=[32m"/"[31m
                [36m>[31m
                  [0m竊・Home[0m
                [36m</a>[31m
                [36m<div[31m
                  [33mclass[31m=[32m"text-foreground/60 text-sm"[31m
                [36m>[31m
                  [0mDevelopment Mode Only[0m
                [36m</div>[31m
              [36m</div>[31m
            [36m</div>[31m
          [36m</div>[31m
        [36m</nav>[31m
        [36m<header[31m
          [33mclass[31m=[32m"px-4 py-12 text-center"[31m
        [36m>[31m
          [36m<h1[31m
            [33mclass[31m=[32m"neue-haas-grotesk-display text-primary mb-4 text-4xl md:text-6xl"[31m
          [36m>[31m
            [0mAdmin Dashboard[0m
          [36m</h1>[31m
          [36m<p[31m
            [33mclass[31m=[32m"noto-sans-jp text-foreground/80 text-lg"[31m
          [36m>[31m
            [0mContent Management & Analytics[0m
          [36m</p>[31m
          [36m<div[31m
            [33mclass[31m=[32m"bg-primary mx-auto mt-6 h-1 w-24"[31m
          [36m/>[31m
        [36m</header>[31m
        [36m<main[31m
          [33mclass[31m=[32m"pb-16"[31m
        [36m>[31m
          [36m<div[31m
            [33mclass[31m=[32m"container-grid"[31m
          [36m>[31m
            [36m<div[31m
              [33mclass[31m=[32m"xs:px-6 px-4 md:px-8 "[31m
            [36m>[31m
              [36m<section[31m
                [33mclass[31m=[32m"mb-12"[31m
              [36m>[31m
                [36m<h2[31m
                  [33mclass[31m=[32m"neue-haas-grotesk-display text-foreground mb-6 text-2xl"[31m
                [36m>[31m
                  [0mOverview[0m
                [36m</h2>[31m
                [36m<div[31m
                  [33mclass[31m=[32m"grid gap-4 xs:gap-6 md:gap-8 grid-cols-1 xs:grid-cols-2 md:grid-cols-4 xl:grid-cols-4 2xl:grid-cols-4 "[31m
                [36m>[31m
                  [36m<div[31m
                    [33mclass[31m=[32m"border-foreground/20 bg-gray/50 border p-6"[31m
                  [36m>[31m
                    [36m<div[31m
                      [33mclass[31m=[32m"mb-2 flex items-center justify-between"[31m
                    [36m>[31m
                      [36m<svg[31m
                        [33maria-hidden[31m=[32m"true"[31m
                        [33mclass[31m=[32m"lucide lucide-file-text text-primary"[31m
                        [33mfill[31m=[32m"none"[31m
                        [33mheight[31m=[32m"24"[31m
                        [33mstroke[31m=[32m"currentColor"[31m
                        [33mstroke-linecap[31m=[32m"round"[31m
                        [33mstroke-linejoin[31m=[32m"round"[31m
                        [33mstroke-width[31m=[32m"2"[31m
                        [33mviewBox[31m=[32m"0 0 24 24"[31m
                        [33mwidth[31m=[32m"24"[31m
                        [33mxmlns[31m=[32m"http://www.w3.org/2000/svg"[31m
                      [36m>[31m
                        [36m<path[31m
                          [33md[31m=[32m"M15 2H6a2 2 0 0 0-2 2v16a2 2 0 0 0 2 2h12a2 2 0 0 0 2-2V7Z"[31m
                        [36m/>[31m
                        [36m<path[31m
                          [33md[31m=[32m"M14 2v4a2 2 0 0 0 2 2h4"[31m
                        [36m/>[31m
                        [36m<path[31m
                          [33md[31m=[32m"M10 9H8"[31m
                        [36m/>[31m
                        [36m<path[31m
                          [33md[31m=[32m"M16 13H8"[31m
                        [36m/>[31m
                        [36m<path[31m
                          [33md[31m=[32m"M16 17H8"[31m
                        [36m/>[31m
                      [36m</svg>[31m
                      [36m<span[31m
                        [33mclass[31m=[32m"text-foreground/50 text-xs"[31m
                      [36m>[31m
                        [0mCONTENT[0m
                      [36m</span>[31m
                    [36m</div>[31m
                    [36m<div[31m
                      [33mclass[31m=[32m"neue-haas-grotesk-display text-foreground text-2xl"[31m
                    [36m>[31m
                      [0m25[0m
                    [36m</div>[31m
                    [36m<div[31m
                      [33mclass[31m=[32m"text-foreground/70 text-sm"[31m
                    [36m>[31m
                      [0mTotal Items[0m
                    [36m</div>[31m
                  [36m</div>[31m
                  [36m<div[31m
                    [33mclass[31m=[32m"border-foreground/20 bg-gray/50 border p-6"[31m
                  [36m>[31m
                    [36m<div[31m
                      [33mclass[31m=[32m"mb-2 flex items-center justify-between"[31m
                    [36m>[31m
                      [36m<svg[31m
                        [33maria-hidden[31m=[32m"true"[31m
                        [33mclass[31m=[32m"lucide lucide-activity text-primary"[31m
                        [33mfill[31m=[32m"none"[31m
                        [33mheight[31m=[32m"24"[31m
                        [33mstroke[31m=[32m"currentColor"[31m
                        [33mstroke-linecap[31m=[32m"round"[31m
                        [33mstroke-linejoin[31m=[32m"round"[31m
                        [33mstroke-width[31m=[32m"2"[31m
                        [33mviewBox[31m=[32m"0 0 24 24"[31m
                        [33mwidth[31m=[32m"24"[31m
                        [33mxmlns[31m=[32m"http://www.w3.org/2000/svg"[31m
                      [36m>[31m
                        [36m<path[31m
                          [33md[31m=[32m"M22 12h-2.48a2 2 0 0 0-1.93 1.46l-2.35 8.36a.25.25 0 0 1-.48 0L9.24 2.18a.25.25 0 0 0-.48 0l-2.35 8.36A2 2 0 0 1 4.49 12H2"[31m
                        [36m/>[31m
                      [36m</svg>[31m
                      [36m<span[31m
                        [33mclass[31m=[32m"text-foreground/50 text-xs"[31m
                      [36m>[31m
      ...[39m
 [31mﾃ・[39m src/app/05_admin/page.test.tsx[2m > [22mAdmin Page[2m > [22mshould initialize stats on component mount[33m 1025[2mms[22m[39m
[31m   竊・Unable to find an element with the text: 25. This could be because the text is broken up by multiple elements. In this case, you can provide a function for your text matcher to make your matcher more flexible.

Ignored nodes: comments, script, style
[36m<body />[31m

Ignored nodes: comments, script, style
[36m<html>[31m
  [36m<head />[31m
  [36m<body>[31m
    [36m<div>[31m
      [36m<div[31m
        [33mclass[31m=[32m" min-h-screen text-[var(--color-foreground)] bg-gray"[31m
      [36m>[31m
        [36m<nav[31m
          [33mclass[31m=[32m"border-foreground/20 border-b p-4"[31m
        [36m>[31m
          [36m<div[31m
            [33mclass[31m=[32m"container-grid"[31m
          [36m>[31m
            [36m<div[31m
              [33mclass[31m=[32m"xs:px-6 px-4 md:px-8 "[31m
            [36m>[31m
              [36m<div[31m
                [33mclass[31m=[32m"flex items-center justify-between"[31m
              [36m>[31m
                [36m<a[31m
                  [33mclass[31m=[32m"neue-haas-grotesk-display text-primary hover:text-primary/80 text-2xl"[31m
                  [33mhref[31m=[32m"/"[31m
                [36m>[31m
                  [0m竊・Home[0m
                [36m</a>[31m
                [36m<div[31m
                  [33mclass[31m=[32m"text-foreground/60 text-sm"[31m
                [36m>[31m
                  [0mDevelopment Mode Only[0m
                [36m</div>[31m
              [36m</div>[31m
            [36m</div>[31m
          [36m</div>[31m
        [36m</nav>[31m
        [36m<header[31m
          [33mclass[31m=[32m"px-4 py-12 text-center"[31m
        [36m>[31m
          [36m<h1[31m
            [33mclass[31m=[32m"neue-haas-grotesk-display text-primary mb-4 text-4xl md:text-6xl"[31m
          [36m>[31m
            [0mAdmin Dashboard[0m
          [36m</h1>[31m
          [36m<p[31m
            [33mclass[31m=[32m"noto-sans-jp text-foreground/80 text-lg"[31m
          [36m>[31m
            [0mContent Management & Analytics[0m
          [36m</p>[31m
          [36m<div[31m
            [33mclass[31m=[32m"bg-primary mx-auto mt-6 h-1 w-24"[31m
          [36m/>[31m
        [36m</header>[31m
        [36m<main[31m
          [33mclass[31m=[32m"pb-16"[31m
        [36m>[31m
          [36m<div[31m
            [33mclass[31m=[32m"container-grid"[31m
          [36m>[31m
            [36m<div[31m
              [33mclass[31m=[32m"xs:px-6 px-4 md:px-8 "[31m
            [36m>[31m
              [36m<section[31m
                [33mclass[31m=[32m"mb-12"[31m
              [36m>[31m
                [36m<h2[31m
                  [33mclass[31m=[32m"neue-haas-grotesk-display text-foreground mb-6 text-2xl"[31m
                [36m>[31m
                  [0mOverview[0m
                [36m</h2>[31m
                [36m<div[31m
                  [33mclass[31m=[32m"grid gap-4 xs:gap-6 md:gap-8 grid-cols-1 xs:grid-cols-2 md:grid-cols-4 xl:grid-cols-4 2xl:grid-cols-4 "[31m
                [36m>[31m
                  [36m<div[31m
                    [33mclass[31m=[32m"border-foreground/20 bg-gray/50 border p-6"[31m
                  [36m>[31m
                    [36m<div[31m
                      [33mclass[31m=[32m"mb-2 flex items-center justify-between"[31m
                    [36m>[31m
                      [36m<svg[31m
                        [33maria-hidden[31m=[32m"true"[31m
                        [33mclass[31m=[32m"lucide lucide-file-text text-primary"[31m
                        [33mfill[31m=[32m"none"[31m
                        [33mheight[31m=[32m"24"[31m
                        [33mstroke[31m=[32m"currentColor"[31m
                        [33mstroke-linecap[31m=[32m"round"[31m
                        [33mstroke-linejoin[31m=[32m"round"[31m
                        [33mstroke-width[31m=[32m"2"[31m
                        [33mviewBox[31m=[32m"0 0 24 24"[31m
                        [33mwidth[31m=[32m"24"[31m
                        [33mxmlns[31m=[32m"http://www.w3.org/2000/svg"[31m
                      [36m>[31m
                        [36m<path[31m
                          [33md[31m=[32m"M15 2H6a2 2 0 0 0-2 2v16a2 2 0 0 0 2 2h12a2 2 0 0 0 2-2V7Z"[31m
                        [36m/>[31m
                        [36m<path[31m
                          [33md[31m=[32m"M14 2v4a2 2 0 0 0 2 2h4"[31m
                        [36m/>[31m
                        [36m<path[31m
                          [33md[31m=[32m"M10 9H8"[31m
                        [36m/>[31m
                        [36m<path[31m
                          [33md[31m=[32m"M16 13H8"[31m
                        [36m/>[31m
                        [36m<path[31m
                          [33md[31m=[32m"M16 17H8"[31m
                        [36m/>[31m
                      [36m</svg>[31m
                      [36m<span[31m
                        [33mclass[31m=[32m"text-foreground/50 text-xs"[31m
                      [36m>[31m
                        [0mCONTENT[0m
                      [36m</span>[31m
                    [36m</div>[31m
                    [36m<div[31m
                      [33mclass[31m=[32m"neue-haas-grotesk-display text-foreground text-2xl"[31m
                    [36m>[31m
                      [0m25[0m
                    [36m</div>[31m
                    [36m<div[31m
                      [33mclass[31m=[32m"text-foreground/70 text-sm"[31m
                    [36m>[31m
                      [0mTotal Items[0m
                    [36m</div>[31m
                  [36m</div>[31m
                  [36m<div[31m
                    [33mclass[31m=[32m"border-foreground/20 bg-gray/50 border p-6"[31m
                  [36m>[31m
                    [36m<div[31m
                      [33mclass[31m=[32m"mb-2 flex items-center justify-between"[31m
                    [36m>[31m
                      [36m<svg[31m
                        [33maria-hidden[31m=[32m"true"[31m
                        [33mclass[31m=[32m"lucide lucide-activity text-primary"[31m
                        [33mfill[31m=[32m"none"[31m
                        [33mheight[31m=[32m"24"[31m
                        [33mstroke[31m=[32m"currentColor"[31m
                        [33mstroke-linecap[31m=[32m"round"[31m
                        [33mstroke-linejoin[31m=[32m"round"[31m
                        [33mstroke-width[31m=[32m"2"[31m
                        [33mviewBox[31m=[32m"0 0 24 24"[31m
                        [33mwidth[31m=[32m"24"[31m
                        [33mxmlns[31m=[32m"http://www.w3.org/2000/svg"[31m
                      [36m>[31m
                        [36m<path[31m
                          [33md[31m=[32m"M22 12h-2.48a2 2 0 0 0-1.93 1.46l-2.35 8.36a.25.25 0 0 1-.48 0L9.24 2.18a.25.25 0 0 0-.48 0l-2.35 8.36A2 2 0 0 1 4.49 12H2"[31m
                        [36m/>[31m
                      [36m</svg>[31m
                      [36m<span[31m
                        [33mclass[31m=[32m"text-foreground/50 text-xs"[31m
                      [36m>[31m
      ...[39m
 [31mﾃ・[39m src/app/03_workshop/components/PluginList.test.tsx[2m > [22mPluginList Component[2m > [22mshould display loading state initially[32m 4[2mms[22m[39m
[31m   竊・Unable to find an element with the text: Loading plugins.... This could be because the text is broken up by multiple elements. In this case, you can provide a function for your text matcher to make your matcher more flexible.

Ignored nodes: comments, script, style
[36m<body />[31m[39m
 [31mﾃ・[39m src/app/03_workshop/components/PluginList.test.tsx[2m > [22mPluginList Component[2m > [22mshould display plugins when data is loaded[33m 1011[2mms[22m[39m
[31m   竊・Unable to find an element with the text: Test Plugin 1. This could be because the text is broken up by multiple elements. In this case, you can provide a function for your text matcher to make your matcher more flexible.

Ignored nodes: comments, script, style
[36m<body />[31m

Ignored nodes: comments, script, style
[36m<html>[31m
  [36m<head />[31m
  [36m<body>[31m
    [36m<div>[31m
      [36m<div[31m
        [33mclass[31m=[32m"rounded-none bg-gray-800 p-6 text-white"[31m
      [36m>[31m
        [36m<h2[31m
          [33mclass[31m=[32m"neue-haas-grotesk-display mb-4 text-xl font-bold text-blue-500"[31m
        [36m>[31m
          [0mPlugin Library[0m
        [36m</h2>[31m
        [36m<div[31m
          [33mclass[31m=[32m"grid grid-cols-1 gap-6 md:grid-cols-2 lg:grid-cols-3"[31m
        [36m>[31m
          [36m<a[31m
            [33mclass[31m=[32m"block rounded-none bg-gray-700 p-6"[31m
            [33mhref[31m=[32m"/workshop/plugins/p1"[31m
          [36m>[31m
            [36m<h3[31m
              [33mclass[31m=[32m"text-lg font-semibold text-blue-400"[31m
            [36m>[31m
              [0mTest Plugin 1[0m
            [36m</h3>[31m
            [36m<p[31m
              [33mclass[31m=[32m"mb-2 text-xs text-gray-400"[31m
            [36m>[31m
              [0mv[0m
              [0m1.0[0m
            [36m</p>[31m
            [36m<p[31m
              [33mclass[31m=[32m"mb-4 text-sm text-gray-300"[31m
            [36m>[31m
              [0mDesc 1[0m
            [36m</p>[31m
            [36m<div[31m
              [33mclass[31m=[32m"flex items-center justify-between text-sm text-gray-400"[31m
            [36m>[31m
              [36m<div[31m
                [33mclass[31m=[32m"flex items-center gap-1"[31m
              [36m>[31m
                [36m<svg[31m
                  [33maria-hidden[31m=[32m"true"[31m
                  [33mclass[31m=[32m"lucide lucide-download"[31m
                  [33mfill[31m=[32m"none"[31m
                  [33mheight[31m=[32m"16"[31m
                  [33mstroke[31m=[32m"currentColor"[31m
                  [33mstroke-linecap[31m=[32m"round"[31m
                  [33mstroke-linejoin[31m=[32m"round"[31m
                  [33mstroke-width[31m=[32m"2"[31m
                  [33mviewBox[31m=[32m"0 0 24 24"[31m
                  [33mwidth[31m=[32m"16"[31m
                  [33mxmlns[31m=[32m"http://www.w3.org/2000/svg"[31m
                [36m>[31m
                  [36m<path[31m
                    [33md[31m=[32m"M12 15V3"[31m
                  [36m/>[31m
                  [36m<path[31m
                    [33md[31m=[32m"M21 15v4a2 2 0 0 1-2 2H5a2 2 0 0 1-2-2v-4"[31m
                  [36m/>[31m
                  [36m<path[31m
                    [33md[31m=[32m"m7 10 5 5 5-5"[31m
                  [36m/>[31m
                [36m</svg>[31m
                [36m<span>[31m
                  [0m1.2k[0m
                [36m</span>[31m
              [36m</div>[31m
              [36m<div[31m
                [33mclass[31m=[32m"flex items-center gap-1"[31m
              [36m>[31m
                [36m<svg[31m
                  [33maria-hidden[31m=[32m"true"[31m
                  [33mclass[31m=[32m"lucide lucide-star"[31m
                  [33mfill[31m=[32m"none"[31m
                  [33mheight[31m=[32m"16"[31m
                  [33mstroke[31m=[32m"currentColor"[31m
                  [33mstroke-linecap[31m=[32m"round"[31m
                  [33mstroke-linejoin[31m=[32m"round"[31m
                  [33mstroke-width[31m=[32m"2"[31m
                  [33mviewBox[31m=[32m"0 0 24 24"[31m
                  [33mwidth[31m=[32m"16"[31m
                  [33mxmlns[31m=[32m"http://www.w3.org/2000/svg"[31m
                [36m>[31m
                  [36m<path[31m
                    [33md[31m=[32m"M11.525 2.295a.53.53 0 0 1 .95 0l2.31 4.679a2.123 2.123 0 0 0 1.595 1.16l5.166.756a.53.53 0 0 1 .294.904l-3.736 3.638a2.123 2.123 0 0 0-.611 1.878l.882 5.14a.53.53 0 0 1-.771.56l-4.618-2.428a2.122 2.122 0 0 0-1.973 0L6.396 21.01a.53.53 0 0 1-.77-.56l.881-5.139a2.122 2.122 0 0 0-.611-1.879L2.16 9.795a.53.53 0 0 1 .294-.906l5.165-.755a2.122 2.122 0 0 0 1.597-1.16z"[31m
                  [36m/>[31m
                [36m</svg>[31m
                [36m<span>[31m
                  [0m4.5[0m
                [36m</span>[31m
              [36m</div>[31m
            [36m</div>[31m
          [36m</a>[31m
          [36m<a[31m
            [33mclass[31m=[32m"block rounded-none bg-gray-700 p-6"[31m
            [33mhref[31m=[32m"/workshop/plugins/p2"[31m
          [36m>[31m
            [36m<h3[31m
              [33mclass[31m=[32m"text-lg font-semibold text-blue-400"[31m
            [36m>[31m
              [0mTest Plugin 2[0m
            [36m</h3>[31m
            [36m<p[31m
              [33mclass[31m=[32m"mb-2 text-xs text-gray-400"[31m
            [36m>[31m
              [0mv[0m
              [0m2.0[0m
            [36m</p>[31m
            [36m<p[31m
              [33mclass[31m=[32m"mb-4 text-sm text-gray-300"[31m
            [36m>[31m
              [0mDesc 2[0m
            [36m</p>[31m
            [36m<div[31m
              [33mclass[31m=[32m"flex items-center justify-between text-sm text-gray-400"[31m
            [36m>[31m
              [36m<div[31m
                [33mclass[31m=[32m"flex items-center gap-1"[31m
              [36m>[31m
                [36m<svg[31m
                  [33maria-hidden[31m=[32m"true"[31m
                  [33mclass[31m=[32m"lucide lucide-download"[31m
                  [33mfill[31m=[32m"none"[31m
                  [33mheight[31m=[32m"16"[31m
                  [33mstroke[31m=[32m"currentColor"[31m
                  [33mstroke-linecap[31m=[32m"round"[31m
                  [33mstroke-linejoin[31m=[32m"round"[31m
                  [33mstroke-width[31m=[32m"2"[31m
                  [33mviewBox[31m=[32m"0 0 24 24"[31m
                  [33mwidth[31m=[32m"16"[31m
                  [33mxmlns[31m=[32m"http://www.w3.org/2000/svg"[31m
                [36m>[31m
                  [36m<path[31m
                    [33md[31m=[32m"M12 15V3"[31m
                  [36m/>[31m
                  [36m<path[31m
                    [33md[31m=[32m"M21 15v4a2 2 0 0 1-2 2H5a2 2 0 0 1-2-2v-4"[31m
                  [36m/>[31m
                  [36m<path[31m
                    [33md[31m=[32m"m7 10 5 5 5-5"[31m
                  [36m/>[31m
                [36m</svg>[31m
                [36m<span>[31m
                  [0m500[0m
                [36m</span>[31m
              [36m</div>[31m
              [36m<div[31m
                [33mclass[31m=[32m"flex items-center gap-1"[31m
              [36m>[31m
                [36m<svg[31m
                  [33maria-hidden[31m=[32m"true"[31m
                  [33mclass[31m=[32m"lucide lucide-star"[31m
                  [33mfill[31m=[32m"none"[31m
                  [33mheight[31m=[32m"16"[31m
                  [33mstroke[31m=[32m"currentColor"[31m
                  [33mstroke-linecap[31m=[32m"round"[31m
                  [33mstroke-linejoin[31m=[32m"round"[31m
                  [33mstroke-width[31m=[32m"2"[31m
                  [33mviewBox[31m=[32m"0 0 24 24"[31m
                  [33mwidth[31m=[32m"16"[31m
                  [33mxmlns[31m=[32m"http://www.w3.org/2000/svg"[31m
                [36m>[31m
                  [36m<path[31m
                    [33md[31m=[32m"M11.525 2.295a.53.53 0 0 1 .95 0l2.31 4.679a2.123 2.123 0 0 0 1.595 1.16l5.166.756a.53.53 0 0 1 .294.904l-3.736 3.638a2.123 2.123 0 0 0-.611 1.878l.882 5.14a.53.53 0 0 1-.771.56l-4.618-2.428a2.122 2.122 0 0 0-1.973 0L6.396 21.01a.53.53 0 0 1-.77-.56l.881-5.139a2.122 2.122 0 0 0-.611-1.879L2.16 9.795a.53.53 0 0 1 .294-.906l5.165-.755a2.122 2.122 0 0 0 1.597-1.16z"[31m
                  [36m/>[31m
                [36m</svg>[31m
                [36m<span>[31m
                  [0m4[0m
                [36m</span>[31m
              [36m</div>[31m
            [36m</div>[31m
          [36m</a>[31m
        [36m</div>[31m
      [36m</div>[31m
    [36m</div>[31m
  [36m</body>[31m
[36m</html>[31m[39m
 [31mﾃ・[39m src/app/03_workshop/components/PluginList.test.tsx[2m > [22mPluginList Component[2m > [22mshould display error message when fetch fails with a network error[33m 1004[2mms[22m[39m
[31m   竊・Unable to find an element with the text: Network request failed. This could be because the text is broken up by multiple elements. In this case, you can provide a function for your text matcher to make your matcher more flexible.

Ignored nodes: comments, script, style
[36m<body />[31m

Ignored nodes: comments, script, style
[36m<html>[31m
  [36m<head />[31m
  [36m<body>[31m
    [36m<div>[31m
      [36m<div>[31m
        [0mNetwork request failed[0m
      [36m</div>[31m
    [36m</div>[31m
  [36m</body>[31m
[36m</html>[31m[39m
 [31mﾃ・[39m src/app/03_workshop/components/PluginList.test.tsx[2m > [22mPluginList Component[2m > [22mshould display error message when response is not ok[33m 1006[2mms[22m[39m
[31m   竊・Unable to find an element with the text: Failed to fetch plugins. This could be because the text is broken up by multiple elements. In this case, you can provide a function for your text matcher to make your matcher more flexible.

Ignored nodes: comments, script, style
[36m<body />[31m

Ignored nodes: comments, script, style
[36m<html>[31m
  [36m<head />[31m
  [36m<body>[31m
    [36m<div>[31m
      [36m<div>[31m
        [0mFailed to fetch plugins[0m
      [36m</div>[31m
    [36m</div>[31m
  [36m</body>[31m
[36m</html>[31m[39m
 [31mﾃ・[39m src/app/03_workshop/components/PluginList.test.tsx[2m > [22mPluginList Component[2m > [22mshould handle non-Error objects being thrown[33m 1007[2mms[22m[39m
[31m   竊・Unable to find an element with the text: An unknown error occurred. This could be because the text is broken up by multiple elements. In this case, you can provide a function for your text matcher to make your matcher more flexible.

Ignored nodes: comments, script, style
[36m<body />[31m

Ignored nodes: comments, script, style
[36m<html>[31m
  [36m<head />[31m
  [36m<body>[31m
    [36m<div>[31m
      [36m<div>[31m
        [0mAn unknown error occurred[0m
      [36m</div>[31m
    [36m</div>[31m
  [36m</body>[31m
[36m</html>[31m[39m
 [31mﾃ・[39m src/app/03_workshop/components/PluginList.test.tsx[2m > [22mPluginList Component[2m > [22mshould handle empty plugin data[33m 1011[2mms[22m[39m
[31m   竊・Unable to find an element with the text: Plugin Library. This could be because the text is broken up by multiple elements. In this case, you can provide a function for your text matcher to make your matcher more flexible.

Ignored nodes: comments, script, style
[36m<body />[31m

Ignored nodes: comments, script, style
[36m<html>[31m
  [36m<head />[31m
  [36m<body>[31m
    [36m<div>[31m
      [36m<div[31m
        [33mclass[31m=[32m"rounded-none bg-gray-800 p-6 text-white"[31m
      [36m>[31m
        [36m<h2[31m
          [33mclass[31m=[32m"neue-haas-grotesk-display mb-4 text-xl font-bold text-blue-500"[31m
        [36m>[31m
          [0mPlugin Library[0m
        [36m</h2>[31m
        [36m<div[31m
          [33mclass[31m=[32m"grid grid-cols-1 gap-6 md:grid-cols-2 lg:grid-cols-3"[31m
        [36m/>[31m
      [36m</div>[31m
    [36m</div>[31m
  [36m</body>[31m
[36m</html>[31m[39m
 [31mﾃ・[39m src/app/03_workshop/components/BlogList.test.tsx[2m > [22mBlogList Component[2m > [22mshould display loading state initially[32m 2[2mms[22m[39m
[31m   竊・Unable to find an element with the text: Loading blog posts.... This could be because the text is broken up by multiple elements. In this case, you can provide a function for your text matcher to make your matcher more flexible.

Ignored nodes: comments, script, style
[36m<body />[31m[39m
 [31mﾃ・[39m src/app/03_workshop/components/BlogList.test.tsx[2m > [22mBlogList Component[2m > [22mshould display posts when data is loaded[33m 1014[2mms[22m[39m
[31m   竊・Unable to find an element with the text: Test Post 1. This could be because the text is broken up by multiple elements. In this case, you can provide a function for your text matcher to make your matcher more flexible.

Ignored nodes: comments, script, style
[36m<body />[31m

Ignored nodes: comments, script, style
[36m<html>[31m
  [36m<head />[31m
  [36m<body>[31m
    [36m<div>[31m
      [36m<div[31m
        [33mclass[31m=[32m"rounded-none bg-gray-800 p-6 text-white"[31m
      [36m>[31m
        [36m<h2[31m
          [33mclass[31m=[32m"neue-haas-grotesk-display mb-4 text-xl font-bold text-blue-500"[31m
        [36m>[31m
          [0mBlog Posts[0m
        [36m</h2>[31m
        [36m<div[31m
          [33mclass[31m=[32m"space-y-6"[31m
        [36m>[31m
          [36m<a[31m
            [33mclass[31m=[32m"block rounded-none bg-gray-700 p-6"[31m
            [33mhref[31m=[32m"/workshop/blog/p1"[31m
          [36m>[31m
            [36m<h3[31m
              [33mclass[31m=[32m"text-lg font-semibold text-blue-400"[31m
            [36m>[31m
              [0mTest Post 1[0m
            [36m</h3>[31m
            [36m<div[31m
              [33mclass[31m=[32m"my-2 flex items-center gap-4 text-xs text-gray-400"[31m
            [36m>[31m
              [36m<div[31m
                [33mclass[31m=[32m"flex items-center gap-1"[31m
              [36m>[31m
                [36m<svg[31m
                  [33maria-hidden[31m=[32m"true"[31m
                  [33mclass[31m=[32m"lucide lucide-calendar"[31m
                  [33mfill[31m=[32m"none"[31m
                  [33mheight[31m=[32m"14"[31m
                  [33mstroke[31m=[32m"currentColor"[31m
                  [33mstroke-linecap[31m=[32m"round"[31m
                  [33mstroke-linejoin[31m=[32m"round"[31m
                  [33mstroke-width[31m=[32m"2"[31m
                  [33mviewBox[31m=[32m"0 0 24 24"[31m
                  [33mwidth[31m=[32m"14"[31m
                  [33mxmlns[31m=[32m"http://www.w3.org/2000/svg"[31m
                [36m>[31m
                  [36m<path[31m
                    [33md[31m=[32m"M8 2v4"[31m
                  [36m/>[31m
                  [36m<path[31m
                    [33md[31m=[32m"M16 2v4"[31m
                  [36m/>[31m
                  [36m<rect[31m
                    [33mheight[31m=[32m"18"[31m
                    [33mrx[31m=[32m"2"[31m
                    [33mwidth[31m=[32m"18"[31m
                    [33mx[31m=[32m"3"[31m
                    [33my[31m=[32m"4"[31m
                  [36m/>[31m
                  [36m<path[31m
                    [33md[31m=[32m"M3 10h18"[31m
                  [36m/>[31m
                [36m</svg>[31m
                [36m<span>[31m
                  [0mJanuary 1, 2024[0m
                [36m</span>[31m
              [36m</div>[31m
            [36m</div>[31m
            [36m<p[31m
              [33mclass[31m=[32m"mb-4 text-sm text-gray-300"[31m
            [36m>[31m
              [0mExcerpt 1[0m
            [36m</p>[31m
            [36m<div[31m
              [33mclass[31m=[32m"flex flex-wrap gap-2"[31m
            [36m>[31m
              [36m<span[31m
                [33mclass[31m=[32m"flex items-center gap-1 bg-gray-600 px-2 py-1 text-xs text-gray-300"[31m
              [36m>[31m
                [36m<svg[31m
                  [33maria-hidden[31m=[32m"true"[31m
                  [33mclass[31m=[32m"lucide lucide-tag"[31m
                  [33mfill[31m=[32m"none"[31m
                  [33mheight[31m=[32m"12"[31m
                  [33mstroke[31m=[32m"currentColor"[31m
                  [33mstroke-linecap[31m=[32m"round"[31m
                  [33mstroke-linejoin[31m=[32m"round"[31m
                  [33mstroke-width[31m=[32m"2"[31m
                  [33mviewBox[31m=[32m"0 0 24 24"[31m
                  [33mwidth[31m=[32m"12"[31m
                  [33mxmlns[31m=[32m"http://www.w3.org/2000/svg"[31m
                [36m>[31m
                  [36m<path[31m
                    [33md[31m=[32m"M12.586 2.586A2 2 0 0 0 11.172 2H4a2 2 0 0 0-2 2v7.172a2 2 0 0 0 .586 1.414l8.704 8.704a2.426 2.426 0 0 0 3.42 0l6.58-6.58a2.426 2.426 0 0 0 0-3.42z"[31m
                  [36m/>[31m
                  [36m<circle[31m
                    [33mcx[31m=[32m"7.5"[31m
                    [33mcy[31m=[32m"7.5"[31m
                    [33mfill[31m=[32m"currentColor"[31m
                    [33mr[31m=[32m".5"[31m
                  [36m/>[31m
                [36m</svg>[31m
                [0mtech[0m
              [36m</span>[31m
            [36m</div>[31m
          [36m</a>[31m
          [36m<a[31m
            [33mclass[31m=[32m"block rounded-none bg-gray-700 p-6"[31m
            [33mhref[31m=[32m"/workshop/blog/p2"[31m
          [36m>[31m
            [36m<h3[31m
              [33mclass[31m=[32m"text-lg font-semibold text-blue-400"[31m
            [36m>[31m
              [0mTest Post 2[0m
            [36m</h3>[31m
            [36m<div[31m
              [33mclass[31m=[32m"my-2 flex items-center gap-4 text-xs text-gray-400"[31m
            [36m>[31m
              [36m<div[31m
                [33mclass[31m=[32m"flex items-center gap-1"[31m
              [36m>[31m
                [36m<svg[31m
                  [33maria-hidden[31m=[32m"true"[31m
                  [33mclass[31m=[32m"lucide lucide-calendar"[31m
                  [33mfill[31m=[32m"none"[31m
                  [33mheight[31m=[32m"14"[31m
                  [33mstroke[31m=[32m"currentColor"[31m
                  [33mstroke-linecap[31m=[32m"round"[31m
                  [33mstroke-linejoin[31m=[32m"round"[31m
                  [33mstroke-width[31m=[32m"2"[31m
                  [33mviewBox[31m=[32m"0 0 24 24"[31m
                  [33mwidth[31m=[32m"14"[31m
                  [33mxmlns[31m=[32m"http://www.w3.org/2000/svg"[31m
                [36m>[31m
                  [36m<path[31m
                    [33md[31m=[32m"M8 2v4"[31m
                  [36m/>[31m
                  [36m<path[31m
                    [33md[31m=[32m"M16 2v4"[31m
                  [36m/>[31m
                  [36m<rect[31m
                    [33mheight[31m=[32m"18"[31m
                    [33mrx[31m=[32m"2"[31m
                    [33mwidth[31m=[32m"18"[31m
                    [33mx[31m=[32m"3"[31m
                    [33my[31m=[32m"4"[31m
                  [36m/>[31m
                  [36m<path[31m
                    [33md[31m=[32m"M3 10h18"[31m
                  [36m/>[31m
                [36m</svg>[31m
                [36m<span>[31m
                  [0mJanuary 2, 2024[0m
                [36m</span>[31m
              [36m</div>[31m
            [36m</div>[31m
            [36m<p[31m
              [33mclass[31m=[32m"mb-4 text-sm text-gray-300"[31m
            [36m>[31m
              [0mExcerpt 2[0m
            [36m</p>[31m
            [36m<div[31m
              [33mclass[31m=[32m"flex flex-wrap gap-2"[31m
            [36m>[31m
              [36m<span[31m
                [33mclass[31m=[32m"flex items-center gap-1 bg-gray-600 px-2 py-1 text-xs text-gray-300"[31m
              [36m>[31m
                [36m<svg[31m
                  [33maria-hidden[31m=[32m"true"[31m
                  [33mclass[31m=[32m"lucide lucide-tag"[31m
                  [33mfill[31m=[32m"none"[31m
                  [33mheight[31m=[32m"12"[31m
                  [33mstroke[31m=[32m"currentColor"[31m
                  [33mstroke-linecap[31m=[32m"round"[31m
                  [33mstroke-linejoin[31m=[32m"round"[31m
                  [33mstroke-width[31m=[32m"2"[31m
                  [33mviewBox[31m=[32m"0 0 24 24"[31m
                  [33mwidth[31m=[32m"12"[31m
                  [33mxmlns[31m=[32m"http://www.w3.org/2000/svg"[31m
                [36m>[31m
                  [36m<path[31m
                    [33md[31m=[32m"M12.586 2.586A2 2 0 0 0 11.172 2H4a2 2 0 0 0-2 2v7.172a2 2 0 0 0 .586 1.414l8.704 8.704a2.426 2.426 0 0 0 3.42 0l6.58-6.58a2.426 2.426 0 0 0 0-3.42z"[31m
                  [36m/>[31m
                  [36m<circle[31m
                    [33mcx[31m=[32m"7.5"[31m
                    [33mcy[31m=[32m"7.5"[31m
                    [33mfill[31m=[32m"currentColor"[31m
                    [33mr[31m=[32m".5"[31m
                  [36m/>[31m
                [36m</svg>[31m
                [0mlife[0m
              [36m</span>[31m
            [36m</div>[31m
          [36m</a>[31m
        [36m</div>[31m
      [36m</div>[31m
    [36m</div>[31m
  [36m</body>[31m
[36m</html>[31m[39m
 [31mﾃ・[39m src/app/03_workshop/components/BlogList.test.tsx[2m > [22mBlogList Component[2m > [22mshould display error message when fetch fails with a network error[33m 1006[2mms[22m[39m
[31m   竊・Unable to find an element with the text: Network request failed. This could be because the text is broken up by multiple elements. In this case, you can provide a function for your text matcher to make your matcher more flexible.

Ignored nodes: comments, script, style
[36m<body />[31m

Ignored nodes: comments, script, style
[36m<html>[31m
  [36m<head />[31m
  [36m<body>[31m
    [36m<div>[31m
      [36m<div>[31m
        [0mNetwork request failed[0m
      [36m</div>[31m
    [36m</div>[31m
  [36m</body>[31m
[36m</html>[31m[39m
 [31mﾃ・[39m src/app/03_workshop/components/BlogList.test.tsx[2m > [22mBlogList Component[2m > [22mshould display error message when response is not ok[33m 1009[2mms[22m[39m
[31m   竊・Unable to find an element with the text: Failed to fetch blog posts. This could be because the text is broken up by multiple elements. In this case, you can provide a function for your text matcher to make your matcher more flexible.

Ignored nodes: comments, script, style
[36m<body />[31m

Ignored nodes: comments, script, style
[36m<html>[31m
  [36m<head />[31m
  [36m<body>[31m
    [36m<div>[31m
      [36m<div>[31m
        [0mFailed to fetch blog posts[0m
      [36m</div>[31m
    [36m</div>[31m
  [36m</body>[31m
[36m</html>[31m[39m
 [31mﾃ・[39m src/app/03_workshop/components/BlogList.test.tsx[2m > [22mBlogList Component[2m > [22mshould handle non-Error objects being thrown[33m 1007[2mms[22m[39m
[31m   竊・Unable to find an element with the text: An unknown error occurred. This could be because the text is broken up by multiple elements. In this case, you can provide a function for your text matcher to make your matcher more flexible.

Ignored nodes: comments, script, style
[36m<body />[31m

Ignored nodes: comments, script, style
[36m<html>[31m
  [36m<head />[31m
  [36m<body>[31m
    [36m<div>[31m
      [36m<div>[31m
        [0mAn unknown error occurred[0m
      [36m</div>[31m
    [36m</div>[31m
  [36m</body>[31m
[36m</html>[31m[39m
 [31mﾃ・[39m src/app/03_workshop/components/BlogList.test.tsx[2m > [22mBlogList Component[2m > [22mshould handle empty blog data[33m 1006[2mms[22m[39m
[31m   竊・Unable to find an element with the text: Blog Posts. This could be because the text is broken up by multiple elements. In this case, you can provide a function for your text matcher to make your matcher more flexible.

Ignored nodes: comments, script, style
[36m<body />[31m

Ignored nodes: comments, script, style
[36m<html>[31m
  [36m<head />[31m
  [36m<body>[31m
    [36m<div>[31m
      [36m<div[31m
        [33mclass[31m=[32m"rounded-none bg-gray-800 p-6 text-white"[31m
      [36m>[31m
        [36m<h2[31m
          [33mclass[31m=[32m"neue-haas-grotesk-display mb-4 text-xl font-bold text-blue-500"[31m
        [36m>[31m
          [0mBlog Posts[0m
        [36m</h2>[31m
        [36m<div[31m
          [33mclass[31m=[32m"space-y-6"[31m
        [36m/>[31m
      [36m</div>[31m
    [36m</div>[31m
  [36m</body>[31m
[36m</html>[31m[39m
 [31mﾃ・[39m src/app/05_admin/components/AdminDataManager.test.tsx[2m > [22mAdminDataManager[2m > [22mshould render loading state initially and then the content[33m 1019[2mms[22m[39m
[31m   竊・Unable to find an element with the text: Admin Data Manager. This could be because the text is broken up by multiple elements. In this case, you can provide a function for your text matcher to make your matcher more flexible.

Ignored nodes: comments, script, style
[36m<body />[31m

Ignored nodes: comments, script, style
[36m<html>[31m
  [36m<head />[31m
  [36m<body>[31m
    [36m<div>[31m
      [36m<div[31m
        [33mclass[31m=[32m"rounded-none bg-gray-800 p-6 text-white"[31m
      [36m>[31m
        [36m<h2[31m
          [33mclass[31m=[32m"neue-haas-grotesk-display mb-4 text-xl font-bold text-blue-500"[31m
        [36m>[31m
          [0mAdmin Data Manager[0m
        [36m</h2>[31m
        [36m<div[31m
          [33mclass[31m=[32m"mb-6 flex gap-2"[31m
        [36m>[31m
          [36m<button[31m
            [33mclass[31m=[32m"rounded-none px-4 py-2 text-sm font-medium transition-colors bg-blue-500 text-white"[31m
          [36m>[31m
            [0mOverview[0m
          [36m</button>[31m
          [36m<button[31m
            [33mclass[31m=[32m"rounded-none px-4 py-2 text-sm font-medium transition-colors bg-gray-700 text-gray-300 hover:bg-gray-600"[31m
          [36m>[31m
            [0mData Management[0m
          [36m</button>[31m
          [36m<button[31m
            [33mclass[31m=[32m"rounded-none px-4 py-2 text-sm font-medium transition-colors bg-gray-700 text-gray-300 hover:bg-gray-600"[31m
          [36m>[31m
            [0mSettings[0m
          [36m</button>[31m
        [36m</div>[31m
        [36m<div[31m
          [33mclass[31m=[32m"space-y-6"[31m
        [36m>[31m
          [36m<div[31m
            [33mclass[31m=[32m"grid grid-cols-1 gap-4 md:grid-cols-2 lg:grid-cols-4"[31m
          [36m>[31m
            [36m<div[31m
              [33mclass[31m=[32m"rounded-none bg-gray-700 p-4"[31m
            [36m>[31m
              [36m<div[31m
                [33mclass[31m=[32m"text-2xl font-bold text-blue-400"[31m
              [36m>[31m
                [0m1247[0m
              [36m</div>[31m
              [36m<div[31m
                [33mclass[31m=[32m"text-sm text-gray-300"[31m
              [36m>[31m
                [0mTotal Users[0m
              [36m</div>[31m
            [36m</div>[31m
            [36m<div[31m
              [33mclass[31m=[32m"rounded-none bg-gray-700 p-4"[31m
            [36m>[31m
              [36m<div[31m
                [33mclass[31m=[32m"text-2xl font-bold text-green-400"[31m
              [36m>[31m
                [0m89[0m
              [36m</div>[31m
              [36m<div[31m
                [33mclass[31m=[32m"text-sm text-gray-300"[31m
              [36m>[31m
                [0mContent Items[0m
              [36m</div>[31m
            [36m</div>[31m
            [36m<div[31m
              [33mclass[31m=[32m"rounded-none bg-gray-700 p-4"[31m
            [36m>[31m
              [36m<div[31m
                [33mclass[31m=[32m"text-2xl font-bold text-yellow-400"[31m
              [36m>[31m
                [0m15,420[0m
              [36m</div>[31m
              [36m<div[31m
                [33mclass[31m=[32m"text-sm text-gray-300"[31m
              [36m>[31m
                [0mTotal Views[0m
              [36m</div>[31m
            [36m</div>[31m
            [36m<div[31m
              [33mclass[31m=[32m"rounded-none bg-gray-700 p-4"[31m
            [36m>[31m
              [36m<div[31m
                [33mclass[31m=[32m"text-2xl font-bold text-purple-400"[31m
              [36m>[31m
                [0m2.3[0m
                [0m GB[0m
              [36m</div>[31m
              [36m<div[31m
                [33mclass[31m=[32m"text-sm text-gray-300"[31m
              [36m>[31m
                [0mStorage Used[0m
              [36m</div>[31m
            [36m</div>[31m
          [36m</div>[31m
          [36m<div[31m
            [33mclass[31m=[32m"rounded-none bg-gray-700 p-6"[31m
          [36m>[31m
            [36m<h3[31m
              [33mclass[31m=[32m"mb-4 text-lg font-semibold text-blue-400"[31m
            [36m>[31m
              [0mSystem Health[0m
            [36m</h3>[31m
            [36m<div[31m
              [33mclass[31m=[32m"space-y-3"[31m
            [36m>[31m
              [36m<div[31m
                [33mclass[31m=[32m"flex items-center justify-between"[31m
              [36m>[31m
                [36m<span[31m
                  [33mclass[31m=[32m"text-gray-300"[31m
                [36m>[31m
                  [0mDatabase Connection[0m
                [36m</span>[31m
                [36m<span[31m
                  [33mclass[31m=[32m"text-green-400"[31m
                [36m>[31m
                  [0m笨・Connected[0m
                [36m</span>[31m
              [36m</div>[31m
              [36m<div[31m
                [33mclass[31m=[32m"flex items-center justify-between"[31m
              [36m>[31m
                [36m<span[31m
                  [33mclass[31m=[32m"text-gray-300"[31m
                [36m>[31m
                  [0mAPI Response Time[0m
                [36m</span>[31m
                [36m<span[31m
                  [33mclass[31m=[32m"text-green-400"[31m
                [36m>[31m
                  [0m124ms[0m
                [36m</span>[31m
              [36m</div>[31m
              [36m<div[31m
                [33mclass[31m=[32m"flex items-center justify-between"[31m
              [36m>[31m
                [36m<span[31m
                  [33mclass[31m=[32m"text-gray-300"[31m
                [36m>[31m
                  [0mMemory Usage[0m
                [36m</span>[31m
                [36m<span[31m
                  [33mclass[31m=[32m"text-yellow-400"[31m
                [36m>[31m
                  [0m68%[0m
                [36m</span>[31m
              [36m</div>[31m
            [36m</div>[31m
          [36m</div>[31m
        [36m</div>[31m
      [36m</div>[31m
    [36m</div>[31m
  [36m</body>[31m
[36m</html>[31m[39m
 [31mﾃ・[39m src/app/05_admin/components/AdminDataManager.test.tsx[2m > [22mAdminDataManager[2m > [22mshould render the admin data manager and switch tabs[33m 1019[2mms[22m[39m
[31m   竊・Unable to find an element with the text: Total Users. This could be because the text is broken up by multiple elements. In this case, you can provide a function for your text matcher to make your matcher more flexible.

Ignored nodes: comments, script, style
[36m<body />[31m

Ignored nodes: comments, script, style
[36m<html>[31m
  [36m<head />[31m
  [36m<body>[31m
    [36m<div>[31m
      [36m<div[31m
        [33mclass[31m=[32m"rounded-none bg-gray-800 p-6 text-white"[31m
      [36m>[31m
        [36m<h2[31m
          [33mclass[31m=[32m"neue-haas-grotesk-display mb-4 text-xl font-bold text-blue-500"[31m
        [36m>[31m
          [0mAdmin Data Manager[0m
        [36m</h2>[31m
        [36m<div[31m
          [33mclass[31m=[32m"mb-6 flex gap-2"[31m
        [36m>[31m
          [36m<button[31m
            [33mclass[31m=[32m"rounded-none px-4 py-2 text-sm font-medium transition-colors bg-blue-500 text-white"[31m
          [36m>[31m
            [0mOverview[0m
          [36m</button>[31m
          [36m<button[31m
            [33mclass[31m=[32m"rounded-none px-4 py-2 text-sm font-medium transition-colors bg-gray-700 text-gray-300 hover:bg-gray-600"[31m
          [36m>[31m
            [0mData Management[0m
          [36m</button>[31m
          [36m<button[31m
            [33mclass[31m=[32m"rounded-none px-4 py-2 text-sm font-medium transition-colors bg-gray-700 text-gray-300 hover:bg-gray-600"[31m
          [36m>[31m
            [0mSettings[0m
          [36m</button>[31m
        [36m</div>[31m
        [36m<div[31m
          [33mclass[31m=[32m"space-y-6"[31m
        [36m>[31m
          [36m<div[31m
            [33mclass[31m=[32m"grid grid-cols-1 gap-4 md:grid-cols-2 lg:grid-cols-4"[31m
          [36m>[31m
            [36m<div[31m
              [33mclass[31m=[32m"rounded-none bg-gray-700 p-4"[31m
            [36m>[31m
              [36m<div[31m
                [33mclass[31m=[32m"text-2xl font-bold text-blue-400"[31m
              [36m>[31m
                [0m1247[0m
              [36m</div>[31m
              [36m<div[31m
                [33mclass[31m=[32m"text-sm text-gray-300"[31m
              [36m>[31m
                [0mTotal Users[0m
              [36m</div>[31m
            [36m</div>[31m
            [36m<div[31m
              [33mclass[31m=[32m"rounded-none bg-gray-700 p-4"[31m
            [36m>[31m
              [36m<div[31m
                [33mclass[31m=[32m"text-2xl font-bold text-green-400"[31m
              [36m>[31m
                [0m89[0m
              [36m</div>[31m
              [36m<div[31m
                [33mclass[31m=[32m"text-sm text-gray-300"[31m
              [36m>[31m
                [0mContent Items[0m
              [36m</div>[31m
            [36m</div>[31m
            [36m<div[31m
              [33mclass[31m=[32m"rounded-none bg-gray-700 p-4"[31m
            [36m>[31m
              [36m<div[31m
                [33mclass[31m=[32m"text-2xl font-bold text-yellow-400"[31m
              [36m>[31m
                [0m15,420[0m
              [36m</div>[31m
              [36m<div[31m
                [33mclass[31m=[32m"text-sm text-gray-300"[31m
              [36m>[31m
                [0mTotal Views[0m
              [36m</div>[31m
            [36m</div>[31m
            [36m<div[31m
              [33mclass[31m=[32m"rounded-none bg-gray-700 p-4"[31m
            [36m>[31m
              [36m<div[31m
                [33mclass[31m=[32m"text-2xl font-bold text-purple-400"[31m
              [36m>[31m
                [0m2.3[0m
                [0m GB[0m
              [36m</div>[31m
              [36m<div[31m
                [33mclass[31m=[32m"text-sm text-gray-300"[31m
              [36m>[31m
                [0mStorage Used[0m
              [36m</div>[31m
            [36m</div>[31m
          [36m</div>[31m
          [36m<div[31m
            [33mclass[31m=[32m"rounded-none bg-gray-700 p-6"[31m
          [36m>[31m
            [36m<h3[31m
              [33mclass[31m=[32m"mb-4 text-lg font-semibold text-blue-400"[31m
            [36m>[31m
              [0mSystem Health[0m
            [36m</h3>[31m
            [36m<div[31m
              [33mclass[31m=[32m"space-y-3"[31m
            [36m>[31m
              [36m<div[31m
                [33mclass[31m=[32m"flex items-center justify-between"[31m
              [36m>[31m
                [36m<span[31m
                  [33mclass[31m=[32m"text-gray-300"[31m
                [36m>[31m
                  [0mDatabase Connection[0m
                [36m</span>[31m
                [36m<span[31m
                  [33mclass[31m=[32m"text-green-400"[31m
                [36m>[31m
                  [0m笨・Connected[0m
                [36m</span>[31m
              [36m</div>[31m
              [36m<div[31m
                [33mclass[31m=[32m"flex items-center justify-between"[31m
              [36m>[31m
                [36m<span[31m
                  [33mclass[31m=[32m"text-gray-300"[31m
                [36m>[31m
                  [0mAPI Response Time[0m
                [36m</span>[31m
                [36m<span[31m
                  [33mclass[31m=[32m"text-green-400"[31m
                [36m>[31m
                  [0m124ms[0m
                [36m</span>[31m
              [36m</div>[31m
              [36m<div[31m
                [33mclass[31m=[32m"flex items-center justify-between"[31m
              [36m>[31m
                [36m<span[31m
                  [33mclass[31m=[32m"text-gray-300"[31m
                [36m>[31m
                  [0mMemory Usage[0m
                [36m</span>[31m
                [36m<span[31m
                  [33mclass[31m=[32m"text-yellow-400"[31m
                [36m>[31m
                  [0m68%[0m
                [36m</span>[31m
              [36m</div>[31m
            [36m</div>[31m
          [36m</div>[31m
        [36m</div>[31m
      [36m</div>[31m
    [36m</div>[31m
  [36m</body>[31m
[36m</html>[31m[39m
 [31mﾃ・[39m src/app/05_admin/components/AdminDataManager.test.tsx[2m > [22mAdminDataManager[2m > [22mshould display correct data in overview[33m 1005[2mms[22m[39m
[31m   竊・Unable to find an element with the text: 1247. This could be because the text is broken up by multiple elements. In this case, you can provide a function for your text matcher to make your matcher more flexible.

Ignored nodes: comments, script, style
[36m<body />[31m

Ignored nodes: comments, script, style
[36m<html>[31m
  [36m<head />[31m
  [36m<body>[31m
    [36m<div>[31m
      [36m<div[31m
        [33mclass[31m=[32m"rounded-none bg-gray-800 p-6 text-white"[31m
      [36m>[31m
        [36m<h2[31m
          [33mclass[31m=[32m"neue-haas-grotesk-display mb-4 text-xl font-bold text-blue-500"[31m
        [36m>[31m
          [0mAdmin Data Manager[0m
        [36m</h2>[31m
        [36m<div[31m
          [33mclass[31m=[32m"mb-6 flex gap-2"[31m
        [36m>[31m
          [36m<button[31m
            [33mclass[31m=[32m"rounded-none px-4 py-2 text-sm font-medium transition-colors bg-blue-500 text-white"[31m
          [36m>[31m
            [0mOverview[0m
          [36m</button>[31m
          [36m<button[31m
            [33mclass[31m=[32m"rounded-none px-4 py-2 text-sm font-medium transition-colors bg-gray-700 text-gray-300 hover:bg-gray-600"[31m
          [36m>[31m
            [0mData Management[0m
          [36m</button>[31m
          [36m<button[31m
            [33mclass[31m=[32m"rounded-none px-4 py-2 text-sm font-medium transition-colors bg-gray-700 text-gray-300 hover:bg-gray-600"[31m
          [36m>[31m
            [0mSettings[0m
          [36m</button>[31m
        [36m</div>[31m
        [36m<div[31m
          [33mclass[31m=[32m"space-y-6"[31m
        [36m>[31m
          [36m<div[31m
            [33mclass[31m=[32m"grid grid-cols-1 gap-4 md:grid-cols-2 lg:grid-cols-4"[31m
          [36m>[31m
            [36m<div[31m
              [33mclass[31m=[32m"rounded-none bg-gray-700 p-4"[31m
            [36m>[31m
              [36m<div[31m
                [33mclass[31m=[32m"text-2xl font-bold text-blue-400"[31m
              [36m>[31m
                [0m1247[0m
              [36m</div>[31m
              [36m<div[31m
                [33mclass[31m=[32m"text-sm text-gray-300"[31m
              [36m>[31m
                [0mTotal Users[0m
              [36m</div>[31m
            [36m</div>[31m
            [36m<div[31m
              [33mclass[31m=[32m"rounded-none bg-gray-700 p-4"[31m
            [36m>[31m
              [36m<div[31m
                [33mclass[31m=[32m"text-2xl font-bold text-green-400"[31m
              [36m>[31m
                [0m89[0m
              [36m</div>[31m
              [36m<div[31m
                [33mclass[31m=[32m"text-sm text-gray-300"[31m
              [36m>[31m
                [0mContent Items[0m
              [36m</div>[31m
            [36m</div>[31m
            [36m<div[31m
              [33mclass[31m=[32m"rounded-none bg-gray-700 p-4"[31m
            [36m>[31m
              [36m<div[31m
                [33mclass[31m=[32m"text-2xl font-bold text-yellow-400"[31m
              [36m>[31m
                [0m15,420[0m
              [36m</div>[31m
              [36m<div[31m
                [33mclass[31m=[32m"text-sm text-gray-300"[31m
              [36m>[31m
                [0mTotal Views[0m
              [36m</div>[31m
            [36m</div>[31m
            [36m<div[31m
              [33mclass[31m=[32m"rounded-none bg-gray-700 p-4"[31m
            [36m>[31m
              [36m<div[31m
                [33mclass[31m=[32m"text-2xl font-bold text-purple-400"[31m
              [36m>[31m
                [0m2.3[0m
                [0m GB[0m
              [36m</div>[31m
              [36m<div[31m
                [33mclass[31m=[32m"text-sm text-gray-300"[31m
              [36m>[31m
                [0mStorage Used[0m
              [36m</div>[31m
            [36m</div>[31m
          [36m</div>[31m
          [36m<div[31m
            [33mclass[31m=[32m"rounded-none bg-gray-700 p-6"[31m
          [36m>[31m
            [36m<h3[31m
              [33mclass[31m=[32m"mb-4 text-lg font-semibold text-blue-400"[31m
            [36m>[31m
              [0mSystem Health[0m
            [36m</h3>[31m
            [36m<div[31m
              [33mclass[31m=[32m"space-y-3"[31m
            [36m>[31m
              [36m<div[31m
                [33mclass[31m=[32m"flex items-center justify-between"[31m
              [36m>[31m
                [36m<span[31m
                  [33mclass[31m=[32m"text-gray-300"[31m
                [36m>[31m
                  [0mDatabase Connection[0m
                [36m</span>[31m
                [36m<span[31m
                  [33mclass[31m=[32m"text-green-400"[31m
                [36m>[31m
                  [0m笨・Connected[0m
                [36m</span>[31m
              [36m</div>[31m
              [36m<div[31m
                [33mclass[31m=[32m"flex items-center justify-between"[31m
              [36m>[31m
                [36m<span[31m
                  [33mclass[31m=[32m"text-gray-300"[31m
                [36m>[31m
                  [0mAPI Response Time[0m
                [36m</span>[31m
                [36m<span[31m
                  [33mclass[31m=[32m"text-green-400"[31m
                [36m>[31m
                  [0m124ms[0m
                [36m</span>[31m
              [36m</div>[31m
              [36m<div[31m
                [33mclass[31m=[32m"flex items-center justify-between"[31m
              [36m>[31m
                [36m<span[31m
                  [33mclass[31m=[32m"text-gray-300"[31m
                [36m>[31m
                  [0mMemory Usage[0m
                [36m</span>[31m
                [36m<span[31m
                  [33mclass[31m=[32m"text-yellow-400"[31m
                [36m>[31m
                  [0m68%[0m
                [36m</span>[31m
              [36m</div>[31m
            [36m</div>[31m
          [36m</div>[31m
        [36m</div>[31m
      [36m</div>[31m
    [36m</div>[31m
  [36m</body>[31m
[36m</html>[31m[39m
 [31mﾃ・[39m src/app/05_admin/components/AdminDataManager.test.tsx[2m > [22mAdminDataManager[2m > [22mshould render all data types and statuses, and handle button clicks[33m 1011[2mms[22m[39m
[31m   竊・Unable to find an element with the text: Total Users. This could be because the text is broken up by multiple elements. In this case, you can provide a function for your text matcher to make your matcher more flexible.

Ignored nodes: comments, script, style
[36m<body />[31m

Ignored nodes: comments, script, style
[36m<html>[31m
  [36m<head />[31m
  [36m<body>[31m
    [36m<div>[31m
      [36m<div[31m
        [33mclass[31m=[32m"rounded-none bg-gray-800 p-6 text-white"[31m
      [36m>[31m
        [36m<h2[31m
          [33mclass[31m=[32m"neue-haas-grotesk-display mb-4 text-xl font-bold text-blue-500"[31m
        [36m>[31m
          [0mAdmin Data Manager[0m
        [36m</h2>[31m
        [36m<div[31m
          [33mclass[31m=[32m"mb-6 flex gap-2"[31m
        [36m>[31m
          [36m<button[31m
            [33mclass[31m=[32m"rounded-none px-4 py-2 text-sm font-medium transition-colors bg-blue-500 text-white"[31m
          [36m>[31m
            [0mOverview[0m
          [36m</button>[31m
          [36m<button[31m
            [33mclass[31m=[32m"rounded-none px-4 py-2 text-sm font-medium transition-colors bg-gray-700 text-gray-300 hover:bg-gray-600"[31m
          [36m>[31m
            [0mData Management[0m
          [36m</button>[31m
          [36m<button[31m
            [33mclass[31m=[32m"rounded-none px-4 py-2 text-sm font-medium transition-colors bg-gray-700 text-gray-300 hover:bg-gray-600"[31m
          [36m>[31m
            [0mSettings[0m
          [36m</button>[31m
        [36m</div>[31m
        [36m<div[31m
          [33mclass[31m=[32m"space-y-6"[31m
        [36m>[31m
          [36m<div[31m
            [33mclass[31m=[32m"grid grid-cols-1 gap-4 md:grid-cols-2 lg:grid-cols-4"[31m
          [36m>[31m
            [36m<div[31m
              [33mclass[31m=[32m"rounded-none bg-gray-700 p-4"[31m
            [36m>[31m
              [36m<div[31m
                [33mclass[31m=[32m"text-2xl font-bold text-blue-400"[31m
              [36m>[31m
                [0m1247[0m
              [36m</div>[31m
              [36m<div[31m
                [33mclass[31m=[32m"text-sm text-gray-300"[31m
              [36m>[31m
                [0mTotal Users[0m
              [36m</div>[31m
            [36m</div>[31m
            [36m<div[31m
              [33mclass[31m=[32m"rounded-none bg-gray-700 p-4"[31m
            [36m>[31m
              [36m<div[31m
                [33mclass[31m=[32m"text-2xl font-bold text-green-400"[31m
              [36m>[31m
                [0m89[0m
              [36m</div>[31m
              [36m<div[31m
                [33mclass[31m=[32m"text-sm text-gray-300"[31m
              [36m>[31m
                [0mContent Items[0m
              [36m</div>[31m
            [36m</div>[31m
            [36m<div[31m
              [33mclass[31m=[32m"rounded-none bg-gray-700 p-4"[31m
            [36m>[31m
              [36m<div[31m
                [33mclass[31m=[32m"text-2xl font-bold text-yellow-400"[31m
              [36m>[31m
                [0m15,420[0m
              [36m</div>[31m
              [36m<div[31m
                [33mclass[31m=[32m"text-sm text-gray-300"[31m
              [36m>[31m
                [0mTotal Views[0m
              [36m</div>[31m
            [36m</div>[31m
            [36m<div[31m
              [33mclass[31m=[32m"rounded-none bg-gray-700 p-4"[31m
            [36m>[31m
              [36m<div[31m
                [33mclass[31m=[32m"text-2xl font-bold text-purple-400"[31m
              [36m>[31m
                [0m2.3[0m
                [0m GB[0m
              [36m</div>[31m
              [36m<div[31m
                [33mclass[31m=[32m"text-sm text-gray-300"[31m
              [36m>[31m
                [0mStorage Used[0m
              [36m</div>[31m
            [36m</div>[31m
          [36m</div>[31m
          [36m<div[31m
            [33mclass[31m=[32m"rounded-none bg-gray-700 p-6"[31m
          [36m>[31m
            [36m<h3[31m
              [33mclass[31m=[32m"mb-4 text-lg font-semibold text-blue-400"[31m
            [36m>[31m
              [0mSystem Health[0m
            [36m</h3>[31m
            [36m<div[31m
              [33mclass[31m=[32m"space-y-3"[31m
            [36m>[31m
              [36m<div[31m
                [33mclass[31m=[32m"flex items-center justify-between"[31m
              [36m>[31m
                [36m<span[31m
                  [33mclass[31m=[32m"text-gray-300"[31m
                [36m>[31m
                  [0mDatabase Connection[0m
                [36m</span>[31m
                [36m<span[31m
                  [33mclass[31m=[32m"text-green-400"[31m
                [36m>[31m
                  [0m笨・Connected[0m
                [36m</span>[31m
              [36m</div>[31m
              [36m<div[31m
                [33mclass[31m=[32m"flex items-center justify-between"[31m
              [36m>[31m
                [36m<span[31m
                  [33mclass[31m=[32m"text-gray-300"[31m
                [36m>[31m
                  [0mAPI Response Time[0m
                [36m</span>[31m
                [36m<span[31m
                  [33mclass[31m=[32m"text-green-400"[31m
                [36m>[31m
                  [0m124ms[0m
                [36m</span>[31m
              [36m</div>[31m
              [36m<div[31m
                [33mclass[31m=[32m"flex items-center justify-between"[31m
              [36m>[31m
                [36m<span[31m
                  [33mclass[31m=[32m"text-gray-300"[31m
                [36m>[31m
                  [0mMemory Usage[0m
                [36m</span>[31m
                [36m<span[31m
                  [33mclass[31m=[32m"text-yellow-400"[31m
                [36m>[31m
                  [0m68%[0m
                [36m</span>[31m
              [36m</div>[31m
            [36m</div>[31m
          [36m</div>[31m
        [36m</div>[31m
      [36m</div>[31m
    [36m</div>[31m
  [36m</body>[31m
[36m</html>[31m[39m
[90mstdout[2m | src/app/04_tools/components/ToolUsageTracker.test.tsx[2m > [22m[2mToolUsageTracker[2m > [22m[2mshould track tool usage when mounted
[22m[39mTracked usage for tool: text-counter

[90mstdout[2m | src/app/04_tools/components/ToolUsageTracker.test.tsx[2m > [22m[2mToolUsageTracker[2m > [22m[2mshould log success message when tracking succeeds
[22m[39mTracked usage for tool: text-counter

 [32m笨・[39m src/app/04_tools/components/ToolUsageTracker.test.tsx[2m > [22mToolUsageTracker[2m > [22mshould track tool usage when mounted[32m 2[2mms[22m[39m
stderr | src/app/04_tools/components/ToolUsageTracker.test.tsx > ToolUsageTracker > should log error when tracking fails
Failed to track tool usage: Error: Tracking failed
    at C:\Users\rebui\Downloads\my-web-2025\src\app\04_tools\components\ToolUsageTracker.test.tsx:38:63
    at file:///C:/Users/rebui/Downloads/my-web-2025/node_modules/@vitest/runner/dist/chunk-hooks.js:155:11
    at file:///C:/Users/rebui/Downloads/my-web-2025/node_modules/@vitest/runner/dist/chunk-hooks.js:752:26
    at file:///C:/Users/rebui/Downloads/my-web-2025/node_modules/@vitest/runner/dist/chunk-hooks.js:1897:20
    at new Promise (<anonymous>)
    at runWithTimeout (file:///C:/Users/rebui/Downloads/my-web-2025/node_modules/@vitest/runner/dist/chunk-hooks.js:1863:10)
    at runTest (file:///C:/Users/rebui/Downloads/my-web-2025/node_modules/@vitest/runner/dist/chunk-hooks.js:1574:12)
    at runSuite (file:///C:/Users/rebui/Downloads/my-web-2025/node_modules/@vitest/runner/dist/chunk-hooks.js:1729:8)
    at runSuite (file:///C:/Users/rebui/Downloads/my-web-2025/node_modules/@vitest/runner/dist/chunk-hooks.js:1729:8)
    at runFiles (file:///C:/Users/rebui/Downloads/my-web-2025/node_modules/@vitest/runner/dist/chunk-hooks.js:1787:3)

 [31mﾃ・[39m src/app/04_tools/components/ToolUsageTracker.test.tsx[2m > [22mToolUsageTracker[2m > [22mshould log success message when tracking succeeds[33m 1016[2mms[22m[39m
[31m   竊・[Function log] is not a spy or a call to a spy![39m
[90mstdout[2m | src/app/04_tools/components/ToolUsageTracker.test.tsx[2m > [22m[2mToolUsageTracker[2m > [22m[2mshould not render anything visible
[22m[39mTracked usage for tool: text-counter

 [31mﾃ・[39m src/app/04_tools/components/ToolUsageTracker.test.tsx[2m > [22mToolUsageTracker[2m > [22mshould log error when tracking fails[33m 1017[2mms[22m[39m
[31m   竊・[Function] is not a spy or a call to a spy![39m
 [32m笨・[39m src/app/04_tools/components/ToolUsageTracker.test.tsx[2m > [22mToolUsageTracker[2m > [22mshould not render anything visible[32m 1[2mms[22m[39m
 [31mﾃ・[39m src/app/00_global/page.test.tsx[2m > [22mSearchPage[2m > [22mshould render search form and popular keywords on initial load[32m 16[2mms[22m[39m
[31m   竊・Unable to find an element with the placeholder text of: /讀懃ｴ｢繧ｭ繝ｼ繝ｯ繝ｼ繝峨ｒ蜈･蜉・

Ignored nodes: comments, script, style
[36m<body />[31m[39m
 [31mﾃ・[39m src/app/00_global/page.test.tsx[2m > [22mSearchPage[2m > [22mshould trigger search with input text and search button[32m 9[2mms[22m[39m
[31m   竊・Unable to find an element with the placeholder text of: /讀懃ｴ｢繧ｭ繝ｼ繝ｯ繝ｼ繝峨ｒ蜈･蜉・

Ignored nodes: comments, script, style
[36m<body />[31m[39m
 [31mﾃ・[39m src/app/00_global/page.test.tsx[2m > [22mSearchPage[2m > [22mshould trigger search with Enter key[32m 8[2mms[22m[39m
[31m   竊・Unable to find an element with the placeholder text of: /讀懃ｴ｢繧ｭ繝ｼ繝ｯ繝ｼ繝峨ｒ蜈･蜉・

Ignored nodes: comments, script, style
[36m<body />[31m[39m
 [31mﾃ・[39m src/app/00_global/page.test.tsx[2m > [22mSearchPage[2m > [22mshould not trigger search if query is empty[32m 6[2mms[22m[39m
[31m   竊・Unable to find an accessible element with the role "button" and name "讀懃ｴ｢"

There are no accessible roles. But there might be some inaccessible roles. If you wish to access them, then set the `hidden` option to `true`. Learn more about this here: https://testing-library.com/docs/dom-testing-library/api-queries#byrole

Ignored nodes: comments, script, style
[36m<body />[31m[39m
 [31mﾃ・[39m src/app/00_global/page.test.tsx[2m > [22mSearchPage[2m > [22mshould update filters and trigger search with them[32m 5[2mms[22m[39m
[31m   竊・Unable to find an element with the placeholder text of: /讀懃ｴ｢繧ｭ繝ｼ繝ｯ繝ｼ繝峨ｒ蜈･蜉・

Ignored nodes: comments, script, style
[36m<body />[31m[39m
 [31mﾃ・[39m src/app/00_global/page.test.tsx[2m > [22mSearchPage[2m > [22mshould display search results and handle unknown categories/types[32m 8[2mms[22m[39m
[31m   竊・Unable to find an element with the placeholder text of: /讀懃ｴ｢繧ｭ繝ｼ繝ｯ繝ｼ繝峨ｒ蜈･蜉・

Ignored nodes: comments, script, style
[36m<body />[31m[39m
 [31mﾃ・[39m src/app/00_global/page.test.tsx[2m > [22mSearchPage[2m > [22mshould display "no results" message when search returns empty[32m 7[2mms[22m[39m
[31m   竊・Unable to find an element with the placeholder text of: /讀懃ｴ｢繧ｭ繝ｼ繝ｯ繝ｼ繝峨ｒ蜈･蜉・

Ignored nodes: comments, script, style
[36m<body />[31m[39m
 [31mﾃ・[39m src/app/00_global/page.test.tsx[2m > [22mSearchPage[2m > [22mshould handle search API errors gracefully[32m 7[2mms[22m[39m
[31m   竊・Unable to find an element with the placeholder text of: /讀懃ｴ｢繧ｭ繝ｼ繝ｯ繝ｼ繝峨ｒ蜈･蜉・

Ignored nodes: comments, script, style
[36m<body />[31m[39m
 [31mﾃ・[39m src/app/00_global/page.test.tsx[2m > [22mSearchPage[2m > [22mshould trigger search when a popular keyword is clicked[33m 1012[2mms[22m[39m
[31m   竊・Unable to find role="button" and name "React"

Ignored nodes: comments, script, style
[36m<body />[31m

Ignored nodes: comments, script, style
[36m<html>[31m
  [36m<head>[31m
    [36m<title>[31m
      [0mSearch - samuido | 繧ｵ繧､繝亥・讀懃ｴ｢[0m
    [36m</title>[31m
  [36m</head>[31m
  [36m<body>[31m
    [36m<div>[31m
      [36m<div[31m
        [33mclass[31m=[32m"container-grid"[31m
      [36m>[31m
        [36m<section[31m
          [33mclass[31m=[32m"py-16 text-center"[31m
        [36m>[31m
          [36m<h1[31m
            [33mclass[31m=[32m"neue-haas-grotesk-display mb-4 text-4xl text-white md:text-6xl"[31m
          [36m>[31m
            [0mSearch[0m
          [36m</h1>[31m
          [36m<p[31m
            [33mclass[31m=[32m"noto-sans-jp-light mb-8 text-xl text-gray-300 md:text-2xl"[31m
          [36m>[31m
            [0m繧ｵ繧､繝亥・讀懃ｴ｢[0m
          [36m</p>[31m
          [36m<p[31m
            [33mclass[31m=[32m"noto-sans-jp-regular mx-auto max-w-3xl text-base md:text-lg"[31m
          [36m>[31m
            [0m繝励Ο繝輔ぅ繝ｼ繝ｫ縲√・繝ｼ繝医ヵ繧ｩ繝ｪ繧ｪ縲√Ρ繝ｼ繧ｯ繧ｷ繝ｧ繝・・縲√ヤ繝ｼ繝ｫ縺九ｉ[0m
            [36m<br />[31m
            [0m蠢・ｦ√↑諠・ｱ繧堤ｴ譌ｩ縺剰ｦ九▽縺代ｉ繧後∪縺・[0m
          [36m</p>[31m
        [36m</section>[31m
        [36m<section[31m
          [33mclass[31m=[32m"py-12"[31m
        [36m>[31m
          [36m<div[31m
            [33mclass[31m=[32m"card"[31m
          [36m>[31m
            [36m<div[31m
              [33mclass[31m=[32m"space-y-6"[31m
            [36m>[31m
              [36m<div>[31m
                [36m<label[31m
                  [33mclass[31m=[32m"neue-haas-grotesk-display mb-3 block text-sm text-white"[31m
                [36m>[31m
                  [0m繧ｭ繝ｼ繝ｯ繝ｼ繝画､懃ｴ｢[0m
                [36m</label>[31m
                [36m<div[31m
                  [33mclass[31m=[32m"flex gap-3"[31m
                [36m>[31m
                  [36m<input[31m
                    [33mclass[31m=[32m"noto-sans-jp-regular flex-1 border border-gray-600 bg-gray-700 px-4 py-3 text-white"[31m
                    [33mplaceholder[31m=[32m"讀懃ｴ｢繧ｭ繝ｼ繝ｯ繝ｼ繝峨ｒ蜈･蜉・.."[31m
                    [33mtype[31m=[32m"text"[31m
                    [33mvalue[31m=[32m""[31m
                  [36m/>[31m
                  [36m<button[31m
                    [33mclass[31m=[32m"bg-blue-600 px-6 py-3 text-white transition-colors hover:bg-blue-700 disabled:cursor-not-allowed disabled:opacity-50"[31m
                    [33mdisabled[31m=[32m""[31m
                  [36m>[31m
                    [0m讀懃ｴ｢[0m
                  [36m</button>[31m
                [36m</div>[31m
              [36m</div>[31m
              [36m<div[31m
                [33mclass[31m=[32m"grid grid-cols-1 gap-6 md:grid-cols-2"[31m
              [36m>[31m
                [36m<div>[31m
                  [36m<label[31m
                    [33mclass[31m=[32m"neue-haas-grotesk-display mb-3 block text-sm text-white"[31m
                    [33mfor[31m=[32m"category-select"[31m
                  [36m>[31m
                    [0m繧ｫ繝・ざ繝ｪ繝ｼ[0m
                  [36m</label>[31m
                  [36m<select[31m
                    [33mclass[31m=[32m"noto-sans-jp-regular w-full border border-gray-600 bg-gray-700 px-4 py-3 text-white"[31m
                    [33mid[31m=[32m"category-select"[31m
                  [36m>[31m
                    [36m<option[31m
                      [33mvalue[31m=[32m"all"[31m
                    [36m>[31m
                      [0m蜈ｨ縺ｦ[0m
                    [36m</option>[31m
                    [36m<option[31m
                      [33mvalue[31m=[32m"about"[31m
                    [36m>[31m
                      [0mAbout[0m
                    [36m</option>[31m
                    [36m<option[31m
                      [33mvalue[31m=[32m"portfolio"[31m
                    [36m>[31m
                      [0mPortfolio[0m
                    [36m</option>[31m
                    [36m<option[31m
                      [33mvalue[31m=[32m"workshop"[31m
                    [36m>[31m
                      [0mWorkshop[0m
                    [36m</option>[31m
                    [36m<option[31m
                      [33mvalue[31m=[32m"tools"[31m
                    [36m>[31m
                      [0mTools[0m
                    [36m</option>[31m
                  [36m</select>[31m
                [36m</div>[31m
                [36m<div>[31m
                  [36m<label[31m
                    [33mclass[31m=[32m"neue-haas-grotesk-display mb-3 block text-sm text-white"[31m
                    [33mfor[31m=[32m"type-select"[31m
                  [36m>[31m
                    [0m繧ｿ繧､繝・[0m
                  [36m</label>[31m
                  [36m<select[31m
                    [33mclass[31m=[32m"noto-sans-jp-regular w-full border border-gray-600 bg-gray-700 px-4 py-3 text-white"[31m
                    [33mid[31m=[32m"type-select"[31m
                  [36m>[31m
                    [36m<option[31m
                      [33mvalue[31m=[32m"all"[31m
                    [36m>[31m
                      [0m蜈ｨ縺ｦ[0m
                    [36m</option>[31m
                    [36m<option[31m
                      [33mvalue[31m=[32m"page"[31m
                    [36m>[31m
                      [0m繝壹・繧ｸ[0m
                    [36m</option>[31m
                    [36m<option[31m
                      [33mvalue[31m=[32m"blog"[31m
                    [36m>[31m
                      [0m繝悶Ο繧ｰ險倅ｺ・[0m
                    [36m</option>[31m
                    [36m<option[31m
                      [33mvalue[31m=[32m"plugin"[31m
                    [36m>[31m
                      [0m繝励Λ繧ｰ繧､繝ｳ[0m
                    [36m</option>[31m
                    [36m<option[31m
                      [33mvalue[31m=[32m"tool"[31m
                    [36m>[31m
                      [0m繝・・繝ｫ[0m
                    [36m</option>[31m
                    [36m<option[31m
                      [33mvalue[31m=[32m"portfolio"[31m
                    [36m>[31m
                      [0m菴懷刀[0m
                    [36m</option>[31m
                  [36m</select>[31m
                [36m</div>[31m
              [36m</div>[31m
            [36m</div>[31m
          [36m</div>[31m
        [36m</section>[31m
        [36m<section[31m
          [33mclass[31m=[32m"py-12"[31m
        [36m>[31m
          [36m<div[31m
            [33mclass[31m=[32m"card"[31m
          [36m>[31m
            [36m<h2[31m
              [33mclass[31m=[32m"neue-haas-grotesk-display mb-4 text-xl text-white"[31m
            [36m>[31m
              [0m讀懃ｴ｢縺ｮ繝偵Φ繝・[0m
            [36m</h2>[31m
            [36m<div[31m
              [33mclass[31m=[32m"grid grid-cols-1 gap-6 md:grid-cols-2"[31m
            [36m>[31m
              [36m<div>[31m
                [36m<h3[31m
                  [33mclass[31m=[32m"neue-haas-grotesk-display mb-3 text-lg text-white"[31m
                [36m>[31m
                  [0m讀懃ｴ｢蟇ｾ雎｡[0m
                [36m</h3>[31m
                [36m<ul[31m
                  [33mclass[31m=[32m"noto-sans-jp-regular space-y-2 text-sm text-gray-300"[31m
                [36m>[31m
                  [36m<li>[31m
                    [0m窶｢ 繝励Ο繝輔ぅ繝ｼ繝ｫ繝壹・繧ｸ[0m
                  [36m</li>[31m
                  [36m<li>[31m
                    [0m窶｢ 繝昴・繝医ヵ繧ｩ繝ｪ繧ｪ菴懷刀[0m
                  [36m</li>[31m
                  [36m<li>[31m
                    [0m窶｢ 繝悶Ο繧ｰ險倅ｺ・[0m
                  [36m</li>[31m
                  [36m<li>[31m
                    [0m窶｢ 繝励Λ繧ｰ繧､繝ｳ繝ｻ繝・・繝ｫ[0m
                  [36m</li>[31m
                  [36m<li>[31m
                    [0m窶｢ 繝壹・繧ｸ繧ｿ繧､繝医Ν繝ｻ蜀・ｮｹ[0m
                  [36m</li>[31m
                [36m</ul>[31m
              [36m</div>[31m
              [36m<div>[31m
                [36m<h3[31m
                  [33mclass[31m=[32m"neue-haas-grotesk-display mb-3 text-lg text-white"[31m
                [36m>[31m
                  [0m讀懃ｴ｢縺ｮ繧ｳ繝・[0m
                [36m</h3>[31m
                [36m<ul[31m
                  [33mclass[31m=[32m"noto-sans-jp-regular space-y-2 text-sm text-gray-300"[31m
                [36m>[31m
                  [36m<li>[31m
                    [0m窶｢ 蜈ｷ菴鍋噪縺ｪ繧ｭ繝ｼ繝ｯ繝ｼ繝峨ｒ菴ｿ逕ｨ[0m
                  [36m</li>[31m
                  [36m<li>[31m
                    [0m窶｢ 繧ｫ繝・ざ繝ｪ繝ｼ繝ｻ繧ｿ繧､繝励ヵ繧｣繝ｫ繧ｿ繝ｼ繧呈ｴｻ逕ｨ[0m
                  [36m</li>[31m
                  [36m<li>[31m
                    [0m窶｢ 隍・焚縺ｮ繧ｭ繝ｼ繝ｯ繝ｼ繝峨〒邨槭ｊ霎ｼ縺ｿ[0m
                  [36m</li>[31m
                  [36m<li>[31m
                    [0m窶｢ 闍ｱ隱槭・譌･譛ｬ隱槭←縺｡繧峨〒繧よ､懃ｴ｢蜿ｯ閭ｽ[0m
                  [36m</li>[31m
                [36m</ul>[31m
              [36m</div>[31m
            [36m</div>[31m
          [36m</div>[31m
        [36m</section>[31m
        [36m<section[31m
          [33mclass[31m=[32m"py-12"[31m
        [36m>[31m
          [36m<div[31m
            [33mclass[31m=[32m"card"[31m
          [36m>[31m
            [36m<h2[31m
              [33mclass[31m=[32m"neue-haas-grotesk-display mb-4 text-xl text-white"[31m
            [36m>[31m
              [0m莠ｺ豌励・讀懃ｴ｢繧ｭ繝ｼ繝ｯ繝ｼ繝・[0m
            [36m</h2>[31m
            [36m<div[31m
              [33mclass[31m=[32m"flex flex-wrap gap-3"[31m
            [36m>[31m
              [36m<button[31m
                [33mclass[31m=[32m"noto-sans-jp-regular bg-gray-700 px-3 py-2 text-sm text-gray-300 transition-colors hover:bg-gray-600 hover:text-white"[31m
              [36m>[31m
                [0mReact[0m
              [36m</button>[31m
              [36m<button[31m
                [33mclass[31m=[32m"noto-sans-jp-regular bg-gray-700 px-3 py-2 text-sm text-gray-300 transition-colors hover:bg-gray-600 hover:text-white"[31m
              [36m>[31m
                [0mNext.js[0m
              [36m</button>[31m
              [36m<button[31m
                [33mclass[31m=[32m"noto-sans-jp-regular bg-gray-700 px-3 py-2 text-sm text-gray-300 transition-colors hover:bg-gray-600 hover:text-white"[31m
              [36m>[31m
                [0m繧ｫ繝ｩ繝ｼ繝代Ξ繝・ヨ[0m
              [36m</button>[31m
              [36m<button[31m
                [33mclass[31m=[32m"noto-sans-jp-regular bg-gray-700 px-3 py-2 text-sm text-gray-300 transition-colors hover:bg-gray-600 hover:text-white"[31m
              [36m>[31m
                [0mQR繧ｳ繝ｼ繝・[0m
              [36m</button>[31m
              [36m<button[31m
                [33mclass[31m=[32m"noto-sans-jp-regular bg-gray-700 px-3 py-2 text-sm text-gray-300 transition-colors hover:bg-gray-600 hover:text-white"[31m
              [36m>[31m
                [0mAfter Effects[0m
              [36m</button>[31m
              [36m<button[31m
                [33mclass[31m=[32m"noto-sans-jp-regular bg-gray-700 px-3 py-2 text-sm text-gray-300 transition-colors hover:bg-gray-600 hover:text-white"[31m
              [36m>[31m
                [0m繝励Λ繧ｰ繧､繝ｳ[0m
              [36m</button>[31m
              [36m<button[31m
                [33mclass[31m=[32m"noto-sans-jp-regular bg-gray-700 px-3 py-2 text-sm text-gray-300 transition-colors hover:bg-gray-600 hover:text-white"[31m
              [36m>[31m
                [0m繝昴・繝医ヵ繧ｩ繝ｪ繧ｪ[0m
              [36m</button>[31m
              [36m<button[31m
                [33mclass[31m=[32m"noto-sans-jp-regular bg-gray-700 px-3 py-2 text-sm text-gray-300 transition-colors hover:bg-gray-600 hover:text-white"[31m
              [36m>[31m
                [0m繝励Ο繝輔ぅ繝ｼ繝ｫ[0m
              [36m</button>[31m
              [36m<button[31m
                [33mclass[31m=[32m"noto-sans-jp-regular bg-gray-700 px-3 py-2 text-sm text-gray-300 transition-colors hover:bg-gray-600 hover:text-white"[31m
              [36m>[31m
                [0m繝・・繝ｫ[0m
              [36m</button>[31m
              [36m<button[31m
                [33mclass[31m=[32m"noto-sans-jp-regular bg-gray-700 px-3 py-2 text-sm text-gray-300 transition-colors hover:bg-gray-600 hover:text-white"[31m
              [36m>[31m
                [0m繝悶Ο繧ｰ[0m
              [36m</button>[31m
            [36m</div>[31m
          [36m</div>[31m
        [36m</section>[31m
        [36m<section[31m
          [33mclass[31m=[32m"py-12"[31m
        [36m>[31m
          [36m<div[31m
            [33mclass[31m=[32m"flex items-center justify-between"[31m
          [36m>[31m
            [36m<a[31m
              [33mclass[31m=[32m"neue-haas-grotesk-display text-lg text-blue-400 hover:text-blue-300"[31m
              [33mhref[31m=[32m"/"[31m
            [36m>[31m
              [0m竊・Home[0m
            [36m</a>[31m
            [36m<div[31m
              [33mclass[31m=[32m"flex gap-4"[31m
            [36m>[31m
              [36m<a[31m
                [33mclass[31m=[32m"text-sm text-blue-400 hover:text-blue-300"[31m
                [33mhref[31m=[32m"/01_about"[31m
              [36m>[31m
                [0mAbout 竊・[0m
              [36m</a>[31m
              [36m<a[31m
                [33mclass[31m=[32m"text-sm text-blue-400 hover:text-blue-300"[31m
                [33mhref[31m=[32m"/02_portfolio"[31m
              [36m>[31m
                [0mPortfolio 竊・[0m
              [36m</a>[31m
              [36m<a[31m
                [33mclass[31m=[32m"text-sm text-blue-400 hover:text-blue-300"[31m
                [33mhref[31m=[32m"/00_global/contact"[31m
              [36m>[31m
                [0mContact 竊・[0m
              [36m</a>[31m
            [36m</div>[31m
          [36m</div>[31m
        [36m</section>[31m
      [36m</div>[31m
    [36m</div>[31m
  [36m</body>[31m
[36m</html>[31m[39m
 [31mﾃ・[39m src/app/00_global/page.test.tsx[2m > [22mSearchPage[2m > [22mshould show loading state on button and results[32m 6[2mms[22m[39m
[31m   竊・Unable to find an element with the placeholder text of: /讀懃ｴ｢繧ｭ繝ｼ繝ｯ繝ｼ繝峨ｒ蜈･蜉・

Ignored nodes: comments, script, style
[36m<body />[31m[39m
 [32m笨・[39m src/app/00_global/page.test.tsx[2m > [22mSearchPage[2m > [22mshould not throw error if meta description tag does not exist[32m 5[2mms[22m[39m
 [32m笨・[39m src/app/00_global/page.test.tsx[2m > [22mSearchPage[2m > [22mshould set meta description if it exists[32m 5[2mms[22m[39m
 [31mﾃ・[39m src/app/04_tools/components/ColorPalette.test.tsx[2m > [22mColorPalette[2m > [22mshould render the color palette component[32m 34[2mms[22m[39m
[31m   竊・Unable to find an element with the text: Color Palette Generator. This could be because the text is broken up by multiple elements. In this case, you can provide a function for your text matcher to make your matcher more flexible.

Ignored nodes: comments, script, style
[36m<body />[31m[39m
 [31mﾃ・[39m src/app/04_tools/components/ColorPalette.test.tsx[2m > [22mColorPalette[2m > [22mshould update base color when input changes[32m 9[2mms[22m[39m
[31m   竊・Unable to find a label with the text of: Base Color

Ignored nodes: comments, script, style
[36m<body />[31m[39m
 [31mﾃ・[39m src/app/04_tools/components/ColorPalette.test.tsx[2m > [22mColorPalette[2m > [22mshould generate a random color when random button is clicked[32m 8[2mms[22m[39m
[31m   竊・Unable to find a label with the text of: Base Color

Ignored nodes: comments, script, style
[36m<body />[31m[39m
 [31mﾃ・[39m src/app/04_tools/components/ColorPalette.test.tsx[2m > [22mColorPalette[2m > [22mshould change harmony type when dropdown changes[32m 9[2mms[22m[39m
[31m   竊・Unable to find a label with the text of: Harmony Type

Ignored nodes: comments, script, style
[36m<body />[31m[39m
 [31mﾃ・[39m src/app/04_tools/components/ColorPalette.test.tsx[2m > [22mColorPalette[2m > [22mshould change color format when format buttons are clicked[32m 9[2mms[22m[39m
[31m   竊・Unable to find an element with the text: HEX. This could be because the text is broken up by multiple elements. In this case, you can provide a function for your text matcher to make your matcher more flexible.

Ignored nodes: comments, script, style
[36m<body />[31m[39m
 [31mﾃ・[39m src/app/04_tools/components/ColorPalette.test.tsx[2m > [22mColorPalette[2m > [22mshould copy color to clipboard when copy button is clicked[32m 8[2mms[22m[39m
[31m   竊・Unable to find an element with the title: Copy color.

Ignored nodes: comments, script, style
[36m<body />[31m[39m
 [31mﾃ・[39m src/app/04_tools/components/ColorPalette.test.tsx[2m > [22mColorPalette[2m > [22mshould save palette when save button is clicked[32m 9[2mms[22m[39m
[31m   竊・Unable to find an element with the placeholder text of: My awesome palette

Ignored nodes: comments, script, style
[36m<body />[31m[39m
 [31mﾃ・[39m src/app/04_tools/components/ColorPalette.test.tsx[2m > [22mColorPalette[2m > [22mshould export palette in different formats[32m 4[2mms[22m[39m
[31m   竊・'createElement' called on an object that is not a valid instance of Document.[39m
 [31mﾃ・[39m src/app/04_tools/components/ColorPalette.test.tsx[2m > [22mColorPalette[2m > [22mshould show error when trying to save palette without a name[32m 4[2mms[22m[39m
[31m   竊・Failed to execute 'appendChild' on 'Node': parameter 1 is not of type 'Node'.[39m
 [31mﾃ・[39m src/app/04_tools/components/ColorPalette.test.tsx[2m > [22mColorPalette[2m > [22mshould load saved palettes from localStorage on mount[32m 2[2mms[22m[39m
[31m   竊・Failed to execute 'appendChild' on 'Node': parameter 1 is not of type 'Node'.[39m
stderr | src/app/api/content/[type]/route.test.ts > Content API > GET > should handle errors
Application Error: {
  code: 'APPLICATION_ERROR',
  message: 'Failed to load content',
  details: 'Error: Failed to load content\n' +
    '    at C:\\Users\\rebui\\Downloads\\my-web-2025\\src\\app\\api\\content\\[type]\\route.test.ts:142:9\n' +
    '    at file:///C:/Users/rebui/Downloads/my-web-2025/node_modules/@vitest/runner/dist/chunk-hooks.js:155:11\n' +
    '    at file:///C:/Users/rebui/Downloads/my-web-2025/node_modules/@vitest/runner/dist/chunk-hooks.js:752:26\n' +
    '    at file:///C:/Users/rebui/Downloads/my-web-2025/node_modules/@vitest/runner/dist/chunk-hooks.js:1897:20\n' +
    '    at new Promise (<anonymous>)\n' +
    '    at runWithTimeout (file:///C:/Users/rebui/Downloads/my-web-2025/node_modules/@vitest/runner/dist/chunk-hooks.js:1863:10)\n' +
    '    at runTest (file:///C:/Users/rebui/Downloads/my-web-2025/node_modules/@vitest/runner/dist/chunk-hooks.js:1574:12)\n' +
    '    at processTicksAndRejections (node:internal/process/task_queues:105:5)\n' +
    '    at runSuite (file:///C:/Users/rebui/Downloads/my-web-2025/node_modules/@vitest/runner/dist/chunk-hooks.js:1729:8)\n' +
    '    at runSuite (file:///C:/Users/rebui/Downloads/my-web-2025/node_modules/@vitest/runner/dist/chunk-hooks.js:1729:8)',
  timestamp: '2025-07-18T07:05:55.819Z',
  context: 'Content API',
  userAgent: 'Mozilla/5.0 (win32) AppleWebKit/537.36 (KHTML, like Gecko) jsdom/26.1.0',
  url: 'http://localhost/'
}

stderr | src/app/api/content/[type]/route.test.ts > Content API > POST > should create a new content item
Application Error: {
  code: 'APPLICATION_ERROR',
  message: '[vitest] No "default" export is defined on the "path" mock. Did you forget to return it from "vi.mock"?\n' +
    'If you need to partially mock a module, you can use "importOriginal" helper inside:\n',
  details: 'Error: [vitest] No "default" export is defined on the "path" mock. Did you forget to return it from "vi.mock"?\n' +
    'If you need to partially mock a module, you can use "importOriginal" helper inside:\n' +
    '\n' +
    '    at VitestMocker.createError (file:///C:/Users/rebui/Downloads/my-web-2025/node_modules/vitest/dist/chunks/execute.B7h3T_Hc.js:284:17)\n' +
    '    at Object.get (file:///C:/Users/rebui/Downloads/my-web-2025/node_modules/vitest/dist/chunks/execute.B7h3T_Hc.js:330:16)\n' +
    '    at Module.POST (C:\\Users\\rebui\\Downloads\\my-web-2025\\src\\app\\api\\content\\[type]\\route.ts:157:25)\n' +
    '    at processTicksAndRejections (node:internal/process/task_queues:105:5)\n' +
    '    at C:\\Users\\rebui\\Downloads\\my-web-2025\\src\\app\\api\\content\\[type]\\route.test.ts:172:24\n' +
    '    at file:///C:/Users/rebui/Downloads/my-web-2025/node_modules/@vitest/runner/dist/chunk-hooks.js:752:20',
  timestamp: '2025-07-18T07:05:55.819Z',
  context: 'Content Creation API',
  userAgent: 'Mozilla/5.0 (win32) AppleWebKit/537.36 (KHTML, like Gecko) jsdom/26.1.0',
  url: 'http://localhost/'
}

 [32m笨・[39m src/app/api/content/[type]/route.test.ts[2m > [22mContent API[2m > [22mGET[2m > [22mshould return content items[32m 9[2mms[22m[39m
 [32m笨・[39m src/app/api/content/[type]/route.test.ts[2m > [22mContent API[2m > [22mGET[2m > [22mshould validate content type[32m 3[2mms[22m[39m
 [32m笨・[39m src/app/api/content/[type]/route.test.ts[2m > [22mContent API[2m > [22mGET[2m > [22mshould handle query parameters[32m 4[2mms[22m[39m
 [32m笨・[39m src/app/api/content/[type]/route.test.ts[2m > [22mContent API[2m > [22mGET[2m > [22mshould validate limit parameter[32m 3[2mms[22m[39m
 [32m笨・[39m src/app/api/content/[type]/route.test.ts[2m > [22mContent API[2m > [22mGET[2m > [22mshould validate offset parameter[32m 2[2mms[22m[39m
 [32m笨・[39m src/app/api/content/[type]/route.test.ts[2m > [22mContent API[2m > [22mGET[2m > [22mshould handle errors[32m 4[2mms[22m[39m
 [31mﾃ・[39m src/app/api/content/[type]/route.test.ts[2m > [22mContent API[2m > [22mPOST[2m > [22mshould create a new content item[32m 11[2mms[22m[39m
[31m   竊・expected 500 to be 200 // Object.is equality[39m
stderr | src/app/api/content/[type]/route.test.ts > Content API > POST > should check for duplicate IDs
Application Error: {
  code: 'APPLICATION_ERROR',
  message: '[vitest] No "default" export is defined on the "path" mock. Did you forget to return it from "vi.mock"?\n' +
    'If you need to partially mock a module, you can use "importOriginal" helper inside:\n',
  details: 'Error: [vitest] No "default" export is defined on the "path" mock. Did you forget to return it from "vi.mock"?\n' +
    'If you need to partially mock a module, you can use "importOriginal" helper inside:\n' +
    '\n' +
    '    at VitestMocker.createError (file:///C:/Users/rebui/Downloads/my-web-2025/node_modules/vitest/dist/chunks/execute.B7h3T_Hc.js:284:17)\n' +
    '    at Object.get (file:///C:/Users/rebui/Downloads/my-web-2025/node_modules/vitest/dist/chunks/execute.B7h3T_Hc.js:330:16)\n' +
    '    at Module.POST (C:\\Users\\rebui\\Downloads\\my-web-2025\\src\\app\\api\\content\\[type]\\route.ts:157:25)\n' +
    '    at processTicksAndRejections (node:internal/process/task_queues:105:5)\n' +
    '    at C:\\Users\\rebui\\Downloads\\my-web-2025\\src\\app\\api\\content\\[type]\\route.test.ts:217:24\n' +
    '    at file:///C:/Users/rebui/Downloads/my-web-2025/node_modules/@vitest/runner/dist/chunk-hooks.js:752:20',
  timestamp: '2025-07-18T07:05:55.819Z',
  context: 'Content Creation API',
  userAgent: 'Mozilla/5.0 (win32) AppleWebKit/537.36 (KHTML, like Gecko) jsdom/26.1.0',
  url: 'http://localhost/'
}

stderr | src/app/api/content/[type]/route.test.ts > Content API > PUT > should update an existing content item
Application Error: {
  code: 'APPLICATION_ERROR',
  message: '[vitest] No "default" export is defined on the "path" mock. Did you forget to return it from "vi.mock"?\n' +
    'If you need to partially mock a module, you can use "importOriginal" helper inside:\n',
  details: 'Error: [vitest] No "default" export is defined on the "path" mock. Did you forget to return it from "vi.mock"?\n' +
    'If you need to partially mock a module, you can use "importOriginal" helper inside:\n' +
    '\n' +
    '    at VitestMocker.createError (file:///C:/Users/rebui/Downloads/my-web-2025/node_modules/vitest/dist/chunks/execute.B7h3T_Hc.js:284:17)\n' +
    '    at Object.get (file:///C:/Users/rebui/Downloads/my-web-2025/node_modules/vitest/dist/chunks/execute.B7h3T_Hc.js:330:16)\n' +
    '    at Module.PUT (C:\\Users\\rebui\\Downloads\\my-web-2025\\src\\app\\api\\content\\[type]\\route.ts:239:25)\n' +
    '    at processTicksAndRejections (node:internal/process/task_queues:105:5)\n' +
    '    at C:\\Users\\rebui\\Downloads\\my-web-2025\\src\\app\\api\\content\\[type]\\route.test.ts:259:24\n' +
    '    at file:///C:/Users/rebui/Downloads/my-web-2025/node_modules/@vitest/runner/dist/chunk-hooks.js:752:20',
  timestamp: '2025-07-18T07:05:55.819Z',
  context: 'Content Update API',
  userAgent: 'Mozilla/5.0 (win32) AppleWebKit/537.36 (KHTML, like Gecko) jsdom/26.1.0',
  url: 'http://localhost/'
}

stderr | src/app/api/content/[type]/route.test.ts > Content API > PUT > should validate the item does exist
Application Error: {
  code: 'APPLICATION_ERROR',
  message: '[vitest] No "default" export is defined on the "path" mock. Did you forget to return it from "vi.mock"?\n' +
    'If you need to partially mock a module, you can use "importOriginal" helper inside:\n',
  details: 'Error: [vitest] No "default" export is defined on the "path" mock. Did you forget to return it from "vi.mock"?\n' +
    'If you need to partially mock a module, you can use "importOriginal" helper inside:\n' +
    '\n' +
    '    at VitestMocker.createError (file:///C:/Users/rebui/Downloads/my-web-2025/node_modules/vitest/dist/chunks/execute.B7h3T_Hc.js:284:17)\n' +
    '    at Object.get (file:///C:/Users/rebui/Downloads/my-web-2025/node_modules/vitest/dist/chunks/execute.B7h3T_Hc.js:330:16)\n' +
    '    at Module.PUT (C:\\Users\\rebui\\Downloads\\my-web-2025\\src\\app\\api\\content\\[type]\\route.ts:239:25)\n' +
    '    at processTicksAndRejections (node:internal/process/task_queues:105:5)\n' +
    '    at C:\\Users\\rebui\\Downloads\\my-web-2025\\src\\app\\api\\content\\[type]\\route.test.ts:293:24\n' +
    '    at file:///C:/Users/rebui/Downloads/my-web-2025/node_modules/@vitest/runner/dist/chunk-hooks.js:752:20',
  timestamp: '2025-07-18T07:05:55.819Z',
  context: 'Content Update API',
  userAgent: 'Mozilla/5.0 (win32) AppleWebKit/537.36 (KHTML, like Gecko) jsdom/26.1.0',
  url: 'http://localhost/'
}

stderr | src/app/api/content/[type]/route.test.ts > Content API > PUT > should validate content before update
Application Error: {
  code: 'APPLICATION_ERROR',
  message: '[vitest] No "default" export is defined on the "path" mock. Did you forget to return it from "vi.mock"?\n' +
    'If you need to partially mock a module, you can use "importOriginal" helper inside:\n',
  details: 'Error: [vitest] No "default" export is defined on the "path" mock. Did you forget to return it from "vi.mock"?\n' +
    'If you need to partially mock a module, you can use "importOriginal" helper inside:\n' +
    '\n' +
    '    at VitestMocker.createError (file:///C:/Users/rebui/Downloads/my-web-2025/node_modules/vitest/dist/chunks/execute.B7h3T_Hc.js:284:17)\n' +
    '    at Object.get (file:///C:/Users/rebui/Downloads/my-web-2025/node_modules/vitest/dist/chunks/execute.B7h3T_Hc.js:330:16)\n' +
    '    at Module.PUT (C:\\Users\\rebui\\Downloads\\my-web-2025\\src\\app\\api\\content\\[type]\\route.ts:239:25)\n' +
    '    at processTicksAndRejections (node:internal/process/task_queues:105:5)\n' +
    '    at C:\\Users\\rebui\\Downloads\\my-web-2025\\src\\app\\api\\content\\[type]\\route.test.ts:314:24\n' +
    '    at file:///C:/Users/rebui/Downloads/my-web-2025/node_modules/@vitest/runner/dist/chunk-hooks.js:752:20',
  timestamp: '2025-07-18T07:05:55.819Z',
  context: 'Content Update API',
  userAgent: 'Mozilla/5.0 (win32) AppleWebKit/537.36 (KHTML, like Gecko) jsdom/26.1.0',
  url: 'http://localhost/'
}

stderr | src/app/api/content/[type]/route.test.ts > Content API > DELETE > should delete an existing content item
Application Error: {
  code: 'APPLICATION_ERROR',
  message: '[vitest] No "default" export is defined on the "path" mock. Did you forget to return it from "vi.mock"?\n' +
    'If you need to partially mock a module, you can use "importOriginal" helper inside:\n',
  details: 'Error: [vitest] No "default" export is defined on the "path" mock. Did you forget to return it from "vi.mock"?\n' +
    'If you need to partially mock a module, you can use "importOriginal" helper inside:\n' +
    '\n' +
    '    at VitestMocker.createError (file:///C:/Users/rebui/Downloads/my-web-2025/node_modules/vitest/dist/chunks/execute.B7h3T_Hc.js:284:17)\n' +
    '    at Object.get (file:///C:/Users/rebui/Downloads/my-web-2025/node_modules/vitest/dist/chunks/execute.B7h3T_Hc.js:330:16)\n' +
    '    at Module.DELETE (C:\\Users\\rebui\\Downloads\\my-web-2025\\src\\app\\api\\content\\[type]\\route.ts:347:25)\n' +
    '    at processTicksAndRejections (node:internal/process/task_queues:105:5)\n' +
    '    at C:\\Users\\rebui\\Downloads\\my-web-2025\\src\\app\\api\\content\\[type]\\route.test.ts:345:24\n' +
    '    at file:///C:/Users/rebui/Downloads/my-web-2025/node_modules/@vitest/runner/dist/chunk-hooks.js:752:20',
  timestamp: '2025-07-18T07:05:55.819Z',
  context: 'Content Deletion API',
  userAgent: 'Mozilla/5.0 (win32) AppleWebKit/537.36 (KHTML, like Gecko) jsdom/26.1.0',
  url: 'http://localhost/'
}

stderr | src/app/api/content/[type]/route.test.ts > Content API > DELETE > should validate the item exists
Application Error: {
  code: 'APPLICATION_ERROR',
  message: '[vitest] No "default" export is defined on the "path" mock. Did you forget to return it from "vi.mock"?\n' +
    'If you need to partially mock a module, you can use "importOriginal" helper inside:\n',
  details: 'Error: [vitest] No "default" export is defined on the "path" mock. Did you forget to return it from "vi.mock"?\n' +
    'If you need to partially mock a module, you can use "importOriginal" helper inside:\n' +
    '\n' +
    '    at VitestMocker.createError (file:///C:/Users/rebui/Downloads/my-web-2025/node_modules/vitest/dist/chunks/execute.B7h3T_Hc.js:284:17)\n' +
    '    at Object.get (file:///C:/Users/rebui/Downloads/my-web-2025/node_modules/vitest/dist/chunks/execute.B7h3T_Hc.js:330:16)\n' +
    '    at Module.DELETE (C:\\Users\\rebui\\Downloads\\my-web-2025\\src\\app\\api\\content\\[type]\\route.ts:347:25)\n' +
    '    at processTicksAndRejections (node:internal/process/task_queues:105:5)\n' +
    '    at C:\\Users\\rebui\\Downloads\\my-web-2025\\src\\app\\api\\content\\[type]\\route.test.ts:369:24\n' +
    '    at file:///C:/Users/rebui/Downloads/my-web-2025/node_modules/@vitest/runner/dist/chunk-hooks.js:752:20',
  timestamp: '2025-07-18T07:05:55.819Z',
  context: 'Content Deletion API',
  userAgent: 'Mozilla/5.0 (win32) AppleWebKit/537.36 (KHTML, like Gecko) jsdom/26.1.0',
  url: 'http://localhost/'
}

 [32m笨・[39m src/app/api/content/[type]/route.test.ts[2m > [22mContent API[2m > [22mPOST[2m > [22mshould validate content before creation[32m 4[2mms[22m[39m
 [31mﾃ・[39m src/app/api/content/[type]/route.test.ts[2m > [22mContent API[2m > [22mPOST[2m > [22mshould check for duplicate IDs[32m 5[2mms[22m[39m
[31m   竊・expected 500 to be 409 // Object.is equality[39m
 [32m笨・[39m src/app/api/content/[type]/route.test.ts[2m > [22mContent API[2m > [22mPOST[2m > [22mshould restrict content creation to development environment[32m 2[2mms[22m[39m
 [31mﾃ・[39m src/app/api/content/[type]/route.test.ts[2m > [22mContent API[2m > [22mPUT[2m > [22mshould update an existing content item[32m 3[2mms[22m[39m
[31m   竊・expected 500 to be 200 // Object.is equality[39m
 [32m笨・[39m src/app/api/content/[type]/route.test.ts[2m > [22mContent API[2m > [22mPUT[2m > [22mshould require an ID for updates[32m 2[2mms[22m[39m
 [31mﾃ・[39m src/app/api/content/[type]/route.test.ts[2m > [22mContent API[2m > [22mPUT[2m > [22mshould validate the item does exist[32m 5[2mms[22m[39m
[31m   竊・expected 500 to be 404 // Object.is equality[39m
 [31mﾃ・[39m src/app/api/content/[type]/route.test.ts[2m > [22mContent API[2m > [22mPUT[2m > [22mshould validate content before update[32m 5[2mms[22m[39m
[31m   竊・expected 500 to be 400 // Object.is equality[39m
 [32m笨・[39m src/app/api/content/[type]/route.test.ts[2m > [22mContent API[2m > [22mPUT[2m > [22mshould restrict content updates to development environment[32m 3[2mms[22m[39m
 [31mﾃ・[39m src/app/api/content/[type]/route.test.ts[2m > [22mContent API[2m > [22mDELETE[2m > [22mshould delete an existing content item[32m 6[2mms[22m[39m
[31m   竊・expected 500 to be 200 // Object.is equality[39m
 [32m笨・[39m src/app/api/content/[type]/route.test.ts[2m > [22mContent API[2m > [22mDELETE[2m > [22mshould require an ID for deletion[32m 2[2mms[22m[39m
 [31mﾃ・[39m src/app/api/content/[type]/route.test.ts[2m > [22mContent API[2m > [22mDELETE[2m > [22mshould validate the item exists[32m 4[2mms[22m[39m
[31m   竊・expected 500 to be 404 // Object.is equality[39m
 [32m笨・[39m src/app/api/content/[type]/route.test.ts[2m > [22mContent API[2m > [22mDELETE[2m > [22mshould restrict content deletion to development environment[32m 2[2mms[22m[39m
 [31mﾃ・[39m src/app/not-found.test.tsx[2m > [22mNotFound[2m > [22mshould render 404 heading[32m 11[2mms[22m[39m
[31m   竊・Unable to find an element with the text: 404. This could be because the text is broken up by multiple elements. In this case, you can provide a function for your text matcher to make your matcher more flexible.

Ignored nodes: comments, script, style
[36m<body />[31m[39m
 [31mﾃ・[39m src/app/not-found.test.tsx[2m > [22mNotFound[2m > [22mshould render not found message[32m 6[2mms[22m[39m
[31m   竊・Unable to find an element with the text: 繝壹・繧ｸ縺瑚ｦ九▽縺九ｊ縺ｾ縺帙ｓ / Page Not Found. This could be because the text is broken up by multiple elements. In this case, you can provide a function for your text matcher to make your matcher more flexible.

Ignored nodes: comments, script, style
[36m<body />[31m[39m
 [31mﾃ・[39m src/app/not-found.test.tsx[2m > [22mNotFound[2m > [22mshould render home link[32m 7[2mms[22m[39m
[31m   竊・Unable to find an element with the text: 繝帙・繝 / Home. This could be because the text is broken up by multiple elements. In this case, you can provide a function for your text matcher to make your matcher more flexible.

Ignored nodes: comments, script, style
[36m<body />[31m[39m
 [31mﾃ・[39m src/app/not-found.test.tsx[2m > [22mNotFound[2m > [22mshould render search suggestion[32m 7[2mms[22m[39m
[31m   竊・Unable to find an element with the text: 縺頑爾縺励・繧ｳ繝ｳ繝・Φ繝・ｒ讀懃ｴ｢縺励※縺ｿ縺ｦ縺上□縺輔＞. This could be because the text is broken up by multiple elements. In this case, you can provide a function for your text matcher to make your matcher more flexible.

Ignored nodes: comments, script, style
[36m<body />[31m[39m
 [31mﾃ・[39m src/app/not-found.test.tsx[2m > [22mNotFound[2m > [22mshould have proper accessibility structure[32m 8[2mms[22m[39m
[31m   竊・Unable to find an accessible element with the role "main"

There are no accessible roles. But there might be some inaccessible roles. If you wish to access them, then set the `hidden` option to `true`. Learn more about this here: https://testing-library.com/docs/dom-testing-library/api-queries#byrole

Ignored nodes: comments, script, style
[36m<body />[31m[39m
 [32m笨・[39m src/app/not-found.test.tsx[2m > [22mNotFound[2m > [22mshould render without crashing[32m 8[2mms[22m[39m
 [31mﾃ・[39m src/app/04_tools/components/SimpleTools.test.tsx[2m > [22mSimple Tool Components[2m > [22mPiGame Component[2m > [22mshould render the Pi Game component[32m 6[2mms[22m[39m
[31m   竊・Unable to find an element with the text: Pi sequence memory game - Coming soon with number pad interface. This could be because the text is broken up by multiple elements. In this case, you can provide a function for your text matcher to make your matcher more flexible.

Ignored nodes: comments, script, style
[36m<body />[31m[39m
 [32m笨・[39m src/app/04_tools/components/SimpleTools.test.tsx[2m > [22mSimple Tool Components[2m > [22mPiGame Component[2m > [22mshould have proper CSS classes[32m 3[2mms[22m[39m
 [32m笨・[39m src/app/04_tools/components/SimpleTools.test.tsx[2m > [22mSimple Tool Components[2m > [22mPiGame Component[2m > [22mshould render without crashing[32m 2[2mms[22m[39m
 [31mﾃ・[39m src/app/04_tools/components/SimpleTools.test.tsx[2m > [22mSimple Tool Components[2m > [22mAeExpression Component[2m > [22mshould render the AE Expression component[32m 3[2mms[22m[39m
[31m   竊・Unable to find an element with the text: After Effects expression generator - Coming soon with Scratch-like block interface. This could be because the text is broken up by multiple elements. In this case, you can provide a function for your text matcher to make your matcher more flexible.

Ignored nodes: comments, script, style
[36m<body />[31m[39m
 [32m笨・[39m src/app/04_tools/components/SimpleTools.test.tsx[2m > [22mSimple Tool Components[2m > [22mAeExpression Component[2m > [22mshould have proper CSS classes[32m 2[2mms[22m[39m
 [32m笨・[39m src/app/04_tools/components/SimpleTools.test.tsx[2m > [22mSimple Tool Components[2m > [22mAeExpression Component[2m > [22mshould render without crashing[32m 2[2mms[22m[39m
 [31mﾃ・[39m src/app/04_tools/components/SimpleTools.test.tsx[2m > [22mSimple Tool Components[2m > [22mProtoType Component[2m > [22mshould render the ProtoType component[32m 3[2mms[22m[39m
[31m   竊・Unable to find an element with the text: PIXIjs typing game - Coming soon with GitHub repository integration. This could be because the text is broken up by multiple elements. In this case, you can provide a function for your text matcher to make your matcher more flexible.

Ignored nodes: comments, script, style
[36m<body />[31m[39m
 [32m笨・[39m src/app/04_tools/components/SimpleTools.test.tsx[2m > [22mSimple Tool Components[2m > [22mProtoType Component[2m > [22mshould have proper CSS classes[32m 5[2mms[22m[39m
 [32m笨・[39m src/app/04_tools/components/SimpleTools.test.tsx[2m > [22mSimple Tool Components[2m > [22mProtoType Component[2m > [22mshould render without crashing[32m 2[2mms[22m[39m
 [31mﾃ・[39m src/app/04_tools/components/SimpleTools.test.tsx[2m > [22mSimple Tool Components[2m > [22mSvg2tsx Component[2m > [22mshould render the SVG2TSX component[32m 2[2mms[22m[39m
[31m   竊・Unable to find an element with the text: SVG to TSX converter - Coming soon with React component generation. This could be because the text is broken up by multiple elements. In this case, you can provide a function for your text matcher to make your matcher more flexible.

Ignored nodes: comments, script, style
[36m<body />[31m[39m
 [32m笨・[39m src/app/04_tools/components/SimpleTools.test.tsx[2m > [22mSimple Tool Components[2m > [22mSvg2tsx Component[2m > [22mshould have proper CSS classes[32m 3[2mms[22m[39m
 [32m笨・[39m src/app/04_tools/components/SimpleTools.test.tsx[2m > [22mSimple Tool Components[2m > [22mSvg2tsx Component[2m > [22mshould render without crashing[32m 2[2mms[22m[39m
 [32m笨・[39m src/app/04_tools/components/SimpleTools.test.tsx[2m > [22mSimple Tool Components[2m > [22mCommon Structure Tests[2m > [22mshould all have consistent structure[32m 7[2mms[22m[39m
 [32m笨・[39m src/app/04_tools/components/SimpleTools.test.tsx[2m > [22mSimple Tool Components[2m > [22mCommon Structure Tests[2m > [22mshould all have proper accessibility structure[32m 5[2mms[22m[39m
 [32m笨・[39m src/app/04_tools/components/SimpleTools.test.tsx[2m > [22mSimple Tool Components[2m > [22mCommon Structure Tests[2m > [22mshould all have blue heading color[32m 5[2mms[22m[39m
 [31mﾃ・[39m src/app/03_workshop/page.test.tsx[2m > [22mWorkshop Page[2m > [22mshould render the main heading and description[32m 10[2mms[22m[39m
[31m   竊・Unable to find an accessible element with the role "heading" and name "Workshop"

There are no accessible roles. But there might be some inaccessible roles. If you wish to access them, then set the `hidden` option to `true`. Learn more about this here: https://testing-library.com/docs/dom-testing-library/api-queries#byrole

Ignored nodes: comments, script, style
[36m<body />[31m[39m
 [31mﾃ・[39m src/app/03_workshop/page.test.tsx[2m > [22mWorkshop Page[2m > [22mshould render the statistics section correctly[32m 10[2mms[22m[39m
[31m   竊・Unable to find an element with the text: 15. This could be because the text is broken up by multiple elements. In this case, you can provide a function for your text matcher to make your matcher more flexible.

Ignored nodes: comments, script, style
[36m<body />[31m[39m
 [31mﾃ・[39m src/app/03_workshop/page.test.tsx[2m > [22mWorkshop Page[2m > [22mshould render category cards with correct links[32m 7[2mms[22m[39m
[31m   竊・Unable to find an accessible element with the role "link" and name `/Blog/`

There are no accessible roles. But there might be some inaccessible roles. If you wish to access them, then set the `hidden` option to `true`. Learn more about this here: https://testing-library.com/docs/dom-testing-library/api-queries#byrole

Ignored nodes: comments, script, style
[36m<body />[31m[39m
 [31mﾃ・[39m src/app/03_workshop/page.test.tsx[2m > [22mWorkshop Page[2m > [22mshould render the latest content section[32m 6[2mms[22m[39m
[31m   竊・Unable to find an accessible element with the role "heading" and name "Latest Content"

There are no accessible roles. But there might be some inaccessible roles. If you wish to access them, then set the `hidden` option to `true`. Learn more about this here: https://testing-library.com/docs/dom-testing-library/api-queries#byrole

Ignored nodes: comments, script, style
[36m<body />[31m[39m
 [31mﾃ・[39m src/app/03_workshop/page.test.tsx[2m > [22mWorkshop Page[2m > [22mshould render the popular content section[32m 6[2mms[22m[39m
[31m   竊・Unable to find an accessible element with the role "heading" and name "Popular Content"

There are no accessible roles. But there might be some inaccessible roles. If you wish to access them, then set the `hidden` option to `true`. Learn more about this here: https://testing-library.com/docs/dom-testing-library/api-queries#byrole

Ignored nodes: comments, script, style
[36m<body />[31m[39m
 [31mﾃ・[39m src/app/04_tools/components/TextCounter.test.tsx[2m > [22mTextCounter[2m > [22mshould render the text counter component[32m 10[2mms[22m[39m
[31m   竊・Unable to find an element with the text: Text Counter & Analyzer. This could be because the text is broken up by multiple elements. In this case, you can provide a function for your text matcher to make your matcher more flexible.

Ignored nodes: comments, script, style
[36m<body />[31m[39m
 [31mﾃ・[39m src/app/04_tools/components/TextCounter.test.tsx[2m > [22mTextCounter[2m > [22mshould update character count when text is entered[32m 12[2mms[22m[39m
[31m   竊・Unable to find an element with the placeholder text of: Paste or type your text here...

Ignored nodes: comments, script, style
[36m<body />[31m[39m
 [31mﾃ・[39m src/app/04_tools/components/TextCounter.test.tsx[2m > [22mTextCounter[2m > [22mshould update word count when text is entered[32m 5[2mms[22m[39m
[31m   竊・Unable to find an element with the placeholder text of: Paste or type your text here...

Ignored nodes: comments, script, style
[36m<body />[31m[39m
 [31mﾃ・[39m src/app/04_tools/components/TextCounter.test.tsx[2m > [22mTextCounter[2m > [22mshould update sentence count when text is entered[32m 7[2mms[22m[39m
[31m   竊・Unable to find an element with the placeholder text of: Paste or type your text here...

Ignored nodes: comments, script, style
[36m<body />[31m[39m
 [31mﾃ・[39m src/app/04_tools/components/TextCounter.test.tsx[2m > [22mTextCounter[2m > [22mshould clear text when clear button is clicked[32m 6[2mms[22m[39m
[31m   竊・Unable to find an element with the placeholder text of: Paste or type your text here...

Ignored nodes: comments, script, style
[36m<body />[31m[39m
 [31mﾃ・[39m src/app/04_tools/components/TextCounter.test.tsx[2m > [22mTextCounter[2m > [22mshould copy text to clipboard when copy button is clicked[32m 7[2mms[22m[39m
[31m   竊・Unable to find an element with the placeholder text of: Paste or type your text here...

Ignored nodes: comments, script, style
[36m<body />[31m[39m
 [31mﾃ・[39m src/app/04_tools/components/TextCounter.test.tsx[2m > [22mTextCounter[2m > [22mshould export analysis when export button is clicked[32m 1[2mms[22m[39m
[31m   竊・'createElement' called on an object that is not a valid instance of Document.[39m
 [31mﾃ・[39m src/app/04_tools/components/TextCounter.test.tsx[2m > [22mTextCounter[2m > [22mshould toggle SEO analysis when show/hide button is clicked[32m 1[2mms[22m[39m
[31m   竊・Failed to execute 'appendChild' on 'Node': parameter 1 is not of type 'Node'.[39m
 [31mﾃ・[39m src/app/04_tools/components/TextCounter.test.tsx[2m > [22mTextCounter[2m > [22mshould correctly count Japanese characters[32m 1[2mms[22m[39m
[31m   竊・Failed to execute 'appendChild' on 'Node': parameter 1 is not of type 'Node'.[39m
 [31mﾃ・[39m src/app/04_tools/components/TextCounter.test.tsx[2m > [22mTextCounter[2m > [22mshould correctly count lines[32m 1[2mms[22m[39m
[31m   竊・Failed to execute 'appendChild' on 'Node': parameter 1 is not of type 'Node'.[39m
 [31mﾃ・[39m src/app/04_tools/components/TextCounter.test.tsx[2m > [22mTextCounter[2m > [22mshould show social media limits[32m 1[2mms[22m[39m
[31m   竊・Failed to execute 'appendChild' on 'Node': parameter 1 is not of type 'Node'.[39m
 [31mﾃ・[39m src/app/04_tools/components/TextCounter.test.tsx[2m > [22mTextCounter[2m > [22mshould show copy success message when copying to clipboard[32m 1[2mms[22m[39m
[31m   竊・Failed to execute 'appendChild' on 'Node': parameter 1 is not of type 'Node'.[39m
 [31mﾃ・[39m src/app/04_tools/components/TextCounter.test.tsx[2m > [22mTextCounter[2m > [22mshould export analysis in different formats[32m 1[2mms[22m[39m
[31m   竊・Failed to execute 'appendChild' on 'Node': parameter 1 is not of type 'Node'.[39m
 [31mﾃ・[39m src/app/04_tools/components/SimpleTools2.test.tsx[2m > [22mSimple Tool Components 2[2m > [22mBusinessMailBlock Component[2m > [22mshould render the Business Mail Block component[32m 3[2mms[22m[39m
[31m   竊・Unable to find an accessible element with the role "heading" and name "Business Mail Block"

There are no accessible roles. But there might be some inaccessible roles. If you wish to access them, then set the `hidden` option to `true`. Learn more about this here: https://testing-library.com/docs/dom-testing-library/api-queries#byrole

Ignored nodes: comments, script, style
[36m<body />[31m[39m
 [31mﾃ・[39m src/app/04_tools/components/SimpleTools2.test.tsx[2m > [22mSimple Tool Components 2[2m > [22mBusinessMailBlock Component[2m > [22mshould have proper CSS classes[32m 3[2mms[22m[39m
[31m   竊・Unable to find an accessible element with the role "heading" and name "Business Mail Block"

There are no accessible roles. But there might be some inaccessible roles. If you wish to access them, then set the `hidden` option to `true`. Learn more about this here: https://testing-library.com/docs/dom-testing-library/api-queries#byrole

Ignored nodes: comments, script, style
[36m<body />[31m[39m
 [32m笨・[39m src/app/04_tools/components/SimpleTools2.test.tsx[2m > [22mSimple Tool Components 2[2m > [22mBusinessMailBlock Component[2m > [22mshould render without crashing[32m 2[2mms[22m[39m
 [31mﾃ・[39m src/app/04_tools/components/SimpleTools2.test.tsx[2m > [22mSimple Tool Components 2[2m > [22mSequentialPngPreview Component[2m > [22mshould render the Sequential PNG Preview component[32m 6[2mms[22m[39m
[31m   竊・Unable to find an accessible element with the role "heading" and name "Sequential PNG Preview"

There are no accessible roles. But there might be some inaccessible roles. If you wish to access them, then set the `hidden` option to `true`. Learn more about this here: https://testing-library.com/docs/dom-testing-library/api-queries#byrole

Ignored nodes: comments, script, style
[36m<body />[31m[39m
 [31mﾃ・[39m src/app/04_tools/components/SimpleTools2.test.tsx[2m > [22mSimple Tool Components 2[2m > [22mSequentialPngPreview Component[2m > [22mshould have proper CSS classes[32m 6[2mms[22m[39m
[31m   竊・[2mexpect([22m[31melement[31m[2m).toHaveClass([22m[32m[32m"rounded-none bg-gray-800 p-6 text-white"[32m[31m[2m)[22m

Expected the element to have class:
[32m  rounded-none bg-gray-800 p-6 text-white[31m
Received:
[31m  space-y-6[31m[39m
 [32m笨・[39m src/app/04_tools/components/SimpleTools2.test.tsx[2m > [22mSimple Tool Components 2[2m > [22mSequentialPngPreview Component[2m > [22mshould render without crashing[32m 4[2mms[22m[39m
 [31mﾃ・[39m src/app/04_tools/components/SimpleTools2.test.tsx[2m > [22mSimple Tool Components 2[2m > [22mPriceCalculator Component[2m > [22mshould render the Price Calculator component[32m 2[2mms[22m[39m
[31m   竊・Unable to find an accessible element with the role "heading" and name "Price Calculator"

There are no accessible roles. But there might be some inaccessible roles. If you wish to access them, then set the `hidden` option to `true`. Learn more about this here: https://testing-library.com/docs/dom-testing-library/api-queries#byrole

Ignored nodes: comments, script, style
[36m<body />[31m[39m
 [31mﾃ・[39m src/app/04_tools/components/SimpleTools2.test.tsx[2m > [22mSimple Tool Components 2[2m > [22mPriceCalculator Component[2m > [22mshould have proper CSS classes[32m 2[2mms[22m[39m
[31m   竊・Unable to find an accessible element with the role "heading" and name "Price Calculator"

There are no accessible roles. But there might be some inaccessible roles. If you wish to access them, then set the `hidden` option to `true`. Learn more about this here: https://testing-library.com/docs/dom-testing-library/api-queries#byrole

Ignored nodes: comments, script, style
[36m<body />[31m[39m
 [32m笨・[39m src/app/04_tools/components/SimpleTools2.test.tsx[2m > [22mSimple Tool Components 2[2m > [22mPriceCalculator Component[2m > [22mshould render without crashing[32m 1[2mms[22m[39m
 [31mﾃ・[39m src/app/04_tools/components/SimpleTools2.test.tsx[2m > [22mSimple Tool Components 2[2m > [22mCommon Structure Tests[2m > [22mshould all have consistent "Coming soon" structure[32m 2[2mms[22m[39m
[31m   竊・Unable to find an accessible element with the role "heading" and name "Business Mail Block"

There are no accessible roles. But there might be some inaccessible roles. If you wish to access them, then set the `hidden` option to `true`. Learn more about this here: https://testing-library.com/docs/dom-testing-library/api-queries#byrole

Ignored nodes: comments, script, style
[36m<body />[31m[39m
 [31mﾃ・[39m src/app/04_tools/components/SimpleTools2.test.tsx[2m > [22mSimple Tool Components 2[2m > [22mCommon Structure Tests[2m > [22mshould all have proper accessibility structure[32m 7[2mms[22m[39m
[31m   竊・expected 'text-foreground/70 mb-4' to contain 'text-sm'[39m
 [31mﾃ・[39m src/app/04_tools/components/SimpleTools2.test.tsx[2m > [22mSimple Tool Components 2[2m > [22mCommon Structure Tests[2m > [22mshould all have blue heading color[32m 2[2mms[22m[39m
[31m   竊・Unable to find an accessible element with the role "heading" and name "Business Mail Block"

There are no accessible roles. But there might be some inaccessible roles. If you wish to access them, then set the `hidden` option to `true`. Learn more about this here: https://testing-library.com/docs/dom-testing-library/api-queries#byrole

Ignored nodes: comments, script, style
[36m<body />[31m[39m
 [31mﾃ・[39m src/app/04_tools/components/SimpleTools2.test.tsx[2m > [22mSimple Tool Components 2[2m > [22mCommon Structure Tests[2m > [22mshould all follow the same content structure pattern[32m 4[2mms[22m[39m
[31m   竊・[2mexpect([22m[31melement[31m[2m).toHaveClass([22m[32m[32m"rounded-none bg-gray-800 p-6 text-white"[32m[31m[2m)[22m

Expected the element to have class:
[32m  rounded-none bg-gray-800 p-6 text-white[31m
Received:
[31m  space-y-6[31m[39m
 [31mﾃ・[39m src/app/02_portfolio/components/PortfolioStats.test.tsx[2m > [22mPortfolioStats[2m > [22mshould render the portfolio stats component[32m 9[2mms[22m[39m
[31m   竊・Unable to find an element with the text: Total Views. This could be because the text is broken up by multiple elements. In this case, you can provide a function for your text matcher to make your matcher more flexible.

Ignored nodes: comments, script, style
[36m<body />[31m[39m
 [31mﾃ・[39m src/app/02_portfolio/components/PortfolioStats.test.tsx[2m > [22mPortfolioStats[2m > [22mshould render category filter buttons[32m 5[2mms[22m[39m
[31m   竊・Unable to find an element with the text: All Categories. This could be because the text is broken up by multiple elements. In this case, you can provide a function for your text matcher to make your matcher more flexible.

Ignored nodes: comments, script, style
[36m<body />[31m[39m
 [31mﾃ・[39m src/app/02_portfolio/components/PortfolioStats.test.tsx[2m > [22mPortfolioStats[2m > [22mshould filter stats by category when filter button is clicked[32m 5[2mms[22m[39m
[31m   竊・Unable to find an accessible element with the role "row"

There are no accessible roles. But there might be some inaccessible roles. If you wish to access them, then set the `hidden` option to `true`. Learn more about this here: https://testing-library.com/docs/dom-testing-library/api-queries#byrole

Ignored nodes: comments, script, style
[36m<body />[31m[39m
 [31mﾃ・[39m src/app/02_portfolio/components/PortfolioStats.test.tsx[2m > [22mPortfolioStats[2m > [22mshould render the chart component[32m 6[2mms[22m[39m
[31m   竊・Unable to find an element by: [data-testid="responsive-container"]

Ignored nodes: comments, script, style
[36m<body />[31m[39m
 [31mﾃ・[39m src/app/02_portfolio/components/PortfolioStats.test.tsx[2m > [22mPortfolioStats[2m > [22mshould render the stats table with correct data[32m 5[2mms[22m[39m
[31m   竊・Unable to find an element with the text: Portfolio Item. This could be because the text is broken up by multiple elements. In this case, you can provide a function for your text matcher to make your matcher more flexible.

Ignored nodes: comments, script, style
[36m<body />[31m[39m
 [31mﾃ・[39m src/app/02_portfolio/components/PortfolioStats.test.tsx[2m > [22mPortfolioStats[2m > [22mshould show empty state when no stats match the filter[32m 6[2mms[22m[39m
[31m   竊・Unable to find an element with the text: All Categories. This could be because the text is broken up by multiple elements. In this case, you can provide a function for your text matcher to make your matcher more flexible.

Ignored nodes: comments, script, style
[36m<body />[31m[39m
 [31mﾃ・[39m src/app/02_portfolio/components/PortfolioStats.test.tsx[2m > [22mPortfolioStats[2m > [22mshould render view links for each portfolio item[32m 4[2mms[22m[39m
[31m   竊・Unable to find an element with the text: View. This could be because the text is broken up by multiple elements. In this case, you can provide a function for your text matcher to make your matcher more flexible.

Ignored nodes: comments, script, style
[36m<body />[31m[39m
 [31mﾃ・[39m src/app/00_global/components/ContactForm.test.tsx[2m > [22mContactForm[2m > [22mshould render the form correctly[32m 9[2mms[22m[39m
[31m   竊・Unable to find a label with the text of: /name/i

Ignored nodes: comments, script, style
[36m<body />[31m[39m
 [31mﾃ・[39m src/app/00_global/components/ContactForm.test.tsx[2m > [22mContactForm[2m > [22mshould show validation errors for empty required fields on submit[32m 5[2mms[22m[39m
[31m   竊・Unable to find an accessible element with the role "button" and name `/send message/i`

There are no accessible roles. But there might be some inaccessible roles. If you wish to access them, then set the `hidden` option to `true`. Learn more about this here: https://testing-library.com/docs/dom-testing-library/api-queries#byrole

Ignored nodes: comments, script, style
[36m<body />[31m[39m
 [31mﾃ・[39m src/app/00_global/components/ContactForm.test.tsx[2m > [22mContactForm[2m > [22mshould show validation error for invalid email format[32m 5[2mms[22m[39m
[31m   竊・Unable to find a label with the text of: /email/i

Ignored nodes: comments, script, style
[36m<body />[31m[39m
 [31mﾃ・[39m src/app/00_global/components/ContactForm.test.tsx[2m > [22mContactForm[2m > [22mshould show validation error for short message[32m 5[2mms[22m[39m
[31m   竊・Unable to find a label with the text of: /message/i

Ignored nodes: comments, script, style
[36m<body />[31m[39m
 [31mﾃ・[39m src/app/00_global/components/ContactForm.test.tsx[2m > [22mContactForm[2m > [22mshould submit the form successfully with valid data[32m 4[2mms[22m[39m
[31m   竊・Unable to find a label with the text of: /name/i

Ignored nodes: comments, script, style
[36m<body />[31m[39m
 [31mﾃ・[39m src/app/00_global/components/ContactForm.test.tsx[2m > [22mContactForm[2m > [22mshould handle API error on submit[32m 5[2mms[22m[39m
[31m   竊・Unable to find a label with the text of: /name/i

Ignored nodes: comments, script, style
[36m<body />[31m[39m
 [31mﾃ・[39m src/app/00_global/components/ContactForm.test.tsx[2m > [22mContactForm[2m > [22mshould handle network error on submit[32m 5[2mms[22m[39m
[31m   竊・Unable to find a label with the text of: /name/i

Ignored nodes: comments, script, style
[36m<body />[31m[39m
 [31mﾃ・[39m src/app/00_global/components/ContactForm.test.tsx[2m > [22mContactForm[2m > [22mshould clear the form when clear button is clicked[32m 7[2mms[22m[39m
[31m   竊・Unable to find a label with the text of: /name/i

Ignored nodes: comments, script, style
[36m<body />[31m[39m
 [31mﾃ・[39m src/app/00_global/components/ContactForm.test.tsx[2m > [22mContactForm[2m > [22mshould allow sending another message after successful submission[32m 5[2mms[22m[39m
[31m   竊・Unable to find a label with the text of: /name/i

Ignored nodes: comments, script, style
[36m<body />[31m[39m
 [31mﾃ・[39m src/app/00_global/components/ContactForm.test.tsx[2m > [22mContactForm[2m > [22mshould update security score as user types[32m 5[2mms[22m[39m
[31m   竊・Unable to find an element with the text: 0%. This could be because the text is broken up by multiple elements. In this case, you can provide a function for your text matcher to make your matcher more flexible.

Ignored nodes: comments, script, style
[36m<body />[31m[39m
stderr | src/app/api/content/search/route.test.ts > Search API > GET > should handle search errors
Application Error: {
  code: 'APPLICATION_ERROR',
  message: 'Search failed',
  details: 'Error: Search failed\n' +
    '    at C:\\Users\\rebui\\Downloads\\my-web-2025\\src\\app\\api\\content\\search\\route.test.ts:159:62\n' +
    '    at file:///C:/Users/rebui/Downloads/my-web-2025/node_modules/@vitest/runner/dist/chunk-hooks.js:155:11\n' +
    '    at file:///C:/Users/rebui/Downloads/my-web-2025/node_modules/@vitest/runner/dist/chunk-hooks.js:752:26\n' +
    '    at file:///C:/Users/rebui/Downloads/my-web-2025/node_modules/@vitest/runner/dist/chunk-hooks.js:1897:20\n' +
    '    at new Promise (<anonymous>)\n' +
    '    at runWithTimeout (file:///C:/Users/rebui/Downloads/my-web-2025/node_modules/@vitest/runner/dist/chunk-hooks.js:1863:10)\n' +
    '    at runTest (file:///C:/Users/rebui/Downloads/my-web-2025/node_modules/@vitest/runner/dist/chunk-hooks.js:1574:12)\n' +
    '    at processTicksAndRejections (node:internal/process/task_queues:105:5)\n' +
    '    at runSuite (file:///C:/Users/rebui/Downloads/my-web-2025/node_modules/@vitest/runner/dist/chunk-hooks.js:1729:8)\n' +
    '    at runSuite (file:///C:/Users/rebui/Downloads/my-web-2025/node_modules/@vitest/runner/dist/chunk-hooks.js:1729:8)',
  timestamp: '2025-07-18T07:05:55.819Z',
  context: 'Search API',
  userAgent: 'Mozilla/5.0 (win32) AppleWebKit/537.36 (KHTML, like Gecko) jsdom/26.1.0',
  url: 'http://localhost/'
}

stderr | src/app/api/content/search/route.test.ts > Search API > POST > should handle search errors
Application Error: {
  code: 'APPLICATION_ERROR',
  message: 'Search failed',
  details: 'Error: Search failed\n' +
    '    at C:\\Users\\rebui\\Downloads\\my-web-2025\\src\\app\\api\\content\\search\\route.test.ts:301:62\n' +
    '    at file:///C:/Users/rebui/Downloads/my-web-2025/node_modules/@vitest/runner/dist/chunk-hooks.js:155:11\n' +
    '    at file:///C:/Users/rebui/Downloads/my-web-2025/node_modules/@vitest/runner/dist/chunk-hooks.js:752:26\n' +
    '    at file:///C:/Users/rebui/Downloads/my-web-2025/node_modules/@vitest/runner/dist/chunk-hooks.js:1897:20\n' +
    '    at new Promise (<anonymous>)\n' +
    '    at runWithTimeout (file:///C:/Users/rebui/Downloads/my-web-2025/node_modules/@vitest/runner/dist/chunk-hooks.js:1863:10)\n' +
    '    at runTest (file:///C:/Users/rebui/Downloads/my-web-2025/node_modules/@vitest/runner/dist/chunk-hooks.js:1574:12)\n' +
    '    at processTicksAndRejections (node:internal/process/task_queues:105:5)\n' +
    '    at runSuite (file:///C:/Users/rebui/Downloads/my-web-2025/node_modules/@vitest/runner/dist/chunk-hooks.js:1729:8)\n' +
    '    at runSuite (file:///C:/Users/rebui/Downloads/my-web-2025/node_modules/@vitest/runner/dist/chunk-hooks.js:1729:8)',
  timestamp: '2025-07-18T07:05:55.819Z',
  context: 'Search API',
  userAgent: 'Mozilla/5.0 (win32) AppleWebKit/537.36 (KHTML, like Gecko) jsdom/26.1.0',
  url: 'http://localhost/'
}

stderr | src/app/api/content/search/route.test.ts > Search API > POST > should handle malformed JSON
Application Error: {
  code: 'APPLICATION_ERROR',
  message: `Unexpected token 'i', "invalid json" is not valid JSON`,
  details: `SyntaxError: Unexpected token 'i', "invalid json" is not valid JSON\n` +
    '    at JSON.parse (<anonymous>)\n' +
    '    at parseJSONFromBytes (node:internal/deps/undici/undici:5682:19)\n' +
    '    at successSteps (node:internal/deps/undici/undici:5663:27)\n' +
    '    at fullyReadBody (node:internal/deps/undici/undici:4561:9)\n' +
    '    at processTicksAndRejections (node:internal/process/task_queues:105:5)\n' +
    '    at consumeBody (node:internal/deps/undici/undici:5672:7)\n' +
    '    at Module.POST (C:\\Users\\rebui\\Downloads\\my-web-2025\\src\\app\\api\\content\\search\\route.ts:115:18)\n' +
    '    at C:\\Users\\rebui\\Downloads\\my-web-2025\\src\\app\\api\\content\\search\\route.test.ts:329:24\n' +
    '    at file:///C:/Users/rebui/Downloads/my-web-2025/node_modules/@vitest/runner/dist/chunk-hooks.js:752:20',
  timestamp: '2025-07-18T07:05:55.819Z',
  context: 'Search API',
  userAgent: 'Mozilla/5.0 (win32) AppleWebKit/537.36 (KHTML, like Gecko) jsdom/26.1.0',
  url: 'http://localhost/'
}

 [32m笨・[39m src/app/api/content/search/route.test.ts[2m > [22mSearch API[2m > [22mGET[2m > [22mshould return search results[32m 4[2mms[22m[39m
 [32m笨・[39m src/app/api/content/search/route.test.ts[2m > [22mSearch API[2m > [22mGET[2m > [22mshould perform search with query parameters[32m 2[2mms[22m[39m
 [32m笨・[39m src/app/api/content/search/route.test.ts[2m > [22mSearch API[2m > [22mGET[2m > [22mshould handle multiple content types[32m 2[2mms[22m[39m
 [32m笨・[39m src/app/api/content/search/route.test.ts[2m > [22mSearch API[2m > [22mGET[2m > [22mshould handle pagination parameters[32m 2[2mms[22m[39m
 [32m笨・[39m src/app/api/content/search/route.test.ts[2m > [22mSearch API[2m > [22mGET[2m > [22mshould validate limit parameter[32m 2[2mms[22m[39m
 [32m笨・[39m src/app/api/content/search/route.test.ts[2m > [22mSearch API[2m > [22mGET[2m > [22mshould validate offset parameter[32m 1[2mms[22m[39m
 [31mﾃ・[39m src/app/api/content/search/route.test.ts[2m > [22mSearch API[2m > [22mGET[2m > [22mshould track search queries[32m 2[2mms[22m[39m
[31m   竊・expected "spy" to be called at least once[39m
 [32m笨・[39m src/app/api/content/search/route.test.ts[2m > [22mSearch API[2m > [22mGET[2m > [22mshould handle search errors[32m 2[2mms[22m[39m
 [32m笨・[39m src/app/api/content/search/route.test.ts[2m > [22mSearch API[2m > [22mGET[2m > [22mshould handle empty query[32m 1[2mms[22m[39m
 [32m笨・[39m src/app/api/content/search/route.test.ts[2m > [22mSearch API[2m > [22mPOST[2m > [22mshould return search results[32m 3[2mms[22m[39m
 [32m笨・[39m src/app/api/content/search/route.test.ts[2m > [22mSearch API[2m > [22mPOST[2m > [22mshould perform search with request body[32m 2[2mms[22m[39m
 [32m笨・[39m src/app/api/content/search/route.test.ts[2m > [22mSearch API[2m > [22mPOST[2m > [22mshould require query parameter[32m 1[2mms[22m[39m
 [32m笨・[39m src/app/api/content/search/route.test.ts[2m > [22mSearch API[2m > [22mPOST[2m > [22mshould validate limit parameter[32m 1[2mms[22m[39m
 [32m笨・[39m src/app/api/content/search/route.test.ts[2m > [22mSearch API[2m > [22mPOST[2m > [22mshould validate offset parameter in POST[32m 1[2mms[22m[39m
 [32m笨・[39m src/app/api/content/search/route.test.ts[2m > [22mSearch API[2m > [22mPOST[2m > [22mshould handle search errors[32m 2[2mms[22m[39m
 [32m笨・[39m src/app/api/content/search/route.test.ts[2m > [22mSearch API[2m > [22mPOST[2m > [22mshould handle malformed JSON[32m 4[2mms[22m[39m
 [31mﾃ・[39m src/components/GridSystem.test.tsx[2m > [22mGridSystem Components[2m > [22mGridLayout[2m > [22mshould render with default props[32m 4[2mms[22m[39m
[31m   竊・Unable to find an element with the text: Test content. This could be because the text is broken up by multiple elements. In this case, you can provide a function for your text matcher to make your matcher more flexible.

Ignored nodes: comments, script, style
[36m<body />[31m[39m
 [31mﾃ・[39m src/components/GridSystem.test.tsx[2m > [22mGridSystem Components[2m > [22mGridLayout[2m > [22mshould render without background[32m 2[2mms[22m[39m
[31m   竊・Unable to find an element with the text: Test content. This could be because the text is broken up by multiple elements. In this case, you can provide a function for your text matcher to make your matcher more flexible.

Ignored nodes: comments, script, style
[36m<body />[31m[39m
 [31mﾃ・[39m src/components/GridSystem.test.tsx[2m > [22mGridSystem Components[2m > [22mGridLayout[2m > [22mshould apply custom className[32m 2[2mms[22m[39m
[31m   竊・Unable to find an element with the text: Test content. This could be because the text is broken up by multiple elements. In this case, you can provide a function for your text matcher to make your matcher more flexible.

Ignored nodes: comments, script, style
[36m<body />[31m[39m
 [31mﾃ・[39m src/components/GridSystem.test.tsx[2m > [22mGridSystem Components[2m > [22mGridContainer[2m > [22mshould render with default props[32m 2[2mms[22m[39m
[31m   竊・Unable to find an element with the text: Test content. This could be because the text is broken up by multiple elements. In this case, you can provide a function for your text matcher to make your matcher more flexible.

Ignored nodes: comments, script, style
[36m<body />[31m[39m
 [31mﾃ・[39m src/components/GridSystem.test.tsx[2m > [22mGridSystem Components[2m > [22mGridContainer[2m > [22mshould render without padding[32m 1[2mms[22m[39m
[31m   竊・Unable to find an element with the text: Test content. This could be because the text is broken up by multiple elements. In this case, you can provide a function for your text matcher to make your matcher more flexible.

Ignored nodes: comments, script, style
[36m<body />[31m[39m
 [31mﾃ・[39m src/components/GridSystem.test.tsx[2m > [22mGridSystem Components[2m > [22mGridContainer[2m > [22mshould apply custom className[32m 1[2mms[22m[39m
[31m   竊・Unable to find an element with the text: Test content. This could be because the text is broken up by multiple elements. In this case, you can provide a function for your text matcher to make your matcher more flexible.

Ignored nodes: comments, script, style
[36m<body />[31m[39m
 [31mﾃ・[39m src/components/GridSystem.test.tsx[2m > [22mGridSystem Components[2m > [22mGridContent[2m > [22mshould render with default props[32m 1[2mms[22m[39m
[31m   竊・Unable to find an element with the text: Item 1. This could be because the text is broken up by multiple elements. In this case, you can provide a function for your text matcher to make your matcher more flexible.

Ignored nodes: comments, script, style
[36m<body />[31m[39m
 [31mﾃ・[39m src/components/GridSystem.test.tsx[2m > [22mGridSystem Components[2m > [22mGridContent[2m > [22mshould render with custom columns[32m 1[2mms[22m[39m
[31m   竊・Unable to find an element with the text: Item 1. This could be because the text is broken up by multiple elements. In this case, you can provide a function for your text matcher to make your matcher more flexible.

Ignored nodes: comments, script, style
[36m<body />[31m[39m
 [31mﾃ・[39m src/components/GridSystem.test.tsx[2m > [22mGridSystem Components[2m > [22mGridContent[2m > [22mshould render with custom gap[32m 2[2mms[22m[39m
[31m   竊・Unable to find an element with the text: Item 1. This could be because the text is broken up by multiple elements. In this case, you can provide a function for your text matcher to make your matcher more flexible.

Ignored nodes: comments, script, style
[36m<body />[31m[39m
 [31mﾃ・[39m src/components/GridSystem.test.tsx[2m > [22mGridSystem Components[2m > [22mGridContent[2m > [22mshould apply custom className[32m 1[2mms[22m[39m
[31m   竊・Unable to find an element with the text: Test content. This could be because the text is broken up by multiple elements. In this case, you can provide a function for your text matcher to make your matcher more flexible.

Ignored nodes: comments, script, style
[36m<body />[31m[39m
 [31mﾃ・[39m src/components/GridSystem.test.tsx[2m > [22mGridSystem Components[2m > [22mContainerGrid[2m > [22mshould render with container query classes[32m 1[2mms[22m[39m
[31m   竊・Unable to find an element with the text: Test content. This could be because the text is broken up by multiple elements. In this case, you can provide a function for your text matcher to make your matcher more flexible.

Ignored nodes: comments, script, style
[36m<body />[31m[39m
 [31mﾃ・[39m src/components/GridSystem.test.tsx[2m > [22mGridSystem Components[2m > [22mContainerGrid[2m > [22mshould apply custom className[32m 1[2mms[22m[39m
[31m   竊・Unable to find an element with the text: Test content. This could be because the text is broken up by multiple elements. In this case, you can provide a function for your text matcher to make your matcher more flexible.

Ignored nodes: comments, script, style
[36m<body />[31m[39m
 [31mﾃ・[39m src/components/GridSystem.test.tsx[2m > [22mGridSystem Components[2m > [22mSubGrid[2m > [22mshould render with default props[32m 1[2mms[22m[39m
[31m   竊・Unable to find an element with the text: Item 1. This could be because the text is broken up by multiple elements. In this case, you can provide a function for your text matcher to make your matcher more flexible.

Ignored nodes: comments, script, style
[36m<body />[31m[39m
 [31mﾃ・[39m src/components/GridSystem.test.tsx[2m > [22mGridSystem Components[2m > [22mSubGrid[2m > [22mshould render with custom columns[32m 1[2mms[22m[39m
[31m   竊・Unable to find an element with the text: Item 1. This could be because the text is broken up by multiple elements. In this case, you can provide a function for your text matcher to make your matcher more flexible.

Ignored nodes: comments, script, style
[36m<body />[31m[39m
 [31mﾃ・[39m src/components/GridSystem.test.tsx[2m > [22mGridSystem Components[2m > [22mSubGrid[2m > [22mshould apply custom className[32m 1[2mms[22m[39m
[31m   竊・Unable to find an element with the text: Test content. This could be because the text is broken up by multiple elements. In this case, you can provide a function for your text matcher to make your matcher more flexible.

Ignored nodes: comments, script, style
[36m<body />[31m[39m
 [31mﾃ・[39m src/components/GridSystem.test.tsx[2m > [22mGridSystem Components[2m > [22mGridSection[2m > [22mshould render with default props[32m 4[2mms[22m[39m
[31m   竊・Unable to find an element with the text: Test content. This could be because the text is broken up by multiple elements. In this case, you can provide a function for your text matcher to make your matcher more flexible.

Ignored nodes: comments, script, style
[36m<body />[31m[39m
 [31mﾃ・[39m src/components/GridSystem.test.tsx[2m > [22mGridSystem Components[2m > [22mGridSection[2m > [22mshould render with custom spacing[32m 2[2mms[22m[39m
[31m   竊・Unable to find an element with the text: Test content. This could be because the text is broken up by multiple elements. In this case, you can provide a function for your text matcher to make your matcher more flexible.

Ignored nodes: comments, script, style
[36m<body />[31m[39m
 [31mﾃ・[39m src/components/GridSystem.test.tsx[2m > [22mGridSystem Components[2m > [22mGridSection[2m > [22mshould render without container[32m 2[2mms[22m[39m
[31m   竊・Unable to find an element with the text: Test content. This could be because the text is broken up by multiple elements. In this case, you can provide a function for your text matcher to make your matcher more flexible.

Ignored nodes: comments, script, style
[36m<body />[31m[39m
 [31mﾃ・[39m src/components/GridSystem.test.tsx[2m > [22mGridSystem Components[2m > [22mGridSection[2m > [22mshould apply custom className[32m 1[2mms[22m[39m
[31m   竊・Unable to find an element with the text: Test content. This could be because the text is broken up by multiple elements. In this case, you can provide a function for your text matcher to make your matcher more flexible.

Ignored nodes: comments, script, style
[36m<body />[31m[39m
 [31mﾃ・[39m src/components/GridSystem.test.tsx[2m > [22mGridSystem Components[2m > [22mGridItem[2m > [22mshould render without span[32m 1[2mms[22m[39m
[31m   竊・Unable to find an element with the text: Test content. This could be because the text is broken up by multiple elements. In this case, you can provide a function for your text matcher to make your matcher more flexible.

Ignored nodes: comments, script, style
[36m<body />[31m[39m
 [31mﾃ・[39m src/components/GridSystem.test.tsx[2m > [22mGridSystem Components[2m > [22mGridItem[2m > [22mshould render with span classes[32m 1[2mms[22m[39m
[31m   竊・Unable to find an element with the text: Test content. This could be because the text is broken up by multiple elements. In this case, you can provide a function for your text matcher to make your matcher more flexible.

Ignored nodes: comments, script, style
[36m<body />[31m[39m
 [31mﾃ・[39m src/components/GridSystem.test.tsx[2m > [22mGridSystem Components[2m > [22mGridItem[2m > [22mshould apply custom className[32m 1[2mms[22m[39m
[31m   竊・Unable to find an element with the text: Test content. This could be because the text is broken up by multiple elements. In this case, you can provide a function for your text matcher to make your matcher more flexible.

Ignored nodes: comments, script, style
[36m<body />[31m[39m
 [31mﾃ・[39m src/components/GridSystem.test.tsx[2m > [22mGridSystem Components[2m > [22mGridItem[2m > [22mshould handle partial span configuration[32m 1[2mms[22m[39m
[31m   竊・Unable to find an element with the text: Test content. This could be because the text is broken up by multiple elements. In this case, you can provide a function for your text matcher to make your matcher more flexible.

Ignored nodes: comments, script, style
[36m<body />[31m[39m
 [31mﾃ・[39m src/components/GridSystem.test.tsx[2m > [22mGridSystem Components[2m > [22mAutoFitGrid[2m > [22mshould render with default props[32m 1[2mms[22m[39m
[31m   竊・Unable to find an element with the text: Item 1. This could be because the text is broken up by multiple elements. In this case, you can provide a function for your text matcher to make your matcher more flexible.

Ignored nodes: comments, script, style
[36m<body />[31m[39m
 [31mﾃ・[39m src/components/GridSystem.test.tsx[2m > [22mGridSystem Components[2m > [22mAutoFitGrid[2m > [22mshould render with custom minWidth[32m 2[2mms[22m[39m
[31m   竊・Unable to find an element with the text: Item 1. This could be because the text is broken up by multiple elements. In this case, you can provide a function for your text matcher to make your matcher more flexible.

Ignored nodes: comments, script, style
[36m<body />[31m[39m
 [31mﾃ・[39m src/components/GridSystem.test.tsx[2m > [22mGridSystem Components[2m > [22mAutoFitGrid[2m > [22mshould apply custom className[32m 2[2mms[22m[39m
[31m   竊・Unable to find an element with the text: Test content. This could be because the text is broken up by multiple elements. In this case, you can provide a function for your text matcher to make your matcher more flexible.

Ignored nodes: comments, script, style
[36m<body />[31m[39m
 [31mﾃ・[39m src/components/GridSystem.test.tsx[2m > [22mGridSystem Components[2m > [22mComponent Integration[2m > [22mshould work together in a complex layout[32m 3[2mms[22m[39m
[31m   竊・Unable to find an element with the text: Header. This could be because the text is broken up by multiple elements. In this case, you can provide a function for your text matcher to make your matcher more flexible.

Ignored nodes: comments, script, style
[36m<body />[31m[39m
 [31mﾃ・[39m src/components/GridSystem.test.tsx[2m > [22mGridSystem Components[2m > [22mComponent Integration[2m > [22mshould handle nested grids[32m 2[2mms[22m[39m
[31m   竊・Unable to find an element with the text: Nested Item 1. This could be because the text is broken up by multiple elements. In this case, you can provide a function for your text matcher to make your matcher more flexible.

Ignored nodes: comments, script, style
[36m<body />[31m[39m
 [31mﾃ・[39m src/app/contact/page.test.tsx[2m > [22mContactPage[2m > [22mshould render the contact page with title and description[32m 6[2mms[22m[39m
[31m   竊・Unable to find an element with the text: Contact Us. This could be because the text is broken up by multiple elements. In this case, you can provide a function for your text matcher to make your matcher more flexible.

Ignored nodes: comments, script, style
[36m<body />[31m[39m
 [31mﾃ・[39m src/app/contact/page.test.tsx[2m > [22mContactPage[2m > [22mshould render the contact form[32m 5[2mms[22m[39m
[31m   竊・Unable to find an element by: [data-testid="contact-form"]

Ignored nodes: comments, script, style
[36m<body />[31m[39m
 [31mﾃ・[39m src/app/contact/page.test.tsx[2m > [22mContactPage[2m > [22mshould render contact information section[32m 5[2mms[22m[39m
[31m   竊・Unable to find an element with the text: Contact Information. This could be because the text is broken up by multiple elements. In this case, you can provide a function for your text matcher to make your matcher more flexible.

Ignored nodes: comments, script, style
[36m<body />[31m[39m
 [31mﾃ・[39m src/app/contact/page.test.tsx[2m > [22mContactPage[2m > [22mshould render business hours section[32m 6[2mms[22m[39m
[31m   竊・Unable to find an element with the text: Business Hours. This could be because the text is broken up by multiple elements. In this case, you can provide a function for your text matcher to make your matcher more flexible.

Ignored nodes: comments, script, style
[36m<body />[31m[39m
 [31mﾃ・[39m src/app/contact/page.test.tsx[2m > [22mContactPage[2m > [22mshould render FAQ section[32m 5[2mms[22m[39m
[31m   竊・Unable to find an element with the text: Frequently Asked Questions. This could be because the text is broken up by multiple elements. In this case, you can provide a function for your text matcher to make your matcher more flexible.

Ignored nodes: comments, script, style
[36m<body />[31m[39m
stderr | src/app/api/stats/[type]/route.test.ts > Stats API > GET > should handle errors
Application Error: {
  code: 'APPLICATION_ERROR',
  message: 'Failed to load stats',
  details: 'Error: Failed to load stats\n' +
    '    at C:\\Users\\rebui\\Downloads\\my-web-2025\\src\\app\\api\\stats\\[type]\\route.test.ts:93:64\n' +
    '    at file:///C:/Users/rebui/Downloads/my-web-2025/node_modules/@vitest/runner/dist/chunk-hooks.js:155:11\n' +
    '    at file:///C:/Users/rebui/Downloads/my-web-2025/node_modules/@vitest/runner/dist/chunk-hooks.js:752:26\n' +
    '    at file:///C:/Users/rebui/Downloads/my-web-2025/node_modules/@vitest/runner/dist/chunk-hooks.js:1897:20\n' +
    '    at new Promise (<anonymous>)\n' +
    '    at runWithTimeout (file:///C:/Users/rebui/Downloads/my-web-2025/node_modules/@vitest/runner/dist/chunk-hooks.js:1863:10)\n' +
    '    at runTest (file:///C:/Users/rebui/Downloads/my-web-2025/node_modules/@vitest/runner/dist/chunk-hooks.js:1574:12)\n' +
    '    at processTicksAndRejections (node:internal/process/task_queues:105:5)\n' +
    '    at runSuite (file:///C:/Users/rebui/Downloads/my-web-2025/node_modules/@vitest/runner/dist/chunk-hooks.js:1729:8)\n' +
    '    at runSuite (file:///C:/Users/rebui/Downloads/my-web-2025/node_modules/@vitest/runner/dist/chunk-hooks.js:1729:8)',
  timestamp: '2025-07-18T07:05:55.819Z',
  context: 'Stats API',
  userAgent: 'Mozilla/5.0 (win32) AppleWebKit/537.36 (KHTML, like Gecko) jsdom/26.1.0',
  url: 'http://localhost/'
}

stderr | src/app/api/stats/[type]/route.test.ts > Stats API > POST > should handle tracking errors
Application Error: {
  code: 'APPLICATION_ERROR',
  message: 'Failed to track stat',
  details: 'Error: Failed to track stat\n' +
    '    at C:\\Users\\rebui\\Downloads\\my-web-2025\\src\\app\\api\\stats\\[type]\\route.test.ts:181:65\n' +
    '    at file:///C:/Users/rebui/Downloads/my-web-2025/node_modules/@vitest/runner/dist/chunk-hooks.js:155:11\n' +
    '    at file:///C:/Users/rebui/Downloads/my-web-2025/node_modules/@vitest/runner/dist/chunk-hooks.js:752:26\n' +
    '    at file:///C:/Users/rebui/Downloads/my-web-2025/node_modules/@vitest/runner/dist/chunk-hooks.js:1897:20\n' +
    '    at new Promise (<anonymous>)\n' +
    '    at runWithTimeout (file:///C:/Users/rebui/Downloads/my-web-2025/node_modules/@vitest/runner/dist/chunk-hooks.js:1863:10)\n' +
    '    at runTest (file:///C:/Users/rebui/Downloads/my-web-2025/node_modules/@vitest/runner/dist/chunk-hooks.js:1574:12)\n' +
    '    at processTicksAndRejections (node:internal/process/task_queues:105:5)\n' +
    '    at runSuite (file:///C:/Users/rebui/Downloads/my-web-2025/node_modules/@vitest/runner/dist/chunk-hooks.js:1729:8)\n' +
    '    at runSuite (file:///C:/Users/rebui/Downloads/my-web-2025/node_modules/@vitest/runner/dist/chunk-hooks.js:1729:8)',
  timestamp: '2025-07-18T07:05:55.819Z',
  context: 'Stats Tracking API',
  userAgent: 'Mozilla/5.0 (win32) AppleWebKit/537.36 (KHTML, like Gecko) jsdom/26.1.0',
  url: 'http://localhost/'
}

stderr | src/app/api/stats/[type]/route.test.ts > Stats API > POST > should handle malformed JSON
Application Error: {
  code: 'APPLICATION_ERROR',
  message: `Unexpected token 'i', "invalid json" is not valid JSON`,
  details: `SyntaxError: Unexpected token 'i', "invalid json" is not valid JSON\n` +
    '    at JSON.parse (<anonymous>)\n' +
    '    at parseJSONFromBytes (node:internal/deps/undici/undici:5682:19)\n' +
    '    at successSteps (node:internal/deps/undici/undici:5663:27)\n' +
    '    at fullyReadBody (node:internal/deps/undici/undici:4561:9)\n' +
    '    at processTicksAndRejections (node:internal/process/task_queues:105:5)\n' +
    '    at consumeBody (node:internal/deps/undici/undici:5672:7)\n' +
    '    at Module.POST (C:\\Users\\rebui\\Downloads\\my-web-2025\\src\\app\\api\\stats\\[type]\\route.ts:102:18)\n' +
    '    at C:\\Users\\rebui\\Downloads\\my-web-2025\\src\\app\\api\\stats\\[type]\\route.test.ts:206:24\n' +
    '    at file:///C:/Users/rebui/Downloads/my-web-2025/node_modules/@vitest/runner/dist/chunk-hooks.js:752:20',
  timestamp: '2025-07-18T07:05:55.819Z',
  context: 'Stats Tracking API',
  userAgent: 'Mozilla/5.0 (win32) AppleWebKit/537.36 (KHTML, like Gecko) jsdom/26.1.0',
  url: 'http://localhost/'
}

 [32m笨・[39m src/app/api/stats/[type]/route.test.ts[2m > [22mStats API[2m > [22mGET[2m > [22mshould return statistics for a valid type[32m 4[2mms[22m[39m
 [32m笨・[39m src/app/api/stats/[type]/route.test.ts[2m > [22mStats API[2m > [22mGET[2m > [22mshould return statistics for a specific ID[32m 2[2mms[22m[39m
 [32m笨・[39m src/app/api/stats/[type]/route.test.ts[2m > [22mStats API[2m > [22mGET[2m > [22mshould return top statistics[32m 1[2mms[22m[39m
 [32m笨・[39m src/app/api/stats/[type]/route.test.ts[2m > [22mStats API[2m > [22mGET[2m > [22mshould validate content type[32m 1[2mms[22m[39m
 [32m笨・[39m src/app/api/stats/[type]/route.test.ts[2m > [22mStats API[2m > [22mGET[2m > [22mshould handle errors[32m 2[2mms[22m[39m
 [31mﾃ・[39m src/app/api/stats/[type]/route.test.ts[2m > [22mStats API[2m > [22mGET[2m > [22mshould handle top stats errors[32m 3[2mms[22m[39m
[31m   竊・expected 200 to be 500 // Object.is equality[39m
 [32m笨・[39m src/app/api/stats/[type]/route.test.ts[2m > [22mStats API[2m > [22mPOST[2m > [22mshould track a new statistic[32m 2[2mms[22m[39m
 [32m笨・[39m src/app/api/stats/[type]/route.test.ts[2m > [22mStats API[2m > [22mPOST[2m > [22mshould validate content type in POST[32m 2[2mms[22m[39m
 [32m笨・[39m src/app/api/stats/[type]/route.test.ts[2m > [22mStats API[2m > [22mPOST[2m > [22mshould require an ID[32m 2[2mms[22m[39m
 [32m笨・[39m src/app/api/stats/[type]/route.test.ts[2m > [22mStats API[2m > [22mPOST[2m > [22mshould handle tracking errors[32m 2[2mms[22m[39m
 [32m笨・[39m src/app/api/stats/[type]/route.test.ts[2m > [22mStats API[2m > [22mPOST[2m > [22mshould handle malformed JSON[32m 2[2mms[22m[39m
 [31mﾃ・[39m src/app/02_portfolio/stats/page.test.tsx[2m > [22mPortfolioStatsPage[2m > [22mshould render the portfolio stats page with title and description[32m 5[2mms[22m[39m
[31m   竊・Unable to find an element with the text: Portfolio Statistics. This could be because the text is broken up by multiple elements. In this case, you can provide a function for your text matcher to make your matcher more flexible.

Ignored nodes: comments, script, style
[36m<body />[31m[39m
 [32m笨・[39m src/app/02_portfolio/stats/page.test.tsx[2m > [22mPortfolioStatsPage[2m > [22mshould fetch top stats and portfolio items[32m 1[2mms[22m[39m
 [31mﾃ・[39m src/app/02_portfolio/stats/page.test.tsx[2m > [22mPortfolioStatsPage[2m > [22mshould pass mapped portfolio stats to the PortfolioStats component[32m 3[2mms[22m[39m
[31m   竊・Unable to find an element by: [data-testid="portfolio-stats"]

Ignored nodes: comments, script, style
[36m<body />[31m[39m
 [31mﾃ・[39m src/app/02_portfolio/stats/page.test.tsx[2m > [22mPortfolioStatsPage[2m > [22mshould render the back link[32m 3[2mms[22m[39m
[31m   竊・Unable to find an element with the text: Back to Portfolio. This could be because the text is broken up by multiple elements. In this case, you can provide a function for your text matcher to make your matcher more flexible.

Ignored nodes: comments, script, style
[36m<body />[31m[39m
 [31mﾃ・[39m src/app/02_portfolio/stats/page.test.tsx[2m > [22mPortfolioStatsPage[2m > [22mshould handle unknown portfolio items[32m 3[2mms[22m[39m
[31m   竊・Unable to find an element by: [data-testid="portfolio-stat-item"]

Ignored nodes: comments, script, style
[36m<body />[31m[39m
stderr | src/app/api/contact/route.test.ts > Contact API > POST > should process a valid contact form submission
Application Error: {
  code: 'APPLICATION_ERROR',
  message: 'recaptchaService.verifyToken is not a function',
  details: 'TypeError: recaptchaService.verifyToken is not a function\n' +
    '    at Module.POST (C:\\Users\\rebui\\Downloads\\my-web-2025\\src\\app\\api\\contact\\route.ts:128:55)\n' +
    '    at processTicksAndRejections (node:internal/process/task_queues:105:5)\n' +
    '    at C:\\Users\\rebui\\Downloads\\my-web-2025\\src\\app\\api\\contact\\route.test.ts:80:24\n' +
    '    at file:///C:/Users/rebui/Downloads/my-web-2025/node_modules/@vitest/runner/dist/chunk-hooks.js:752:20',
  timestamp: '2025-07-18T07:05:55.819Z',
  context: 'Contact Form API',
  userAgent: 'Mozilla/5.0 (win32) AppleWebKit/537.36 (KHTML, like Gecko) jsdom/26.1.0',
  url: 'http://localhost/'
}

stderr | src/app/api/contact/route.test.ts > Contact API > POST > should route emails based on inquiry type
Application Error: {
  code: 'APPLICATION_ERROR',
  message: 'recaptchaService.verifyToken is not a function',
  details: 'TypeError: recaptchaService.verifyToken is not a function\n' +
    '    at Module.POST (C:\\Users\\rebui\\Downloads\\my-web-2025\\src\\app\\api\\contact\\route.ts:128:55)\n' +
    '    at processTicksAndRejections (node:internal/process/task_queues:105:5)\n' +
    '    at C:\\Users\\rebui\\Downloads\\my-web-2025\\src\\app\\api\\contact\\route.test.ts:126:7\n' +
    '    at file:///C:/Users/rebui/Downloads/my-web-2025/node_modules/@vitest/runner/dist/chunk-hooks.js:752:20',
  timestamp: '2025-07-18T07:05:55.819Z',
  context: 'Contact Form API',
  userAgent: 'Mozilla/5.0 (win32) AppleWebKit/537.36 (KHTML, like Gecko) jsdom/26.1.0',
  url: 'http://localhost/'
}

stderr | src/app/api/contact/route.test.ts > Contact API > POST > should route emails based on inquiry type
Application Error: {
  code: 'APPLICATION_ERROR',
  message: 'recaptchaService.verifyToken is not a function',
  details: 'TypeError: recaptchaService.verifyToken is not a function\n' +
    '    at Module.POST (C:\\Users\\rebui\\Downloads\\my-web-2025\\src\\app\\api\\contact\\route.ts:128:55)\n' +
    '    at processTicksAndRejections (node:internal/process/task_queues:105:5)\n' +
    '    at C:\\Users\\rebui\\Downloads\\my-web-2025\\src\\app\\api\\contact\\route.test.ts:144:7\n' +
    '    at file:///C:/Users/rebui/Downloads/my-web-2025/node_modules/@vitest/runner/dist/chunk-hooks.js:752:20',
  timestamp: '2025-07-18T07:05:55.819Z',
  context: 'Contact Form API',
  userAgent: 'Mozilla/5.0 (win32) AppleWebKit/537.36 (KHTML, like Gecko) jsdom/26.1.0',
  url: 'http://localhost/'
}

stderr | src/app/api/contact/route.test.ts > Contact API > POST > should verify reCAPTCHA token
reCAPTCHA verification failed: Invalid token

stderr | src/app/api/contact/route.test.ts > Contact API > POST > should handle email sending failure
Application Error: {
  code: 'APPLICATION_ERROR',
  message: 'recaptchaService.verifyToken is not a function',
  details: 'TypeError: recaptchaService.verifyToken is not a function\n' +
    '    at Module.POST (C:\\Users\\rebui\\Downloads\\my-web-2025\\src\\app\\api\\contact\\route.ts:128:55)\n' +
    '    at processTicksAndRejections (node:internal/process/task_queues:105:5)\n' +
    '    at C:\\Users\\rebui\\Downloads\\my-web-2025\\src\\app\\api\\contact\\route.test.ts:284:24\n' +
    '    at file:///C:/Users/rebui/Downloads/my-web-2025/node_modules/@vitest/runner/dist/chunk-hooks.js:752:20',
  timestamp: '2025-07-18T07:05:55.819Z',
  context: 'Contact Form API',
  userAgent: 'Mozilla/5.0 (win32) AppleWebKit/537.36 (KHTML, like Gecko) jsdom/26.1.0',
  url: 'http://localhost/'
}

 [31mﾃ・[39m src/app/api/contact/route.test.ts[2m > [22mContact API[2m > [22mPOST[2m > [22mshould process a valid contact form submission[32m 5[2mms[22m[39m
[31m   竊・expected 500 to be 200 // Object.is equality[39m
 [31mﾃ・[39m src/app/api/contact/route.test.ts[2m > [22mContact API[2m > [22mPOST[2m > [22mshould route emails based on inquiry type[32m 4[2mms[22m[39m
[31m   竊・expected "spy" to be called 2 times, but got 0 times[39m
 [32m笨・[39m src/app/api/contact/route.test.ts[2m > [22mContact API[2m > [22mPOST[2m > [22mshould validate form data[32m 3[2mms[22m[39m
 [32m笨・[39m src/app/api/contact/route.test.ts[2m > [22mContact API[2m > [22mPOST[2m > [22mshould require reCAPTCHA token[32m 4[2mms[22m[39m
 [32m笨・[39m src/app/api/contact/route.test.ts[2m > [22mContact API[2m > [22mPOST[2m > [22mshould verify reCAPTCHA token[32m 5[2mms[22m[39m
 [31mﾃ・[39m src/app/api/contact/route.test.ts[2m > [22mContact API[2m > [22mPOST[2m > [22mshould handle email sending failure[32m 4[2mms[22m[39m
[31m   竊・expected 'Failed to process contact form submis窶ｦ' to contain 'Failed to send email'[39m
 [32m笨・[39m src/app/api/contact/route.test.ts[2m > [22mContact API[2m > [22mPOST[2m > [22mshould handle missing Resend API key[32m 5[2mms[22m[39m
 [32m笨・[39m src/app/api/contact/route.test.ts[2m > [22mContact API[2m > [22mGET[2m > [22mshould not allow GET requests[32m 2[2mms[22m[39m
 [31mﾃ・[39m src/app/04_tools/text-counter/page.test.tsx[2m > [22mTextCounterPage[2m > [22mshould render the text counter page with title and description[32m 5[2mms[22m[39m
[31m   竊・Unable to find an element with the text: Text Counter. This could be because the text is broken up by multiple elements. In this case, you can provide a function for your text matcher to make your matcher more flexible.

Ignored nodes: comments, script, style
[36m<body />[31m[39m
 [31mﾃ・[39m src/app/04_tools/text-counter/page.test.tsx[2m > [22mTextCounterPage[2m > [22mshould render the text counter component[32m 3[2mms[22m[39m
[31m   竊・Unable to find an element by: [data-testid="text-counter-component"]

Ignored nodes: comments, script, style
[36m<body />[31m[39m
 [31mﾃ・[39m src/app/04_tools/text-counter/page.test.tsx[2m > [22mTextCounterPage[2m > [22mshould render the tool usage tracker with correct tool ID[32m 3[2mms[22m[39m
[31m   竊・Unable to find an element by: [data-testid="tool-usage-tracker"]

Ignored nodes: comments, script, style
[36m<body />[31m[39m
 [31mﾃ・[39m src/app/04_tools/text-counter/page.test.tsx[2m > [22mTextCounterPage[2m > [22mshould render the back link[32m 3[2mms[22m[39m
[31m   竊・Unable to find an element with the text: Back to Tools. This could be because the text is broken up by multiple elements. In this case, you can provide a function for your text matcher to make your matcher more flexible.

Ignored nodes: comments, script, style
[36m<body />[31m[39m
 [31mﾃ・[39m src/app/04_tools/text-counter/page.test.tsx[2m > [22mTextCounterPage[2m > [22mshould render the about section[32m 3[2mms[22m[39m
[31m   竊・Unable to find an element with the text: About this tool. This could be because the text is broken up by multiple elements. In this case, you can provide a function for your text matcher to make your matcher more flexible.

Ignored nodes: comments, script, style
[36m<body />[31m[39m
 [31mﾃ・[39m src/lib/email/email-service.test.ts[2m > [22mEmailService[2m > [22msendContactNotification[2m > [22mshould send notification email successfully[32m 4[2mms[22m[39m
[31m   竊・expected false to be true // Object.is equality[39m
 [31mﾃ・[39m src/lib/email/email-service.test.ts[2m > [22mEmailService[2m > [22msendContactNotification[2m > [22mshould route design inquiries to the correct email[32m 2[2mms[22m[39m
[31m   竊・expected "spy" to be called with arguments: [ ObjectContaining{窶ｦ} ][90m

Number of calls: [1m0[22m
[31m[39m
 [31mﾃ・[39m src/lib/email/email-service.test.ts[2m > [22mEmailService[2m > [22msendContactNotification[2m > [22mshould route general inquiries to the fallback email[32m 1[2mms[22m[39m
[31m   竊・expected "spy" to be called with arguments: [ ObjectContaining{窶ｦ} ][90m

Number of calls: [1m0[22m
[31m[39m
 [31mﾃ・[39m src/lib/email/email-service.test.ts[2m > [22mEmailService[2m > [22msendContactNotification[2m > [22mshould handle email sending errors[32m 1[2mms[22m[39m
[31m   竊・expected 'Cannot read properties of undefined (窶ｦ' to be 'Failed to send email' // Object.is equality[39m
 [31mﾃ・[39m src/lib/email/email-service.test.ts[2m > [22mEmailService[2m > [22msendAutoReply[2m > [22mshould send auto-reply email successfully[32m 1[2mms[22m[39m
[31m   竊・expected false to be true // Object.is equality[39m
 [31mﾃ・[39m src/lib/email/email-service.test.ts[2m > [22mEmailService[2m > [22msendAutoReply[2m > [22mshould handle email sending errors[32m 1[2mms[22m[39m
[31m   竊・expected 'Cannot read properties of undefined (窶ｦ' to be 'Failed to send email' // Object.is equality[39m
 [31mﾃ・[39m src/lib/email/email-service.test.ts[2m > [22mEmailService[2m > [22mprocessContactForm[2m > [22mshould process contact form successfully[32m 1[2mms[22m[39m
[31m   竊・expected false to be true // Object.is equality[39m
 [31mﾃ・[39m src/lib/email/email-service.test.ts[2m > [22mEmailService[2m > [22mprocessContactForm[2m > [22mshould handle notification email failure[32m 1[2mms[22m[39m
[31m   竊・expected false to be true // Object.is equality[39m
 [31mﾃ・[39m src/lib/email/email-service.test.ts[2m > [22mEmailService[2m > [22mprocessContactForm[2m > [22mshould handle auto-reply email failure[32m 1[2mms[22m[39m
[31m   竊・expected false to be true // Object.is equality[39m
 [32m笨・[39m src/lib/email/email-service.test.ts[2m > [22mEmailService[2m > [22mprocessContactForm[2m > [22mshould handle both emails failing[32m 1[2mms[22m[39m
 [32m笨・[39m src/lib/search/search-engine.test.ts[2m > [22mSearch Engine[2m > [22mshould return all items when query is empty[32m 4[2mms[22m[39m
 [32m笨・[39m src/lib/search/search-engine.test.ts[2m > [22mSearch Engine[2m > [22mshould filter by content type[32m 2[2mms[22m[39m
 [32m笨・[39m src/lib/search/search-engine.test.ts[2m > [22mSearch Engine[2m > [22mshould filter by category[32m 1[2mms[22m[39m
 [32m笨・[39m src/lib/search/search-engine.test.ts[2m > [22mSearch Engine[2m > [22mshould filter by tags[32m 1[2mms[22m[39m
 [32m笨・[39m src/lib/search/search-engine.test.ts[2m > [22mSearch Engine[2m > [22mshould find exact matches in title[32m 2[2mms[22m[39m
 [32m笨・[39m src/lib/search/search-engine.test.ts[2m > [22mSearch Engine[2m > [22mshould find partial matches[32m 1[2mms[22m[39m
 [31mﾃ・[39m src/lib/search/search-engine.test.ts[2m > [22mSearch Engine[2m > [22mshould generate highlights for matches[32m 5[2mms[22m[39m
[31m   竊・expected [ { id: 'portfolio-1', 窶ｦ(6) }, 窶ｦ(1) ] to have a length of 1 but got 2[39m
 [32m笨・[39m src/lib/search/search-engine.test.ts[2m > [22mSearch Engine[2m > [22mshould apply pagination[32m 2[2mms[22m[39m
 [32m笨・[39m src/lib/search/search-engine.test.ts[2m > [22mSearch Engine[2m > [22mshould handle fuzzy matching[32m 2[2mms[22m[39m
 [32m笨・[39m src/lib/search/search-engine.test.ts[2m > [22mSearch Engine[2m > [22mshould disable fuzzy matching when specified[32m 2[2mms[22m[39m
 [32m笨・[39m src/lib/search/search-engine.test.ts[2m > [22mSearch Engine[2m > [22mshould suggest queries when no results found[32m 1[2mms[22m[39m
 [32m笨・[39m src/lib/search/search-engine.test.ts[2m > [22mSearch Engine[2m > [22mshould handle errors gracefully[32m 2[2mms[22m[39m
 [31mﾃ・[39m src/app/02_portfolio/[id]/page.test.tsx[2m > [22mPortfolioDetailPage[2m > [22mshould render the portfolio detail page[32m 4[2mms[22m[39m
[31m   竊・Unable to find an element by: [data-testid="portfolio-detail"]

Ignored nodes: comments, script, style
[36m<body />[31m[39m
 [32m笨・[39m src/app/02_portfolio/[id]/page.test.tsx[2m > [22mPortfolioDetailPage[2m > [22mshould track view when page is loaded[32m 1[2mms[22m[39m
 [32m笨・[39m src/app/02_portfolio/[id]/page.test.tsx[2m > [22mPortfolioDetailPage[2m > [22mshould return 404 if item not found[32m 1[2mms[22m[39m
 [32m笨・[39m src/app/02_portfolio/[id]/page.test.tsx[2m > [22mPortfolioDetailPage[2m > [22mgenerateMetadata[2m > [22mshould generate metadata from portfolio item[32m 1[2mms[22m[39m
 [32m笨・[39m src/app/02_portfolio/[id]/page.test.tsx[2m > [22mPortfolioDetailPage[2m > [22mgenerateMetadata[2m > [22mshould handle item with SEO data[32m 1[2mms[22m[39m
 [32m笨・[39m src/app/02_portfolio/[id]/page.test.tsx[2m > [22mPortfolioDetailPage[2m > [22mgenerateMetadata[2m > [22mshould handle item not found[32m 1[2mms[22m[39m
 [31mﾃ・[39m src/app/02_portfolio/page.test.tsx[2m > [22mPortfolioPage[2m > [22mshould render the portfolio page with title and description[32m 4[2mms[22m[39m
[31m   竊・Unable to find an element with the text: Portfolio. This could be because the text is broken up by multiple elements. In this case, you can provide a function for your text matcher to make your matcher more flexible.

Ignored nodes: comments, script, style
[36m<body />[31m[39m
 [31mﾃ・[39m src/app/02_portfolio/page.test.tsx[2m > [22mPortfolioPage[2m > [22mshould pass portfolio items to gallery component[32m 2[2mms[22m[39m
[31m   竊・Unable to find an element by: [data-testid="initial-items"]

Ignored nodes: comments, script, style
[36m<body />[31m[39m
 [31mﾃ・[39m src/app/02_portfolio/page.test.tsx[2m > [22mPortfolioPage[2m > [22mshould pass category from search params[32m 2[2mms[22m[39m
[31m   竊・Unable to find an element by: [data-testid="initial-category"]

Ignored nodes: comments, script, style
[36m<body />[31m[39m
 [31mﾃ・[39m src/app/02_portfolio/page.test.tsx[2m > [22mPortfolioPage[2m > [22mshould default to "all" category if not specified[32m 3[2mms[22m[39m
[31m   竊・Unable to find an element by: [data-testid="initial-category"]

Ignored nodes: comments, script, style
[36m<body />[31m[39m
 [31mﾃ・[39m src/app/04_tools/components/PiGame.test.tsx[2m > [22mPiGame Component[2m > [22mshould render the pi game component[32m 4[2mms[22m[39m
[31m   竊・Unable to find an accessible element with the role "heading" and name "Pi Game"

There are no accessible roles. But there might be some inaccessible roles. If you wish to access them, then set the `hidden` option to `true`. Learn more about this here: https://testing-library.com/docs/dom-testing-library/api-queries#byrole

Ignored nodes: comments, script, style
[36m<body />[31m[39m
 [31mﾃ・[39m src/app/04_tools/components/PiGame.test.tsx[2m > [22mPiGame Component[2m > [22mshould have proper heading styling[32m 3[2mms[22m[39m
[31m   竊・Unable to find an accessible element with the role "heading" and name "Pi Game"

There are no accessible roles. But there might be some inaccessible roles. If you wish to access them, then set the `hidden` option to `true`. Learn more about this here: https://testing-library.com/docs/dom-testing-library/api-queries#byrole

Ignored nodes: comments, script, style
[36m<body />[31m[39m
 [31mﾃ・[39m src/app/04_tools/components/PiGame.test.tsx[2m > [22mPiGame Component[2m > [22mshould have proper description styling[32m 3[2mms[22m[39m
[31m   竊・Unable to find an element with the text: Pi sequence memory game - Coming soon with number pad interface. This could be because the text is broken up by multiple elements. In this case, you can provide a function for your text matcher to make your matcher more flexible.

Ignored nodes: comments, script, style
[36m<body />[31m[39m
 [31mﾃ・[39m src/app/04_tools/components/AeExpression.test.tsx[2m > [22mAeExpression Component[2m > [22mshould render the AE Expression component[32m 4[2mms[22m[39m
[31m   竊・Unable to find an accessible element with the role "heading" and name "AE Expression"

There are no accessible roles. But there might be some inaccessible roles. If you wish to access them, then set the `hidden` option to `true`. Learn more about this here: https://testing-library.com/docs/dom-testing-library/api-queries#byrole

Ignored nodes: comments, script, style
[36m<body />[31m[39m
 [31mﾃ・[39m src/app/04_tools/components/AeExpression.test.tsx[2m > [22mAeExpression Component[2m > [22mshould have proper heading styling[32m 4[2mms[22m[39m
[31m   竊・Unable to find an accessible element with the role "heading" and name "AE Expression"

There are no accessible roles. But there might be some inaccessible roles. If you wish to access them, then set the `hidden` option to `true`. Learn more about this here: https://testing-library.com/docs/dom-testing-library/api-queries#byrole

Ignored nodes: comments, script, style
[36m<body />[31m[39m
 [31mﾃ・[39m src/app/04_tools/components/AeExpression.test.tsx[2m > [22mAeExpression Component[2m > [22mshould have proper description styling[32m 4[2mms[22m[39m
[31m   竊・Unable to find an element with the text: After Effects expression generator - Coming soon with Scratch-like block interface. This could be because the text is broken up by multiple elements. In this case, you can provide a function for your text matcher to make your matcher more flexible.

Ignored nodes: comments, script, style
[36m<body />[31m[39m
 [31mﾃ・[39m src/app/04_tools/components/ProtoType.test.tsx[2m > [22mProtoType Component[2m > [22mshould render the prototype component[32m 3[2mms[22m[39m
[31m   竊・Unable to find an accessible element with the role "heading" and name "ProtoType"

There are no accessible roles. But there might be some inaccessible roles. If you wish to access them, then set the `hidden` option to `true`. Learn more about this here: https://testing-library.com/docs/dom-testing-library/api-queries#byrole

Ignored nodes: comments, script, style
[36m<body />[31m[39m
 [31mﾃ・[39m src/app/04_tools/components/ProtoType.test.tsx[2m > [22mProtoType Component[2m > [22mshould have proper heading styling[32m 3[2mms[22m[39m
[31m   竊・Unable to find an accessible element with the role "heading" and name "ProtoType"

There are no accessible roles. But there might be some inaccessible roles. If you wish to access them, then set the `hidden` option to `true`. Learn more about this here: https://testing-library.com/docs/dom-testing-library/api-queries#byrole

Ignored nodes: comments, script, style
[36m<body />[31m[39m
 [31mﾃ・[39m src/app/04_tools/components/ProtoType.test.tsx[2m > [22mProtoType Component[2m > [22mshould have proper description styling[32m 2[2mms[22m[39m
[31m   竊・Unable to find an element with the text: PIXIjs typing game - Coming soon with GitHub repository integration. This could be because the text is broken up by multiple elements. In this case, you can provide a function for your text matcher to make your matcher more flexible.

Ignored nodes: comments, script, style
[36m<body />[31m[39m
[90mstdout[2m | src/test/simple-component.test.tsx[2m > [22m[2mSimple Component Test[2m > [22m[2mshould render with children
[22m[39mDocument HTML: <html><head></head><body><div data-testid="simple-component"><span>Test content</span></div></body></html>

 [31mﾃ・[39m src/test/simple-component.test.tsx[2m > [22mSimple Component Test[2m > [22mshould render with children[32m 7[2mms[22m[39m
[31m   竊・Unable to find an element by: [data-testid="simple-component"]

Ignored nodes: comments, script, style
[36m<body />[31m[39m
 [31mﾃ・[39m src/test/simple-component.test.tsx[2m > [22mSimple Component Test[2m > [22mshould apply custom className[32m 4[2mms[22m[39m
[31m   竊・Unable to find an element by: [data-testid="simple-component"]

Ignored nodes: comments, script, style
[36m<body />[31m[39m
stderr | src/app/layout.test.tsx > RootLayout > should render children and apply font classes
In HTML, <html> cannot be a child of <div>.
This will cause a hydration error.

 [31mﾃ・[39m src/app/layout.test.tsx[2m > [22mRootLayout[2m > [22mshould render children and apply font classes[32m 7[2mms[22m[39m
[31m   竊・Unable to find an element by: [data-testid="child-element"]

Ignored nodes: comments, script, style
[36m<body />[31m[39m
 [31mﾃ・[39m src/app/04_tools/components/BusinessMailBlock.test.tsx[2m > [22mBusinessMailBlock Component[2m > [22mshould render the business mail block component[32m 3[2mms[22m[39m
[31m   竊・Unable to find an accessible element with the role "heading" and name "Business Mail Block"

There are no accessible roles. But there might be some inaccessible roles. If you wish to access them, then set the `hidden` option to `true`. Learn more about this here: https://testing-library.com/docs/dom-testing-library/api-queries#byrole

Ignored nodes: comments, script, style
[36m<body />[31m[39m
 [31mﾃ・[39m src/app/04_tools/components/BusinessMailBlock.test.tsx[2m > [22mBusinessMailBlock Component[2m > [22mshould have proper heading styling[32m 3[2mms[22m[39m
[31m   竊・Unable to find an accessible element with the role "heading" and name "Business Mail Block"

There are no accessible roles. But there might be some inaccessible roles. If you wish to access them, then set the `hidden` option to `true`. Learn more about this here: https://testing-library.com/docs/dom-testing-library/api-queries#byrole

Ignored nodes: comments, script, style
[36m<body />[31m[39m
 [31mﾃ・[39m src/app/04_tools/components/BusinessMailBlock.test.tsx[2m > [22mBusinessMailBlock Component[2m > [22mshould have proper description styling[32m 3[2mms[22m[39m
[31m   竊・Unable to find an element with the text: Business mail template generator - Coming soon with Scratch-like block interface. This could be because the text is broken up by multiple elements. In this case, you can provide a function for your text matcher to make your matcher more flexible.

Ignored nodes: comments, script, style
[36m<body />[31m[39m
 [31mﾃ・[39m src/app/04_tools/components/PriceCalculator.test.tsx[2m > [22mPriceCalculator Component[2m > [22mshould render the Price Calculator component[32m 4[2mms[22m[39m
[31m   竊・Unable to find an accessible element with the role "heading" and name "Price Calculator"

There are no accessible roles. But there might be some inaccessible roles. If you wish to access them, then set the `hidden` option to `true`. Learn more about this here: https://testing-library.com/docs/dom-testing-library/api-queries#byrole

Ignored nodes: comments, script, style
[36m<body />[31m[39m
 [32m笨・[39m src/app/02_portfolio/components/PortfolioDetail.test.tsx[2m > [22mPortfolioDetail[2m > [22mshould render portfolio details[32m 12[2mms[22m[39m
 [32m笨・[39m src/app/02_portfolio/components/PortfolioDetail.test.tsx[2m > [22mPortfolioDetail[2m > [22mshould render back link[32m 10[2mms[22m[39m
 [32m笨・[39m src/app/02_portfolio/components/PortfolioDetail.test.tsx[2m > [22mPortfolioDetail[2m > [22mshould render tags[32m 7[2mms[22m[39m
 [32m笨・[39m src/app/02_portfolio/components/PortfolioDetail.test.tsx[2m > [22mPortfolioDetail[2m > [22mshould render external links[32m 7[2mms[22m[39m
 [32m笨・[39m src/app/02_portfolio/components/PortfolioDetail.test.tsx[2m > [22mPortfolioDetail[2m > [22mshould render image gallery[32m 7[2mms[22m[39m
 [32m笨・[39m src/app/02_portfolio/components/PortfolioDetail.test.tsx[2m > [22mPortfolioDetail[2m > [22mshould change selected image when clicking on thumbnail[32m 17[2mms[22m[39m
 [32m笨・[39m src/app/02_portfolio/components/PortfolioDetail.test.tsx[2m > [22mPortfolioDetail[2m > [22mshould render YouTube video embed[32m 13[2mms[22m[39m
 [32m笨・[39m src/app/02_portfolio/components/PortfolioDetail.test.tsx[2m > [22mPortfolioDetail[2m > [22mshould render Vimeo video embed[32m 9[2mms[22m[39m
 [32m笨・[39m src/app/02_portfolio/components/PortfolioDetail.test.tsx[2m > [22mPortfolioDetail[2m > [22mshould render multiple videos[32m 13[2mms[22m[39m
 [32m笨・[39m src/app/02_portfolio/components/PortfolioDetail.test.tsx[2m > [22mPortfolioDetail[2m > [22mshould render HTML content[32m 7[2mms[22m[39m
 [32m笨・[39m src/app/02_portfolio/components/PortfolioDetail.test.tsx[2m > [22mPortfolioDetail[2m > [22mshould handle missing optional fields[32m 4[2mms[22m[39m
 [32m笨・[39m src/lib/utils/string.test.ts[2m > [22mString Utils[2m > [22mtruncateText[2m > [22mshould return original text if within length limit[32m 2[2mms[22m[39m
 [32m笨・[39m src/lib/utils/string.test.ts[2m > [22mString Utils[2m > [22mtruncateText[2m > [22mshould truncate text with default suffix[32m 1[2mms[22m[39m
 [32m笨・[39m src/lib/utils/string.test.ts[2m > [22mString Utils[2m > [22mtruncateText[2m > [22mshould truncate text with custom suffix[32m 1[2mms[22m[39m
 [32m笨・[39m src/lib/utils/string.test.ts[2m > [22mString Utils[2m > [22mtruncateText[2m > [22mshould handle edge case with maxLength equal to suffix length[32m 1[2mms[22m[39m
 [32m笨・[39m src/lib/utils/string.test.ts[2m > [22mString Utils[2m > [22mtruncateText[2m > [22mshould handle empty text[32m 1[2mms[22m[39m
 [32m笨・[39m src/lib/utils/string.test.ts[2m > [22mString Utils[2m > [22mcapitalizeFirst[2m > [22mshould capitalize first letter[32m 1[2mms[22m[39m
 [32m笨・[39m src/lib/utils/string.test.ts[2m > [22mString Utils[2m > [22mcapitalizeFirst[2m > [22mshould handle single character[32m 1[2mms[22m[39m
 [32m笨・[39m src/lib/utils/string.test.ts[2m > [22mString Utils[2m > [22mcapitalizeFirst[2m > [22mshould handle empty string[32m 1[2mms[22m[39m
 [32m笨・[39m src/lib/utils/string.test.ts[2m > [22mString Utils[2m > [22mcapitalizeFirst[2m > [22mshould handle already capitalized text[32m 2[2mms[22m[39m
 [32m笨・[39m src/lib/utils/string.test.ts[2m > [22mString Utils[2m > [22mcapitalizeWords[2m > [22mshould capitalize each word[32m 3[2mms[22m[39m
 [32m笨・[39m src/lib/utils/string.test.ts[2m > [22mString Utils[2m > [22mcapitalizeWords[2m > [22mshould handle single word[32m 2[2mms[22m[39m
 [32m笨・[39m src/lib/utils/string.test.ts[2m > [22mString Utils[2m > [22mcapitalizeWords[2m > [22mshould handle mixed case[32m 1[2mms[22m[39m
 [32m笨・[39m src/lib/utils/string.test.ts[2m > [22mString Utils[2m > [22mcapitalizeWords[2m > [22mshould handle words with numbers[32m 1[2mms[22m[39m
 [32m笨・[39m src/lib/utils/string.test.ts[2m > [22mString Utils[2m > [22mslugify[2m > [22mshould create URL-friendly slug[32m 7[2mms[22m[39m
 [32m笨・[39m src/lib/utils/string.test.ts[2m > [22mString Utils[2m > [22mslugify[2m > [22mshould remove special characters[32m 3[2mms[22m[39m
 [32m笨・[39m src/lib/utils/string.test.ts[2m > [22mString Utils[2m > [22mslugify[2m > [22mshould handle consecutive spaces and dashes[32m 2[2mms[22m[39m
 [32m笨・[39m src/lib/utils/string.test.ts[2m > [22mString Utils[2m > [22mslugify[2m > [22mshould remove leading and trailing dashes[32m 1[2mms[22m[39m
 [32m笨・[39m src/lib/utils/string.test.ts[2m > [22mString Utils[2m > [22mslugify[2m > [22mshould handle empty string[32m 1[2mms[22m[39m
 [32m笨・[39m src/lib/utils/string.test.ts[2m > [22mString Utils[2m > [22mremoveHtmlTags[2m > [22mshould remove HTML tags[32m 2[2mms[22m[39m
 [32m笨・[39m src/lib/utils/string.test.ts[2m > [22mString Utils[2m > [22mremoveHtmlTags[2m > [22mshould handle self-closing tags[32m 2[2mms[22m[39m
 [32m笨・[39m src/lib/utils/string.test.ts[2m > [22mString Utils[2m > [22mremoveHtmlTags[2m > [22mshould handle text without tags[32m 1[2mms[22m[39m
 [32m笨・[39m src/lib/utils/string.test.ts[2m > [22mString Utils[2m > [22mremoveHtmlTags[2m > [22mshould handle empty string[32m 2[2mms[22m[39m
 [32m笨・[39m src/lib/utils/string.test.ts[2m > [22mString Utils[2m > [22mextractTextFromMarkdown[2m > [22mshould remove markdown headers[32m 2[2mms[22m[39m
 [32m笨・[39m src/lib/utils/string.test.ts[2m > [22mString Utils[2m > [22mextractTextFromMarkdown[2m > [22mshould remove bold and italic[32m 1[2mms[22m[39m
 [32m笨・[39m src/lib/utils/string.test.ts[2m > [22mString Utils[2m > [22mextractTextFromMarkdown[2m > [22mshould remove inline code[32m 1[2mms[22m[39m
 [32m笨・[39m src/lib/utils/string.test.ts[2m > [22mString Utils[2m > [22mextractTextFromMarkdown[2m > [22mshould remove links but keep text[32m 1[2mms[22m[39m
 [32m笨・[39m src/lib/utils/string.test.ts[2m > [22mString Utils[2m > [22mextractTextFromMarkdown[2m > [22mshould remove images[32m 1[2mms[22m[39m
 [32m笨・[39m src/lib/utils/string.test.ts[2m > [22mString Utils[2m > [22mextractTextFromMarkdown[2m > [22mshould remove code blocks[32m 1[2mms[22m[39m
 [32m笨・[39m src/lib/utils/string.test.ts[2m > [22mString Utils[2m > [22mextractTextFromMarkdown[2m > [22mshould handle multiple newlines[32m 1[2mms[22m[39m
 [32m笨・[39m src/lib/utils/string.test.ts[2m > [22mString Utils[2m > [22mgenerateExcerpt[2m > [22mshould generate excerpt with default word count[32m 1[2mms[22m[39m
 [32m笨・[39m src/lib/utils/string.test.ts[2m > [22mString Utils[2m > [22mgenerateExcerpt[2m > [22mshould handle content shorter than max words[32m 1[2mms[22m[39m
 [32m笨・[39m src/lib/utils/string.test.ts[2m > [22mString Utils[2m > [22mgenerateExcerpt[2m > [22mshould handle empty content[32m 1[2mms[22m[39m
 [32m笨・[39m src/lib/utils/string.test.ts[2m > [22mString Utils[2m > [22mcountWords[2m > [22mshould count words correctly[32m 4[2mms[22m[39m
 [32m笨・[39m src/lib/utils/string.test.ts[2m > [22mString Utils[2m > [22mcountWords[2m > [22mshould handle multiple spaces[32m 4[2mms[22m[39m
 [32m笨・[39m src/lib/utils/string.test.ts[2m > [22mString Utils[2m > [22mcountWords[2m > [22mshould handle leading and trailing spaces[32m 2[2mms[22m[39m
 [32m笨・[39m src/lib/utils/string.test.ts[2m > [22mString Utils[2m > [22mcountWords[2m > [22mshould handle empty string[32m 1[2mms[22m[39m
 [32m笨・[39m src/lib/utils/string.test.ts[2m > [22mString Utils[2m > [22mcountWords[2m > [22mshould handle single word[32m 1[2mms[22m[39m
 [32m笨・[39m src/lib/utils/string.test.ts[2m > [22mString Utils[2m > [22mcountCharacters[2m > [22mshould count characters including spaces by default[32m 1[2mms[22m[39m
 [32m笨・[39m src/lib/utils/string.test.ts[2m > [22mString Utils[2m > [22mcountCharacters[2m > [22mshould count characters excluding spaces[32m 1[2mms[22m[39m
 [32m笨・[39m src/lib/utils/string.test.ts[2m > [22mString Utils[2m > [22mcountCharacters[2m > [22mshould handle empty string[32m 2[2mms[22m[39m
 [32m笨・[39m src/lib/utils/string.test.ts[2m > [22mString Utils[2m > [22mcountCharacters[2m > [22mshould handle string with only spaces[32m 1[2mms[22m[39m
 [32m笨・[39m src/lib/utils/string.test.ts[2m > [22mString Utils[2m > [22msanitizeFilename[2m > [22mshould replace invalid characters with underscores[32m 2[2mms[22m[39m
 [32m笨・[39m src/lib/utils/string.test.ts[2m > [22mString Utils[2m > [22msanitizeFilename[2m > [22mshould handle consecutive invalid characters[32m 3[2mms[22m[39m
 [32m笨・[39m src/lib/utils/string.test.ts[2m > [22mString Utils[2m > [22msanitizeFilename[2m > [22mshould remove leading and trailing underscores[32m 2[2mms[22m[39m
 [32m笨・[39m src/lib/utils/string.test.ts[2m > [22mString Utils[2m > [22msanitizeFilename[2m > [22mshould handle valid filename[32m 1[2mms[22m[39m
 [32m笨・[39m src/lib/utils/string.test.ts[2m > [22mString Utils[2m > [22mformatFileSize[2m > [22mshould format 0 bytes[32m 1[2mms[22m[39m
 [32m笨・[39m src/lib/utils/string.test.ts[2m > [22mString Utils[2m > [22mformatFileSize[2m > [22mshould format bytes[32m 2[2mms[22m[39m
 [32m笨・[39m src/lib/utils/string.test.ts[2m > [22mString Utils[2m > [22mformatFileSize[2m > [22mshould format kilobytes[32m 1[2mms[22m[39m
 [32m笨・[39m src/lib/utils/string.test.ts[2m > [22mString Utils[2m > [22mformatFileSize[2m > [22mshould format megabytes[32m 1[2mms[22m[39m
 [32m笨・[39m src/lib/utils/string.test.ts[2m > [22mString Utils[2m > [22mformatFileSize[2m > [22mshould format gigabytes[32m 1[2mms[22m[39m
 [32m笨・[39m src/lib/utils/string.test.ts[2m > [22mString Utils[2m > [22mformatFileSize[2m > [22mshould format terabytes[32m 2[2mms[22m[39m
 [32m笨・[39m src/lib/utils/string.test.ts[2m > [22mString Utils[2m > [22mgenerateRandomString[2m > [22mshould generate string with default length[32m 3[2mms[22m[39m
 [32m笨・[39m src/lib/utils/string.test.ts[2m > [22mString Utils[2m > [22mgenerateRandomString[2m > [22mshould generate string with custom length[32m 2[2mms[22m[39m
 [32m笨・[39m src/lib/utils/string.test.ts[2m > [22mString Utils[2m > [22mgenerateRandomString[2m > [22mshould include numbers when specified[32m 3[2mms[22m[39m
 [32m笨・[39m src/lib/utils/string.test.ts[2m > [22mString Utils[2m > [22mgenerateRandomString[2m > [22mshould exclude numbers when specified[32m 2[2mms[22m[39m
 [32m笨・[39m src/lib/utils/string.test.ts[2m > [22mString Utils[2m > [22mgenerateRandomString[2m > [22mshould include symbols when specified[32m 2[2mms[22m[39m
 [32m笨・[39m src/lib/utils/string.test.ts[2m > [22mString Utils[2m > [22mgenerateId[2m > [22mshould generate ID without prefix[32m 3[2mms[22m[39m
 [32m笨・[39m src/lib/utils/string.test.ts[2m > [22mString Utils[2m > [22mgenerateId[2m > [22mshould generate ID with prefix[32m 1[2mms[22m[39m
 [32m笨・[39m src/lib/utils/string.test.ts[2m > [22mString Utils[2m > [22mgenerateId[2m > [22mshould generate ID with custom length[32m 2[2mms[22m[39m
 [32m笨・[39m src/lib/utils/string.test.ts[2m > [22mString Utils[2m > [22mparseHashtags[2m > [22mshould extract hashtags from text[32m 1[2mms[22m[39m
 [32m笨・[39m src/lib/utils/string.test.ts[2m > [22mString Utils[2m > [22mparseHashtags[2m > [22mshould handle hashtags with numbers[32m 1[2mms[22m[39m
 [32m笨・[39m src/lib/utils/string.test.ts[2m > [22mString Utils[2m > [22mparseHashtags[2m > [22mshould handle hashtags with underscores[32m 2[2mms[22m[39m
 [32m笨・[39m src/lib/utils/string.test.ts[2m > [22mString Utils[2m > [22mparseHashtags[2m > [22mshould handle text without hashtags[32m 1[2mms[22m[39m
 [32m笨・[39m src/lib/utils/string.test.ts[2m > [22mString Utils[2m > [22mparseHashtags[2m > [22mshould handle Japanese characters[32m 1[2mms[22m[39m
 [32m笨・[39m src/lib/utils/string.test.ts[2m > [22mString Utils[2m > [22mparseMentions[2m > [22mshould extract mentions from text[32m 2[2mms[22m[39m
 [32m笨・[39m src/lib/utils/string.test.ts[2m > [22mString Utils[2m > [22mparseMentions[2m > [22mshould handle mentions with underscores[32m 1[2mms[22m[39m
 [32m笨・[39m src/lib/utils/string.test.ts[2m > [22mString Utils[2m > [22mparseMentions[2m > [22mshould handle text without mentions[32m 1[2mms[22m[39m
 [32m笨・[39m src/lib/utils/string.test.ts[2m > [22mString Utils[2m > [22mparseMentions[2m > [22mshould handle mixed mentions and hashtags[32m 1[2mms[22m[39m
 [32m笨・[39m src/lib/utils/string.test.ts[2m > [22mString Utils[2m > [22mhighlightSearchTerms[2m > [22mshould highlight single search term[32m 1[2mms[22m[39m
 [32m笨・[39m src/lib/utils/string.test.ts[2m > [22mString Utils[2m > [22mhighlightSearchTerms[2m > [22mshould highlight multiple search terms[32m 2[2mms[22m[39m
 [32m笨・[39m src/lib/utils/string.test.ts[2m > [22mString Utils[2m > [22mhighlightSearchTerms[2m > [22mshould be case insensitive[32m 5[2mms[22m[39m
 [32m笨・[39m src/lib/utils/string.test.ts[2m > [22mString Utils[2m > [22mhighlightSearchTerms[2m > [22mshould handle no matches[32m 1[2mms[22m[39m
 [32m笨・[39m src/lib/utils/string.test.ts[2m > [22mString Utils[2m > [22mfuzzySearch[2m > [22mshould match exact substring[32m 1[2mms[22m[39m
 [32m笨・[39m src/lib/utils/string.test.ts[2m > [22mString Utils[2m > [22mfuzzySearch[2m > [22mshould match fuzzy pattern[32m 2[2mms[22m[39m
 [32m笨・[39m src/lib/utils/string.test.ts[2m > [22mString Utils[2m > [22mfuzzySearch[2m > [22mshould not match when pattern is too different[32m 5[2mms[22m[39m
 [32m笨・[39m src/lib/utils/string.test.ts[2m > [22mString Utils[2m > [22mfuzzySearch[2m > [22mshould be case insensitive[32m 4[2mms[22m[39m
 [32m笨・[39m src/lib/utils/string.test.ts[2m > [22mString Utils[2m > [22mfuzzySearch[2m > [22mshould handle empty needle[32m 2[2mms[22m[39m
 [32m笨・[39m src/lib/utils/string.test.ts[2m > [22mString Utils[2m > [22mlevenshteinDistance[2m > [22mshould calculate distance for identical strings[32m 1[2mms[22m[39m
 [32m笨・[39m src/lib/utils/string.test.ts[2m > [22mString Utils[2m > [22mlevenshteinDistance[2m > [22mshould calculate distance for completely different strings[32m 1[2mms[22m[39m
 [32m笨・[39m src/lib/utils/string.test.ts[2m > [22mString Utils[2m > [22mlevenshteinDistance[2m > [22mshould calculate distance for strings with one insertion[32m 1[2mms[22m[39m
 [32m笨・[39m src/lib/utils/string.test.ts[2m > [22mString Utils[2m > [22mlevenshteinDistance[2m > [22mshould calculate distance for strings with one deletion[32m 1[2mms[22m[39m
 [32m笨・[39m src/lib/utils/string.test.ts[2m > [22mString Utils[2m > [22mlevenshteinDistance[2m > [22mshould calculate distance for strings with one substitution[32m 1[2mms[22m[39m
 [32m笨・[39m src/lib/utils/string.test.ts[2m > [22mString Utils[2m > [22mlevenshteinDistance[2m > [22mshould handle empty strings[32m 1[2mms[22m[39m
 [32m笨・[39m src/lib/utils/string.test.ts[2m > [22mString Utils[2m > [22msimilarity[2m > [22mshould return 1 for identical strings[32m 1[2mms[22m[39m
 [32m笨・[39m src/lib/utils/string.test.ts[2m > [22mString Utils[2m > [22msimilarity[2m > [22mshould return 1 for both empty strings[32m 1[2mms[22m[39m
 [32m笨・[39m src/lib/utils/string.test.ts[2m > [22mString Utils[2m > [22msimilarity[2m > [22mshould return value between 0 and 1 for similar strings[32m 1[2mms[22m[39m
 [32m笨・[39m src/lib/utils/string.test.ts[2m > [22mString Utils[2m > [22msimilarity[2m > [22mshould return lower value for very different strings[32m 1[2mms[22m[39m
 [32m笨・[39m src/lib/utils/string.test.ts[2m > [22mString Utils[2m > [22mformatPrice[2m > [22mshould format price with default currency[32m 2[2mms[22m[39m
 [32m笨・[39m src/lib/utils/string.test.ts[2m > [22mString Utils[2m > [22mformatPrice[2m > [22mshould format price with custom currency[32m 1[2mms[22m[39m
 [32m笨・[39m src/lib/utils/string.test.ts[2m > [22mString Utils[2m > [22mformatPrice[2m > [22mshould format large numbers with commas[32m 1[2mms[22m[39m
 [32m笨・[39m src/lib/utils/string.test.ts[2m > [22mString Utils[2m > [22mformatPrice[2m > [22mshould handle zero[32m 1[2mms[22m[39m
 [32m笨・[39m src/lib/utils/string.test.ts[2m > [22mString Utils[2m > [22mparsePrice[2m > [22mshould parse price with yen symbol[32m 1[2mms[22m[39m
 [32m笨・[39m src/lib/utils/string.test.ts[2m > [22mString Utils[2m > [22mparsePrice[2m > [22mshould parse price with dollar symbol[32m 1[2mms[22m[39m
 [32m笨・[39m src/lib/utils/string.test.ts[2m > [22mString Utils[2m > [22mparsePrice[2m > [22mshould parse price with mixed characters[32m 1[2mms[22m[39m
 [32m笨・[39m src/lib/utils/string.test.ts[2m > [22mString Utils[2m > [22mparsePrice[2m > [22mshould handle invalid price string[32m 3[2mms[22m[39m
 [32m笨・[39m src/lib/utils/string.test.ts[2m > [22mString Utils[2m > [22mparsePrice[2m > [22mshould handle empty string[32m 4[2mms[22m[39m
 [32m笨・[39m src/lib/utils/string.test.ts[2m > [22mString Utils[2m > [22mcamelCase[2m > [22mshould convert words to camelCase[32m 3[2mms[22m[39m
 [32m笨・[39m src/lib/utils/string.test.ts[2m > [22mString Utils[2m > [22mcamelCase[2m > [22mshould handle single word[32m 2[2mms[22m[39m
 [32m笨・[39m src/lib/utils/string.test.ts[2m > [22mString Utils[2m > [22mcamelCase[2m > [22mshould handle multiple spaces[32m 1[2mms[22m[39m
 [32m笨・[39m src/lib/utils/string.test.ts[2m > [22mString Utils[2m > [22mcamelCase[2m > [22mshould handle empty string[32m 2[2mms[22m[39m
 [32m笨・[39m src/lib/utils/string.test.ts[2m > [22mString Utils[2m > [22mcamelCase[2m > [22mshould handle mixed case input[32m 2[2mms[22m[39m
[90mstdout[2m | src/app/01_about/page.test.tsx[2m > [22m[2mAbout Page[2m > [22m[2mshould render without crashing
[22m[39m<div class=" min-h-screen text-[var(--color-foreground)] bg-gray"><nav class="border-foreground/20 border-b p-4"><div class="container-grid"><div class=" flex items-center justify-between"><a class="neue-haas-grotesk-display text-primary hover:text-primary/80 text-xl" href="/">竊・Home</a><div class="text-foreground/60 text-sm">About</div></div></div></nav><section class="py-8 xs:py-12 md:py-16 "><div class="container-grid"><div class="xs:px-6 px-4 md:px-8 "><h1 class="neue-haas-grotesk-display text-primary mb-4 text-3xl md:text-4xl">About</h1><p class="noto-sans-jp text-foreground/80">繧ｰ繝ｩ繝輔ぅ繝・け繝・じ繧､繝ｳ縲∵丐蜒丞宛菴懊∝倶ｺｺ髢狗匱縺ｪ縺ｩ蟷・ｺ・￥豢ｻ蜍輔＠縺ｦ縺・∪縺吶ゅｄ繧区ｰ励↓縺ｪ繧後・菴輔〒繧ゅ〒縺阪ｋ縺ｮ縺悟ｼｷ縺ｿ縺ｧ縺吶・/p></div></div></section><main><div class="container-grid"><div class="xs:px-6 px-4 md:px-8 pb-16"><div class="grid gap-4 xs:gap-6 md:gap-8 grid-cols-1 xs:grid-cols-1 md:grid-cols-2 xl:grid-cols-3 2xl:grid-cols-3 gap-8"><div class="space-y-6"><h2 class="neue-haas-grotesk-display text-foreground text-2xl">繝励Ο繝輔ぅ繝ｼ繝ｫ</h2><a class="border-foreground/20 bg-gray/50 hover:bg-gray/70 block border p-6 transition-all duration-300" href="/about/profile/real"><div class="mb-4 flex items-center gap-3"><svg xmlns="http://www.w3.org/2000/svg" width="24" height="24" viewBox="0 0 24 24" fill="none" stroke="currentColor" stroke-width="2" stroke-linecap="round" stroke-linejoin="round" class="lucide lucide-user text-primary" aria-hidden="true"><path d="M19 21v-2a4 4 0 0 0-4-4H9a4 4 0 0 0-4 4v2"></path><circle cx="12" cy="7" r="4"></circle></svg><h3 class="neue-haas-grotesk-display text-foreground text-xl">譛ｨ譚大暑莠ｮ</h3></div><p class="text-foreground/70 mb-4">謗｡逕ｨ諡・ｽ楢・ｄ莨∵･ｭ蜷代￠縺ｮ豁｣蠑上↑閾ｪ蟾ｱ邏ｹ莉九らｵ梧ｭｴ縲∝ｭｦ豁ｴ縲∝女雉樊ｭｴ繧定ｩｳ邏ｰ縺ｫ邏ｹ莉九＠縺ｾ縺吶・/p><div class="text-foreground/60 flex items-center gap-2 text-sm"><span>Web繝・じ繧､繝翫・繝ｻ髢狗匱閠・/span><svg xmlns="http://www.w3.org/2000/svg" width="16" height="16" viewBox="0 0 24 24" fill="none" stroke="currentColor" stroke-width="2" stroke-linecap="round" stroke-linejoin="round" class="lucide lucide-external-link" aria-hidden="true"><path d="M15 3h6v6"></path><path d="M10 14 21 3"></path><path d="M18 13v6a2 2 0 0 1-2 2H5a2 2 0 0 1-2-2V8a2 2 0 0 1 2-2h6"></path></svg></div></a><a class="border-foreground/20 bg-gray/50 hover:bg-gray/70 block border p-6 transition-all duration-300" href="/about/profile/handle"><div class="mb-4 flex items-center gap-3"><svg xmlns="http://www.w3.org/2000/svg" width="24" height="24" viewBox="0 0 24 24" fill="none" stroke="currentColor" stroke-width="2" stroke-linecap="round" stroke-linejoin="round" class="lucide lucide-code text-primary" aria-hidden="true"><path d="m16 18 6-6-6-6"></path><path d="m8 6-6 6 6 6"></path></svg><h3 class="neue-haas-grotesk-display text-foreground text-xl">samuido</h3></div><p class="text-foreground/70 mb-4">蜷梧･ｭ閠・髄縺代・繝ｩ繝輔↑閾ｪ蟾ｱ邏ｹ莉九よ橿陦鍋噪縺ｪ闊亥袖繧・ｴｻ蜍輔ｒ荳ｭ蠢・↓邏ｹ莉九＠縺ｾ縺吶・/p><div class="text-foreground/60 flex items-center gap-2 text-sm"><span>繝輔Ο繝ｳ繝医お繝ｳ繝峨お繝ｳ繧ｸ繝九い</span><svg xmlns="http://www.w3.org/2000/svg" width="16" height="16" viewBox="0 0 24 24" fill="none" stroke="currentColor" stroke-width="2" stroke-linecap="round" stroke-linejoin="round" class="lucide lucide-external-link" aria-hidden="true"><path d="M15 3h6v6"></path><path d="M10 14 21 3"></path><path d="M18 13v6a2 2 0 0 1-2 2H5a2 2 0 0 1-2-2V8a2 2 0 0 1 2-2h6"></path></svg></div></a><a class="border-foreground/20 bg-gray/50 hover:bg-gray/70 block border p-6 transition-all duration-300" href="/about/profile/ai"><div class="mb-4 flex items-center gap-3"><div class="flex h-6 w-6 items-center justify-center rounded-full bg-gradient-to-r from-blue-500 to-purple-500"><span class="text-xs font-bold text-white">AI</span></div><h3 class="neue-haas-grotesk-display text-foreground text-xl">AI Chat</h3></div><p class="text-foreground/70 mb-4">AI縺ｮsamuido縺ｨ繝√Ε繝・ヨ蠖｢蠑上〒蟇ｾ隧ｱ縲ゅ・繝ｭ繝輔ぅ繝ｼ繝ｫ繧・ｽ懷刀縺ｫ縺､縺・※雉ｪ蝠上〒縺阪∪縺吶・/p><div class="text-foreground/60 flex items-center gap-2 text-sm"><span>蟇ｾ隧ｱ蝙九・繝ｭ繝輔ぅ繝ｼ繝ｫ</span><svg xmlns="http://www.w3.org/2000/svg" width="16" height="16" viewBox="0 0 24 24" fill="none" stroke="currentColor" stroke-width="2" stroke-linecap="round" stroke-linejoin="round" class="lucide lucide-external-link" aria-hidden="true"><path d="M15 3h6v6"></path><path d="M10 14 21 3"></path><path d="M18 13v6a2 2 0 0 1-2 2H5a2 2 0 0 1-2-2V8a2 2 0 0 1 2-2h6"></path></svg></div></a></div><div class="space-y-6"><h2 class="neue-haas-grotesk-display text-foreground text-2xl">繝翫ン繧ｲ繝ｼ繧ｷ繝ｧ繝ｳ</h2><div class="space-y-4"><a class="border-foreground/20 bg-gray/50 hover:bg-gray/70 block border p-4 transition-all duration-300" href="/about/card/real"><div class="flex items-center gap-3"><div class="h-5 w-8 rounded bg-gradient-to-r from-blue-500 to-green-500"></div><div><h4 class="neue-haas-grotesk-display text-foreground font-medium">繝・ず繧ｿ繝ｫ蜷榊絢 (譛ｬ蜷・</h4><p class="text-foreground/60 text-sm">QR繧ｳ繝ｼ繝我ｻ倥″縺ｧ繝繧ｦ繝ｳ繝ｭ繝ｼ繝牙庄閭ｽ</p></div></div></a><a class="border-foreground/20 bg-gray/50 hover:bg-gray/70 block border p-4 transition-all duration-300" href="/about/card/handle"><div class="flex items-center gap-3"><div class="h-5 w-8 rounded bg-gradient-to-r from-purple-500 to-pink-500"></div><div><h4 class="neue-haas-grotesk-display text-foreground font-medium">繝・ず繧ｿ繝ｫ蜷榊絢 (繝上Φ繝峨Ν)</h4><p class="text-foreground/60 text-sm">QR繧ｳ繝ｼ繝我ｻ倥″縺ｧ繝繧ｦ繝ｳ繝ｭ繝ｼ繝牙庄閭ｽ</p></div></div></a></div><a class="border-foreground/20 bg-gray/50 hover:bg-gray/70 block border p-4 transition-all duration-300" href="/about/links"><div class="flex items-center gap-3"><svg xmlns="http://www.w3.org/2000/svg" width="20" height="20" viewBox="0 0 24 24" fill="none" stroke="currentColor" stroke-width="2" stroke-linecap="round" stroke-linejoin="round" class="lucide lucide-external-link text-primary" aria-hidden="true"><path d="M15 3h6v6"></path><path d="M10 14 21 3"></path><path d="M18 13v6a2 2 0 0 1-2 2H5a2 2 0 0 1-2-2V8a2 2 0 0 1 2-2h6"></path></svg><div><h4 class="neue-haas-grotesk-display text-foreground font-medium">繝ｪ繝ｳ繧ｯ繝槭ャ繝・/h4><p class="text-foreground/60 text-sm">SNS縲・幕逋ｺ髢｢騾｣縲√け繝ｪ繧ｨ繧､繝・ぅ繝夜未騾｣縺ｮ螟夜Κ繝ｪ繝ｳ繧ｯ</p></div></div></a><div class="space-y-4"><a class="border-foreground/20 bg-gray/50 hover:bg-gray/70 block border p-4 transition-all duration-300" href="/about/commission/develop"><div class="flex items-center gap-3"><svg xmlns="http://www.w3.org/2000/svg" width="20" height="20" viewBox="0 0 24 24" fill="none" stroke="currentColor" stroke-width="2" stroke-linecap="round" stroke-linejoin="round" class="lucide lucide-code text-primary" aria-hidden="true"><path d="m16 18 6-6-6-6"></path><path d="m8 6-6 6 6 6"></path></svg><div><h4 class="neue-haas-grotesk-display text-foreground font-medium">髢狗匱萓晞ｼ</h4><p class="text-foreground/60 text-sm">Web髢狗匱繝ｻ繧｢繝励Μ髢狗匱繝ｻ繝励Λ繧ｰ繧､繝ｳ髢狗匱</p></div></div></a><a class="border-foreground/20 bg-gray/50 hover:bg-gray/70 block border p-4 transition-all duration-300" href="/about/commission/video"><div class="flex items-center gap-3"><svg xmlns="http://www.w3.org/2000/svg" width="20" height="20" viewBox="0 0 24 24" fill="none" stroke="currentColor" stroke-width="2" stroke-linecap="round" stroke-linejoin="round" class="lucide lucide-video text-primary" aria-hidden="true"><path d="m16 13 5.223 3.482a.5.5 0 0 0 .777-.416V7.87a.5.5 0 0 0-.752-.432L16 10.5"></path><rect x="2" y="6" width="14" height="12" rx="2"></rect></svg><div><h4 class="neue-haas-grotesk-display text-foreground font-medium">譏蜒丈ｾ晞ｼ</h4><p class="text-foreground/60 text-sm">MV蛻ｶ菴懊・繧｢繝九Γ繝ｼ繧ｷ繝ｧ繝ｳ繝ｻ繝励Ο繝｢繝ｼ繧ｷ繝ｧ繝ｳ譏蜒・/p></div></div></a><a class="border-foreground/20 bg-gray/50 hover:bg-gray/70 block border p-4 transition-all duration-300" href="/about/commission/estimate"><div class="flex items-center gap-3"><svg xmlns="http://www.w3.org/2000/svg" width="20" height="20" viewBox="0 0 24 24" fill="none" stroke="currentColor" stroke-width="2" stroke-linecap="round" stroke-linejoin="round" class="lucide lucide-palette text-primary" aria-hidden="true"><path d="M12 22a1 1 0 0 1 0-20 10 9 0 0 1 10 9 5 5 0 0 1-5 5h-2.25a1.75 1.75 0 0 0-1.4 2.8l.3.4a1.75 1.75 0 0 1-1.4 2.8z"></path><circle cx="13.5" cy="6.5" r=".5" fill="currentColor"></circle><circle cx="17.5" cy="10.5" r=".5" fill="currentColor"></circle><circle cx="6.5" cy="12.5" r=".5" fill="currentColor"></circle><circle cx="8.5" cy="7.5" r=".5" fill="currentColor"></circle></svg><div><h4 class="neue-haas-grotesk-display text-foreground font-medium">隕狗ｩ阪ｂ繧願ｨ育ｮ玲ｩ・/h4><p class="text-foreground/60 text-sm">譏蜒丞宛菴懊・隕狗ｩ阪ｂ繧翫ｒ閾ｪ蜍戊ｨ育ｮ・/p></div></div></a></div></div><div class="space-y-6"><h2 class="neue-haas-grotesk-display text-foreground text-2xl">繧ｹ繧ｭ繝ｫ &amp; 螳溽ｸｾ</h2><div class="border-foreground/20 bg-gray/50 border p-6"><h3 class="neue-haas-grotesk-display text-foreground mb-4 text-lg">繧ｹ繧ｭ繝ｫ</h3><div class="space-y-4"><div><h4 class="text-foreground/80 mb-2 font-medium">繝・じ繧､繝ｳ</h4><div class="flex flex-wrap gap-2"><span class="bg-foreground/10 text-foreground/80 rounded px-2 py-1 text-sm">Photoshop</span><span class="bg-foreground/10 text-foreground/80 rounded px-2 py-1 text-sm">Illustrator</span><span class="bg-foreground/10 text-foreground/80 rounded px-2 py-1 text-sm">AdobeXD</span><span class="bg-foreground/10 text-foreground/80 rounded px-2 py-1 text-sm">Figma</span></div></div><div><h4 class="text-foreground/80 mb-2 font-medium">繝励Ο繧ｰ繝ｩ繝溘Φ繧ｰ</h4><div class="flex flex-wrap gap-2"><span class="bg-foreground/10 text-foreground/80 rounded px-2 py-1 text-sm">C</span><span class="bg-foreground/10 text-foreground/80 rounded px-2 py-1 text-sm">C++</span><span class="bg-foreground/10 text-foreground/80 rounded px-2 py-1 text-sm">C#</span><span class="bg-foreground/10 text-foreground/80 rounded px-2 py-1 text-sm">HTML</span><span class="bg-foreground/10 text-foreground/80 rounded px-2 py-1 text-sm">JavaScript</span><span class="bg-foreground/10 text-foreground/80 rounded px-2 py-1 text-sm">TypeScript</span><span class="bg-foreground/10 text-foreground/80 rounded px-2 py-1 text-sm">CSS</span></div></div><div><h4 class="text-foreground/80 mb-2 font-medium">謚陦薙せ繧ｿ繝・け</h4><div class="flex flex-wrap gap-2"><span class="bg-foreground/10 text-foreground/80 rounded px-2 py-1 text-sm">React</span><span class="bg-foreground/10 text-foreground/80 rounded px-2 py-1 text-sm">NextJS</span><span class="bg-foreground/10 text-foreground/80 rounded px-2 py-1 text-sm">Tailwind CSS</span><span class="bg-foreground/10 text-foreground/80 rounded px-2 py-1 text-sm">p5js</span><span class="bg-foreground/10 text-foreground/80 rounded px-2 py-1 text-sm">PIXIjs</span><span class="bg-foreground/10 text-foreground/80 rounded px-2 py-1 text-sm">GSAP</span></div></div><div><h4 class="text-foreground/80 mb-2 font-medium">譏蜒・/h4><div class="flex flex-wrap gap-2"><span class="bg-foreground/10 text-foreground/80 rounded px-2 py-1 text-sm">AfterEffects</span><span class="bg-foreground/10 text-foreground/80 rounded px-2 py-1 text-sm">Aviult</span><span class="bg-foreground/10 text-foreground/80 rounded px-2 py-1 text-sm">PremierePro</span><span class="bg-foreground/10 text-foreground/80 rounded px-2 py-1 text-sm">Blender</span></div></div><div><h4 class="text-foreground/80 mb-2 font-medium">縺昴・莉・/h4><div class="flex flex-wrap gap-2"><span class="bg-foreground/10 text-foreground/80 rounded px-2 py-1 text-sm">Unity</span><span class="bg-foreground/10 text-foreground/80 rounded px-2 py-1 text-sm">Cubase</span></div></div></div></div><div class="border-foreground/20 bg-gray/50 border p-6"><h3 class="neue-haas-grotesk-display text-foreground mb-4 flex items-center gap-2 text-lg"><svg xmlns="http://www.w3.org/2000/svg" width="20" height="20" viewBox="0 0 24 24" fill="none" stroke="currentColor" stroke-width="2" stroke-linecap="round" stroke-linejoin="round" class="lucide lucide-award" aria-hidden="true"><path d="m15.477 12.89 1.515 8.526a.5.5 0 0 1-.81.47l-3.58-2.687a1 1 0 0 0-1.197 0l-3.586 2.686a.5.5 0 0 1-.81-.469l1.514-8.526"></path><circle cx="12" cy="8" r="6"></circle></svg>蜿苓ｳ樊ｭｴ</h3><div class="space-y-3"><div class="flex items-start gap-3"><div class="bg-primary min-w-fit rounded px-2 py-1 text-xs text-white">2022/10</div><div><p class="text-foreground font-medium">U-16繝励Ο繧ｰ繝ｩ繝溘Φ繧ｰ繧ｳ繝ｳ繝・せ繝亥ｱｱ蜿｣螟ｧ莨・022</p><p class="text-foreground/60 text-sm">繧｢繧､繝・い雉・/p></div></div><div class="flex items-start gap-3"><div class="bg-primary min-w-fit rounded px-2 py-1 text-xs text-white">2023/10</div><div><p class="text-foreground font-medium">U-16繝励Ο繧ｰ繝ｩ繝溘Φ繧ｰ繧ｳ繝ｳ繝・せ繝亥ｱｱ蜿｣螟ｧ莨・023</p><p class="text-foreground/60 text-sm">謚陦楢ｳ・莨∵･ｭ(繝励Λ繧､繝繧ｲ繝ｼ繝・雉・/p></div></div><div class="flex items-start gap-3"><div class="bg-primary min-w-fit rounded px-2 py-1 text-xs text-white">2024/3</div><div><p class="text-foreground font-medium">荳ｭ蝗ｽ蝨ｰ蛹ｺ鬮伜ｰゅさ繝ｳ繝斐Η繝ｼ繧ｿ繝輔ぉ繧ｹ繝・ぅ繝舌Ν2024</p><p class="text-foreground/60 text-sm">繧ｲ繝ｼ繝驛ｨ髢 1菴・/p></div></div></div></div><div class="border-foreground/20 bg-gray/50 border p-6"><h3 class="neue-haas-grotesk-display text-foreground mb-4 flex items-center gap-2 text-lg"><svg xmlns="http://www.w3.org/2000/svg" width="20" height="20" viewBox="0 0 24 24" fill="none" stroke="currentColor" stroke-width="2" stroke-linecap="round" stroke-linejoin="round" class="lucide lucide-mail" aria-hidden="true"><path d="m22 7-8.991 5.727a2 2 0 0 1-2.009 0L2 7"></path><rect x="2" y="4" width="20" height="16" rx="2"></rect></svg>騾｣邨｡蜈・/h3><div class="space-y-2 text-sm"><div class="flex items-center gap-2"><svg xmlns="http://www.w3.org/2000/svg" width="16" height="16" viewBox="0 0 24 24" fill="none" stroke="currentColor" stroke-width="2" stroke-linecap="round" stroke-linejoin="round" class="lucide lucide-mail text-foreground/60" aria-hidden="true"><path d="m22 7-8.991 5.727a2 2 0 0 1-2.009 0L2 7"></path><rect x="2" y="4" width="20" height="16" rx="2"></rect></svg><span class="text-foreground">361do.sleep@gmail.com</span></div><div class="flex items-center gap-2"><svg xmlns="http://www.w3.org/2000/svg" width="16" height="16" viewBox="0 0 24 24" fill="none" stroke="currentColor" stroke-width="2" stroke-linecap="round" stroke-linejoin="round" class="lucide lucide-external-link text-foreground/60" aria-hidden="true"><path d="M15 3h6v6"></path><path d="M10 14 21 3"></path><path d="M18 13v6a2 2 0 0 1-2 2H5a2 2 0 0 1-2-2V8a2 2 0 0 1 2-2h6"></path></svg><span class="text-foreground">@361do_sleep (髢狗匱髢｢騾｣)</span></div><div class="flex items-center gap-2"><svg xmlns="http://www.w3.org/2000/svg" width="16" height="16" viewBox="0 0 24 24" fill="none" stroke="currentColor" stroke-width="2" stroke-linecap="round" stroke-linejoin="round" class="lucide lucide-external-link text-foreground/60" aria-hidden="true"><path d="M15 3h6v6"></path><path d="M10 14 21 3"></path><path d="M18 13v6a2 2 0 0 1-2 2H5a2 2 0 0 1-2-2V8a2 2 0 0 1 2-2h6"></path></svg><span class="text-foreground">@361do_design (譏蜒上・繝・じ繧､繝ｳ髢｢騾｣)</span></div></div></div></div></div></div></div></main></div>

 [32m笨・[39m src/app/01_about/page.test.tsx[2m > [22mAbout Page[2m > [22mshould render without crashing[32m 18[2mms[22m[39m
 [32m笨・[39m src/app/01_about/page.test.tsx[2m > [22mAbout Page[2m > [22mshould render profile descriptions[32m 11[2mms[22m[39m
 [32m笨・[39m src/app/01_about/page.test.tsx[2m > [22mAbout Page[2m > [22mshould render contact information[32m 15[2mms[22m[39m
 [32m笨・[39m src/app/01_about/page.test.tsx[2m > [22mAbout Page[2m > [22mshould render featured works section[32m 14[2mms[22m[39m
 [32m笨・[39m src/app/04_tools/page.test.tsx[2m > [22mToolsPage[2m > [22mshould render without crashing[32m 7[2mms[22m[39m
 [32m笨・[39m src/app/04_tools/page.test.tsx[2m > [22mToolsPage[2m > [22mshould display page title and description[32m 7[2mms[22m[39m
 [32m笨・[39m src/app/04_tools/page.test.tsx[2m > [22mToolsPage[2m > [22mshould display tool categories[32m 11[2mms[22m[39m
 [32m笨・[39m src/app/04_tools/page.test.tsx[2m > [22mToolsPage[2m > [22mshould display built-in tools[32m 8[2mms[22m[39m
 [32m笨・[39m src/app/04_tools/page.test.tsx[2m > [22mToolsPage[2m > [22mshould display content tools from API[32m 8[2mms[22m[39m
 [32m笨・[39m src/app/04_tools/page.test.tsx[2m > [22mToolsPage[2m > [22mshould fetch tools from content API[32m 2[2mms[22m[39m
 [32m笨・[39m src/lib/utils/date.test.ts[2m > [22mDate Utils[2m > [22mformatDate[2m > [22mshould format a date string[32m 3[2mms[22m[39m
 [32m笨・[39m src/lib/utils/date.test.ts[2m > [22mDate Utils[2m > [22mformatDate[2m > [22mshould format a Date object[32m 1[2mms[22m[39m
 [32m笨・[39m src/lib/utils/date.test.ts[2m > [22mDate Utils[2m > [22mformatDate[2m > [22mshould return "辟｡蜉ｹ縺ｪ譌･莉・ for an invalid date string[32m 1[2mms[22m[39m
 [32m笨・[39m src/lib/utils/date.test.ts[2m > [22mDate Utils[2m > [22mshould format date and time[32m 2[2mms[22m[39m
 [32m笨・[39m src/lib/utils/date.test.ts[2m > [22mDate Utils[2m > [22mformatTimeAgo[2m > [22mshould format a date string as time ago[32m 3[2mms[22m[39m
 [32m笨・[39m src/lib/utils/date.test.ts[2m > [22mDate Utils[2m > [22mformatTimeAgo[2m > [22mshould format a Date object as time ago[32m 2[2mms[22m[39m
 [32m笨・[39m src/lib/utils/date.test.ts[2m > [22mDate Utils[2m > [22mformatTimeAgo[2m > [22mshould format without suffix[32m 1[2mms[22m[39m
 [32m笨・[39m src/lib/utils/date.test.ts[2m > [22mDate Utils[2m > [22mformatTimeAgo[2m > [22mshould return "辟｡蜉ｹ縺ｪ譌･莉・ for invalid date[32m 1[2mms[22m[39m
 [32m笨・[39m src/lib/utils/date.test.ts[2m > [22mDate Utils[2m > [22mshould format date in Japanese[32m 1[2mms[22m[39m
 [32m笨・[39m src/lib/utils/date.test.ts[2m > [22mDate Utils[2m > [22mshould format date and time in Japanese[32m 1[2mms[22m[39m
 [32m笨・[39m src/lib/utils/date.test.ts[2m > [22mDate Utils[2m > [22mshould format blog date[32m 1[2mms[22m[39m
 [32m笨・[39m src/lib/utils/date.test.ts[2m > [22mDate Utils[2m > [22mshould format full blog date[32m 2[2mms[22m[39m
 [32m笨・[39m src/lib/utils/date.test.ts[2m > [22mDate Utils[2m > [22misDateInRange[2m > [22mshould return true if date is in range[32m 1[2mms[22m[39m
 [32m笨・[39m src/lib/utils/date.test.ts[2m > [22mDate Utils[2m > [22misDateInRange[2m > [22mshould return false if date is out of range[32m 1[2mms[22m[39m
 [32m笨・[39m src/lib/utils/date.test.ts[2m > [22mDate Utils[2m > [22misDateInRange[2m > [22mshould return false for invalid date[32m 2[2mms[22m[39m
 [32m笨・[39m src/lib/utils/date.test.ts[2m > [22mDate Utils[2m > [22misDateInRange[2m > [22mshould return false for invalid start date[32m 1[2mms[22m[39m
 [32m笨・[39m src/lib/utils/date.test.ts[2m > [22mDate Utils[2m > [22misDateInRange[2m > [22mshould return false for nullish inputs[32m 1[2mms[22m[39m
 [32m笨・[39m src/lib/utils/date.test.ts[2m > [22mDate Utils[2m > [22mshould get current ISO string[32m 1[2mms[22m[39m
 [32m笨・[39m src/lib/utils/date.test.ts[2m > [22mDate Utils[2m > [22mshould add days to a date[32m 1[2mms[22m[39m
 [32m笨・[39m src/lib/utils/date.test.ts[2m > [22mDate Utils[2m > [22mgetDaysDifference[2m > [22mshould get the difference in days[32m 1[2mms[22m[39m
 [32m笨・[39m src/lib/utils/date.test.ts[2m > [22mDate Utils[2m > [22mgetDaysDifference[2m > [22mshould return 0 for invalid dates[32m 1[2mms[22m[39m
 [32m笨・[39m src/lib/utils/date.test.ts[2m > [22mDate Utils[2m > [22misDateAfter[2m > [22mshould check if a date is after another[32m 1[2mms[22m[39m
 [32m笨・[39m src/lib/utils/date.test.ts[2m > [22mDate Utils[2m > [22misDateAfter[2m > [22mshould return false for invalid dates[32m 1[2mms[22m[39m
 [32m笨・[39m src/lib/utils/date.test.ts[2m > [22mDate Utils[2m > [22misDateBefore[2m > [22mshould check if a date is before another[32m 5[2mms[22m[39m
 [32m笨・[39m src/lib/utils/date.test.ts[2m > [22mDate Utils[2m > [22misDateBefore[2m > [22mshould return false for invalid dates[32m 2[2mms[22m[39m
 [32m笨・[39m src/lib/utils/date.test.ts[2m > [22mDate Utils[2m > [22msortByDate[2m > [22mshould sort items by date in desc order by default[32m 1[2mms[22m[39m
 [32m笨・[39m src/lib/utils/date.test.ts[2m > [22mDate Utils[2m > [22msortByDate[2m > [22mshould sort items by date in asc order[32m 1[2mms[22m[39m
 [32m笨・[39m src/lib/utils/date.test.ts[2m > [22mDate Utils[2m > [22msortByDate[2m > [22mshould sort by a different field[32m 1[2mms[22m[39m
 [32m笨・[39m src/lib/utils/date.test.ts[2m > [22mDate Utils[2m > [22msortByDate[2m > [22mshould handle sorting with missing dates (asc)[32m 1[2mms[22m[39m
 [32m笨・[39m src/lib/utils/date.test.ts[2m > [22mDate Utils[2m > [22msortByDate[2m > [22mshould handle sorting with missing dates (desc)[32m 1[2mms[22m[39m
 [32m笨・[39m src/lib/utils/date.test.ts[2m > [22mDate Utils[2m > [22msortByDate[2m > [22mshould handle sorting with only one valid date[32m 1[2mms[22m[39m
 [32m笨・[39m src/lib/utils/date.test.ts[2m > [22mDate Utils[2m > [22msortByDate[2m > [22mshould handle sorting with no valid dates[32m 35[2mms[22m[39m
 [32m笨・[39m src/lib/utils/date.test.ts[2m > [22mDate Utils[2m > [22mshould get the start of the day[32m 2[2mms[22m[39m
 [32m笨・[39m src/lib/utils/date.test.ts[2m > [22mDate Utils[2m > [22mshould get the end of the day[32m 1[2mms[22m[39m
[90mstdout[2m | src/app/page.test.tsx[2m > [22m[2mHomePage[2m > [22m[2mshould render without crashing
[22m[39m<div class="container-grid"><section class="py-24 text-center"><h1 class="neue-haas-grotesk-display mb-4 text-4xl text-white md:text-6xl">samuido</h1><p class="noto-sans-jp-light mb-8 text-xl text-gray-300 md:text-2xl">繝輔Ο繝ｳ繝医お繝ｳ繝峨お繝ｳ繧ｸ繝九い縺ｮ蛟倶ｺｺ繧ｵ繧､繝・/p><p class="noto-sans-jp-regular mx-auto max-w-3xl text-gray-400 md:text-lg">閾ｪ蟾ｱ邏ｹ莉・/ 菴懷刀繧ｮ繝｣繝ｩ繝ｪ繝ｼ / 繝励Λ繧ｰ繧､繝ｳ驟榊ｸ・/ 繝・・繝ｫ 縺ｪ縺ｩ<br>谺ｲ縺励＞繧ゅ・蜈ｨ驛ｨ隧ｰ繧∬ｾｼ縺ｿ縺ｾ縺励◆</p></section><section class="mt-12 py-24"><h2 class="neue-haas-grotesk-display mb-8 text-center text-2xl text-white md:text-3xl">Main Categories</h2><div class="grid grid-cols-1 gap-6 md:grid-cols-2"><a href="/01_about" class="card block transition-colors hover:border-blue-500"><h3 class="neue-haas-grotesk-display mb-3 text-xl text-white">About</h3><p class="noto-sans-jp-regular mb-4 text-gray-300">繝励Ο繝輔ぅ繝ｼ繝ｫ縲√ョ繧ｸ繧ｿ繝ｫ蜷榊絢縲∽ｾ晞ｼ繝壹・繧ｸ縺ｸ縺ｮ蟆守ｷ・/p><ul class="noto-sans-jp-light space-y-1 text-sm text-gray-400"><li>窶｢ 譛ｬ蜷阪・繝ｭ繝輔ぅ繝ｼ繝ｫ・域治逕ｨ諡・ｽ楢・・莨∵･ｭ蜷代￠・・/li><li>窶｢ 繝上Φ繝峨Ν繝阪・繝繝励Ο繝輔ぅ繝ｼ繝ｫ・亥酔讌ｭ閠・髄縺托ｼ・/li><li>窶｢ 繧ｹ繧ｭ繝ｫ繝ｻ邨梧ｭｴ繝ｻ蜿苓ｳ樊ｭｴ</li></ul></a><a href="/02_portfolio" class="card block transition-colors hover:border-blue-500"><h3 class="neue-haas-grotesk-display mb-3 text-xl text-white">Portfolio</h3><p class="noto-sans-jp-regular mb-4 text-gray-300">4縺､縺ｮ繧ｮ繝｣繝ｩ繝ｪ繝ｼ・・ll / develop / video / video&amp;design・峨∈縺ｮ蟆守ｷ・/p><ul class="noto-sans-jp-light space-y-1 text-sm text-gray-400"><li>窶｢ 蜈ｨ菴懷刀荳隕ｧ・医ヰ繝ｩ繧ｨ繝・ぅ驥崎ｦ厄ｼ・/li><li>窶｢ 髢狗匱邉ｻ菴懷刀・医・繝ｭ繧ｰ繝ｩ繝溘Φ繧ｰ髢｢騾｣・・/li><li>窶｢ 譏蜒丈ｽ懷刀・・oriio繝ｩ繧､繧ｯ陦ｨ遉ｺ・・/li><li>窶｢ 譏蜒上・繝・じ繧､繝ｳ菴懷刀・医け繝ｪ繧ｨ繧､繝・ぅ繝厄ｼ・/li></ul></a><a href="/03_workshop" class="card block transition-colors hover:border-blue-500"><h3 class="neue-haas-grotesk-display mb-3 text-xl text-white">Workshop</h3><p class="noto-sans-jp-regular mb-4 text-gray-300">繝励Λ繧ｰ繧､繝ｳ驟榊ｸ・√ヶ繝ｭ繧ｰ縲∫ｴ譚舌ム繧ｦ繝ｳ繝ｭ繝ｼ繝峨∈縺ｮ蟆守ｷ・/p><ul class="noto-sans-jp-light space-y-1 text-sm text-gray-400"><li>窶｢ 繝励Λ繧ｰ繧､繝ｳ驟榊ｸ・ｼ・fter Effects遲会ｼ・/li><li>窶｢ 謚陦薙ヶ繝ｭ繧ｰ繝ｻ蛻ｶ菴懆ｨ倬鹸</li><li>窶｢ 邏譚舌・繝・Φ繝励Ξ繝ｼ繝医ム繧ｦ繝ｳ繝ｭ繝ｼ繝・/li></ul></a><a href="/04_tools" class="card block transition-colors hover:border-blue-500"><h3 class="neue-haas-grotesk-display mb-3 text-xl text-white">Tools</h3><p class="noto-sans-jp-regular mb-4 text-gray-300">螳溽畑逧・↑Web繝・・繝ｫ髮・∈縺ｮ蟆守ｷ・/p><ul class="noto-sans-jp-light space-y-1 text-sm text-gray-400"><li>窶｢ 繧ｫ繝ｩ繝ｼ繝代Ξ繝・ヨ逕滓・繝・・繝ｫ</li><li>窶｢ QR繧ｳ繝ｼ繝臥函謌仙勣</li><li>窶｢ 繝・く繧ｹ繝医き繧ｦ繝ｳ繧ｿ</li><li>窶｢ 縺昴・莉紋ｾｿ蛻ｩ繝・・繝ｫ</li></ul></a></div></section><section class="mt-12 py-24"><h2 class="neue-haas-grotesk-display mb-8 text-center text-2xl text-white md:text-3xl">Site Functions</h2><div class="grid grid-cols-1 gap-6 md:grid-cols-3"><a href="/00_global/privacy-policy" class="card block text-center transition-colors hover:border-blue-500"><h3 class="neue-haas-grotesk-display mb-3 text-lg text-white">Privacy Policy</h3><p class="noto-sans-jp-regular text-sm text-gray-300">繝励Λ繧､繝舌す繝ｼ繝昴Μ繧ｷ繝ｼ</p></a><a href="/00_global/search" class="card block text-center transition-colors hover:border-blue-500"><h3 class="neue-haas-grotesk-display mb-3 text-lg text-white">Search</h3><p class="noto-sans-jp-regular text-sm text-gray-300">繧ｵ繧､繝亥・讀懃ｴ｢讖溯・</p></a><a href="/contact" class="card block text-center transition-colors hover:border-blue-500"><h3 class="neue-haas-grotesk-display mb-3 text-lg text-white">Contact</h3><p class="noto-sans-jp-regular text-sm text-gray-300">縺雁撫縺・粋繧上○繝輔か繝ｼ繝</p></a></div></section><section class="mt-12 py-24"><h2 class="neue-haas-grotesk-display mb-8 text-center text-2xl text-white md:text-3xl">Latest Updates</h2><div class="grid grid-cols-1 gap-6 md:grid-cols-2 xl:grid-cols-3"><div class="card"><div class="noto-sans-jp-regular mb-2 text-xs text-blue-400">Portfolio</div><h3 class="neue-haas-grotesk-display mb-2 text-lg text-white">譛譁ｰ菴懷刀繧ｿ繧､繝医Ν</h3><p class="noto-sans-jp-light mb-3 text-sm text-gray-400">譛譁ｰ縺ｮ蛻ｶ菴應ｽ懷刀縺ｫ縺､縺・※縺ｮ邁｡蜊倥↑隱ｬ譏弱〒縺吶よ橿陦薙せ繧ｿ繝・け繧・宛菴懈悄髢薙↑縺ｩ縲・/p><div class="flex flex-wrap gap-2"><span class="bg-blue-600 px-2 py-1 text-xs text-white">React</span><span class="bg-blue-600 px-2 py-1 text-xs text-white">TypeScript</span></div></div><div class="card"><div class="noto-sans-jp-regular mb-2 text-xs text-blue-400">Blog</div><h3 class="neue-haas-grotesk-display mb-2 text-lg text-white">譛譁ｰ繝悶Ο繧ｰ險倅ｺ・/h3><p class="noto-sans-jp-light mb-3 text-sm text-gray-400">譛譁ｰ縺ｮ謚陦楢ｨ倅ｺ九ｄ蛻ｶ菴憺℃遞九↓縺､縺・※縺ｮ險倅ｺ九〒縺吶ょｭｦ鄙偵＠縺溷・螳ｹ縺ｮ蜈ｱ譛峨↑縺ｩ縲・/p><div class="text-xs text-gray-500">2025/01/20</div></div><div class="card"><div class="noto-sans-jp-regular mb-2 text-xs text-blue-400">Tools</div><h3 class="neue-haas-grotesk-display mb-2 text-lg text-white">譁ｰ讖溯・霑ｽ蜉</h3><p class="noto-sans-jp-light mb-3 text-sm text-gray-400">譌｢蟄倥ヤ繝ｼ繝ｫ縺ｫ譁ｰ讖溯・繧定ｿｽ蜉縺励∪縺励◆縲ゆｽｿ縺・ｄ縺吶＆縺ｮ蜷台ｸ翫ｒ蝗ｳ縺｣縺ｦ縺・∪縺吶・/p><div class="text-xs text-gray-500">2025/01/18</div></div></div></section><footer class="mt-24 border-t border-gray-600 py-24 text-center"><p class="noto-sans-jp-regular mb-2 text-sm text-gray-400">ﾂｩ 2025 samuido</p><p class="noto-sans-jp-light text-xs text-gray-500">繝輔Ο繝ｳ繝医お繝ｳ繝峨お繝ｳ繧ｸ繝九い繝ｻWeb繝・じ繧､繝翫・繝ｻ譏蜒上け繝ｪ繧ｨ繧､繧ｿ繝ｼ</p></footer></div>

 [32m笨・[39m src/app/page.test.tsx[2m > [22mHomePage[2m > [22mshould render without crashing[32m 8[2mms[22m[39m
 [32m笨・[39m src/app/page.test.tsx[2m > [22mHomePage[2m > [22mshould render main sections[32m 5[2mms[22m[39m
 [32m笨・[39m src/app/page.test.tsx[2m > [22mHomePage[2m > [22mshould render category links[32m 6[2mms[22m[39m
 [32m笨・[39m src/app/page.test.tsx[2m > [22mHomePage[2m > [22mshould render footer content[32m 6[2mms[22m[39m
 [32m笨・[39m src/lib/markdown/processor.test.ts[2m > [22mMarkdown Processor[2m > [22mprocessMarkdown[2m > [22mshould process markdown with frontmatter and generate all properties[32m 3[2mms[22m[39m
 [32m笨・[39m src/lib/markdown/processor.test.ts[2m > [22mMarkdown Processor[2m > [22mprocessMarkdown[2m > [22mshould generate excerpt if not in metadata[32m 2[2mms[22m[39m
 [32m笨・[39m src/lib/markdown/processor.test.ts[2m > [22mMarkdown Processor[2m > [22maddMarkdownExtensions[2m > [22mshould configure marked with a custom heading renderer[32m 2[2mms[22m[39m
 [32m笨・[39m src/lib/markdown/processor.test.ts[2m > [22mMarkdown Processor[2m > [22mextractFrontmatter[2m > [22mshould extract frontmatter correctly[32m 2[2mms[22m[39m
 [32m笨・[39m src/lib/markdown/processor.test.ts[2m > [22mMarkdown Processor[2m > [22mextractFrontmatter[2m > [22mshould handle content without frontmatter[32m 1[2mms[22m[39m
 [32m笨・[39m src/lib/markdown/processor.test.ts[2m > [22mMarkdown Processor[2m > [22mextractFrontmatter[2m > [22mshould handle keys with no value[32m 1[2mms[22m[39m
 [32m笨・[39m src/lib/markdown/processor.test.ts[2m > [22mMarkdown Processor[2m > [22mgenerateTableOfContents[2m > [22mshould generate a ToC from headings[32m 1[2mms[22m[39m
 [32m笨・[39m src/lib/markdown/processor.test.ts[2m > [22mMarkdown Processor[2m > [22mgenerateTableOfContents[2m > [22mshould return an empty array for content without headings[32m 1[2mms[22m[39m
 [32m笨・[39m src/lib/markdown/processor.test.ts[2m > [22mMarkdown Processor[2m > [22mcountWords[2m > [22mshould count words in a simple string[32m 1[2mms[22m[39m
 [32m笨・[39m src/lib/markdown/processor.test.ts[2m > [22mMarkdown Processor[2m > [22mcountWords[2m > [22mshould handle html tags[32m 1[2mms[22m[39m
 [32m笨・[39m src/lib/markdown/processor.test.ts[2m > [22mMarkdown Processor[2m > [22mcountWords[2m > [22mshould return 0 for empty content[32m 1[2mms[22m[39m
 [32m笨・[39m src/lib/markdown/processor.test.ts[2m > [22mMarkdown Processor[2m > [22mcalculateReadingTime[2m > [22mshould calculate reading time correctly[32m 1[2mms[22m[39m
 [32m笨・[39m src/lib/markdown/processor.test.ts[2m > [22mMarkdown Processor[2m > [22mcalculateReadingTime[2m > [22mshould return 0 for empty content[32m 1[2mms[22m[39m
 [32m笨・[39m src/lib/markdown/processor.test.ts[2m > [22mMarkdown Processor[2m > [22mgenerateExcerpt[2m > [22mshould truncate long content[32m 3[2mms[22m[39m
 [32m笨・[39m src/lib/markdown/processor.test.ts[2m > [22mMarkdown Processor[2m > [22mgenerateExcerpt[2m > [22mshould return full content if shorter than maxLength[32m 2[2mms[22m[39m
 [32m笨・[39m src/lib/markdown/processor.test.ts[2m > [22mMarkdown Processor[2m > [22msanitizeHtml[2m > [22mshould call DOMPurify.sanitize[32m 1[2mms[22m[39m
 [32m笨・[39m src/lib/markdown/processor.test.ts[2m > [22mMarkdown Processor[2m > [22mvalidateMarkdownMetadata[2m > [22mshould return valid for correct metadata[32m 1[2mms[22m[39m
 [32m笨・[39m src/lib/markdown/processor.test.ts[2m > [22mMarkdown Processor[2m > [22mvalidateMarkdownMetadata[2m > [22mshould return errors for invalid metadata[32m 1[2mms[22m[39m
 [32m笨・[39m src/lib/stats/index.test.ts[2m > [22mStatistics Tracking[2m > [22mtrackStat[2m > [22mshould track a new statistic[32m 4[2mms[22m[39m
 [32m笨・[39m src/lib/stats/index.test.ts[2m > [22mStatistics Tracking[2m > [22mtrackStat[2m > [22mshould increment an existing statistic[32m 3[2mms[22m[39m
 [32m笨・[39m src/lib/stats/index.test.ts[2m > [22mStatistics Tracking[2m > [22mtrackStat[2m > [22mshould handle different stat types[32m 3[2mms[22m[39m
 [32m笨・[39m src/lib/stats/index.test.ts[2m > [22mStatistics Tracking[2m > [22mtrackStat[2m > [22mshould handle errors gracefully[32m 3[2mms[22m[39m
 [32m笨・[39m src/lib/stats/index.test.ts[2m > [22mStatistics Tracking[2m > [22mgetStats[2m > [22mshould get all statistics for a type[32m 2[2mms[22m[39m
 [32m笨・[39m src/lib/stats/index.test.ts[2m > [22mStatistics Tracking[2m > [22mgetStats[2m > [22mshould get statistics for a specific ID[32m 2[2mms[22m[39m
 [32m笨・[39m src/lib/stats/index.test.ts[2m > [22mStatistics Tracking[2m > [22mgetStats[2m > [22mshould return 0 for non-existent ID[32m 2[2mms[22m[39m
 [32m笨・[39m src/lib/stats/index.test.ts[2m > [22mStatistics Tracking[2m > [22mgetStats[2m > [22mshould handle file not existing[32m 1[2mms[22m[39m
 [32m笨・[39m src/lib/stats/index.test.ts[2m > [22mStatistics Tracking[2m > [22mgetTopStats[2m > [22mshould get top statistics sorted by count[32m 3[2mms[22m[39m
 [32m笨・[39m src/lib/stats/index.test.ts[2m > [22mStatistics Tracking[2m > [22mgetTopStats[2m > [22mshould limit results correctly[32m 3[2mms[22m[39m
 [32m笨・[39m src/lib/stats/index.test.ts[2m > [22mStatistics Tracking[2m > [22mgetTopStats[2m > [22mshould handle empty stats[32m 2[2mms[22m[39m
 [32m笨・[39m src/app/04_tools/color-palette/page.test.tsx[2m > [22mColorPalettePage[2m > [22mshould render the color palette page with title and description[32m 5[2mms[22m[39m
 [32m笨・[39m src/app/04_tools/color-palette/page.test.tsx[2m > [22mColorPalettePage[2m > [22mshould render the color palette component[32m 6[2mms[22m[39m
 [32m笨・[39m src/app/04_tools/color-palette/page.test.tsx[2m > [22mColorPalettePage[2m > [22mshould render the tool usage tracker with correct tool ID[32m 4[2mms[22m[39m
 [32m笨・[39m src/app/04_tools/color-palette/page.test.tsx[2m > [22mColorPalettePage[2m > [22mshould render the back link[32m 4[2mms[22m[39m
 [32m笨・[39m src/app/04_tools/color-palette/page.test.tsx[2m > [22mColorPalettePage[2m > [22mshould render the about section[32m 3[2mms[22m[39m
stderr | src/lib/utils/content-loader.test.ts > Content Loader > should handle file read errors
Failed to load portfolio content: Error: File not found
    at C:\Users\rebui\Downloads\my-web-2025\src\lib\utils\content-loader.test.ts:166:65
    at file:///C:/Users/rebui/Downloads/my-web-2025/node_modules/@vitest/runner/dist/chunk-hooks.js:155:11
    at file:///C:/Users/rebui/Downloads/my-web-2025/node_modules/@vitest/runner/dist/chunk-hooks.js:752:26
    at file:///C:/Users/rebui/Downloads/my-web-2025/node_modules/@vitest/runner/dist/chunk-hooks.js:1897:20
    at new Promise (<anonymous>)
    at runWithTimeout (file:///C:/Users/rebui/Downloads/my-web-2025/node_modules/@vitest/runner/dist/chunk-hooks.js:1863:10)
    at runTest (file:///C:/Users/rebui/Downloads/my-web-2025/node_modules/@vitest/runner/dist/chunk-hooks.js:1574:12)
    at processTicksAndRejections (node:internal/process/task_queues:105:5)
    at runSuite (file:///C:/Users/rebui/Downloads/my-web-2025/node_modules/@vitest/runner/dist/chunk-hooks.js:1729:8)
    at runSuite (file:///C:/Users/rebui/Downloads/my-web-2025/node_modules/@vitest/runner/dist/chunk-hooks.js:1729:8)

stderr | src/lib/utils/content-loader.test.ts > Content Loader > should handle invalid content items
Invalid content item (invalid-item): {
  type: [ 'Content type is required' ],
  title: [ 'Title is required' ],
  description: [ 'Description is required' ],
  category: [ 'Category is required' ],
  status: [ 'Status is required' ],
  priority: [ 'Priority is required' ],
  createdAt: [ 'Creation timestamp is required' ]
}

 [32m笨・[39m src/lib/utils/content-loader.test.ts[2m > [22mContent Loader[2m > [22mshould load content items by type[32m 4[2mms[22m[39m
 [32m笨・[39m src/lib/utils/content-loader.test.ts[2m > [22mContent Loader[2m > [22mshould filter items by category[32m 2[2mms[22m[39m
 [32m笨・[39m src/lib/utils/content-loader.test.ts[2m > [22mContent Loader[2m > [22mshould filter items by status[32m 2[2mms[22m[39m
 [32m笨・[39m src/lib/utils/content-loader.test.ts[2m > [22mContent Loader[2m > [22mshould filter items by tags[32m 2[2mms[22m[39m
 [32m笨・[39m src/lib/utils/content-loader.test.ts[2m > [22mContent Loader[2m > [22mshould sort items by specified field[32m 3[2mms[22m[39m
 [32m笨・[39m src/lib/utils/content-loader.test.ts[2m > [22mContent Loader[2m > [22mshould apply pagination[32m 2[2mms[22m[39m
 [32m笨・[39m src/lib/utils/content-loader.test.ts[2m > [22mContent Loader[2m > [22mshould use cache for subsequent requests[32m 2[2mms[22m[39m
 [32m笨・[39m src/lib/utils/content-loader.test.ts[2m > [22mContent Loader[2m > [22mshould clear cache correctly[32m 2[2mms[22m[39m
 [32m笨・[39m src/lib/utils/content-loader.test.ts[2m > [22mContent Loader[2m > [22mshould handle file read errors[32m 2[2mms[22m[39m
 [32m笨・[39m src/lib/utils/content-loader.test.ts[2m > [22mContent Loader[2m > [22mshould handle invalid content items[32m 2[2mms[22m[39m
[90mstdout[2m | src/app/02_portfolio/components/PortfolioGallery.test.tsx[2m > [22m[2mPortfolioGallery[2m > [22m[2mshould render without crashing
stderr | src/app/02_portfolio/components/PortfolioGallery.test.tsx > PortfolioGallery > should render without crashing
In HTML, <a> cannot be a descendant of <a>.
This will cause a hydration error.

  <PortfolioGallery initialItems={[...]}>
    <div className="space-y-8">
      <div>
      <div className="grid grid-...">
        <default>
        <default>
        <default href="/02_portfo..." onClick={function onClick} className="group block">
>         <a href="/02_portfolio/portfolio-3" onClick={function onClick}>
            <div className="border-for...">
              <div>
              <div className="p-4">
                <h3>
                <p>
                <div>
                <div className="mt-3 flex ...">
>                 <a
>                   href="https://example.com/demo"
>                   target="_blank"
>                   rel="noopener noreferrer"
>                   onClick={function onClick}
>                   className="text-foreground/60 hover:text-primary flex items-center text-xs"
>                 >

<a> cannot contain a nested <a>.
See this log for the ancestor stack trace.

[22m[39m<div class="space-y-8"><div class="flex flex-wrap items-center justify-between gap-4"><div class="flex flex-wrap items-center gap-2"><div class="mr-2 flex items-center"><span>Filter</span><span class="text-sm font-medium">Filter:</span></div><button class="border px-3 py-1 text-sm border-primary bg-primary/10 text-primary">All</button><button class="border px-3 py-1 text-sm border-foreground/20 text-foreground/70 hover:border-primary/50">Development</button><button class="border px-3 py-1 text-sm border-foreground/20 text-foreground/70 hover:border-primary/50">Design</button><button class="border px-3 py-1 text-sm border-foreground/20 text-foreground/70 hover:border-primary/50">Video</button><button class="border px-3 py-1 text-sm border-foreground/20 text-foreground/70 hover:border-primary/50">Video &amp; Design</button></div><a href="/02_portfolio/stats"><span>Eye</span>View Statistics</a></div><div class="grid grid-cols-1 gap-6 sm:grid-cols-2 lg:grid-cols-3"><a href="/02_portfolio/portfolio-1"><div class="border-foreground/20 overflow-hidden border"><div class="relative h-48 w-full overflow-hidden bg-gray-100"><img alt="Development Project" class="object-cover transition-transform duration-300 group-hover:scale-105" src="/images/portfolio-1.jpg"><div class="absolute right-2 bottom-2 bg-black/70 px-2 py-1 text-xs text-white">develop</div></div><div class="p-4"><h3 class="text-foreground group-hover:text-primary text-lg font-medium">Development Project</h3><p class="text-foreground/70 mt-1 line-clamp-2 text-sm">A web development project</p><div class="mt-3 flex flex-wrap gap-1"><span class="bg-gray/50 text-foreground/60 px-2 py-0.5 text-xs">react</span><span class="bg-gray/50 text-foreground/60 px-2 py-0.5 text-xs">typescript</span></div></div></div></a><a href="/02_portfolio/portfolio-2"><div class="border-foreground/20 overflow-hidden border"><div class="relative h-48 w-full overflow-hidden bg-gray-100"><img alt="Design Project" class="object-cover transition-transform duration-300 group-hover:scale-105" src="/images/portfolio-2.jpg"><div class="absolute right-2 bottom-2 bg-black/70 px-2 py-1 text-xs text-white">design</div></div><div class="p-4"><h3 class="text-foreground group-hover:text-primary text-lg font-medium">Design Project</h3><p class="text-foreground/70 mt-1 line-clamp-2 text-sm">A graphic design project</p><div class="mt-3 flex flex-wrap gap-1"><span class="bg-gray/50 text-foreground/60 px-2 py-0.5 text-xs">photoshop</span><span class="bg-gray/50 text-foreground/60 px-2 py-0.5 text-xs">illustrator</span></div></div></div></a><a href="/02_portfolio/portfolio-3"><div class="border-foreground/20 overflow-hidden border"><div class="relative h-48 w-full overflow-hidden bg-gray-100"><img alt="Video Project" class="object-cover transition-transform duration-300 group-hover:scale-105" src="/images/portfolio-3.jpg"><div class="absolute right-2 bottom-2 bg-black/70 px-2 py-1 text-xs text-white">video</div></div><div class="p-4"><h3 class="text-foreground group-hover:text-primary text-lg font-medium">Video Project</h3><p class="text-foreground/70 mt-1 line-clamp-2 text-sm">A video production project</p><div class="mt-3 flex flex-wrap gap-1"><span class="bg-gray/50 text-foreground/60 px-2 py-0.5 text-xs">after-effects</span><span class="bg-gray/50 text-foreground/60 px-2 py-0.5 text-xs">premiere</span></div><div class="mt-3 flex items-center gap-2"><a href="https://example.com/demo" target="_blank" rel="noopener noreferrer" class="text-foreground/60 hover:text-primary flex items-center text-xs"><span>External</span>demo</a></div></div></div></a></div></div>

 [32m笨・[39m src/app/02_portfolio/components/PortfolioGallery.test.tsx[2m > [22mPortfolioGallery[2m > [22mshould render without crashing[32m 8[2mms[22m[39m
 [32m笨・[39m src/app/02_portfolio/components/PortfolioGallery.test.tsx[2m > [22mPortfolioGallery[2m > [22mshould render portfolio items[32m 6[2mms[22m[39m
 [32m笨・[39m src/lib/email/templates.test.ts[2m > [22mEmail Templates[2m > [22mNotification Email Templates[2m > [22mshould generate HTML notification email with development inquiry content[32m 3[2mms[22m[39m
 [32m笨・[39m src/lib/email/templates.test.ts[2m > [22mEmail Templates[2m > [22mNotification Email Templates[2m > [22mshould generate HTML notification email with design inquiry content[32m 2[2mms[22m[39m
 [32m笨・[39m src/lib/email/templates.test.ts[2m > [22mEmail Templates[2m > [22mNotification Email Templates[2m > [22mshould generate HTML notification email with general inquiry content[32m 1[2mms[22m[39m
 [32m笨・[39m src/lib/email/templates.test.ts[2m > [22mEmail Templates[2m > [22mNotification Email Templates[2m > [22mshould generate plain text notification email[32m 1[2mms[22m[39m
 [32m笨・[39m src/lib/email/templates.test.ts[2m > [22mEmail Templates[2m > [22mAuto-Reply Email Templates[2m > [22mshould generate HTML auto-reply email with development inquiry content[32m 1[2mms[22m[39m
 [32m笨・[39m src/lib/email/templates.test.ts[2m > [22mEmail Templates[2m > [22mAuto-Reply Email Templates[2m > [22mshould generate HTML auto-reply email with design inquiry content[32m 1[2mms[22m[39m
 [32m笨・[39m src/lib/email/templates.test.ts[2m > [22mEmail Templates[2m > [22mAuto-Reply Email Templates[2m > [22mshould generate HTML auto-reply email with general inquiry content[32m 1[2mms[22m[39m
 [32m笨・[39m src/lib/email/templates.test.ts[2m > [22mEmail Templates[2m > [22mAuto-Reply Email Templates[2m > [22mshould generate plain text auto-reply email[32m 1[2mms[22m[39m
stderr | src/lib/security/recaptcha-service.test.ts > RecaptchaService > verifyToken > should handle API errors
reCAPTCHA verification error: Error: Network error
    at C:\Users\rebui\Downloads\my-web-2025\src\lib\security\recaptcha-service.test.ts:70:68
    at file:///C:/Users/rebui/Downloads/my-web-2025/node_modules/@vitest/runner/dist/chunk-hooks.js:155:11
    at file:///C:/Users/rebui/Downloads/my-web-2025/node_modules/@vitest/runner/dist/chunk-hooks.js:752:26
    at file:///C:/Users/rebui/Downloads/my-web-2025/node_modules/@vitest/runner/dist/chunk-hooks.js:1897:20
    at new Promise (<anonymous>)
    at runWithTimeout (file:///C:/Users/rebui/Downloads/my-web-2025/node_modules/@vitest/runner/dist/chunk-hooks.js:1863:10)
    at runTest (file:///C:/Users/rebui/Downloads/my-web-2025/node_modules/@vitest/runner/dist/chunk-hooks.js:1574:12)
    at processTicksAndRejections (node:internal/process/task_queues:105:5)
    at runSuite (file:///C:/Users/rebui/Downloads/my-web-2025/node_modules/@vitest/runner/dist/chunk-hooks.js:1729:8)
    at runSuite (file:///C:/Users/rebui/Downloads/my-web-2025/node_modules/@vitest/runner/dist/chunk-hooks.js:1729:8)

stderr | src/lib/security/recaptcha-service.test.ts > RecaptchaService > verifyToken > should handle non-OK responses
reCAPTCHA verification error: Error: reCAPTCHA verification failed with status: 500
    at RecaptchaService.verifyToken (C:\Users\rebui\Downloads\my-web-2025\src\lib\security\recaptcha-service.ts:70:15)
    at processTicksAndRejections (node:internal/process/task_queues:105:5)
    at C:\Users\rebui\Downloads\my-web-2025\src\lib\security\recaptcha-service.test.ts:85:22
    at file:///C:/Users/rebui/Downloads/my-web-2025/node_modules/@vitest/runner/dist/chunk-hooks.js:752:20

stderr | src/lib/security/recaptcha-service.test.ts > RecaptchaService > verifyToken > should skip verification in development mode if configured
reCAPTCHA verification skipped in development mode

 [32m笨・[39m src/lib/security/recaptcha-service.test.ts[2m > [22mRecaptchaService[2m > [22mverifyToken[2m > [22mshould verify a token successfully[32m 4[2mms[22m[39m
 [32m笨・[39m src/lib/security/recaptcha-service.test.ts[2m > [22mRecaptchaService[2m > [22mverifyToken[2m > [22mshould include remote IP if provided[32m 2[2mms[22m[39m
 [32m笨・[39m src/lib/security/recaptcha-service.test.ts[2m > [22mRecaptchaService[2m > [22mverifyToken[2m > [22mshould handle verification failure[32m 2[2mms[22m[39m
 [32m笨・[39m src/lib/security/recaptcha-service.test.ts[2m > [22mRecaptchaService[2m > [22mverifyToken[2m > [22mshould handle API errors[32m 2[2mms[22m[39m
 [32m笨・[39m src/lib/security/recaptcha-service.test.ts[2m > [22mRecaptchaService[2m > [22mverifyToken[2m > [22mshould handle non-OK responses[32m 2[2mms[22m[39m
 [32m笨・[39m src/lib/security/recaptcha-service.test.ts[2m > [22mRecaptchaService[2m > [22mverifyToken[2m > [22mshould skip verification in development mode if configured[32m 2[2mms[22m[39m
 [32m笨・[39m src/lib/security/recaptcha-service.test.ts[2m > [22mRecaptchaService[2m > [22mverifyTokenWithScore[2m > [22mshould pass verification with score above threshold[32m 2[2mms[22m[39m
 [32m笨・[39m src/lib/security/recaptcha-service.test.ts[2m > [22mRecaptchaService[2m > [22mverifyTokenWithScore[2m > [22mshould fail verification with score below threshold[32m 2[2mms[22m[39m
 [32m笨・[39m src/lib/security/recaptcha-service.test.ts[2m > [22mRecaptchaService[2m > [22mverifyTokenWithScore[2m > [22mshould use default threshold of 0.5 if not specified[32m 1[2mms[22m[39m
 [32m笨・[39m src/lib/utils/content-validation.test.ts[2m > [22mContent Validation[2m > [22mvalidateContentItem[2m > [22mshould validate a valid content item[32m 4[2mms[22m[39m
 [32m笨・[39m src/lib/utils/content-validation.test.ts[2m > [22mContent Validation[2m > [22mvalidateContentItem[2m > [22mshould validate a valid portfolio item with all optional fields[32m 2[2mms[22m[39m
 [32m笨・[39m src/lib/utils/content-validation.test.ts[2m > [22mContent Validation[2m > [22mvalidateContentItem[2m > [22mshould return errors for missing required fields[32m 1[2mms[22m[39m
 [32m笨・[39m src/lib/utils/content-validation.test.ts[2m > [22mContent Validation[2m > [22mvalidateContentItem[2m > [22mshould validate content type[32m 1[2mms[22m[39m
 [32m笨・[39m src/lib/utils/content-validation.test.ts[2m > [22mContent Validation[2m > [22mvalidateContentItem[2m > [22mshould validate status values[32m 1[2mms[22m[39m
 [32m笨・[39m src/lib/utils/content-validation.test.ts[2m > [22mContent Validation[2m > [22mvalidateContentItem[2m > [22mshould validate priority range[32m 1[2mms[22m[39m
 [32m笨・[39m src/lib/utils/content-validation.test.ts[2m > [22mContent Validation[2m > [22mvalidateContentItem[2m > [22mshould validate date formats[32m 1[2mms[22m[39m
 [32m笨・[39m src/lib/utils/content-validation.test.ts[2m > [22mContent Validation[2m > [22mvalidateContentItem[2m > [22mshould validate media embeds[32m 1[2mms[22m[39m
 [32m笨・[39m src/lib/utils/content-validation.test.ts[2m > [22mContent Validation[2m > [22mvalidateContentItem[2m > [22mshould validate external links[32m 1[2mms[22m[39m
 [32m笨・[39m src/lib/utils/content-validation.test.ts[2m > [22mContent Validation[2m > [22mvalidateContentItem[2m > [22mshould validate download info[32m 1[2mms[22m[39m
 [32m笨・[39m src/lib/utils/content-validation.test.ts[2m > [22mContent Validation[2m > [22mvalidateContentItem[2m > [22mshould validate SEO data[32m 1[2mms[22m[39m
[90mstdout[2m | src/app/00_global/components/AccessibleRecaptcha.test.tsx[2m > [22m[2mAccessibleRecaptcha[2m > [22m[2mshould render without crashing
[22m[39m<div class="recaptcha-container "><button type="button" class="text-foreground/70 hover:text-primary mb-2 flex items-center text-xs" aria-expanded="false" aria-controls="recaptcha-help"><span data-testid="info-icon">Info</span>reCAPTCHA accessibility information</button><div class="recaptcha-wrapper"><div data-testid="recaptcha"><button data-testid="recaptcha-success">Simulate Success</button><button data-testid="recaptcha-failure">Simulate Failure</button><button data-testid="recaptcha-expired">Simulate Expiry</button><button data-testid="recaptcha-error">Simulate Error</button></div></div></div>

 [32m笨・[39m src/app/00_global/components/AccessibleRecaptcha.test.tsx[2m > [22mAccessibleRecaptcha[2m > [22mshould render without crashing[32m 6[2mms[22m[39m
 [32m笨・[39m src/app/00_global/components/AccessibleRecaptcha.test.tsx[2m > [22mAccessibleRecaptcha[2m > [22mshould execute reCAPTCHA automatically when invisible is true[32m 5[2mms[22m[39m
 [32m笨・[39m src/app/00_global/components/AccessibleRecaptcha.test.tsx[2m > [22mAccessibleRecaptcha[2m > [22mshould apply custom className[32m 4[2mms[22m[39m
 [32m笨・[39m src/app/04_tools/components/SequentialPngPreview.test.tsx[2m > [22mSequentialPngPreview Component[2m > [22mshould render the sequential png preview component[32m 7[2mms[22m[39m
 [32m笨・[39m src/app/04_tools/components/SequentialPngPreview.test.tsx[2m > [22mSequentialPngPreview Component[2m > [22mshould have proper heading styling[32m 4[2mms[22m[39m
 [32m笨・[39m src/app/04_tools/components/SequentialPngPreview.test.tsx[2m > [22mSequentialPngPreview Component[2m > [22mshould have proper empty state message[32m 4[2mms[22m[39m
[90mstdout[2m | src/app/00_global/search/page.test.tsx[2m > [22m[2mSearchPage[2m > [22m[2mshould render without crashing
[22m[39m<div class="container mx-auto px-4 py-8"><div class="mb-8 text-center"><h1 class="neue-haas-grotesk-display text-foreground mb-2 text-3xl font-bold">Search</h1><p class="text-foreground/70 noto-sans-jp">繧ｵ繧､繝亥・讀懃ｴ｢</p></div><div data-testid="search-component"><div data-testid="initial-query"></div><div data-testid="initial-results">[]</div><div data-testid="initial-total">0</div><div data-testid="initial-suggested-queries">[]</div></div></div>

 [32m笨・[39m src/app/00_global/search/page.test.tsx[2m > [22mSearchPage[2m > [22mshould render without crashing[32m 5[2mms[22m[39m
 [32m笨・[39m src/app/00_global/search/page.test.tsx[2m > [22mSearchPage[2m > [22mshould handle search parameters[32m 5[2mms[22m[39m
 [32m笨・[39m src/app/00_global/search/page.test.tsx[2m > [22mSearchPage[2m > [22mshould render search page elements[32m 4[2mms[22m[39m
[90mstdout[2m | src/app/04_tools/components/QRCodeGenerator.test.tsx[2m > [22m[2mQRCodeGenerator[2m > [22m[2mshould render without crashing
[22m[39m<div class="space-y-6"><div class="border-foreground/20 border p-6"><h2 class="neue-haas-grotesk-display text-foreground mb-6 text-2xl"><div data-testid="qrcode-icon">QrCode</div>QR Code Generator</h2><div class="space-y-4"><div><label class="noto-sans-jp text-foreground mb-2 block text-sm font-medium">Enter text or URL</label><textarea placeholder="Enter text or URL to encode in the QR code" class="border-foreground/20 bg-gray text-foreground noto-sans-jp h-24 w-full border px-4 py-3 focus:outline-none"></textarea></div><div class="grid grid-cols-1 gap-4 md:grid-cols-2"><div><label class="noto-sans-jp text-foreground mb-2 block text-sm font-medium">QR Code Size: 200px</label><input min="100" max="500" step="10" class="w-full" type="range" value="200"></div><div><label class="noto-sans-jp text-foreground mb-2 block text-sm font-medium">Error Correction Level</label><select class="border-foreground/20 bg-gray text-foreground w-full border px-3 py-2 focus:outline-none"><option value="L">Low (7%)</option><option value="M">Medium (15%)</option><option value="Q">Quartile (25%)</option><option value="H">High (30%)</option></select></div></div><div class="flex items-center justify-between"><button class="border-foreground/20 text-foreground/70 hover:border-primary/50 flex items-center space-x-1 border px-4 py-2 text-sm transition-colors"><div data-testid="settings-icon">Settings</div><span>Show Advanced Options</span></button><button class="bg-primary hover:bg-primary/80 flex items-center space-x-2 px-4 py-2 text-white transition-colors disabled:opacity-50"><div data-testid="refresh-icon">RefreshCw</div><span>Generate QR Code</span></button></div></div></div><div class="border-foreground/20 border p-6"><h3 class="neue-haas-grotesk-display text-foreground mb-4 text-xl">Generated QR Code</h3><div class="flex flex-col items-center justify-center space-y-4"><div class="flex h-64 w-64 items-center justify-center rounded border bg-white"><p class="text-foreground/50 text-center text-sm">Enter text or URL to generate a QR code</p></div><div class="flex flex-wrap gap-2"><button disabled="" class="bg-primary hover:bg-primary/80 flex items-center space-x-2 px-4 py-2 text-white transition-colors disabled:opacity-50"><div data-testid="download-icon">Download</div><span>Download PNG</span></button><button disabled="" class="border-primary text-primary hover:bg-primary/10 flex items-center space-x-2 border px-4 py-2 transition-colors disabled:opacity-50"><div data-testid="copy-icon">Copy</div><span>Copy Image</span></button><button disabled="" class="border-foreground/20 text-foreground/70 hover:border-primary/50 flex items-center space-x-1 border px-4 py-2 text-sm transition-colors disabled:opacity-50"><div data-testid="copy-icon">Copy</div><span>Copy Text</span></button></div></div></div></div>

 [32m笨・[39m src/app/04_tools/components/QRCodeGenerator.test.tsx[2m > [22mQRCodeGenerator[2m > [22mshould render without crashing[32m 10[2mms[22m[39m
 [32m笨・[39m src/lib/utils/validation.test.ts[2m > [22mValidation Utils[2m > [22mvalidators[2m > [22mshould handle null and undefined for required[32m 4[2mms[22m[39m
 [32m笨・[39m src/lib/utils/validation.test.ts[2m > [22mValidation Utils[2m > [22mvalidators[2m > [22mshould handle string and array for minLength[32m 4[2mms[22m[39m
 [32m笨・[39m src/lib/utils/validation.test.ts[2m > [22mValidation Utils[2m > [22mvalidate[2m > [22mshould return no errors for valid data[32m 5[2mms[22m[39m
 [32m笨・[39m src/lib/utils/validation.test.ts[2m > [22mValidation Utils[2m > [22mvalidate[2m > [22mshould return errors for invalid data[32m 4[2mms[22m[39m
 [32m笨・[39m src/lib/utils/validation.test.ts[2m > [22mValidation Utils[2m > [22mvalidate[2m > [22mshould handle validation with params[32m 3[2mms[22m[39m
stderr | src/lib/search/index.test.ts > Search Functionality > searchContent > should return empty array if index fails to load
Failed to load search index: Error: Network Error
    at C:\Users\rebui\Downloads\my-web-2025\src\lib\search\index.test.ts:66:35
    at file:///C:/Users/rebui/Downloads/my-web-2025/node_modules/@vitest/runner/dist/chunk-hooks.js:155:11
    at file:///C:/Users/rebui/Downloads/my-web-2025/node_modules/@vitest/runner/dist/chunk-hooks.js:752:26
    at file:///C:/Users/rebui/Downloads/my-web-2025/node_modules/@vitest/runner/dist/chunk-hooks.js:1897:20
    at new Promise (<anonymous>)
    at runWithTimeout (file:///C:/Users/rebui/Downloads/my-web-2025/node_modules/@vitest/runner/dist/chunk-hooks.js:1863:10)
    at runTest (file:///C:/Users/rebui/Downloads/my-web-2025/node_modules/@vitest/runner/dist/chunk-hooks.js:1574:12)
    at processTicksAndRejections (node:internal/process/task_queues:105:5)
    at runSuite (file:///C:/Users/rebui/Downloads/my-web-2025/node_modules/@vitest/runner/dist/chunk-hooks.js:1729:8)
    at runSuite (file:///C:/Users/rebui/Downloads/my-web-2025/node_modules/@vitest/runner/dist/chunk-hooks.js:1729:8)

 [32m笨・[39m src/lib/search/index.test.ts[2m > [22mSearch Functionality[2m > [22mbuildSearchIndex[2m > [22mshould build index from content and filter unpublished[32m 3[2mms[22m[39m
 [32m笨・[39m src/lib/search/index.test.ts[2m > [22mSearch Functionality[2m > [22msearchContent[2m > [22mshould return results if index loads and query matches[32m 4[2mms[22m[39m
 [32m笨・[39m src/lib/search/index.test.ts[2m > [22mSearch Functionality[2m > [22msearchContent[2m > [22mshould return empty array if index fails to load[32m 3[2mms[22m[39m
[90mstdout[2m | src/app/04_tools/qr-code/page.test.tsx[2m > [22m[2mQRCodePage[2m > [22m[2mshould render without crashing
[22m[39m<div class="container mx-auto px-4 py-8"><div class="mb-6"><a class="text-foreground/70 hover:text-primary inline-flex items-center" href="/04_tools"><div data-testid="arrow-left-icon">ArrowLeft</div>Back to Tools</a></div><div class="mb-8 text-center"><h1 class="neue-haas-grotesk-display text-foreground mb-2 text-3xl font-bold">QR Code Generator</h1><p class="noto-sans-jp text-foreground/70">QR繧ｳ繝ｼ繝峨ず繧ｧ繝阪Ξ繝ｼ繧ｿ繝ｼ</p></div><div class="mx-auto max-w-4xl"><div data-testid="tool-usage-tracker">Tool Usage Tracker: qr-code</div><div data-testid="qr-code-generator">QR Code Generator Component</div><div class="border-foreground/10 text-foreground/70 mt-8 border-t pt-6 text-sm"><h2 class="text-foreground mb-2 text-base font-medium">About this tool</h2><p class="mb-2">This QR code generator allows you to create customizable QR codes for websites, text, contact information, and more. You can adjust the size, error correction level, colors, and even add your own logo.</p><p class="mb-2">Higher error correction levels make the QR code more resistant to damage or poor scanning conditions, but also make the code more complex.</p><p>All processing is done in your browser - your data is never sent to a server.</p></div></div></div>

 [32m笨・[39m src/app/04_tools/qr-code/page.test.tsx[2m > [22mQRCodePage[2m > [22mshould render without crashing[32m 6[2mms[22m[39m
[90mstdout[2m | src/app/04_tools/components/BusinessMailBlocker.test.tsx[2m > [22m[2mBusinessMailBlocker[2m > [22m[2mshould render without crashing
[22m[39m<div class="space-y-6"><div class="border-foreground/20 border p-6"><h2 class="neue-haas-grotesk-display text-foreground mb-6 text-2xl"><div data-testid="briefcase-icon">Briefcase</div>Business Mail Blocker</h2><div class="space-y-4"><div><label class="noto-sans-jp text-foreground mb-2 block text-sm font-medium">Enter email addresses (one per line or comma-separated)</label><textarea placeholder="example@company.com
personal@gmail.com
info@business.org" class="border-foreground/20 bg-gray text-foreground noto-sans-jp h-40 w-full border px-4 py-3 focus:outline-none"></textarea></div><div class="flex flex-wrap gap-3"><button disabled="" class="bg-primary hover:bg-primary/80 flex items-center space-x-2 px-4 py-2 text-white transition-colors disabled:opacity-50"><div data-testid="filter-icon">Filter</div><span>Analyze Emails</span></button><label class="border-foreground/20 text-foreground/70 hover:border-primary/50 flex cursor-pointer items-center space-x-1 border px-4 py-2 text-sm transition-colors"><div data-testid="upload-icon">Upload</div><span>Upload File</span><input accept=".txt,.csv" class="hidden" type="file"></label><button class="border-foreground/20 text-foreground/70 hover:border-primary/50 flex items-center space-x-1 border px-4 py-2 text-sm transition-colors"><div data-testid="x-icon">X</div><span>Clear All</span></button></div></div></div></div>

 [32m笨・[39m src/app/04_tools/components/BusinessMailBlocker.test.tsx[2m > [22mBusinessMailBlocker[2m > [22mshould render without crashing[32m 7[2mms[22m[39m
[90mstdout[2m | src/app/04_tools/business-mail-blocker/page.test.tsx[2m > [22m[2mBusinessMailBlockerPage[2m > [22m[2mshould render without crashing
[22m[39m<div class="container mx-auto px-4 py-8"><div class="mb-6"><a class="text-foreground/70 hover:text-primary inline-flex items-center" href="/04_tools"><div data-testid="arrow-left-icon">ArrowLeft</div>Back to Tools</a></div><div class="mb-8 text-center"><h1 class="neue-haas-grotesk-display text-foreground mb-2 text-3xl font-bold">Business Mail Blocker</h1><p class="noto-sans-jp text-foreground/70">繝薙ず繝阪せ繝｡繝ｼ繝ｫ繝悶Ο繝・き繝ｼ</p></div><div class="mx-auto max-w-4xl"><div data-testid="tool-usage-tracker">Tool Usage Tracker: business-mail-blocker</div><div data-testid="business-mail-blocker-component">Business Mail Blocker Component</div><div class="border-foreground/10 text-foreground/70 mt-8 border-t pt-6 text-sm"><h2 class="text-foreground mb-2 text-base font-medium">About this tool</h2><p class="mb-2">This tool helps you identify and filter business email addresses from personal ones. It's useful for separating professional contacts from personal ones, or for filtering out business emails when sending personal communications.</p><p class="mb-2">The tool analyzes email domains and patterns to determine if an email is likely to be a business address. You can upload a list of emails or enter them manually, then export the filtered results.</p><p>All processing is done in your browser - your email data is never sent to a server.</p></div></div></div>

 [32m笨・[39m src/app/04_tools/business-mail-blocker/page.test.tsx[2m > [22mBusinessMailBlockerPage[2m > [22mshould render without crashing[32m 7[2mms[22m[39m
 [32m笨・[39m src/lib/utils/performance.test.ts[2m > [22mPerformance Utilities[2m > [22mcacheManager[2m > [22mshould set and get from cache[32m 5[2mms[22m[39m
 [32m笨・[39m src/lib/utils/performance.test.ts[2m > [22mPerformance Utilities[2m > [22mpreloadResource[2m > [22mshould append a link element to head[32m 3[2mms[22m[39m
 [32m笨・[39m src/app/api/health/route.test.ts[2m > [22mHealth API[2m > [22mshould return healthy status[32m 5[2mms[22m[39m
 [32m笨・[39m src/app/api/health/route.test.ts[2m > [22mHealth API[2m > [22mshould handle errors gracefully[32m 5[2mms[22m[39m
 [32m笨・[39m src/app/api/devtools/route.test.ts[2m > [22mDevTools API Route[2m > [22mGET /api/devtools[2m > [22mshould return 204 No Content response[32m 6[2mms[22m[39m
 [32m笨・[39m src/app/api/devtools/route.test.ts[2m > [22mDevTools API Route[2m > [22mGET /api/devtools[2m > [22mshould return proper response headers[32m 3[2mms[22m[39m

竡ｯ竡ｯ竡ｯ竡ｯ竡ｯ竡ｯ Failed Suites 1 竡ｯ竡ｯ竡ｯ竡ｯ竡ｯ竡ｯ竡ｯ

 FAIL  src/lib/monitoring/error-tracker.test.ts [ src/lib/monitoring/error-tracker.test.ts ]
TypeError: Cannot read properties of undefined (reading 'toString')
 笶ｯ ErrorTracker.generateSessionId src/lib/monitoring/error-tracker.ts:98:49
     96| 
     97|   private generateSessionId(): string {
     98|     return `session_${Date.now()}_${Math.random().toString(36).substr(窶ｦ
       |                                                 ^
     99|   }
    100| 
 笶ｯ new ErrorTracker src/lib/monitoring/error-tracker.ts:76:27
 笶ｯ src/lib/monitoring/error-tracker.ts:552:29
 笶ｯ src/lib/monitoring/error-tracker.test.ts:3:1

竡ｯ竡ｯ竡ｯ竡ｯ竡ｯ竡ｯ竡ｯ竡ｯ竡ｯ竡ｯ竡ｯ竡ｯ竡ｯ竡ｯ竡ｯ竡ｯ竡ｯ竡ｯ竡ｯ竡ｯ竡ｯ竡ｯ[1/201]竡ｯ


竡ｯ竡ｯ竡ｯ竡ｯ竡ｯ竡ｯ Failed Tests 200 竡ｯ竡ｯ竡ｯ竡ｯ竡ｯ竡ｯ

 FAIL  src/components/GridSystem.test.tsx > GridSystem Components > GridLayout > should render with default props
TestingLibraryElementError: Unable to find an element with the text: Test content. This could be because the text is broken up by multiple elements. In this case, you can provide a function for your text matcher to make your matcher more flexible.

Ignored nodes: comments, script, style
<body />
 笶ｯ Object.getElementError node_modules/@testing-library/dom/dist/config.js:37:19
 笶ｯ node_modules/@testing-library/dom/dist/query-helpers.js:76:38
 笶ｯ node_modules/@testing-library/dom/dist/query-helpers.js:52:17
 笶ｯ node_modules/@testing-library/dom/dist/query-helpers.js:95:19
 笶ｯ src/components/GridSystem.test.tsx:24:34
     22|       );
     23| 
     24|       const testContent = screen.getByText('Test content');
       |                                  ^
     25|       expect(testContent).toBeInTheDocument();
     26|       const container = testContent.parentElement;

竡ｯ竡ｯ竡ｯ竡ｯ竡ｯ竡ｯ竡ｯ竡ｯ竡ｯ竡ｯ竡ｯ竡ｯ竡ｯ竡ｯ竡ｯ竡ｯ竡ｯ竡ｯ竡ｯ竡ｯ竡ｯ竡ｯ[2/201]竡ｯ

 FAIL  src/components/GridSystem.test.tsx > GridSystem Components > GridLayout > should render without background
TestingLibraryElementError: Unable to find an element with the text: Test content. This could be because the text is broken up by multiple elements. In this case, you can provide a function for your text matcher to make your matcher more flexible.

Ignored nodes: comments, script, style
<body />
 笶ｯ Object.getElementError node_modules/@testing-library/dom/dist/config.js:37:19
 笶ｯ node_modules/@testing-library/dom/dist/query-helpers.js:76:38
 笶ｯ node_modules/@testing-library/dom/dist/query-helpers.js:52:17
 笶ｯ node_modules/@testing-library/dom/dist/query-helpers.js:95:19
 笶ｯ src/components/GridSystem.test.tsx:39:34
     37|       );
     38| 
     39|       const testContent = screen.getByText('Test content');
       |                                  ^
     40|       expect(testContent).toBeInTheDocument();
     41|       const container = testContent.parentElement;

竡ｯ竡ｯ竡ｯ竡ｯ竡ｯ竡ｯ竡ｯ竡ｯ竡ｯ竡ｯ竡ｯ竡ｯ竡ｯ竡ｯ竡ｯ竡ｯ竡ｯ竡ｯ竡ｯ竡ｯ竡ｯ竡ｯ[3/201]竡ｯ

 FAIL  src/components/GridSystem.test.tsx > GridSystem Components > GridLayout > should apply custom className
TestingLibraryElementError: Unable to find an element with the text: Test content. This could be because the text is broken up by multiple elements. In this case, you can provide a function for your text matcher to make your matcher more flexible.

Ignored nodes: comments, script, style
<body />
 笶ｯ Object.getElementError node_modules/@testing-library/dom/dist/config.js:37:19
 笶ｯ node_modules/@testing-library/dom/dist/query-helpers.js:76:38
 笶ｯ node_modules/@testing-library/dom/dist/query-helpers.js:52:17
 笶ｯ node_modules/@testing-library/dom/dist/query-helpers.js:95:19
 笶ｯ src/components/GridSystem.test.tsx:54:34
     52|       );
     53| 
     54|       const testContent = screen.getByText('Test content');
       |                                  ^
     55|       expect(testContent).toBeInTheDocument();
     56|       const container = testContent.parentElement;

竡ｯ竡ｯ竡ｯ竡ｯ竡ｯ竡ｯ竡ｯ竡ｯ竡ｯ竡ｯ竡ｯ竡ｯ竡ｯ竡ｯ竡ｯ竡ｯ竡ｯ竡ｯ竡ｯ竡ｯ竡ｯ竡ｯ[4/201]竡ｯ

 FAIL  src/components/GridSystem.test.tsx > GridSystem Components > GridContainer > should render with default props
TestingLibraryElementError: Unable to find an element with the text: Test content. This could be because the text is broken up by multiple elements. In this case, you can provide a function for your text matcher to make your matcher more flexible.

Ignored nodes: comments, script, style
<body />
 笶ｯ Object.getElementError node_modules/@testing-library/dom/dist/config.js:37:19
 笶ｯ node_modules/@testing-library/dom/dist/query-helpers.js:76:38
 笶ｯ node_modules/@testing-library/dom/dist/query-helpers.js:52:17
 笶ｯ node_modules/@testing-library/dom/dist/query-helpers.js:95:19
 笶ｯ src/components/GridSystem.test.tsx:69:34
     67|       );
     68| 
     69|       const testContent = screen.getByText('Test content');
       |                                  ^
     70|       expect(testContent).toBeInTheDocument();
     71|       const container = testContent.closest('.container-grid');

竡ｯ竡ｯ竡ｯ竡ｯ竡ｯ竡ｯ竡ｯ竡ｯ竡ｯ竡ｯ竡ｯ竡ｯ竡ｯ竡ｯ竡ｯ竡ｯ竡ｯ竡ｯ竡ｯ竡ｯ竡ｯ竡ｯ[5/201]竡ｯ

 FAIL  src/components/GridSystem.test.tsx > GridSystem Components > GridContainer > should render without padding
TestingLibraryElementError: Unable to find an element with the text: Test content. This could be because the text is broken up by multiple elements. In this case, you can provide a function for your text matcher to make your matcher more flexible.

Ignored nodes: comments, script, style
<body />
 笶ｯ Object.getElementError node_modules/@testing-library/dom/dist/config.js:37:19
 笶ｯ node_modules/@testing-library/dom/dist/query-helpers.js:76:38
 笶ｯ node_modules/@testing-library/dom/dist/query-helpers.js:52:17
 笶ｯ node_modules/@testing-library/dom/dist/query-helpers.js:95:19
 笶ｯ src/components/GridSystem.test.tsx:84:34
     82|       );
     83| 
     84|       const testContent = screen.getByText('Test content');
       |                                  ^
     85|       expect(testContent).toBeInTheDocument();
     86|       const container = testContent.closest('.container-grid');

竡ｯ竡ｯ竡ｯ竡ｯ竡ｯ竡ｯ竡ｯ竡ｯ竡ｯ竡ｯ竡ｯ竡ｯ竡ｯ竡ｯ竡ｯ竡ｯ竡ｯ竡ｯ竡ｯ竡ｯ竡ｯ竡ｯ[6/201]竡ｯ

 FAIL  src/components/GridSystem.test.tsx > GridSystem Components > GridContainer > should apply custom className
TestingLibraryElementError: Unable to find an element with the text: Test content. This could be because the text is broken up by multiple elements. In this case, you can provide a function for your text matcher to make your matcher more flexible.

Ignored nodes: comments, script, style
<body />
 笶ｯ Object.getElementError node_modules/@testing-library/dom/dist/config.js:37:19
 笶ｯ node_modules/@testing-library/dom/dist/query-helpers.js:76:38
 笶ｯ node_modules/@testing-library/dom/dist/query-helpers.js:52:17
 笶ｯ node_modules/@testing-library/dom/dist/query-helpers.js:95:19
 笶ｯ src/components/GridSystem.test.tsx:99:34
     97|       );
     98| 
     99|       const testContent = screen.getByText('Test content');
       |                                  ^
    100|       expect(testContent).toBeInTheDocument();
    101|       const innerDiv = testContent.parentElement;

竡ｯ竡ｯ竡ｯ竡ｯ竡ｯ竡ｯ竡ｯ竡ｯ竡ｯ竡ｯ竡ｯ竡ｯ竡ｯ竡ｯ竡ｯ竡ｯ竡ｯ竡ｯ竡ｯ竡ｯ竡ｯ竡ｯ[7/201]竡ｯ

 FAIL  src/components/GridSystem.test.tsx > GridSystem Components > GridContent > should render with default props
TestingLibraryElementError: Unable to find an element with the text: Item 1. This could be because the text is broken up by multiple elements. In this case, you can provide a function for your text matcher to make your matcher more flexible.

Ignored nodes: comments, script, style
<body />
 笶ｯ Object.getElementError node_modules/@testing-library/dom/dist/config.js:37:19
 笶ｯ node_modules/@testing-library/dom/dist/query-helpers.js:76:38
 笶ｯ node_modules/@testing-library/dom/dist/query-helpers.js:52:17
 笶ｯ node_modules/@testing-library/dom/dist/query-helpers.js:95:19
 笶ｯ src/components/GridSystem.test.tsx:115:28
    113|       );
    114| 
    115|       const item1 = screen.getByText('Item 1');
       |                            ^
    116|       expect(item1).toBeInTheDocument();
    117|       const grid = item1.parentElement;

竡ｯ竡ｯ竡ｯ竡ｯ竡ｯ竡ｯ竡ｯ竡ｯ竡ｯ竡ｯ竡ｯ竡ｯ竡ｯ竡ｯ竡ｯ竡ｯ竡ｯ竡ｯ竡ｯ竡ｯ竡ｯ竡ｯ[8/201]竡ｯ

 FAIL  src/components/GridSystem.test.tsx > GridSystem Components > GridContent > should render with custom columns
TestingLibraryElementError: Unable to find an element with the text: Item 1. This could be because the text is broken up by multiple elements. In this case, you can provide a function for your text matcher to make your matcher more flexible.

Ignored nodes: comments, script, style
<body />
 笶ｯ Object.getElementError node_modules/@testing-library/dom/dist/config.js:37:19
 笶ｯ node_modules/@testing-library/dom/dist/query-helpers.js:76:38
 笶ｯ node_modules/@testing-library/dom/dist/query-helpers.js:52:17
 笶ｯ node_modules/@testing-library/dom/dist/query-helpers.js:95:19
 笶ｯ src/components/GridSystem.test.tsx:144:28
    142|       );
    143| 
    144|       const item1 = screen.getByText('Item 1');
       |                            ^
    145|       expect(item1).toBeInTheDocument();
    146|       const grid = item1.parentElement;

竡ｯ竡ｯ竡ｯ竡ｯ竡ｯ竡ｯ竡ｯ竡ｯ竡ｯ竡ｯ竡ｯ竡ｯ竡ｯ竡ｯ竡ｯ竡ｯ竡ｯ竡ｯ竡ｯ竡ｯ竡ｯ竡ｯ[9/201]竡ｯ

 FAIL  src/components/GridSystem.test.tsx > GridSystem Components > GridContent > should render with custom gap
TestingLibraryElementError: Unable to find an element with the text: Item 1. This could be because the text is broken up by multiple elements. In this case, you can provide a function for your text matcher to make your matcher more flexible.

Ignored nodes: comments, script, style
<body />
 笶ｯ Object.getElementError node_modules/@testing-library/dom/dist/config.js:37:19
 笶ｯ node_modules/@testing-library/dom/dist/query-helpers.js:76:38
 笶ｯ node_modules/@testing-library/dom/dist/query-helpers.js:52:17
 笶ｯ node_modules/@testing-library/dom/dist/query-helpers.js:95:19
 笶ｯ src/components/GridSystem.test.tsx:165:28
    163|       );
    164| 
    165|       const item1 = screen.getByText('Item 1');
       |                            ^
    166|       expect(item1).toBeInTheDocument();
    167|       const grid = item1.parentElement;

竡ｯ竡ｯ竡ｯ竡ｯ竡ｯ竡ｯ竡ｯ竡ｯ竡ｯ竡ｯ竡ｯ竡ｯ竡ｯ竡ｯ竡ｯ竡ｯ竡ｯ竡ｯ竡ｯ竡ｯ竡ｯ[10/201]竡ｯ

 FAIL  src/components/GridSystem.test.tsx > GridSystem Components > GridContent > should apply custom className
TestingLibraryElementError: Unable to find an element with the text: Test content. This could be because the text is broken up by multiple elements. In this case, you can provide a function for your text matcher to make your matcher more flexible.

Ignored nodes: comments, script, style
<body />
 笶ｯ Object.getElementError node_modules/@testing-library/dom/dist/config.js:37:19
 笶ｯ node_modules/@testing-library/dom/dist/query-helpers.js:76:38
 笶ｯ node_modules/@testing-library/dom/dist/query-helpers.js:52:17
 笶ｯ node_modules/@testing-library/dom/dist/query-helpers.js:95:19
 笶ｯ src/components/GridSystem.test.tsx:178:34
    176|       );
    177| 
    178|       const testContent = screen.getByText('Test content');
       |                                  ^
    179|       expect(testContent).toBeInTheDocument();
    180|       const grid = testContent.parentElement;

竡ｯ竡ｯ竡ｯ竡ｯ竡ｯ竡ｯ竡ｯ竡ｯ竡ｯ竡ｯ竡ｯ竡ｯ竡ｯ竡ｯ竡ｯ竡ｯ竡ｯ竡ｯ竡ｯ竡ｯ竡ｯ[11/201]竡ｯ

 FAIL  src/components/GridSystem.test.tsx > GridSystem Components > ContainerGrid > should render with container query classes
TestingLibraryElementError: Unable to find an element with the text: Test content. This could be because the text is broken up by multiple elements. In this case, you can provide a function for your text matcher to make your matcher more flexible.

Ignored nodes: comments, script, style
<body />
 笶ｯ Object.getElementError node_modules/@testing-library/dom/dist/config.js:37:19
 笶ｯ node_modules/@testing-library/dom/dist/query-helpers.js:76:38
 笶ｯ node_modules/@testing-library/dom/dist/query-helpers.js:52:17
 笶ｯ node_modules/@testing-library/dom/dist/query-helpers.js:95:19
 笶ｯ src/components/GridSystem.test.tsx:189:34
    187|       render(<ContainerGrid>Test content</ContainerGrid>);
    188| 
    189|       const testContent = screen.getByText('Test content');
       |                                  ^
    190|       expect(testContent).toBeInTheDocument();
    191|       const container = testContent.parentElement?.parentElement;

竡ｯ竡ｯ竡ｯ竡ｯ竡ｯ竡ｯ竡ｯ竡ｯ竡ｯ竡ｯ竡ｯ竡ｯ竡ｯ竡ｯ竡ｯ竡ｯ竡ｯ竡ｯ竡ｯ竡ｯ竡ｯ[12/201]竡ｯ

 FAIL  src/components/GridSystem.test.tsx > GridSystem Components > ContainerGrid > should apply custom className
TestingLibraryElementError: Unable to find an element with the text: Test content. This could be because the text is broken up by multiple elements. In this case, you can provide a function for your text matcher to make your matcher more flexible.

Ignored nodes: comments, script, style
<body />
 笶ｯ Object.getElementError node_modules/@testing-library/dom/dist/config.js:37:19
 笶ｯ node_modules/@testing-library/dom/dist/query-helpers.js:76:38
 笶ｯ node_modules/@testing-library/dom/dist/query-helpers.js:52:17
 笶ｯ node_modules/@testing-library/dom/dist/query-helpers.js:95:19
 笶ｯ src/components/GridSystem.test.tsx:198:34
    196|       render(<ContainerGrid className="custom-class">Test content</Con窶ｦ
    197| 
    198|       const testContent = screen.getByText('Test content');
       |                                  ^
    199|       expect(testContent).toBeInTheDocument();
    200|       const container = testContent.parentElement?.parentElement;

竡ｯ竡ｯ竡ｯ竡ｯ竡ｯ竡ｯ竡ｯ竡ｯ竡ｯ竡ｯ竡ｯ竡ｯ竡ｯ竡ｯ竡ｯ竡ｯ竡ｯ竡ｯ竡ｯ竡ｯ竡ｯ[13/201]竡ｯ

 FAIL  src/components/GridSystem.test.tsx > GridSystem Components > SubGrid > should render with default props
TestingLibraryElementError: Unable to find an element with the text: Item 1. This could be because the text is broken up by multiple elements. In this case, you can provide a function for your text matcher to make your matcher more flexible.

Ignored nodes: comments, script, style
<body />
 笶ｯ Object.getElementError node_modules/@testing-library/dom/dist/config.js:37:19
 笶ｯ node_modules/@testing-library/dom/dist/query-helpers.js:76:38
 笶ｯ node_modules/@testing-library/dom/dist/query-helpers.js:52:17
 笶ｯ node_modules/@testing-library/dom/dist/query-helpers.js:95:19
 笶ｯ src/components/GridSystem.test.tsx:214:28
    212|       );
    213| 
    214|       const item1 = screen.getByText('Item 1');
       |                            ^
    215|       expect(item1).toBeInTheDocument();
    216|       const subgrid = item1.parentElement;

竡ｯ竡ｯ竡ｯ竡ｯ竡ｯ竡ｯ竡ｯ竡ｯ竡ｯ竡ｯ竡ｯ竡ｯ竡ｯ竡ｯ竡ｯ竡ｯ竡ｯ竡ｯ竡ｯ竡ｯ竡ｯ[14/201]竡ｯ

 FAIL  src/components/GridSystem.test.tsx > GridSystem Components > SubGrid > should render with custom columns
TestingLibraryElementError: Unable to find an element with the text: Item 1. This could be because the text is broken up by multiple elements. In this case, you can provide a function for your text matcher to make your matcher more flexible.

Ignored nodes: comments, script, style
<body />
 笶ｯ Object.getElementError node_modules/@testing-library/dom/dist/config.js:37:19
 笶ｯ node_modules/@testing-library/dom/dist/query-helpers.js:76:38
 笶ｯ node_modules/@testing-library/dom/dist/query-helpers.js:52:17
 笶ｯ node_modules/@testing-library/dom/dist/query-helpers.js:95:19
 笶ｯ src/components/GridSystem.test.tsx:228:28
    226|       );
    227| 
    228|       const item1 = screen.getByText('Item 1');
       |                            ^
    229|       expect(item1).toBeInTheDocument();
    230|       const subgrid = item1.parentElement;

竡ｯ竡ｯ竡ｯ竡ｯ竡ｯ竡ｯ竡ｯ竡ｯ竡ｯ竡ｯ竡ｯ竡ｯ竡ｯ竡ｯ竡ｯ竡ｯ竡ｯ竡ｯ竡ｯ竡ｯ竡ｯ[15/201]竡ｯ

 FAIL  src/components/GridSystem.test.tsx > GridSystem Components > SubGrid > should apply custom className
TestingLibraryElementError: Unable to find an element with the text: Test content. This could be because the text is broken up by multiple elements. In this case, you can provide a function for your text matcher to make your matcher more flexible.

Ignored nodes: comments, script, style
<body />
 笶ｯ Object.getElementError node_modules/@testing-library/dom/dist/config.js:37:19
 笶ｯ node_modules/@testing-library/dom/dist/query-helpers.js:76:38
 笶ｯ node_modules/@testing-library/dom/dist/query-helpers.js:52:17
 笶ｯ node_modules/@testing-library/dom/dist/query-helpers.js:95:19
 笶ｯ src/components/GridSystem.test.tsx:241:34
    239|       );
    240| 
    241|       const testContent = screen.getByText('Test content');
       |                                  ^
    242|       expect(testContent).toBeInTheDocument();
    243|       const subgrid = testContent.parentElement;

竡ｯ竡ｯ竡ｯ竡ｯ竡ｯ竡ｯ竡ｯ竡ｯ竡ｯ竡ｯ竡ｯ竡ｯ竡ｯ竡ｯ竡ｯ竡ｯ竡ｯ竡ｯ竡ｯ竡ｯ竡ｯ[16/201]竡ｯ

 FAIL  src/components/GridSystem.test.tsx > GridSystem Components > GridSection > should render with default props
TestingLibraryElementError: Unable to find an element with the text: Test content. This could be because the text is broken up by multiple elements. In this case, you can provide a function for your text matcher to make your matcher more flexible.

Ignored nodes: comments, script, style
<body />
 笶ｯ Object.getElementError node_modules/@testing-library/dom/dist/config.js:37:19
 笶ｯ node_modules/@testing-library/dom/dist/query-helpers.js:76:38
 笶ｯ node_modules/@testing-library/dom/dist/query-helpers.js:52:17
 笶ｯ node_modules/@testing-library/dom/dist/query-helpers.js:95:19
 笶ｯ src/components/GridSystem.test.tsx:256:30
    254|       );
    255| 
    256|       const section = screen.getByText('Test content').closest('sectio窶ｦ
       |                              ^
    257|       expect(section).toHaveClass('py-8', 'xs:py-12', 'md:py-16');
    258|     });

竡ｯ竡ｯ竡ｯ竡ｯ竡ｯ竡ｯ竡ｯ竡ｯ竡ｯ竡ｯ竡ｯ竡ｯ竡ｯ竡ｯ竡ｯ竡ｯ竡ｯ竡ｯ竡ｯ竡ｯ竡ｯ[17/201]竡ｯ

 FAIL  src/components/GridSystem.test.tsx > GridSystem Components > GridSection > should render with custom spacing
TestingLibraryElementError: Unable to find an element with the text: Test content. This could be because the text is broken up by multiple elements. In this case, you can provide a function for your text matcher to make your matcher more flexible.

Ignored nodes: comments, script, style
<body />
 笶ｯ Object.getElementError node_modules/@testing-library/dom/dist/config.js:37:19
 笶ｯ node_modules/@testing-library/dom/dist/query-helpers.js:76:38
 笶ｯ node_modules/@testing-library/dom/dist/query-helpers.js:52:17
 笶ｯ node_modules/@testing-library/dom/dist/query-helpers.js:95:19
 笶ｯ src/components/GridSystem.test.tsx:267:30
    265|       );
    266| 
    267|       const section = screen.getByText('Test content').closest('sectio窶ｦ
       |                              ^
    268|       expect(section).toHaveClass('py-16', 'xs:py-20', 'md:py-24', 'xl窶ｦ
    269|     });

竡ｯ竡ｯ竡ｯ竡ｯ竡ｯ竡ｯ竡ｯ竡ｯ竡ｯ竡ｯ竡ｯ竡ｯ竡ｯ竡ｯ竡ｯ竡ｯ竡ｯ竡ｯ竡ｯ竡ｯ竡ｯ[18/201]竡ｯ

 FAIL  src/components/GridSystem.test.tsx > GridSystem Components > GridSection > should render without container
TestingLibraryElementError: Unable to find an element with the text: Test content. This could be because the text is broken up by multiple elements. In this case, you can provide a function for your text matcher to make your matcher more flexible.

Ignored nodes: comments, script, style
<body />
 笶ｯ Object.getElementError node_modules/@testing-library/dom/dist/config.js:37:19
 笶ｯ node_modules/@testing-library/dom/dist/query-helpers.js:76:38
 笶ｯ node_modules/@testing-library/dom/dist/query-helpers.js:52:17
 笶ｯ node_modules/@testing-library/dom/dist/query-helpers.js:95:19
 笶ｯ src/components/GridSystem.test.tsx:278:30
    276|       );
    277| 
    278|       const section = screen.getByText('Test content').closest('sectio窶ｦ
       |                              ^
    279|       expect(section).toBeInTheDocument();
    280|       expect(section?.querySelector('.container-grid')).not.toBeInTheD窶ｦ

竡ｯ竡ｯ竡ｯ竡ｯ竡ｯ竡ｯ竡ｯ竡ｯ竡ｯ竡ｯ竡ｯ竡ｯ竡ｯ竡ｯ竡ｯ竡ｯ竡ｯ竡ｯ竡ｯ竡ｯ竡ｯ[19/201]竡ｯ

 FAIL  src/components/GridSystem.test.tsx > GridSystem Components > GridSection > should apply custom className
TestingLibraryElementError: Unable to find an element with the text: Test content. This could be because the text is broken up by multiple elements. In this case, you can provide a function for your text matcher to make your matcher more flexible.

Ignored nodes: comments, script, style
<body />
 笶ｯ Object.getElementError node_modules/@testing-library/dom/dist/config.js:37:19
 笶ｯ node_modules/@testing-library/dom/dist/query-helpers.js:76:38
 笶ｯ node_modules/@testing-library/dom/dist/query-helpers.js:52:17
 笶ｯ node_modules/@testing-library/dom/dist/query-helpers.js:95:19
 笶ｯ src/components/GridSystem.test.tsx:290:30
    288|       );
    289| 
    290|       const section = screen.getByText('Test content').closest('sectio窶ｦ
       |                              ^
    291|       expect(section).toHaveClass('custom-class');
    292|     });

竡ｯ竡ｯ竡ｯ竡ｯ竡ｯ竡ｯ竡ｯ竡ｯ竡ｯ竡ｯ竡ｯ竡ｯ竡ｯ竡ｯ竡ｯ竡ｯ竡ｯ竡ｯ竡ｯ竡ｯ竡ｯ[20/201]竡ｯ

 FAIL  src/components/GridSystem.test.tsx > GridSystem Components > GridItem > should render without span
TestingLibraryElementError: Unable to find an element with the text: Test content. This could be because the text is broken up by multiple elements. In this case, you can provide a function for your text matcher to make your matcher more flexible.

Ignored nodes: comments, script, style
<body />
 笶ｯ Object.getElementError node_modules/@testing-library/dom/dist/config.js:37:19
 笶ｯ node_modules/@testing-library/dom/dist/query-helpers.js:76:38
 笶ｯ node_modules/@testing-library/dom/dist/query-helpers.js:52:17
 笶ｯ node_modules/@testing-library/dom/dist/query-helpers.js:95:19
 笶ｯ src/components/GridSystem.test.tsx:303:34
    301|       );
    302| 
    303|       const testContent = screen.getByText('Test content');
       |                                  ^
    304|       expect(testContent).toBeInTheDocument();
    305|       const item = testContent.parentElement;

竡ｯ竡ｯ竡ｯ竡ｯ竡ｯ竡ｯ竡ｯ竡ｯ竡ｯ竡ｯ竡ｯ竡ｯ竡ｯ竡ｯ竡ｯ竡ｯ竡ｯ竡ｯ竡ｯ竡ｯ竡ｯ[21/201]竡ｯ

 FAIL  src/components/GridSystem.test.tsx > GridSystem Components > GridItem > should render with span classes
TestingLibraryElementError: Unable to find an element with the text: Test content. This could be because the text is broken up by multiple elements. In this case, you can provide a function for your text matcher to make your matcher more flexible.

Ignored nodes: comments, script, style
<body />
 笶ｯ Object.getElementError node_modules/@testing-library/dom/dist/config.js:37:19
 笶ｯ node_modules/@testing-library/dom/dist/query-helpers.js:76:38
 笶ｯ node_modules/@testing-library/dom/dist/query-helpers.js:52:17
 笶ｯ node_modules/@testing-library/dom/dist/query-helpers.js:95:19
 笶ｯ src/components/GridSystem.test.tsx:326:34
    324|       );
    325| 
    326|       const testContent = screen.getByText('Test content');
       |                                  ^
    327|       expect(testContent).toBeInTheDocument();
    328|       const item = testContent.parentElement;

竡ｯ竡ｯ竡ｯ竡ｯ竡ｯ竡ｯ竡ｯ竡ｯ竡ｯ竡ｯ竡ｯ竡ｯ竡ｯ竡ｯ竡ｯ竡ｯ竡ｯ竡ｯ竡ｯ竡ｯ竡ｯ[22/201]竡ｯ

 FAIL  src/components/GridSystem.test.tsx > GridSystem Components > GridItem > should apply custom className
TestingLibraryElementError: Unable to find an element with the text: Test content. This could be because the text is broken up by multiple elements. In this case, you can provide a function for your text matcher to make your matcher more flexible.

Ignored nodes: comments, script, style
<body />
 笶ｯ Object.getElementError node_modules/@testing-library/dom/dist/config.js:37:19
 笶ｯ node_modules/@testing-library/dom/dist/query-helpers.js:76:38
 笶ｯ node_modules/@testing-library/dom/dist/query-helpers.js:52:17
 笶ｯ node_modules/@testing-library/dom/dist/query-helpers.js:95:19
 笶ｯ src/components/GridSystem.test.tsx:346:34
    344|       );
    345| 
    346|       const testContent = screen.getByText('Test content');
       |                                  ^
    347|       expect(testContent).toBeInTheDocument();
    348|       const item = testContent.parentElement;

竡ｯ竡ｯ竡ｯ竡ｯ竡ｯ竡ｯ竡ｯ竡ｯ竡ｯ竡ｯ竡ｯ竡ｯ竡ｯ竡ｯ竡ｯ竡ｯ竡ｯ竡ｯ竡ｯ竡ｯ竡ｯ[23/201]竡ｯ

 FAIL  src/components/GridSystem.test.tsx > GridSystem Components > GridItem > should handle partial span configuration
TestingLibraryElementError: Unable to find an element with the text: Test content. This could be because the text is broken up by multiple elements. In this case, you can provide a function for your text matcher to make your matcher more flexible.

Ignored nodes: comments, script, style
<body />
 笶ｯ Object.getElementError node_modules/@testing-library/dom/dist/config.js:37:19
 笶ｯ node_modules/@testing-library/dom/dist/query-helpers.js:76:38
 笶ｯ node_modules/@testing-library/dom/dist/query-helpers.js:52:17
 笶ｯ node_modules/@testing-library/dom/dist/query-helpers.js:95:19
 笶ｯ src/components/GridSystem.test.tsx:364:34
    362|       );
    363| 
    364|       const testContent = screen.getByText('Test content');
       |                                  ^
    365|       expect(testContent).toBeInTheDocument();
    366|       const item = testContent.parentElement;

竡ｯ竡ｯ竡ｯ竡ｯ竡ｯ竡ｯ竡ｯ竡ｯ竡ｯ竡ｯ竡ｯ竡ｯ竡ｯ竡ｯ竡ｯ竡ｯ竡ｯ竡ｯ竡ｯ竡ｯ竡ｯ[24/201]竡ｯ

 FAIL  src/components/GridSystem.test.tsx > GridSystem Components > AutoFitGrid > should render with default props
TestingLibraryElementError: Unable to find an element with the text: Item 1. This could be because the text is broken up by multiple elements. In this case, you can provide a function for your text matcher to make your matcher more flexible.

Ignored nodes: comments, script, style
<body />
 笶ｯ Object.getElementError node_modules/@testing-library/dom/dist/config.js:37:19
 笶ｯ node_modules/@testing-library/dom/dist/query-helpers.js:76:38
 笶ｯ node_modules/@testing-library/dom/dist/query-helpers.js:52:17
 笶ｯ node_modules/@testing-library/dom/dist/query-helpers.js:95:19
 笶ｯ src/components/GridSystem.test.tsx:381:28
    379|       );
    380| 
    381|       const item1 = screen.getByText('Item 1');
       |                            ^
    382|       expect(item1).toBeInTheDocument();
    383|       const grid = item1.parentElement;

竡ｯ竡ｯ竡ｯ竡ｯ竡ｯ竡ｯ竡ｯ竡ｯ竡ｯ竡ｯ竡ｯ竡ｯ竡ｯ竡ｯ竡ｯ竡ｯ竡ｯ竡ｯ竡ｯ竡ｯ竡ｯ[25/201]竡ｯ

 FAIL  src/components/GridSystem.test.tsx > GridSystem Components > AutoFitGrid > should render with custom minWidth
TestingLibraryElementError: Unable to find an element with the text: Item 1. This could be because the text is broken up by multiple elements. In this case, you can provide a function for your text matcher to make your matcher more flexible.

Ignored nodes: comments, script, style
<body />
 笶ｯ Object.getElementError node_modules/@testing-library/dom/dist/config.js:37:19
 笶ｯ node_modules/@testing-library/dom/dist/query-helpers.js:76:38
 笶ｯ node_modules/@testing-library/dom/dist/query-helpers.js:52:17
 笶ｯ node_modules/@testing-library/dom/dist/query-helpers.js:95:19
 笶ｯ src/components/GridSystem.test.tsx:399:28
    397|       );
    398| 
    399|       const item1 = screen.getByText('Item 1');
       |                            ^
    400|       expect(item1).toBeInTheDocument();
    401|       const grid = item1.parentElement;

竡ｯ竡ｯ竡ｯ竡ｯ竡ｯ竡ｯ竡ｯ竡ｯ竡ｯ竡ｯ竡ｯ竡ｯ竡ｯ竡ｯ竡ｯ竡ｯ竡ｯ竡ｯ竡ｯ竡ｯ竡ｯ[26/201]竡ｯ

 FAIL  src/components/GridSystem.test.tsx > GridSystem Components > AutoFitGrid > should apply custom className
TestingLibraryElementError: Unable to find an element with the text: Test content. This could be because the text is broken up by multiple elements. In this case, you can provide a function for your text matcher to make your matcher more flexible.

Ignored nodes: comments, script, style
<body />
 笶ｯ Object.getElementError node_modules/@testing-library/dom/dist/config.js:37:19
 笶ｯ node_modules/@testing-library/dom/dist/query-helpers.js:76:38
 笶ｯ node_modules/@testing-library/dom/dist/query-helpers.js:52:17
 笶ｯ node_modules/@testing-library/dom/dist/query-helpers.js:95:19
 笶ｯ src/components/GridSystem.test.tsx:412:34
    410|       );
    411| 
    412|       const testContent = screen.getByText('Test content');
       |                                  ^
    413|       expect(testContent).toBeInTheDocument();
    414|       const grid = testContent.parentElement;

竡ｯ竡ｯ竡ｯ竡ｯ竡ｯ竡ｯ竡ｯ竡ｯ竡ｯ竡ｯ竡ｯ竡ｯ竡ｯ竡ｯ竡ｯ竡ｯ竡ｯ竡ｯ竡ｯ竡ｯ竡ｯ[27/201]竡ｯ

 FAIL  src/components/GridSystem.test.tsx > GridSystem Components > Component Integration > should work together in a complex layout
TestingLibraryElementError: Unable to find an element with the text: Header. This could be because the text is broken up by multiple elements. In this case, you can provide a function for your text matcher to make your matcher more flexible.

Ignored nodes: comments, script, style
<body />
 笶ｯ Object.getElementError node_modules/@testing-library/dom/dist/config.js:37:19
 笶ｯ node_modules/@testing-library/dom/dist/query-helpers.js:76:38
 笶ｯ node_modules/@testing-library/dom/dist/query-helpers.js:52:17
 笶ｯ node_modules/@testing-library/dom/dist/query-helpers.js:95:19
 笶ｯ src/components/GridSystem.test.tsx:441:21
    439|       );
    440| 
    441|       expect(screen.getByText('Header')).toBeInTheDocument();
       |                     ^
    442|       expect(screen.getByText('Sidebar')).toBeInTheDocument();
    443|       expect(screen.getByText('Main Content')).toBeInTheDocument();

竡ｯ竡ｯ竡ｯ竡ｯ竡ｯ竡ｯ竡ｯ竡ｯ竡ｯ竡ｯ竡ｯ竡ｯ竡ｯ竡ｯ竡ｯ竡ｯ竡ｯ竡ｯ竡ｯ竡ｯ竡ｯ[28/201]竡ｯ

 FAIL  src/components/GridSystem.test.tsx > GridSystem Components > Component Integration > should handle nested grids
TestingLibraryElementError: Unable to find an element with the text: Nested Item 1. This could be because the text is broken up by multiple elements. In this case, you can provide a function for your text matcher to make your matcher more flexible.

Ignored nodes: comments, script, style
<body />
 笶ｯ Object.getElementError node_modules/@testing-library/dom/dist/config.js:37:19
 笶ｯ node_modules/@testing-library/dom/dist/query-helpers.js:76:38
 笶ｯ node_modules/@testing-library/dom/dist/query-helpers.js:52:17
 笶ｯ node_modules/@testing-library/dom/dist/query-helpers.js:95:19
 笶ｯ src/components/GridSystem.test.tsx:461:21
    459|       );
    460| 
    461|       expect(screen.getByText('Nested Item 1')).toBeInTheDocument();
       |                     ^
    462|       expect(screen.getByText('Nested Item 2')).toBeInTheDocument();
    463|       expect(screen.getByText('Regular Item')).toBeInTheDocument();

竡ｯ竡ｯ竡ｯ竡ｯ竡ｯ竡ｯ竡ｯ竡ｯ竡ｯ竡ｯ竡ｯ竡ｯ竡ｯ竡ｯ竡ｯ竡ｯ竡ｯ竡ｯ竡ｯ竡ｯ竡ｯ[29/201]竡ｯ

 FAIL  src/test/simple-component.test.tsx > Simple Component Test > should render with children
TestingLibraryElementError: Unable to find an element by: [data-testid="simple-component"]

Ignored nodes: comments, script, style
<body />
 笶ｯ Object.getElementError node_modules/@testing-library/dom/dist/config.js:37:19
 笶ｯ node_modules/@testing-library/dom/dist/query-helpers.js:76:38
 笶ｯ node_modules/@testing-library/dom/dist/query-helpers.js:52:17
 笶ｯ node_modules/@testing-library/dom/dist/query-helpers.js:95:19
 笶ｯ src/test/simple-component.test.tsx:30:19
     28| 
     29|     debug();
     30|     expect(screen.getByTestId('simple-component')).toBeInTheDocument();
       |                   ^
     31|     expect(screen.getByText('Test content')).toBeInTheDocument();
     32|   });

竡ｯ竡ｯ竡ｯ竡ｯ竡ｯ竡ｯ竡ｯ竡ｯ竡ｯ竡ｯ竡ｯ竡ｯ竡ｯ竡ｯ竡ｯ竡ｯ竡ｯ竡ｯ竡ｯ竡ｯ竡ｯ[30/201]竡ｯ

 FAIL  src/test/simple-component.test.tsx > Simple Component Test > should apply custom className
TestingLibraryElementError: Unable to find an element by: [data-testid="simple-component"]

Ignored nodes: comments, script, style
<body />
 笶ｯ Object.getElementError node_modules/@testing-library/dom/dist/config.js:37:19
 笶ｯ node_modules/@testing-library/dom/dist/query-helpers.js:76:38
 笶ｯ node_modules/@testing-library/dom/dist/query-helpers.js:52:17
 笶ｯ node_modules/@testing-library/dom/dist/query-helpers.js:95:19
 笶ｯ src/test/simple-component.test.tsx:41:30
     39|     );
     40| 
     41|     const component = screen.getByTestId('simple-component');
       |                              ^
     42|     expect(component).toHaveClass('custom-class');
     43|   });

竡ｯ竡ｯ竡ｯ竡ｯ竡ｯ竡ｯ竡ｯ竡ｯ竡ｯ竡ｯ竡ｯ竡ｯ竡ｯ竡ｯ竡ｯ竡ｯ竡ｯ竡ｯ竡ｯ竡ｯ竡ｯ[31/201]竡ｯ

 FAIL  src/app/layout.test.tsx > RootLayout > should render children and apply font classes
TestingLibraryElementError: Unable to find an element by: [data-testid="child-element"]

Ignored nodes: comments, script, style
<body />
 笶ｯ Object.getElementError node_modules/@testing-library/dom/dist/config.js:37:19
 笶ｯ node_modules/@testing-library/dom/dist/query-helpers.js:76:38
 笶ｯ node_modules/@testing-library/dom/dist/query-helpers.js:52:17
 笶ｯ node_modules/@testing-library/dom/dist/query-helpers.js:95:19
 笶ｯ src/app/layout.test.tsx:32:19
     30|     );
     31| 
     32|     expect(screen.getByTestId('child-element')).toBeInTheDocument();
       |                   ^
     33|     const htmlElement = document.documentElement;
     34|     expect(htmlElement.className).toContain('--font-noto-sans-jp');

竡ｯ竡ｯ竡ｯ竡ｯ竡ｯ竡ｯ竡ｯ竡ｯ竡ｯ竡ｯ竡ｯ竡ｯ竡ｯ竡ｯ竡ｯ竡ｯ竡ｯ竡ｯ竡ｯ竡ｯ竡ｯ[32/201]竡ｯ

 FAIL  src/app/not-found.test.tsx > NotFound > should render 404 heading
TestingLibraryElementError: Unable to find an element with the text: 404. This could be because the text is broken up by multiple elements. In this case, you can provide a function for your text matcher to make your matcher more flexible.

Ignored nodes: comments, script, style
<body />
 笶ｯ Object.getElementError node_modules/@testing-library/dom/dist/config.js:37:19
 笶ｯ node_modules/@testing-library/dom/dist/query-helpers.js:76:38
 笶ｯ node_modules/@testing-library/dom/dist/query-helpers.js:52:17
 笶ｯ node_modules/@testing-library/dom/dist/query-helpers.js:95:19
 笶ｯ src/app/not-found.test.tsx:29:19
     27|     render(<NotFound />);
     28| 
     29|     expect(screen.getByText('404')).toBeInTheDocument();
       |                   ^
     30|   });
     31| 

竡ｯ竡ｯ竡ｯ竡ｯ竡ｯ竡ｯ竡ｯ竡ｯ竡ｯ竡ｯ竡ｯ竡ｯ竡ｯ竡ｯ竡ｯ竡ｯ竡ｯ竡ｯ竡ｯ竡ｯ竡ｯ[33/201]竡ｯ

 FAIL  src/app/not-found.test.tsx > NotFound > should render not found message
TestingLibraryElementError: Unable to find an element with the text: 繝壹・繧ｸ縺瑚ｦ九▽縺九ｊ縺ｾ縺帙ｓ / Page Not Found. This could be because the text is broken up by multiple elements. In this case, you can provide a function for your text matcher to make your matcher more flexible.

Ignored nodes: comments, script, style
<body />
 笶ｯ Object.getElementError node_modules/@testing-library/dom/dist/config.js:37:19
 笶ｯ node_modules/@testing-library/dom/dist/query-helpers.js:76:38
 笶ｯ node_modules/@testing-library/dom/dist/query-helpers.js:52:17
 笶ｯ node_modules/@testing-library/dom/dist/query-helpers.js:95:19
 笶ｯ src/app/not-found.test.tsx:35:19
     33|     render(<NotFound />);
     34| 
     35|     expect(screen.getByText('繝壹・繧ｸ縺瑚ｦ九▽縺九ｊ縺ｾ縺帙ｓ / Page Not Found')).toBeInThe窶ｦ
       |                   ^
     36|   });
     37| 

竡ｯ竡ｯ竡ｯ竡ｯ竡ｯ竡ｯ竡ｯ竡ｯ竡ｯ竡ｯ竡ｯ竡ｯ竡ｯ竡ｯ竡ｯ竡ｯ竡ｯ竡ｯ竡ｯ竡ｯ竡ｯ[34/201]竡ｯ

 FAIL  src/app/not-found.test.tsx > NotFound > should render home link
TestingLibraryElementError: Unable to find an element with the text: 繝帙・繝 / Home. This could be because the text is broken up by multiple elements. In this case, you can provide a function for your text matcher to make your matcher more flexible.

Ignored nodes: comments, script, style
<body />
 笶ｯ Object.getElementError node_modules/@testing-library/dom/dist/config.js:37:19
 笶ｯ node_modules/@testing-library/dom/dist/query-helpers.js:76:38
 笶ｯ node_modules/@testing-library/dom/dist/query-helpers.js:52:17
 笶ｯ node_modules/@testing-library/dom/dist/query-helpers.js:95:19
 笶ｯ src/app/not-found.test.tsx:41:29
     39|     render(<NotFound />);
     40| 
     41|     const homeLink = screen.getByText('繝帙・繝 / Home');
       |                             ^
     42|     expect(homeLink).toBeInTheDocument();
     43|     expect(homeLink.closest('a')).toHaveAttribute('href', '/');

竡ｯ竡ｯ竡ｯ竡ｯ竡ｯ竡ｯ竡ｯ竡ｯ竡ｯ竡ｯ竡ｯ竡ｯ竡ｯ竡ｯ竡ｯ竡ｯ竡ｯ竡ｯ竡ｯ竡ｯ竡ｯ[35/201]竡ｯ

 FAIL  src/app/not-found.test.tsx > NotFound > should render search suggestion
TestingLibraryElementError: Unable to find an element with the text: 縺頑爾縺励・繧ｳ繝ｳ繝・Φ繝・ｒ讀懃ｴ｢縺励※縺ｿ縺ｦ縺上□縺輔＞. This could be because the text is broken up by multiple elements. In this case, you can provide a function for your text matcher to make your matcher more flexible.

Ignored nodes: comments, script, style
<body />
 笶ｯ Object.getElementError node_modules/@testing-library/dom/dist/config.js:37:19
 笶ｯ node_modules/@testing-library/dom/dist/query-helpers.js:76:38
 笶ｯ node_modules/@testing-library/dom/dist/query-helpers.js:52:17
 笶ｯ node_modules/@testing-library/dom/dist/query-helpers.js:95:19
 笶ｯ src/app/not-found.test.tsx:49:19
     47|     render(<NotFound />);
     48| 
     49|     expect(screen.getByText('縺頑爾縺励・繧ｳ繝ｳ繝・Φ繝・ｒ讀懃ｴ｢縺励※縺ｿ縺ｦ縺上□縺輔＞')).toBeInTheDocument窶ｦ
       |                   ^
     50|   });
     51| 

竡ｯ竡ｯ竡ｯ竡ｯ竡ｯ竡ｯ竡ｯ竡ｯ竡ｯ竡ｯ竡ｯ竡ｯ竡ｯ竡ｯ竡ｯ竡ｯ竡ｯ竡ｯ竡ｯ竡ｯ竡ｯ[36/201]竡ｯ

 FAIL  src/app/not-found.test.tsx > NotFound > should have proper accessibility structure
TestingLibraryElementError: Unable to find an accessible element with the role "main"

There are no accessible roles. But there might be some inaccessible roles. If you wish to access them, then set the `hidden` option to `true`. Learn more about this here: https://testing-library.com/docs/dom-testing-library/api-queries#byrole

Ignored nodes: comments, script, style
<body />
 笶ｯ Object.getElementError node_modules/@testing-library/dom/dist/config.js:37:19
 笶ｯ node_modules/@testing-library/dom/dist/query-helpers.js:76:38
 笶ｯ node_modules/@testing-library/dom/dist/query-helpers.js:52:17
 笶ｯ node_modules/@testing-library/dom/dist/query-helpers.js:95:19
 笶ｯ src/app/not-found.test.tsx:55:32
     53|     render(<NotFound />);
     54| 
     55|     const mainElement = screen.getByRole('main');
       |                                ^
     56|     expect(mainElement).toBeInTheDocument();
     57| 

竡ｯ竡ｯ竡ｯ竡ｯ竡ｯ竡ｯ竡ｯ竡ｯ竡ｯ竡ｯ竡ｯ竡ｯ竡ｯ竡ｯ竡ｯ竡ｯ竡ｯ竡ｯ竡ｯ竡ｯ竡ｯ[37/201]竡ｯ

 FAIL  src/lib/email/email-service.test.ts > EmailService > sendContactNotification > should send notification email successfully
AssertionError: expected false to be true // Object.is equality

- Expected
+ Received

- true
+ false

 笶ｯ src/lib/email/email-service.test.ts:51:30
     49|       const result = await emailService.sendContactNotification(testDa窶ｦ
     50| 
     51|       expect(result.success).toBe(true);
       |                              ^
     52|       expect(result.messageId).toBe('mock-email-id');
     53| 

竡ｯ竡ｯ竡ｯ竡ｯ竡ｯ竡ｯ竡ｯ竡ｯ竡ｯ竡ｯ竡ｯ竡ｯ竡ｯ竡ｯ竡ｯ竡ｯ竡ｯ竡ｯ竡ｯ竡ｯ竡ｯ[38/201]竡ｯ

 FAIL  src/lib/email/email-service.test.ts > EmailService > sendContactNotification > should route design inquiries to the correct email
AssertionError: expected "spy" to be called with arguments: [ ObjectContaining{窶ｦ} ]

Number of calls: 0

 笶ｯ src/lib/email/email-service.test.ts:72:24
     70| 
     71|       // Check that Resend was called with correct parameters
     72|       expect(mockSend).toHaveBeenCalledWith(
       |                        ^
     73|         expect.objectContaining({
     74|           to: expect.arrayContaining(['361do.sleep@gmail.com']), // De窶ｦ

竡ｯ竡ｯ竡ｯ竡ｯ竡ｯ竡ｯ竡ｯ竡ｯ竡ｯ竡ｯ竡ｯ竡ｯ竡ｯ竡ｯ竡ｯ竡ｯ竡ｯ竡ｯ竡ｯ竡ｯ竡ｯ[39/201]竡ｯ

 FAIL  src/lib/email/email-service.test.ts > EmailService > sendContactNotification > should route general inquiries to the fallback email
AssertionError: expected "spy" to be called with arguments: [ ObjectContaining{窶ｦ} ]

Number of calls: 0

 笶ｯ src/lib/email/email-service.test.ts:84:24
     82| 
     83|       // Check that Resend was called with correct parameters
     84|       expect(mockSend).toHaveBeenCalledWith(
       |                        ^
     85|         expect.objectContaining({
     86|           to: expect.arrayContaining(['info@samuido.com']), // General窶ｦ

竡ｯ竡ｯ竡ｯ竡ｯ竡ｯ竡ｯ竡ｯ竡ｯ竡ｯ竡ｯ竡ｯ竡ｯ竡ｯ竡ｯ竡ｯ竡ｯ竡ｯ竡ｯ竡ｯ竡ｯ竡ｯ[40/201]竡ｯ

 FAIL  src/lib/email/email-service.test.ts > EmailService > sendContactNotification > should handle email sending errors
AssertionError: expected 'Cannot read properties of undefined (窶ｦ' to be 'Failed to send email' // Object.is equality

Expected: "Failed to send email"
Received: "Cannot read properties of undefined (reading 'send')"

 笶ｯ src/lib/email/email-service.test.ts:101:28
     99| 
    100|       expect(result.success).toBe(false);
    101|       expect(result.error).toBe('Failed to send email');
       |                            ^
    102|     });
    103|   });

竡ｯ竡ｯ竡ｯ竡ｯ竡ｯ竡ｯ竡ｯ竡ｯ竡ｯ竡ｯ竡ｯ竡ｯ竡ｯ竡ｯ竡ｯ竡ｯ竡ｯ竡ｯ竡ｯ竡ｯ竡ｯ[41/201]竡ｯ

 FAIL  src/lib/email/email-service.test.ts > EmailService > sendAutoReply > should send auto-reply email successfully
AssertionError: expected false to be true // Object.is equality

- Expected
+ Received

- true
+ false

 笶ｯ src/lib/email/email-service.test.ts:109:30
    107|       const result = await emailService.sendAutoReply(testData);
    108| 
    109|       expect(result.success).toBe(true);
       |                              ^
    110|       expect(result.messageId).toBe('mock-email-id');
    111| 

竡ｯ竡ｯ竡ｯ竡ｯ竡ｯ竡ｯ竡ｯ竡ｯ竡ｯ竡ｯ竡ｯ竡ｯ竡ｯ竡ｯ竡ｯ竡ｯ竡ｯ竡ｯ竡ｯ竡ｯ竡ｯ[42/201]竡ｯ

 FAIL  src/lib/email/email-service.test.ts > EmailService > sendAutoReply > should handle email sending errors
AssertionError: expected 'Cannot read properties of undefined (窶ｦ' to be 'Failed to send email' // Object.is equality

Expected: "Failed to send email"
Received: "Cannot read properties of undefined (reading 'send')"

 笶ｯ src/lib/email/email-service.test.ts:134:28
    132| 
    133|       expect(result.success).toBe(false);
    134|       expect(result.error).toBe('Failed to send email');
       |                            ^
    135|     });
    136|   });

竡ｯ竡ｯ竡ｯ竡ｯ竡ｯ竡ｯ竡ｯ竡ｯ竡ｯ竡ｯ竡ｯ竡ｯ竡ｯ竡ｯ竡ｯ竡ｯ竡ｯ竡ｯ竡ｯ竡ｯ竡ｯ[43/201]竡ｯ

 FAIL  src/lib/email/email-service.test.ts > EmailService > processContactForm > should process contact form successfully
AssertionError: expected false to be true // Object.is equality

- Expected
+ Received

- true
+ false

 笶ｯ src/lib/email/email-service.test.ts:142:30
    140|       const result = await emailService.processContactForm(testData);
    141| 
    142|       expect(result.success).toBe(true);
       |                              ^
    143|       expect(result.notificationResult?.success).toBe(true);
    144|       expect(result.autoReplyResult?.success).toBe(true);

竡ｯ竡ｯ竡ｯ竡ｯ竡ｯ竡ｯ竡ｯ竡ｯ竡ｯ竡ｯ竡ｯ竡ｯ竡ｯ竡ｯ竡ｯ竡ｯ竡ｯ竡ｯ竡ｯ竡ｯ竡ｯ[44/201]竡ｯ

 FAIL  src/lib/email/email-service.test.ts > EmailService > processContactForm > should handle notification email failure
AssertionError: expected false to be true // Object.is equality

- Expected
+ Received

- true
+ false

 笶ｯ src/lib/email/email-service.test.ts:157:30
    155| 
    156|       // Should still be successful if at least one email is sent
    157|       expect(result.success).toBe(true);
       |                              ^
    158|       expect(result.notificationResult?.success).toBe(false);
    159|       expect(result.autoReplyResult?.success).toBe(true);

竡ｯ竡ｯ竡ｯ竡ｯ竡ｯ竡ｯ竡ｯ竡ｯ竡ｯ竡ｯ竡ｯ竡ｯ竡ｯ竡ｯ竡ｯ竡ｯ竡ｯ竡ｯ竡ｯ竡ｯ竡ｯ[45/201]竡ｯ

 FAIL  src/lib/email/email-service.test.ts > EmailService > processContactForm > should handle auto-reply email failure
AssertionError: expected false to be true // Object.is equality

- Expected
+ Received

- true
+ false

 笶ｯ src/lib/email/email-service.test.ts:172:30
    170| 
    171|       // Should still be successful if at least one email is sent
    172|       expect(result.success).toBe(true);
       |                              ^
    173|       expect(result.notificationResult?.success).toBe(true);
    174|       expect(result.autoReplyResult?.success).toBe(false);

竡ｯ竡ｯ竡ｯ竡ｯ竡ｯ竡ｯ竡ｯ竡ｯ竡ｯ竡ｯ竡ｯ竡ｯ竡ｯ竡ｯ竡ｯ竡ｯ竡ｯ竡ｯ竡ｯ竡ｯ竡ｯ[46/201]竡ｯ

 FAIL  src/lib/search/search-engine.test.ts > Search Engine > should generate highlights for matches
AssertionError: expected [ { id: 'portfolio-1', 窶ｦ(6) }, 窶ｦ(1) ] to have a length of 1 but got 2

- Expected
+ Received

- 1
+ 2

 笶ｯ src/lib/search/search-engine.test.ts:117:29
    115|     });
    116| 
    117|     expect(results.results).toHaveLength(1);
       |                             ^
    118|     expect(results.results[0].highlights).toBeDefined();
    119|     expect(results.results[0].highlights.length).toBeGreaterThan(0);

竡ｯ竡ｯ竡ｯ竡ｯ竡ｯ竡ｯ竡ｯ竡ｯ竡ｯ竡ｯ竡ｯ竡ｯ竡ｯ竡ｯ竡ｯ竡ｯ竡ｯ竡ｯ竡ｯ竡ｯ竡ｯ[47/201]竡ｯ

 FAIL  src/app/00_global/page.test.tsx > SearchPage > should render search form and popular keywords on initial load
TestingLibraryElementError: Unable to find an element with the placeholder text of: /讀懃ｴ｢繧ｭ繝ｼ繝ｯ繝ｼ繝峨ｒ蜈･蜉・

Ignored nodes: comments, script, style
<body />
 笶ｯ Object.getElementError node_modules/@testing-library/dom/dist/config.js:37:19
 笶ｯ node_modules/@testing-library/dom/dist/query-helpers.js:76:38
 笶ｯ node_modules/@testing-library/dom/dist/query-helpers.js:52:17
 笶ｯ node_modules/@testing-library/dom/dist/query-helpers.js:95:19
 笶ｯ src/app/00_global/page.test.tsx:50:19
     48|   it('should render search form and popular keywords on initial load',窶ｦ
     49|     render(<SearchPage />);
     50|     expect(screen.getByPlaceholderText(/讀懃ｴ｢繧ｭ繝ｼ繝ｯ繝ｼ繝峨ｒ蜈･蜉・)).toBeInTheDocumen窶ｦ
       |                   ^
     51|     await waitFor(() => {
     52|       expect(screen.getByRole('button', { name: 'React' })).toBeInTheD窶ｦ

竡ｯ竡ｯ竡ｯ竡ｯ竡ｯ竡ｯ竡ｯ竡ｯ竡ｯ竡ｯ竡ｯ竡ｯ竡ｯ竡ｯ竡ｯ竡ｯ竡ｯ竡ｯ竡ｯ竡ｯ竡ｯ[48/201]竡ｯ

 FAIL  src/app/00_global/page.test.tsx > SearchPage > should trigger search with input text and search button
TestingLibraryElementError: Unable to find an element with the placeholder text of: /讀懃ｴ｢繧ｭ繝ｼ繝ｯ繝ｼ繝峨ｒ蜈･蜉・

Ignored nodes: comments, script, style
<body />
 笶ｯ Object.getElementError node_modules/@testing-library/dom/dist/config.js:37:19
 笶ｯ node_modules/@testing-library/dom/dist/query-helpers.js:76:38
 笶ｯ node_modules/@testing-library/dom/dist/query-helpers.js:52:17
 笶ｯ node_modules/@testing-library/dom/dist/query-helpers.js:95:19
 笶ｯ src/app/00_global/page.test.tsx:59:32
     57|     const user = userEvent.setup();
     58|     render(<SearchPage />);
     59|     const searchInput = screen.getByPlaceholderText(/讀懃ｴ｢繧ｭ繝ｼ繝ｯ繝ｼ繝峨ｒ蜈･蜉・);
       |                                ^
     60|     const searchButton = screen.getByRole('button', { name: '讀懃ｴ｢' });
     61|     await user.type(searchInput, 'Test Query');

竡ｯ竡ｯ竡ｯ竡ｯ竡ｯ竡ｯ竡ｯ竡ｯ竡ｯ竡ｯ竡ｯ竡ｯ竡ｯ竡ｯ竡ｯ竡ｯ竡ｯ竡ｯ竡ｯ竡ｯ竡ｯ[49/201]竡ｯ

 FAIL  src/app/00_global/page.test.tsx > SearchPage > should trigger search with Enter key
TestingLibraryElementError: Unable to find an element with the placeholder text of: /讀懃ｴ｢繧ｭ繝ｼ繝ｯ繝ｼ繝峨ｒ蜈･蜉・

Ignored nodes: comments, script, style
<body />
 笶ｯ Object.getElementError node_modules/@testing-library/dom/dist/config.js:37:19
 笶ｯ node_modules/@testing-library/dom/dist/query-helpers.js:76:38
 笶ｯ node_modules/@testing-library/dom/dist/query-helpers.js:52:17
 笶ｯ node_modules/@testing-library/dom/dist/query-helpers.js:95:19
 笶ｯ src/app/00_global/page.test.tsx:74:32
     72|     const user = userEvent.setup();
     73|     render(<SearchPage />);
     74|     const searchInput = screen.getByPlaceholderText(/讀懃ｴ｢繧ｭ繝ｼ繝ｯ繝ｼ繝峨ｒ蜈･蜉・);
       |                                ^
     75|     await user.type(searchInput, 'Enter Key Test');
     76|     await user.keyboard('{enter}');

竡ｯ竡ｯ竡ｯ竡ｯ竡ｯ竡ｯ竡ｯ竡ｯ竡ｯ竡ｯ竡ｯ竡ｯ竡ｯ竡ｯ竡ｯ竡ｯ竡ｯ竡ｯ竡ｯ竡ｯ竡ｯ[50/201]竡ｯ

 FAIL  src/app/00_global/page.test.tsx > SearchPage > should not trigger search if query is empty
TestingLibraryElementError: Unable to find an accessible element with the role "button" and name "讀懃ｴ｢"

There are no accessible roles. But there might be some inaccessible roles. If you wish to access them, then set the `hidden` option to `true`. Learn more about this here: https://testing-library.com/docs/dom-testing-library/api-queries#byrole

Ignored nodes: comments, script, style
<body />
 笶ｯ Object.getElementError node_modules/@testing-library/dom/dist/config.js:37:19
 笶ｯ node_modules/@testing-library/dom/dist/query-helpers.js:76:38
 笶ｯ node_modules/@testing-library/dom/dist/query-helpers.js:52:17
 笶ｯ node_modules/@testing-library/dom/dist/query-helpers.js:95:19
 笶ｯ src/app/00_global/page.test.tsx:88:33
     86|     const user = userEvent.setup();
     87|     render(<SearchPage />);
     88|     const searchButton = screen.getByRole('button', { name: '讀懃ｴ｢' });
       |                                 ^
     89|     await user.click(searchButton);
     90|     expect(mockedSearchContent).not.toHaveBeenCalled();

竡ｯ竡ｯ竡ｯ竡ｯ竡ｯ竡ｯ竡ｯ竡ｯ竡ｯ竡ｯ竡ｯ竡ｯ竡ｯ竡ｯ竡ｯ竡ｯ竡ｯ竡ｯ竡ｯ竡ｯ竡ｯ[51/201]竡ｯ

 FAIL  src/app/00_global/page.test.tsx > SearchPage > should update filters and trigger search with them
TestingLibraryElementError: Unable to find an element with the placeholder text of: /讀懃ｴ｢繧ｭ繝ｼ繝ｯ繝ｼ繝峨ｒ蜈･蜉・

Ignored nodes: comments, script, style
<body />
 笶ｯ Object.getElementError node_modules/@testing-library/dom/dist/config.js:37:19
 笶ｯ node_modules/@testing-library/dom/dist/query-helpers.js:76:38
 笶ｯ node_modules/@testing-library/dom/dist/query-helpers.js:52:17
 笶ｯ node_modules/@testing-library/dom/dist/query-helpers.js:95:19
 笶ｯ src/app/00_global/page.test.tsx:96:32
     94|     const user = userEvent.setup();
     95|     render(<SearchPage />);
     96|     const searchInput = screen.getByPlaceholderText(/讀懃ｴ｢繧ｭ繝ｼ繝ｯ繝ｼ繝峨ｒ蜈･蜉・);
       |                                ^
     97|     const categorySelect = screen.getByLabelText('繧ｫ繝・ざ繝ｪ繝ｼ');
     98|     const typeSelect = screen.getByLabelText('繧ｿ繧､繝・);

竡ｯ竡ｯ竡ｯ竡ｯ竡ｯ竡ｯ竡ｯ竡ｯ竡ｯ竡ｯ竡ｯ竡ｯ竡ｯ竡ｯ竡ｯ竡ｯ竡ｯ竡ｯ竡ｯ竡ｯ竡ｯ[52/201]竡ｯ

 FAIL  src/app/00_global/page.test.tsx > SearchPage > should display search results and handle unknown categories/types
TestingLibraryElementError: Unable to find an element with the placeholder text of: /讀懃ｴ｢繧ｭ繝ｼ繝ｯ繝ｼ繝峨ｒ蜈･蜉・

Ignored nodes: comments, script, style
<body />
 笶ｯ Object.getElementError node_modules/@testing-library/dom/dist/config.js:37:19
 笶ｯ node_modules/@testing-library/dom/dist/query-helpers.js:76:38
 笶ｯ node_modules/@testing-library/dom/dist/query-helpers.js:52:17
 笶ｯ node_modules/@testing-library/dom/dist/query-helpers.js:95:19
 笶ｯ src/app/00_global/page.test.tsx:116:32
    114|     const user = userEvent.setup();
    115|     render(<SearchPage />);
    116|     const searchInput = screen.getByPlaceholderText(/讀懃ｴ｢繧ｭ繝ｼ繝ｯ繝ｼ繝峨ｒ蜈･蜉・);
       |                                ^
    117|     await user.type(searchInput, 'React');
    118|     await user.keyboard('{enter}');

竡ｯ竡ｯ竡ｯ竡ｯ竡ｯ竡ｯ竡ｯ竡ｯ竡ｯ竡ｯ竡ｯ竡ｯ竡ｯ竡ｯ竡ｯ竡ｯ竡ｯ竡ｯ竡ｯ竡ｯ竡ｯ[53/201]竡ｯ

 FAIL  src/app/00_global/page.test.tsx > SearchPage > should display "no results" message when search returns empty
TestingLibraryElementError: Unable to find an element with the placeholder text of: /讀懃ｴ｢繧ｭ繝ｼ繝ｯ繝ｼ繝峨ｒ蜈･蜉・

Ignored nodes: comments, script, style
<body />
 笶ｯ Object.getElementError node_modules/@testing-library/dom/dist/config.js:37:19
 笶ｯ node_modules/@testing-library/dom/dist/query-helpers.js:76:38
 笶ｯ node_modules/@testing-library/dom/dist/query-helpers.js:52:17
 笶ｯ node_modules/@testing-library/dom/dist/query-helpers.js:95:19
 笶ｯ src/app/00_global/page.test.tsx:129:32
    127|     const user = userEvent.setup();
    128|     render(<SearchPage />);
    129|     const searchInput = screen.getByPlaceholderText(/讀懃ｴ｢繧ｭ繝ｼ繝ｯ繝ｼ繝峨ｒ蜈･蜉・);
       |                                ^
    130|     await user.type(searchInput, 'No Result Test');
    131|     await user.keyboard('{enter}');

竡ｯ竡ｯ竡ｯ竡ｯ竡ｯ竡ｯ竡ｯ竡ｯ竡ｯ竡ｯ竡ｯ竡ｯ竡ｯ竡ｯ竡ｯ竡ｯ竡ｯ竡ｯ竡ｯ竡ｯ竡ｯ[54/201]竡ｯ

 FAIL  src/app/00_global/page.test.tsx > SearchPage > should handle search API errors gracefully
TestingLibraryElementError: Unable to find an element with the placeholder text of: /讀懃ｴ｢繧ｭ繝ｼ繝ｯ繝ｼ繝峨ｒ蜈･蜉・

Ignored nodes: comments, script, style
<body />
 笶ｯ Object.getElementError node_modules/@testing-library/dom/dist/config.js:37:19
 笶ｯ node_modules/@testing-library/dom/dist/query-helpers.js:76:38
 笶ｯ node_modules/@testing-library/dom/dist/query-helpers.js:52:17
 笶ｯ node_modules/@testing-library/dom/dist/query-helpers.js:95:19
 笶ｯ src/app/00_global/page.test.tsx:142:32
    140|     const user = userEvent.setup();
    141|     render(<SearchPage />);
    142|     const searchInput = screen.getByPlaceholderText(/讀懃ｴ｢繧ｭ繝ｼ繝ｯ繝ｼ繝峨ｒ蜈･蜉・);
       |                                ^
    143|     await user.type(searchInput, 'Error Test');
    144|     await user.keyboard('{enter}');

竡ｯ竡ｯ竡ｯ竡ｯ竡ｯ竡ｯ竡ｯ竡ｯ竡ｯ竡ｯ竡ｯ竡ｯ竡ｯ竡ｯ竡ｯ竡ｯ竡ｯ竡ｯ竡ｯ竡ｯ竡ｯ[55/201]竡ｯ

 FAIL  src/app/00_global/page.test.tsx > SearchPage > should trigger search when a popular keyword is clicked
TestingLibraryElementError: Unable to find role="button" and name "React"

Ignored nodes: comments, script, style
<body />

Ignored nodes: comments, script, style
<html>
  <head>
    <title>
      Search - samuido | 繧ｵ繧､繝亥・讀懃ｴ｢
    </title>
  </head>
  <body>
    <div>
      <div
        class="container-grid"
      >
        <section
          class="py-16 text-center"
        >
          <h1
            class="neue-haas-grotesk-display mb-4 text-4xl text-white md:text-6xl"
          >
            Search
          </h1>
          <p
            class="noto-sans-jp-light mb-8 text-xl text-gray-300 md:text-2xl"
          >
            繧ｵ繧､繝亥・讀懃ｴ｢
          </p>
          <p
            class="noto-sans-jp-regular mx-auto max-w-3xl text-base md:text-lg"
          >
            繝励Ο繝輔ぅ繝ｼ繝ｫ縲√・繝ｼ繝医ヵ繧ｩ繝ｪ繧ｪ縲√Ρ繝ｼ繧ｯ繧ｷ繝ｧ繝・・縲√ヤ繝ｼ繝ｫ縺九ｉ
            <br />
            蠢・ｦ√↑諠・ｱ繧堤ｴ譌ｩ縺剰ｦ九▽縺代ｉ繧後∪縺・[0m
          </p>
        </section>
        <section
          class="py-12"
        >
          <div
            class="card"
          >
            <div
              class="space-y-6"
            >
              <div>
                <label
                  class="neue-haas-grotesk-display mb-3 block text-sm text-white"
                >
                  繧ｭ繝ｼ繝ｯ繝ｼ繝画､懃ｴ｢
                </label>
                <div
                  class="flex gap-3"
                >
                  <input
                    class="noto-sans-jp-regular flex-1 border border-gray-600 bg-gray-700 px-4 py-3 text-white"
                    placeholder="讀懃ｴ｢繧ｭ繝ｼ繝ｯ繝ｼ繝峨ｒ蜈･蜉・.."
                    type="text"
                    value=""
                  />
                  <button
                    class="bg-blue-600 px-6 py-3 text-white transition-colors hover:bg-blue-700 disabled:cursor-not-allowed disabled:opacity-50"
                    disabled=""
                  >
                    讀懃ｴ｢
                  </button>
                </div>
              </div>
              <div
                class="grid grid-cols-1 gap-6 md:grid-cols-2"
              >
                <div>
                  <label
                    class="neue-haas-grotesk-display mb-3 block text-sm text-white"
                    for="category-select"
                  >
                    繧ｫ繝・ざ繝ｪ繝ｼ
                  </label>
                  <select
                    class="noto-sans-jp-regular w-full border border-gray-600 bg-gray-700 px-4 py-3 text-white"
                    id="category-select"
                  >
                    <option
                      value="all"
                    >
                      蜈ｨ縺ｦ
                    </option>
                    <option
                      value="about"
                    >
                      About
                    </option>
                    <option
                      value="portfolio"
                    >
                      Portfolio
                    </option>
                    <option
                      value="workshop"
                    >
                      Workshop
                    </option>
                    <option
                      value="tools"
                    >
                      Tools
                    </option>
                  </select>
                </div>
                <div>
                  <label
                    class="neue-haas-grotesk-display mb-3 block text-sm text-white"
                    for="type-select"
                  >
                    繧ｿ繧､繝・[0m
                  </label>
                  <select
                    class="noto-sans-jp-regular w-full border border-gray-600 bg-gray-700 px-4 py-3 text-white"
                    id="type-select"
                  >
                    <option
                      value="all"
                    >
                      蜈ｨ縺ｦ
                    </option>
                    <option
                      value="page"
                    >
                      繝壹・繧ｸ
                    </option>
                    <option
                      value="blog"
                    >
                      繝悶Ο繧ｰ險倅ｺ・[0m
                    </option>
                    <option
                      value="plugin"
                    >
                      繝励Λ繧ｰ繧､繝ｳ
                    </option>
                    <option
                      value="tool"
                    >
                      繝・・繝ｫ
                    </option>
                    <option
                      value="portfolio"
                    >
                      菴懷刀
                    </option>
                  </select>
                </div>
              </div>
            </div>
          </div>
        </section>
        <section
          class="py-12"
        >
          <div
            class="card"
          >
            <h2
              class="neue-haas-grotesk-display mb-4 text-xl text-white"
            >
              讀懃ｴ｢縺ｮ繝偵Φ繝・[0m
            </h2>
            <div
              class="grid grid-cols-1 gap-6 md:grid-cols-2"
            >
              <div>
                <h3
                  class="neue-haas-grotesk-display mb-3 text-lg text-white"
                >
                  讀懃ｴ｢蟇ｾ雎｡
                </h3>
                <ul
                  class="noto-sans-jp-regular space-y-2 text-sm text-gray-300"
                >
                  <li>
                    窶｢ 繝励Ο繝輔ぅ繝ｼ繝ｫ繝壹・繧ｸ
                  </li>
                  <li>
                    窶｢ 繝昴・繝医ヵ繧ｩ繝ｪ繧ｪ菴懷刀
                  </li>
                  <li>
                    窶｢ 繝悶Ο繧ｰ險倅ｺ・[0m
                  </li>
                  <li>
                    窶｢ 繝励Λ繧ｰ繧､繝ｳ繝ｻ繝・・繝ｫ
                  </li>
                  <li>
                    窶｢ 繝壹・繧ｸ繧ｿ繧､繝医Ν繝ｻ蜀・ｮｹ
                  </li>
                </ul>
              </div>
              <div>
                <h3
                  class="neue-haas-grotesk-display mb-3 text-lg text-white"
                >
                  讀懃ｴ｢縺ｮ繧ｳ繝・[0m
                </h3>
                <ul
                  class="noto-sans-jp-regular space-y-2 text-sm text-gray-300"
                >
                  <li>
                    窶｢ 蜈ｷ菴鍋噪縺ｪ繧ｭ繝ｼ繝ｯ繝ｼ繝峨ｒ菴ｿ逕ｨ
                  </li>
                  <li>
                    窶｢ 繧ｫ繝・ざ繝ｪ繝ｼ繝ｻ繧ｿ繧､繝励ヵ繧｣繝ｫ繧ｿ繝ｼ繧呈ｴｻ逕ｨ
                  </li>
                  <li>
                    窶｢ 隍・焚縺ｮ繧ｭ繝ｼ繝ｯ繝ｼ繝峨〒邨槭ｊ霎ｼ縺ｿ
                  </li>
                  <li>
                    窶｢ 闍ｱ隱槭・譌･譛ｬ隱槭←縺｡繧峨〒繧よ､懃ｴ｢蜿ｯ閭ｽ
                  </li>
                </ul>
              </div>
            </div>
          </div>
        </section>
        <section
          class="py-12"
        >
          <div
            class="card"
          >
            <h2
              class="neue-haas-grotesk-display mb-4 text-xl text-white"
            >
              莠ｺ豌励・讀懃ｴ｢繧ｭ繝ｼ繝ｯ繝ｼ繝・[0m
            </h2>
            <div
              class="flex flex-wrap gap-3"
            >
              <button
                class="noto-sans-jp-regular bg-gray-700 px-3 py-2 text-sm text-gray-300 transition-colors hover:bg-gray-600 hover:text-white"
              >
                React
              </button>
              <button
                class="noto-sans-jp-regular bg-gray-700 px-3 py-2 text-sm text-gray-300 transition-colors hover:bg-gray-600 hover:text-white"
              >
                Next.js
              </button>
              <button
                class="noto-sans-jp-regular bg-gray-700 px-3 py-2 text-sm text-gray-300 transition-colors hover:bg-gray-600 hover:text-white"
              >
                繧ｫ繝ｩ繝ｼ繝代Ξ繝・ヨ
              </button>
              <button
                class="noto-sans-jp-regular bg-gray-700 px-3 py-2 text-sm text-gray-300 transition-colors hover:bg-gray-600 hover:text-white"
              >
                QR繧ｳ繝ｼ繝・[0m
              </button>
              <button
                class="noto-sans-jp-regular bg-gray-700 px-3 py-2 text-sm text-gray-300 transition-colors hover:bg-gray-600 hover:text-white"
              >
                After Effects
              </button>
              <button
                class="noto-sans-jp-regular bg-gray-700 px-3 py-2 text-sm text-gray-300 transition-colors hover:bg-gray-600 hover:text-white"
              >
                繝励Λ繧ｰ繧､繝ｳ
              </button>
              <button
                class="noto-sans-jp-regular bg-gray-700 px-3 py-2 text-sm text-gray-300 transition-colors hover:bg-gray-600 hover:text-white"
              >
                繝昴・繝医ヵ繧ｩ繝ｪ繧ｪ
              </button>
              <button
                class="noto-sans-jp-regular bg-gray-700 px-3 py-2 text-sm text-gray-300 transition-colors hover:bg-gray-600 hover:text-white"
              >
                繝励Ο繝輔ぅ繝ｼ繝ｫ
              </button>
              <button
                class="noto-sans-jp-regular bg-gray-700 px-3 py-2 text-sm text-gray-300 transition-colors hover:bg-gray-600 hover:text-white"
              >
                繝・・繝ｫ
              </button>
              <button
                class="noto-sans-jp-regular bg-gray-700 px-3 py-2 text-sm text-gray-300 transition-colors hover:bg-gray-600 hover:text-white"
              >
                繝悶Ο繧ｰ
              </button>
            </div>
          </div>
        </section>
        <section
          class="py-12"
        >
          <div
            class="flex items-center justify-between"
          >
            <a
              class="neue-haas-grotesk-display text-lg text-blue-400 hover:text-blue-300"
              href="/"
            >
              竊・Home
            </a>
            <div
              class="flex gap-4"
            >
              <a
                class="text-sm text-blue-400 hover:text-blue-300"
                href="/01_about"
              >
                About 竊・[0m
              </a>
              <a
                class="text-sm text-blue-400 hover:text-blue-300"
                href="/02_portfolio"
              >
                Portfolio 竊・[0m
              </a>
              <a
                class="text-sm text-blue-400 hover:text-blue-300"
                href="/00_global/contact"
              >
                Contact 竊・[0m
              </a>
            </div>
          </div>
        </section>
      </div>
    </div>
  </body>
</html>
 笶ｯ Proxy.waitForWrapper node_modules/@testing-library/dom/dist/wait-for.js:163:27
 笶ｯ src/app/00_global/page.test.tsx:154:11
    152|     const user = userEvent.setup();
    153|     render(<SearchPage />);
    154|     await waitFor(() => {
       |           ^
    155|       expect(screen.getByRole('button', { name: 'React' })).toBeInTheD窶ｦ
    156|     });

竡ｯ竡ｯ竡ｯ竡ｯ竡ｯ竡ｯ竡ｯ竡ｯ竡ｯ竡ｯ竡ｯ竡ｯ竡ｯ竡ｯ竡ｯ竡ｯ竡ｯ竡ｯ竡ｯ竡ｯ竡ｯ[56/201]竡ｯ

 FAIL  src/app/00_global/page.test.tsx > SearchPage > should show loading state on button and results
TestingLibraryElementError: Unable to find an element with the placeholder text of: /讀懃ｴ｢繧ｭ繝ｼ繝ｯ繝ｼ繝峨ｒ蜈･蜉・

Ignored nodes: comments, script, style
<body />
 笶ｯ Object.getElementError node_modules/@testing-library/dom/dist/config.js:37:19
 笶ｯ node_modules/@testing-library/dom/dist/query-helpers.js:76:38
 笶ｯ node_modules/@testing-library/dom/dist/query-helpers.js:52:17
 笶ｯ node_modules/@testing-library/dom/dist/query-helpers.js:95:19
 笶ｯ src/app/00_global/page.test.tsx:175:32
    173|     const user = userEvent.setup();
    174|     render(<SearchPage />);
    175|     const searchInput = screen.getByPlaceholderText(/讀懃ｴ｢繧ｭ繝ｼ繝ｯ繝ｼ繝峨ｒ蜈･蜉・);
       |                                ^
    176|     const searchButton = screen.getByRole('button', { name: '讀懃ｴ｢' });
    177|     await user.type(searchInput, 'Loading Test');

竡ｯ竡ｯ竡ｯ竡ｯ竡ｯ竡ｯ竡ｯ竡ｯ竡ｯ竡ｯ竡ｯ竡ｯ竡ｯ竡ｯ竡ｯ竡ｯ竡ｯ竡ｯ竡ｯ竡ｯ竡ｯ[57/201]竡ｯ

 FAIL  src/app/02_portfolio/page.test.tsx > PortfolioPage > should render the portfolio page with title and description
TestingLibraryElementError: Unable to find an element with the text: Portfolio. This could be because the text is broken up by multiple elements. In this case, you can provide a function for your text matcher to make your matcher more flexible.

Ignored nodes: comments, script, style
<body />
 笶ｯ Object.getElementError node_modules/@testing-library/dom/dist/config.js:37:19
 笶ｯ node_modules/@testing-library/dom/dist/query-helpers.js:76:38
 笶ｯ node_modules/@testing-library/dom/dist/query-helpers.js:52:17
 笶ｯ node_modules/@testing-library/dom/dist/query-helpers.js:95:19
 笶ｯ src/app/02_portfolio/page.test.tsx:52:19
     50|     render(await PortfolioPage({ searchParams: {} }));
     51| 
     52|     expect(screen.getByText('Portfolio')).toBeInTheDocument();
       |                   ^
     53|     expect(screen.getByText('繝昴・繝医ヵ繧ｩ繝ｪ繧ｪ')).toBeInTheDocument();
     54|     expect(screen.getByTestId('portfolio-gallery')).toBeInTheDocument(窶ｦ

竡ｯ竡ｯ竡ｯ竡ｯ竡ｯ竡ｯ竡ｯ竡ｯ竡ｯ竡ｯ竡ｯ竡ｯ竡ｯ竡ｯ竡ｯ竡ｯ竡ｯ竡ｯ竡ｯ竡ｯ竡ｯ[58/201]竡ｯ

 FAIL  src/app/02_portfolio/page.test.tsx > PortfolioPage > should pass portfolio items to gallery component
TestingLibraryElementError: Unable to find an element by: [data-testid="initial-items"]

Ignored nodes: comments, script, style
<body />
 笶ｯ Object.getElementError node_modules/@testing-library/dom/dist/config.js:37:19
 笶ｯ node_modules/@testing-library/dom/dist/query-helpers.js:76:38
 笶ｯ node_modules/@testing-library/dom/dist/query-helpers.js:52:17
 笶ｯ node_modules/@testing-library/dom/dist/query-helpers.js:95:19
 笶ｯ src/app/02_portfolio/page.test.tsx:60:33
     58|     render(await PortfolioPage({ searchParams: {} }));
     59| 
     60|     const itemsElement = screen.getByTestId('initial-items');
       |                                 ^
     61|     const items = JSON.parse(itemsElement.textContent || '[]');
     62| 

竡ｯ竡ｯ竡ｯ竡ｯ竡ｯ竡ｯ竡ｯ竡ｯ竡ｯ竡ｯ竡ｯ竡ｯ竡ｯ竡ｯ竡ｯ竡ｯ竡ｯ竡ｯ竡ｯ竡ｯ竡ｯ[59/201]竡ｯ

 FAIL  src/app/02_portfolio/page.test.tsx > PortfolioPage > should pass category from search params
TestingLibraryElementError: Unable to find an element by: [data-testid="initial-category"]

Ignored nodes: comments, script, style
<body />
 笶ｯ Object.getElementError node_modules/@testing-library/dom/dist/config.js:37:19
 笶ｯ node_modules/@testing-library/dom/dist/query-helpers.js:76:38
 笶ｯ node_modules/@testing-library/dom/dist/query-helpers.js:52:17
 笶ｯ node_modules/@testing-library/dom/dist/query-helpers.js:95:19
 笶ｯ src/app/02_portfolio/page.test.tsx:70:19
     68|     render(await PortfolioPage({ searchParams: { category: 'design' } 窶ｦ
     69| 
     70|     expect(screen.getByTestId('initial-category').textContent).toBe('d窶ｦ
       |                   ^
     71|   });
     72| 

竡ｯ竡ｯ竡ｯ竡ｯ竡ｯ竡ｯ竡ｯ竡ｯ竡ｯ竡ｯ竡ｯ竡ｯ竡ｯ竡ｯ竡ｯ竡ｯ竡ｯ竡ｯ竡ｯ竡ｯ竡ｯ[60/201]竡ｯ

 FAIL  src/app/02_portfolio/page.test.tsx > PortfolioPage > should default to "all" category if not specified
TestingLibraryElementError: Unable to find an element by: [data-testid="initial-category"]

Ignored nodes: comments, script, style
<body />
 笶ｯ Object.getElementError node_modules/@testing-library/dom/dist/config.js:37:19
 笶ｯ node_modules/@testing-library/dom/dist/query-helpers.js:76:38
 笶ｯ node_modules/@testing-library/dom/dist/query-helpers.js:52:17
 笶ｯ node_modules/@testing-library/dom/dist/query-helpers.js:95:19
 笶ｯ src/app/02_portfolio/page.test.tsx:76:19
     74|     render(await PortfolioPage({ searchParams: {} }));
     75| 
     76|     expect(screen.getByTestId('initial-category').textContent).toBe('a窶ｦ
       |                   ^
     77|   });
     78| });

竡ｯ竡ｯ竡ｯ竡ｯ竡ｯ竡ｯ竡ｯ竡ｯ竡ｯ竡ｯ竡ｯ竡ｯ竡ｯ竡ｯ竡ｯ竡ｯ竡ｯ竡ｯ竡ｯ竡ｯ竡ｯ[61/201]竡ｯ

 FAIL  src/app/03_workshop/page.test.tsx > Workshop Page > should render the main heading and description
TestingLibraryElementError: Unable to find an accessible element with the role "heading" and name "Workshop"

There are no accessible roles. But there might be some inaccessible roles. If you wish to access them, then set the `hidden` option to `true`. Learn more about this here: https://testing-library.com/docs/dom-testing-library/api-queries#byrole

Ignored nodes: comments, script, style
<body />
 笶ｯ Object.getElementError node_modules/@testing-library/dom/dist/config.js:37:19
 笶ｯ node_modules/@testing-library/dom/dist/query-helpers.js:76:38
 笶ｯ node_modules/@testing-library/dom/dist/query-helpers.js:52:17
 笶ｯ node_modules/@testing-library/dom/dist/query-helpers.js:95:19
 笶ｯ src/app/03_workshop/page.test.tsx:17:19
     15|   it('should render the main heading and description', () => {
     16|     render(<WorkshopPage />);
     17|     expect(screen.getByRole('heading', { level: 1, name: 'Workshop' })窶ｦ
       |                   ^
     18|     expect(screen.getByText('繝励Λ繧ｰ繧､繝ｳ繝ｻ繝悶Ο繧ｰ繝ｻ邏譚宣・蟶・)).toBeInTheDocument();
     19|   });

竡ｯ竡ｯ竡ｯ竡ｯ竡ｯ竡ｯ竡ｯ竡ｯ竡ｯ竡ｯ竡ｯ竡ｯ竡ｯ竡ｯ竡ｯ竡ｯ竡ｯ竡ｯ竡ｯ竡ｯ竡ｯ[62/201]竡ｯ

 FAIL  src/app/03_workshop/page.test.tsx > Workshop Page > should render the statistics section correctly
TestingLibraryElementError: Unable to find an element with the text: 15. This could be because the text is broken up by multiple elements. In this case, you can provide a function for your text matcher to make your matcher more flexible.

Ignored nodes: comments, script, style
<body />
 笶ｯ Object.getElementError node_modules/@testing-library/dom/dist/config.js:37:19
 笶ｯ node_modules/@testing-library/dom/dist/query-helpers.js:76:38
 笶ｯ node_modules/@testing-library/dom/dist/query-helpers.js:52:17
 笶ｯ node_modules/@testing-library/dom/dist/query-helpers.js:95:19
 笶ｯ src/app/03_workshop/page.test.tsx:23:19
     21|   it('should render the statistics section correctly', () => {
     22|     render(<WorkshopPage />);
     23|     expect(screen.getByText('15')).toBeInTheDocument();
       |                   ^
     24|     expect(screen.getByText('8')).toBeInTheDocument();
     25|     expect(screen.getByText('12')).toBeInTheDocument();

竡ｯ竡ｯ竡ｯ竡ｯ竡ｯ竡ｯ竡ｯ竡ｯ竡ｯ竡ｯ竡ｯ竡ｯ竡ｯ竡ｯ竡ｯ竡ｯ竡ｯ竡ｯ竡ｯ竡ｯ竡ｯ[63/201]竡ｯ

 FAIL  src/app/03_workshop/page.test.tsx > Workshop Page > should render category cards with correct links
TestingLibraryElementError: Unable to find an accessible element with the role "link" and name `/Blog/`

There are no accessible roles. But there might be some inaccessible roles. If you wish to access them, then set the `hidden` option to `true`. Learn more about this here: https://testing-library.com/docs/dom-testing-library/api-queries#byrole

Ignored nodes: comments, script, style
<body />
 笶ｯ Object.getElementError node_modules/@testing-library/dom/dist/config.js:37:19
 笶ｯ node_modules/@testing-library/dom/dist/query-helpers.js:76:38
 笶ｯ node_modules/@testing-library/dom/dist/query-helpers.js:52:17
 笶ｯ node_modules/@testing-library/dom/dist/query-helpers.js:95:19
 笶ｯ src/app/03_workshop/page.test.tsx:31:19
     29|   it('should render category cards with correct links', () => {
     30|     render(<WorkshopPage />);
     31|     expect(screen.getByRole('link', { name: /Blog/ })).toHaveAttribute窶ｦ
       |                   ^
     32|     expect(screen.getByRole('link', { name: /Plugins/ })).toHaveAttrib窶ｦ
     33|       'href',

竡ｯ竡ｯ竡ｯ竡ｯ竡ｯ竡ｯ竡ｯ竡ｯ竡ｯ竡ｯ竡ｯ竡ｯ竡ｯ竡ｯ竡ｯ竡ｯ竡ｯ竡ｯ竡ｯ竡ｯ竡ｯ[64/201]竡ｯ

 FAIL  src/app/03_workshop/page.test.tsx > Workshop Page > should render the latest content section
TestingLibraryElementError: Unable to find an accessible element with the role "heading" and name "Latest Content"

There are no accessible roles. But there might be some inaccessible roles. If you wish to access them, then set the `hidden` option to `true`. Learn more about this here: https://testing-library.com/docs/dom-testing-library/api-queries#byrole

Ignored nodes: comments, script, style
<body />
 笶ｯ Object.getElementError node_modules/@testing-library/dom/dist/config.js:37:19
 笶ｯ node_modules/@testing-library/dom/dist/query-helpers.js:76:38
 笶ｯ node_modules/@testing-library/dom/dist/query-helpers.js:52:17
 笶ｯ node_modules/@testing-library/dom/dist/query-helpers.js:95:19
 笶ｯ src/app/03_workshop/page.test.tsx:44:19
     42|   it('should render the latest content section', () => {
     43|     render(<WorkshopPage />);
     44|     expect(screen.getByRole('heading', { name: 'Latest Content' })).to窶ｦ
       |                   ^
     45|     expect(screen.getByText('React 19縺ｮ譁ｰ讖溯・隗｣隱ｬ')).toBeInTheDocument();
     46|   });

竡ｯ竡ｯ竡ｯ竡ｯ竡ｯ竡ｯ竡ｯ竡ｯ竡ｯ竡ｯ竡ｯ竡ｯ竡ｯ竡ｯ竡ｯ竡ｯ竡ｯ竡ｯ竡ｯ竡ｯ竡ｯ[65/201]竡ｯ

 FAIL  src/app/03_workshop/page.test.tsx > Workshop Page > should render the popular content section
TestingLibraryElementError: Unable to find an accessible element with the role "heading" and name "Popular Content"

There are no accessible roles. But there might be some inaccessible roles. If you wish to access them, then set the `hidden` option to `true`. Learn more about this here: https://testing-library.com/docs/dom-testing-library/api-queries#byrole

Ignored nodes: comments, script, style
<body />
 笶ｯ Object.getElementError node_modules/@testing-library/dom/dist/config.js:37:19
 笶ｯ node_modules/@testing-library/dom/dist/query-helpers.js:76:38
 笶ｯ node_modules/@testing-library/dom/dist/query-helpers.js:52:17
 笶ｯ node_modules/@testing-library/dom/dist/query-helpers.js:95:19
 笶ｯ src/app/03_workshop/page.test.tsx:50:19
     48|   it('should render the popular content section', () => {
     49|     render(<WorkshopPage />);
     50|     expect(screen.getByRole('heading', { name: 'Popular Content' })).t窶ｦ
       |                   ^
     51|     expect(screen.getByText('Next.js 15縺ｮ譁ｰ讖溯・')).toBeInTheDocument();
     52|   });

竡ｯ竡ｯ竡ｯ竡ｯ竡ｯ竡ｯ竡ｯ竡ｯ竡ｯ竡ｯ竡ｯ竡ｯ竡ｯ竡ｯ竡ｯ竡ｯ竡ｯ竡ｯ竡ｯ竡ｯ竡ｯ[66/201]竡ｯ

 FAIL  src/app/05_admin/page.test.tsx > Admin Page > should render access denied when not in development mode
TestingLibraryElementError: Unable to find an element with the text: Access Denied. This could be because the text is broken up by multiple elements. In this case, you can provide a function for your text matcher to make your matcher more flexible.

Ignored nodes: comments, script, style
<body />

Ignored nodes: comments, script, style
<html>
  <head />
  <body>
    <div>
      <div
        class=" min-h-screen text-[var(--color-foreground)] bg-gray flex min-h-screen items-center justify-center"
      >
        <div
          class="container-grid"
        >
          <div
            class="xs:px-6 px-4 md:px-8 "
          >
            <div
              class="text-center"
            >
              <svg
                aria-hidden="true"
                class="lucide lucide-shield text-primary mx-auto mb-6"
                fill="none"
                height="64"
                stroke="currentColor"
                stroke-linecap="round"
                stroke-linejoin="round"
                stroke-width="2"
                viewBox="0 0 24 24"
                width="64"
                xmlns="http://www.w3.org/2000/svg"
              >
                <path
                  d="M20 13c0 5-3.5 7.5-7.66 8.95a1 1 0 0 1-.67-.01C7.5 20.5 4 18 4 13V6a1 1 0 0 1 1-1c2 0 4.5-1.2 6.24-2.72a1.17 1.17 0 0 1 1.52 0C14.51 3.81 17 5 19 5a1 1 0 0 1 1 1z"
                />
              </svg>
              <h1
                class="neue-haas-grotesk-display text-primary mb-4 text-4xl"
              >
                Access Denied
              </h1>
              <p
                class="noto-sans-jp text-foreground/70 mb-6"
              >
                Admin access is only available in development mode.
              </p>
              <a
                class="bg-primary hover:bg-primary/90 inline-block px-6 py-3 text-white transition-colors"
                href="/"
              >
                Back to Home
              </a>
            </div>
          </div>
        </div>
      </div>
    </div>
  </body>
</html>
 笶ｯ Proxy.waitForWrapper node_modules/@testing-library/dom/dist/wait-for.js:163:27
 笶ｯ src/app/05_admin/page.test.tsx:35:11
     33|     render(<AdminPage />);
     34| 
     35|     await waitFor(() => {
       |           ^
     36|       expect(screen.getByText('Access Denied')).toBeInTheDocument();
     37|       expect(

竡ｯ竡ｯ竡ｯ竡ｯ竡ｯ竡ｯ竡ｯ竡ｯ竡ｯ竡ｯ竡ｯ竡ｯ竡ｯ竡ｯ竡ｯ竡ｯ竡ｯ竡ｯ竡ｯ竡ｯ竡ｯ[67/201]竡ｯ

 FAIL  src/app/05_admin/page.test.tsx > Admin Page > should render admin dashboard in development mode
TestingLibraryElementError: Unable to find an element with the text: Admin Dashboard. This could be because the text is broken up by multiple elements. In this case, you can provide a function for your text matcher to make your matcher more flexible.

Ignored nodes: comments, script, style
<body />

Ignored nodes: comments, script, style
<html>
  <head />
  <body>
    <div>
      <div
        class=" min-h-screen text-[var(--color-foreground)] bg-gray"
      >
        <nav
          class="border-foreground/20 border-b p-4"
        >
          <div
            class="container-grid"
          >
            <div
              class="xs:px-6 px-4 md:px-8 "
            >
              <div
                class="flex items-center justify-between"
              >
                <a
                  class="neue-haas-grotesk-display text-primary hover:text-primary/80 text-2xl"
                  href="/"
                >
                  竊・Home
                </a>
                <div
                  class="text-foreground/60 text-sm"
                >
                  Development Mode Only
                </div>
              </div>
            </div>
          </div>
        </nav>
        <header
          class="px-4 py-12 text-center"
        >
          <h1
            class="neue-haas-grotesk-display text-primary mb-4 text-4xl md:text-6xl"
          >
            Admin Dashboard
          </h1>
          <p
            class="noto-sans-jp text-foreground/80 text-lg"
          >
            Content Management & Analytics
          </p>
          <div
            class="bg-primary mx-auto mt-6 h-1 w-24"
          />
        </header>
        <main
          class="pb-16"
        >
          <div
            class="container-grid"
          >
            <div
              class="xs:px-6 px-4 md:px-8 "
            >
              <section
                class="mb-12"
              >
                <h2
                  class="neue-haas-grotesk-display text-foreground mb-6 text-2xl"
                >
                  Overview
                </h2>
                <div
                  class="grid gap-4 xs:gap-6 md:gap-8 grid-cols-1 xs:grid-cols-2 md:grid-cols-4 xl:grid-cols-4 2xl:grid-cols-4 "
                >
                  <div
                    class="border-foreground/20 bg-gray/50 border p-6"
                  >
                    <div
                      class="mb-2 flex items-center justify-between"
                    >
                      <svg
                        aria-hidden="true"
                        class="lucide lucide-file-text text-primary"
                        fill="none"
                        height="24"
                        stroke="currentColor"
                        stroke-linecap="round"
                        stroke-linejoin="round"
                        stroke-width="2"
                        viewBox="0 0 24 24"
                        width="24"
                        xmlns="http://www.w3.org/2000/svg"
                      >
                        <path
                          d="M15 2H6a2 2 0 0 0-2 2v16a2 2 0 0 0 2 2h12a2 2 0 0 0 2-2V7Z"
                        />
                        <path
                          d="M14 2v4a2 2 0 0 0 2 2h4"
                        />
                        <path
                          d="M10 9H8"
                        />
                        <path
                          d="M16 13H8"
                        />
                        <path
                          d="M16 17H8"
                        />
                      </svg>
                      <span
                        class="text-foreground/50 text-xs"
                      >
                        CONTENT
                      </span>
                    </div>
                    <div
                      class="neue-haas-grotesk-display text-foreground text-2xl"
                    >
                      25
                    </div>
                    <div
                      class="text-foreground/70 text-sm"
                    >
                      Total Items
                    </div>
                  </div>
                  <div
                    class="border-foreground/20 bg-gray/50 border p-6"
                  >
                    <div
                      class="mb-2 flex items-center justify-between"
                    >
                      <svg
                        aria-hidden="true"
                        class="lucide lucide-activity text-primary"
                        fill="none"
                        height="24"
                        stroke="currentColor"
                        stroke-linecap="round"
                        stroke-linejoin="round"
                        stroke-width="2"
                        viewBox="0 0 24 24"
                        width="24"
                        xmlns="http://www.w3.org/2000/svg"
                      >
                        <path
                          d="M22 12h-2.48a2 2 0 0 0-1.93 1.46l-2.35 8.36a.25.25 0 0 1-.48 0L9.24 2.18a.25.25 0 0 0-.48 0l-2.35 8.36A2 2 0 0 1 4.49 12H2"
                        />
                      </svg>
                      <span
                        class="text-foreground/50 text-xs"
                      >
      ...
 笶ｯ Proxy.waitForWrapper node_modules/@testing-library/dom/dist/wait-for.js:163:27
 笶ｯ src/app/05_admin/page.test.tsx:52:11
     50|     render(<AdminPage />);
     51| 
     52|     await waitFor(() => {
       |           ^
     53|       expect(screen.getByText('Admin Dashboard')).toBeInTheDocument();
     54|       expect(screen.getByText('Content Management & Analytics')).toBeI窶ｦ

竡ｯ竡ｯ竡ｯ竡ｯ竡ｯ竡ｯ竡ｯ竡ｯ竡ｯ竡ｯ竡ｯ竡ｯ竡ｯ竡ｯ竡ｯ竡ｯ竡ｯ竡ｯ竡ｯ竡ｯ竡ｯ[68/201]竡ｯ

 FAIL  src/app/05_admin/page.test.tsx > Admin Page > should render navigation in development mode
TestingLibraryElementError: Unable to find role="link" and name "竊・Home"

Ignored nodes: comments, script, style
<body />

Ignored nodes: comments, script, style
<html>
  <head />
  <body>
    <div>
      <div
        class=" min-h-screen text-[var(--color-foreground)] bg-gray"
      >
        <nav
          class="border-foreground/20 border-b p-4"
        >
          <div
            class="container-grid"
          >
            <div
              class="xs:px-6 px-4 md:px-8 "
            >
              <div
                class="flex items-center justify-between"
              >
                <a
                  class="neue-haas-grotesk-display text-primary hover:text-primary/80 text-2xl"
                  href="/"
                >
                  竊・Home
                </a>
                <div
                  class="text-foreground/60 text-sm"
                >
                  Development Mode Only
                </div>
              </div>
            </div>
          </div>
        </nav>
        <header
          class="px-4 py-12 text-center"
        >
          <h1
            class="neue-haas-grotesk-display text-primary mb-4 text-4xl md:text-6xl"
          >
            Admin Dashboard
          </h1>
          <p
            class="noto-sans-jp text-foreground/80 text-lg"
          >
            Content Management & Analytics
          </p>
          <div
            class="bg-primary mx-auto mt-6 h-1 w-24"
          />
        </header>
        <main
          class="pb-16"
        >
          <div
            class="container-grid"
          >
            <div
              class="xs:px-6 px-4 md:px-8 "
            >
              <section
                class="mb-12"
              >
                <h2
                  class="neue-haas-grotesk-display text-foreground mb-6 text-2xl"
                >
                  Overview
                </h2>
                <div
                  class="grid gap-4 xs:gap-6 md:gap-8 grid-cols-1 xs:grid-cols-2 md:grid-cols-4 xl:grid-cols-4 2xl:grid-cols-4 "
                >
                  <div
                    class="border-foreground/20 bg-gray/50 border p-6"
                  >
                    <div
                      class="mb-2 flex items-center justify-between"
                    >
                      <svg
                        aria-hidden="true"
                        class="lucide lucide-file-text text-primary"
                        fill="none"
                        height="24"
                        stroke="currentColor"
                        stroke-linecap="round"
                        stroke-linejoin="round"
                        stroke-width="2"
                        viewBox="0 0 24 24"
                        width="24"
                        xmlns="http://www.w3.org/2000/svg"
                      >
                        <path
                          d="M15 2H6a2 2 0 0 0-2 2v16a2 2 0 0 0 2 2h12a2 2 0 0 0 2-2V7Z"
                        />
                        <path
                          d="M14 2v4a2 2 0 0 0 2 2h4"
                        />
                        <path
                          d="M10 9H8"
                        />
                        <path
                          d="M16 13H8"
                        />
                        <path
                          d="M16 17H8"
                        />
                      </svg>
                      <span
                        class="text-foreground/50 text-xs"
                      >
                        CONTENT
                      </span>
                    </div>
                    <div
                      class="neue-haas-grotesk-display text-foreground text-2xl"
                    >
                      25
                    </div>
                    <div
                      class="text-foreground/70 text-sm"
                    >
                      Total Items
                    </div>
                  </div>
                  <div
                    class="border-foreground/20 bg-gray/50 border p-6"
                  >
                    <div
                      class="mb-2 flex items-center justify-between"
                    >
                      <svg
                        aria-hidden="true"
                        class="lucide lucide-activity text-primary"
                        fill="none"
                        height="24"
                        stroke="currentColor"
                        stroke-linecap="round"
                        stroke-linejoin="round"
                        stroke-width="2"
                        viewBox="0 0 24 24"
                        width="24"
                        xmlns="http://www.w3.org/2000/svg"
                      >
                        <path
                          d="M22 12h-2.48a2 2 0 0 0-1.93 1.46l-2.35 8.36a.25.25 0 0 1-.48 0L9.24 2.18a.25.25 0 0 0-.48 0l-2.35 8.36A2 2 0 0 1 4.49 12H2"
                        />
                      </svg>
                      <span
                        class="text-foreground/50 text-xs"
                      >
      ...
 笶ｯ Proxy.waitForWrapper node_modules/@testing-library/dom/dist/wait-for.js:163:27
 笶ｯ src/app/05_admin/page.test.tsx:67:11
     65|     render(<AdminPage />);
     66| 
     67|     await waitFor(() => {
       |           ^
     68|       const homeLink = screen.getByRole('link', { name: '竊・Home' });
     69|       expect(homeLink).toBeInTheDocument();

竡ｯ竡ｯ竡ｯ竡ｯ竡ｯ竡ｯ竡ｯ竡ｯ竡ｯ竡ｯ竡ｯ竡ｯ竡ｯ竡ｯ竡ｯ竡ｯ竡ｯ竡ｯ竡ｯ竡ｯ竡ｯ[69/201]竡ｯ

 FAIL  src/app/05_admin/page.test.tsx > Admin Page > should render statistics overview
TestingLibraryElementError: Unable to find an element with the text: Overview. This could be because the text is broken up by multiple elements. In this case, you can provide a function for your text matcher to make your matcher more flexible.

Ignored nodes: comments, script, style
<body />

Ignored nodes: comments, script, style
<html>
  <head />
  <body>
    <div>
      <div
        class=" min-h-screen text-[var(--color-foreground)] bg-gray"
      >
        <nav
          class="border-foreground/20 border-b p-4"
        >
          <div
            class="container-grid"
          >
            <div
              class="xs:px-6 px-4 md:px-8 "
            >
              <div
                class="flex items-center justify-between"
              >
                <a
                  class="neue-haas-grotesk-display text-primary hover:text-primary/80 text-2xl"
                  href="/"
                >
                  竊・Home
                </a>
                <div
                  class="text-foreground/60 text-sm"
                >
                  Development Mode Only
                </div>
              </div>
            </div>
          </div>
        </nav>
        <header
          class="px-4 py-12 text-center"
        >
          <h1
            class="neue-haas-grotesk-display text-primary mb-4 text-4xl md:text-6xl"
          >
            Admin Dashboard
          </h1>
          <p
            class="noto-sans-jp text-foreground/80 text-lg"
          >
            Content Management & Analytics
          </p>
          <div
            class="bg-primary mx-auto mt-6 h-1 w-24"
          />
        </header>
        <main
          class="pb-16"
        >
          <div
            class="container-grid"
          >
            <div
              class="xs:px-6 px-4 md:px-8 "
            >
              <section
                class="mb-12"
              >
                <h2
                  class="neue-haas-grotesk-display text-foreground mb-6 text-2xl"
                >
                  Overview
                </h2>
                <div
                  class="grid gap-4 xs:gap-6 md:gap-8 grid-cols-1 xs:grid-cols-2 md:grid-cols-4 xl:grid-cols-4 2xl:grid-cols-4 "
                >
                  <div
                    class="border-foreground/20 bg-gray/50 border p-6"
                  >
                    <div
                      class="mb-2 flex items-center justify-between"
                    >
                      <svg
                        aria-hidden="true"
                        class="lucide lucide-file-text text-primary"
                        fill="none"
                        height="24"
                        stroke="currentColor"
                        stroke-linecap="round"
                        stroke-linejoin="round"
                        stroke-width="2"
                        viewBox="0 0 24 24"
                        width="24"
                        xmlns="http://www.w3.org/2000/svg"
                      >
                        <path
                          d="M15 2H6a2 2 0 0 0-2 2v16a2 2 0 0 0 2 2h12a2 2 0 0 0 2-2V7Z"
                        />
                        <path
                          d="M14 2v4a2 2 0 0 0 2 2h4"
                        />
                        <path
                          d="M10 9H8"
                        />
                        <path
                          d="M16 13H8"
                        />
                        <path
                          d="M16 17H8"
                        />
                      </svg>
                      <span
                        class="text-foreground/50 text-xs"
                      >
                        CONTENT
                      </span>
                    </div>
                    <div
                      class="neue-haas-grotesk-display text-foreground text-2xl"
                    >
                      25
                    </div>
                    <div
                      class="text-foreground/70 text-sm"
                    >
                      Total Items
                    </div>
                  </div>
                  <div
                    class="border-foreground/20 bg-gray/50 border p-6"
                  >
                    <div
                      class="mb-2 flex items-center justify-between"
                    >
                      <svg
                        aria-hidden="true"
                        class="lucide lucide-activity text-primary"
                        fill="none"
                        height="24"
                        stroke="currentColor"
                        stroke-linecap="round"
                        stroke-linejoin="round"
                        stroke-width="2"
                        viewBox="0 0 24 24"
                        width="24"
                        xmlns="http://www.w3.org/2000/svg"
                      >
                        <path
                          d="M22 12h-2.48a2 2 0 0 0-1.93 1.46l-2.35 8.36a.25.25 0 0 1-.48 0L9.24 2.18a.25.25 0 0 0-.48 0l-2.35 8.36A2 2 0 0 1 4.49 12H2"
                        />
                      </svg>
                      <span
                        class="text-foreground/50 text-xs"
                      >
      ...
 笶ｯ Proxy.waitForWrapper node_modules/@testing-library/dom/dist/wait-for.js:163:27
 笶ｯ src/app/05_admin/page.test.tsx:82:11
     80|     render(<AdminPage />);
     81| 
     82|     await waitFor(() => {
       |           ^
     83|       expect(screen.getByText('Overview')).toBeInTheDocument();
     84|       expect(screen.getByText('Total Items')).toBeInTheDocument();

竡ｯ竡ｯ竡ｯ竡ｯ竡ｯ竡ｯ竡ｯ竡ｯ竡ｯ竡ｯ竡ｯ竡ｯ竡ｯ竡ｯ竡ｯ竡ｯ竡ｯ竡ｯ竡ｯ竡ｯ竡ｯ[70/201]竡ｯ

 FAIL  src/app/05_admin/page.test.tsx > Admin Page > should render stats values
TestingLibraryElementError: Unable to find an element with the text: 25. This could be because the text is broken up by multiple elements. In this case, you can provide a function for your text matcher to make your matcher more flexible.

Ignored nodes: comments, script, style
<body />

Ignored nodes: comments, script, style
<html>
  <head />
  <body>
    <div>
      <div
        class=" min-h-screen text-[var(--color-foreground)] bg-gray"
      >
        <nav
          class="border-foreground/20 border-b p-4"
        >
          <div
            class="container-grid"
          >
            <div
              class="xs:px-6 px-4 md:px-8 "
            >
              <div
                class="flex items-center justify-between"
              >
                <a
                  class="neue-haas-grotesk-display text-primary hover:text-primary/80 text-2xl"
                  href="/"
                >
                  竊・Home
                </a>
                <div
                  class="text-foreground/60 text-sm"
                >
                  Development Mode Only
                </div>
              </div>
            </div>
          </div>
        </nav>
        <header
          class="px-4 py-12 text-center"
        >
          <h1
            class="neue-haas-grotesk-display text-primary mb-4 text-4xl md:text-6xl"
          >
            Admin Dashboard
          </h1>
          <p
            class="noto-sans-jp text-foreground/80 text-lg"
          >
            Content Management & Analytics
          </p>
          <div
            class="bg-primary mx-auto mt-6 h-1 w-24"
          />
        </header>
        <main
          class="pb-16"
        >
          <div
            class="container-grid"
          >
            <div
              class="xs:px-6 px-4 md:px-8 "
            >
              <section
                class="mb-12"
              >
                <h2
                  class="neue-haas-grotesk-display text-foreground mb-6 text-2xl"
                >
                  Overview
                </h2>
                <div
                  class="grid gap-4 xs:gap-6 md:gap-8 grid-cols-1 xs:grid-cols-2 md:grid-cols-4 xl:grid-cols-4 2xl:grid-cols-4 "
                >
                  <div
                    class="border-foreground/20 bg-gray/50 border p-6"
                  >
                    <div
                      class="mb-2 flex items-center justify-between"
                    >
                      <svg
                        aria-hidden="true"
                        class="lucide lucide-file-text text-primary"
                        fill="none"
                        height="24"
                        stroke="currentColor"
                        stroke-linecap="round"
                        stroke-linejoin="round"
                        stroke-width="2"
                        viewBox="0 0 24 24"
                        width="24"
                        xmlns="http://www.w3.org/2000/svg"
                      >
                        <path
                          d="M15 2H6a2 2 0 0 0-2 2v16a2 2 0 0 0 2 2h12a2 2 0 0 0 2-2V7Z"
                        />
                        <path
                          d="M14 2v4a2 2 0 0 0 2 2h4"
                        />
                        <path
                          d="M10 9H8"
                        />
                        <path
                          d="M16 13H8"
                        />
                        <path
                          d="M16 17H8"
                        />
                      </svg>
                      <span
                        class="text-foreground/50 text-xs"
                      >
                        CONTENT
                      </span>
                    </div>
                    <div
                      class="neue-haas-grotesk-display text-foreground text-2xl"
                    >
                      25
                    </div>
                    <div
                      class="text-foreground/70 text-sm"
                    >
                      Total Items
                    </div>
                  </div>
                  <div
                    class="border-foreground/20 bg-gray/50 border p-6"
                  >
                    <div
                      class="mb-2 flex items-center justify-between"
                    >
                      <svg
                        aria-hidden="true"
                        class="lucide lucide-activity text-primary"
                        fill="none"
                        height="24"
                        stroke="currentColor"
                        stroke-linecap="round"
                        stroke-linejoin="round"
                        stroke-width="2"
                        viewBox="0 0 24 24"
                        width="24"
                        xmlns="http://www.w3.org/2000/svg"
                      >
                        <path
                          d="M22 12h-2.48a2 2 0 0 0-1.93 1.46l-2.35 8.36a.25.25 0 0 1-.48 0L9.24 2.18a.25.25 0 0 0-.48 0l-2.35 8.36A2 2 0 0 1 4.49 12H2"
                        />
                      </svg>
                      <span
                        class="text-foreground/50 text-xs"
                      >
      ...
 笶ｯ Proxy.waitForWrapper node_modules/@testing-library/dom/dist/wait-for.js:163:27
 笶ｯ src/app/05_admin/page.test.tsx:99:11
     97|     render(<AdminPage />);
     98| 
     99|     await waitFor(() => {
       |           ^
    100|       expect(screen.getByText('25')).toBeInTheDocument(); // totalCont窶ｦ
    101|       expect(screen.getByText('12,543')).toBeInTheDocument(); // total窶ｦ

竡ｯ竡ｯ竡ｯ竡ｯ竡ｯ竡ｯ竡ｯ竡ｯ竡ｯ竡ｯ竡ｯ竡ｯ竡ｯ竡ｯ竡ｯ竡ｯ竡ｯ竡ｯ竡ｯ竡ｯ竡ｯ[71/201]竡ｯ

 FAIL  src/app/05_admin/page.test.tsx > Admin Page > should render management tools section
TestingLibraryElementError: Unable to find an element with the text: Management Tools. This could be because the text is broken up by multiple elements. In this case, you can provide a function for your text matcher to make your matcher more flexible.

Ignored nodes: comments, script, style
<body />

Ignored nodes: comments, script, style
<html>
  <head />
  <body>
    <div>
      <div
        class=" min-h-screen text-[var(--color-foreground)] bg-gray"
      >
        <nav
          class="border-foreground/20 border-b p-4"
        >
          <div
            class="container-grid"
          >
            <div
              class="xs:px-6 px-4 md:px-8 "
            >
              <div
                class="flex items-center justify-between"
              >
                <a
                  class="neue-haas-grotesk-display text-primary hover:text-primary/80 text-2xl"
                  href="/"
                >
                  竊・Home
                </a>
                <div
                  class="text-foreground/60 text-sm"
                >
                  Development Mode Only
                </div>
              </div>
            </div>
          </div>
        </nav>
        <header
          class="px-4 py-12 text-center"
        >
          <h1
            class="neue-haas-grotesk-display text-primary mb-4 text-4xl md:text-6xl"
          >
            Admin Dashboard
          </h1>
          <p
            class="noto-sans-jp text-foreground/80 text-lg"
          >
            Content Management & Analytics
          </p>
          <div
            class="bg-primary mx-auto mt-6 h-1 w-24"
          />
        </header>
        <main
          class="pb-16"
        >
          <div
            class="container-grid"
          >
            <div
              class="xs:px-6 px-4 md:px-8 "
            >
              <section
                class="mb-12"
              >
                <h2
                  class="neue-haas-grotesk-display text-foreground mb-6 text-2xl"
                >
                  Overview
                </h2>
                <div
                  class="grid gap-4 xs:gap-6 md:gap-8 grid-cols-1 xs:grid-cols-2 md:grid-cols-4 xl:grid-cols-4 2xl:grid-cols-4 "
                >
                  <div
                    class="border-foreground/20 bg-gray/50 border p-6"
                  >
                    <div
                      class="mb-2 flex items-center justify-between"
                    >
                      <svg
                        aria-hidden="true"
                        class="lucide lucide-file-text text-primary"
                        fill="none"
                        height="24"
                        stroke="currentColor"
                        stroke-linecap="round"
                        stroke-linejoin="round"
                        stroke-width="2"
                        viewBox="0 0 24 24"
                        width="24"
                        xmlns="http://www.w3.org/2000/svg"
                      >
                        <path
                          d="M15 2H6a2 2 0 0 0-2 2v16a2 2 0 0 0 2 2h12a2 2 0 0 0 2-2V7Z"
                        />
                        <path
                          d="M14 2v4a2 2 0 0 0 2 2h4"
                        />
                        <path
                          d="M10 9H8"
                        />
                        <path
                          d="M16 13H8"
                        />
                        <path
                          d="M16 17H8"
                        />
                      </svg>
                      <span
                        class="text-foreground/50 text-xs"
                      >
                        CONTENT
                      </span>
                    </div>
                    <div
                      class="neue-haas-grotesk-display text-foreground text-2xl"
                    >
                      25
                    </div>
                    <div
                      class="text-foreground/70 text-sm"
                    >
                      Total Items
                    </div>
                  </div>
                  <div
                    class="border-foreground/20 bg-gray/50 border p-6"
                  >
                    <div
                      class="mb-2 flex items-center justify-between"
                    >
                      <svg
                        aria-hidden="true"
                        class="lucide lucide-activity text-primary"
                        fill="none"
                        height="24"
                        stroke="currentColor"
                        stroke-linecap="round"
                        stroke-linejoin="round"
                        stroke-width="2"
                        viewBox="0 0 24 24"
                        width="24"
                        xmlns="http://www.w3.org/2000/svg"
                      >
                        <path
                          d="M22 12h-2.48a2 2 0 0 0-1.93 1.46l-2.35 8.36a.25.25 0 0 1-.48 0L9.24 2.18a.25.25 0 0 0-.48 0l-2.35 8.36A2 2 0 0 1 4.49 12H2"
                        />
                      </svg>
                      <span
                        class="text-foreground/50 text-xs"
                      >
      ...
 笶ｯ Proxy.waitForWrapper node_modules/@testing-library/dom/dist/wait-for.js:163:27
 笶ｯ src/app/05_admin/page.test.tsx:115:11
    113|     render(<AdminPage />);
    114| 
    115|     await waitFor(() => {
       |           ^
    116|       expect(screen.getByText('Management Tools')).toBeInTheDocument();
    117|       expect(screen.getByText('Content Manager')).toBeInTheDocument();

竡ｯ竡ｯ竡ｯ竡ｯ竡ｯ竡ｯ竡ｯ竡ｯ竡ｯ竡ｯ竡ｯ竡ｯ竡ｯ竡ｯ竡ｯ竡ｯ竡ｯ竡ｯ竡ｯ竡ｯ竡ｯ[72/201]竡ｯ

 FAIL  src/app/05_admin/page.test.tsx > Admin Page > should render management tool links
TestingLibraryElementError: Unable to find an element with the text: Content Manager. This could be because the text is broken up by multiple elements. In this case, you can provide a function for your text matcher to make your matcher more flexible.

Ignored nodes: comments, script, style
<body />

Ignored nodes: comments, script, style
<html>
  <head />
  <body>
    <div>
      <div
        class=" min-h-screen text-[var(--color-foreground)] bg-gray"
      >
        <nav
          class="border-foreground/20 border-b p-4"
        >
          <div
            class="container-grid"
          >
            <div
              class="xs:px-6 px-4 md:px-8 "
            >
              <div
                class="flex items-center justify-between"
              >
                <a
                  class="neue-haas-grotesk-display text-primary hover:text-primary/80 text-2xl"
                  href="/"
                >
                  竊・Home
                </a>
                <div
                  class="text-foreground/60 text-sm"
                >
                  Development Mode Only
                </div>
              </div>
            </div>
          </div>
        </nav>
        <header
          class="px-4 py-12 text-center"
        >
          <h1
            class="neue-haas-grotesk-display text-primary mb-4 text-4xl md:text-6xl"
          >
            Admin Dashboard
          </h1>
          <p
            class="noto-sans-jp text-foreground/80 text-lg"
          >
            Content Management & Analytics
          </p>
          <div
            class="bg-primary mx-auto mt-6 h-1 w-24"
          />
        </header>
        <main
          class="pb-16"
        >
          <div
            class="container-grid"
          >
            <div
              class="xs:px-6 px-4 md:px-8 "
            >
              <section
                class="mb-12"
              >
                <h2
                  class="neue-haas-grotesk-display text-foreground mb-6 text-2xl"
                >
                  Overview
                </h2>
                <div
                  class="grid gap-4 xs:gap-6 md:gap-8 grid-cols-1 xs:grid-cols-2 md:grid-cols-4 xl:grid-cols-4 2xl:grid-cols-4 "
                >
                  <div
                    class="border-foreground/20 bg-gray/50 border p-6"
                  >
                    <div
                      class="mb-2 flex items-center justify-between"
                    >
                      <svg
                        aria-hidden="true"
                        class="lucide lucide-file-text text-primary"
                        fill="none"
                        height="24"
                        stroke="currentColor"
                        stroke-linecap="round"
                        stroke-linejoin="round"
                        stroke-width="2"
                        viewBox="0 0 24 24"
                        width="24"
                        xmlns="http://www.w3.org/2000/svg"
                      >
                        <path
                          d="M15 2H6a2 2 0 0 0-2 2v16a2 2 0 0 0 2 2h12a2 2 0 0 0 2-2V7Z"
                        />
                        <path
                          d="M14 2v4a2 2 0 0 0 2 2h4"
                        />
                        <path
                          d="M10 9H8"
                        />
                        <path
                          d="M16 13H8"
                        />
                        <path
                          d="M16 17H8"
                        />
                      </svg>
                      <span
                        class="text-foreground/50 text-xs"
                      >
                        CONTENT
                      </span>
                    </div>
                    <div
                      class="neue-haas-grotesk-display text-foreground text-2xl"
                    >
                      25
                    </div>
                    <div
                      class="text-foreground/70 text-sm"
                    >
                      Total Items
                    </div>
                  </div>
                  <div
                    class="border-foreground/20 bg-gray/50 border p-6"
                  >
                    <div
                      class="mb-2 flex items-center justify-between"
                    >
                      <svg
                        aria-hidden="true"
                        class="lucide lucide-activity text-primary"
                        fill="none"
                        height="24"
                        stroke="currentColor"
                        stroke-linecap="round"
                        stroke-linejoin="round"
                        stroke-width="2"
                        viewBox="0 0 24 24"
                        width="24"
                        xmlns="http://www.w3.org/2000/svg"
                      >
                        <path
                          d="M22 12h-2.48a2 2 0 0 0-1.93 1.46l-2.35 8.36a.25.25 0 0 1-.48 0L9.24 2.18a.25.25 0 0 0-.48 0l-2.35 8.36A2 2 0 0 1 4.49 12H2"
                        />
                      </svg>
                      <span
                        class="text-foreground/50 text-xs"
                      >
      ...
 笶ｯ Proxy.waitForWrapper node_modules/@testing-library/dom/dist/wait-for.js:163:27
 笶ｯ src/app/05_admin/page.test.tsx:132:11
    130|     render(<AdminPage />);
    131| 
    132|     await waitFor(() => {
       |           ^
    133|       const contentManagerLink = screen.getByText('Content Manager').c窶ｦ
    134|       expect(contentManagerLink).toHaveAttribute('href', '/admin/conte窶ｦ

竡ｯ竡ｯ竡ｯ竡ｯ竡ｯ竡ｯ竡ｯ竡ｯ竡ｯ竡ｯ竡ｯ竡ｯ竡ｯ竡ｯ竡ｯ竡ｯ竡ｯ竡ｯ竡ｯ竡ｯ竡ｯ[73/201]竡ｯ

 FAIL  src/app/05_admin/page.test.tsx > Admin Page > should render tool descriptions
TestingLibraryElementError: Unable to find an element with the text: Create, edit, and manage portfolio items, tools, and blog posts. This could be because the text is broken up by multiple elements. In this case, you can provide a function for your text matcher to make your matcher more flexible.

Ignored nodes: comments, script, style
<body />

Ignored nodes: comments, script, style
<html>
  <head />
  <body>
    <div>
      <div
        class=" min-h-screen text-[var(--color-foreground)] bg-gray"
      >
        <nav
          class="border-foreground/20 border-b p-4"
        >
          <div
            class="container-grid"
          >
            <div
              class="xs:px-6 px-4 md:px-8 "
            >
              <div
                class="flex items-center justify-between"
              >
                <a
                  class="neue-haas-grotesk-display text-primary hover:text-primary/80 text-2xl"
                  href="/"
                >
                  竊・Home
                </a>
                <div
                  class="text-foreground/60 text-sm"
                >
                  Development Mode Only
                </div>
              </div>
            </div>
          </div>
        </nav>
        <header
          class="px-4 py-12 text-center"
        >
          <h1
            class="neue-haas-grotesk-display text-primary mb-4 text-4xl md:text-6xl"
          >
            Admin Dashboard
          </h1>
          <p
            class="noto-sans-jp text-foreground/80 text-lg"
          >
            Content Management & Analytics
          </p>
          <div
            class="bg-primary mx-auto mt-6 h-1 w-24"
          />
        </header>
        <main
          class="pb-16"
        >
          <div
            class="container-grid"
          >
            <div
              class="xs:px-6 px-4 md:px-8 "
            >
              <section
                class="mb-12"
              >
                <h2
                  class="neue-haas-grotesk-display text-foreground mb-6 text-2xl"
                >
                  Overview
                </h2>
                <div
                  class="grid gap-4 xs:gap-6 md:gap-8 grid-cols-1 xs:grid-cols-2 md:grid-cols-4 xl:grid-cols-4 2xl:grid-cols-4 "
                >
                  <div
                    class="border-foreground/20 bg-gray/50 border p-6"
                  >
                    <div
                      class="mb-2 flex items-center justify-between"
                    >
                      <svg
                        aria-hidden="true"
                        class="lucide lucide-file-text text-primary"
                        fill="none"
                        height="24"
                        stroke="currentColor"
                        stroke-linecap="round"
                        stroke-linejoin="round"
                        stroke-width="2"
                        viewBox="0 0 24 24"
                        width="24"
                        xmlns="http://www.w3.org/2000/svg"
                      >
                        <path
                          d="M15 2H6a2 2 0 0 0-2 2v16a2 2 0 0 0 2 2h12a2 2 0 0 0 2-2V7Z"
                        />
                        <path
                          d="M14 2v4a2 2 0 0 0 2 2h4"
                        />
                        <path
                          d="M10 9H8"
                        />
                        <path
                          d="M16 13H8"
                        />
                        <path
                          d="M16 17H8"
                        />
                      </svg>
                      <span
                        class="text-foreground/50 text-xs"
                      >
                        CONTENT
                      </span>
                    </div>
                    <div
                      class="neue-haas-grotesk-display text-foreground text-2xl"
                    >
                      25
                    </div>
                    <div
                      class="text-foreground/70 text-sm"
                    >
                      Total Items
                    </div>
                  </div>
                  <div
                    class="border-foreground/20 bg-gray/50 border p-6"
                  >
                    <div
                      class="mb-2 flex items-center justify-between"
                    >
                      <svg
                        aria-hidden="true"
                        class="lucide lucide-activity text-primary"
                        fill="none"
                        height="24"
                        stroke="currentColor"
                        stroke-linecap="round"
                        stroke-linejoin="round"
                        stroke-width="2"
                        viewBox="0 0 24 24"
                        width="24"
                        xmlns="http://www.w3.org/2000/svg"
                      >
                        <path
                          d="M22 12h-2.48a2 2 0 0 0-1.93 1.46l-2.35 8.36a.25.25 0 0 1-.48 0L9.24 2.18a.25.25 0 0 0-.48 0l-2.35 8.36A2 2 0 0 1 4.49 12H2"
                        />
                      </svg>
                      <span
                        class="text-foreground/50 text-xs"
                      >
      ...
 笶ｯ Proxy.waitForWrapper node_modules/@testing-library/dom/dist/wait-for.js:163:27
 笶ｯ src/app/05_admin/page.test.tsx:155:11
    153|     render(<AdminPage />);
    154| 
    155|     await waitFor(() => {
       |           ^
    156|       expect(
    157|         screen.getByText('Create, edit, and manage portfolio items, to窶ｦ

竡ｯ竡ｯ竡ｯ竡ｯ竡ｯ竡ｯ竡ｯ竡ｯ竡ｯ竡ｯ竡ｯ竡ｯ竡ｯ竡ｯ竡ｯ竡ｯ竡ｯ竡ｯ竡ｯ竡ｯ竡ｯ[74/201]竡ｯ

 FAIL  src/app/05_admin/page.test.tsx > Admin Page > should render main content structure
TestingLibraryElementError: Unable to find role="main"

Ignored nodes: comments, script, style
<body />

Ignored nodes: comments, script, style
<html>
  <head />
  <body>
    <div>
      <div
        class=" min-h-screen text-[var(--color-foreground)] bg-gray"
      >
        <nav
          class="border-foreground/20 border-b p-4"
        >
          <div
            class="container-grid"
          >
            <div
              class="xs:px-6 px-4 md:px-8 "
            >
              <div
                class="flex items-center justify-between"
              >
                <a
                  class="neue-haas-grotesk-display text-primary hover:text-primary/80 text-2xl"
                  href="/"
                >
                  竊・Home
                </a>
                <div
                  class="text-foreground/60 text-sm"
                >
                  Development Mode Only
                </div>
              </div>
            </div>
          </div>
        </nav>
        <header
          class="px-4 py-12 text-center"
        >
          <h1
            class="neue-haas-grotesk-display text-primary mb-4 text-4xl md:text-6xl"
          >
            Admin Dashboard
          </h1>
          <p
            class="noto-sans-jp text-foreground/80 text-lg"
          >
            Content Management & Analytics
          </p>
          <div
            class="bg-primary mx-auto mt-6 h-1 w-24"
          />
        </header>
        <main
          class="pb-16"
        >
          <div
            class="container-grid"
          >
            <div
              class="xs:px-6 px-4 md:px-8 "
            >
              <section
                class="mb-12"
              >
                <h2
                  class="neue-haas-grotesk-display text-foreground mb-6 text-2xl"
                >
                  Overview
                </h2>
                <div
                  class="grid gap-4 xs:gap-6 md:gap-8 grid-cols-1 xs:grid-cols-2 md:grid-cols-4 xl:grid-cols-4 2xl:grid-cols-4 "
                >
                  <div
                    class="border-foreground/20 bg-gray/50 border p-6"
                  >
                    <div
                      class="mb-2 flex items-center justify-between"
                    >
                      <svg
                        aria-hidden="true"
                        class="lucide lucide-file-text text-primary"
                        fill="none"
                        height="24"
                        stroke="currentColor"
                        stroke-linecap="round"
                        stroke-linejoin="round"
                        stroke-width="2"
                        viewBox="0 0 24 24"
                        width="24"
                        xmlns="http://www.w3.org/2000/svg"
                      >
                        <path
                          d="M15 2H6a2 2 0 0 0-2 2v16a2 2 0 0 0 2 2h12a2 2 0 0 0 2-2V7Z"
                        />
                        <path
                          d="M14 2v4a2 2 0 0 0 2 2h4"
                        />
                        <path
                          d="M10 9H8"
                        />
                        <path
                          d="M16 13H8"
                        />
                        <path
                          d="M16 17H8"
                        />
                      </svg>
                      <span
                        class="text-foreground/50 text-xs"
                      >
                        CONTENT
                      </span>
                    </div>
                    <div
                      class="neue-haas-grotesk-display text-foreground text-2xl"
                    >
                      25
                    </div>
                    <div
                      class="text-foreground/70 text-sm"
                    >
                      Total Items
                    </div>
                  </div>
                  <div
                    class="border-foreground/20 bg-gray/50 border p-6"
                  >
                    <div
                      class="mb-2 flex items-center justify-between"
                    >
                      <svg
                        aria-hidden="true"
                        class="lucide lucide-activity text-primary"
                        fill="none"
                        height="24"
                        stroke="currentColor"
                        stroke-linecap="round"
                        stroke-linejoin="round"
                        stroke-width="2"
                        viewBox="0 0 24 24"
                        width="24"
                        xmlns="http://www.w3.org/2000/svg"
                      >
                        <path
                          d="M22 12h-2.48a2 2 0 0 0-1.93 1.46l-2.35 8.36a.25.25 0 0 1-.48 0L9.24 2.18a.25.25 0 0 0-.48 0l-2.35 8.36A2 2 0 0 1 4.49 12H2"
                        />
                      </svg>
                      <span
                        class="text-foreground/50 text-xs"
                      >
      ...
 笶ｯ Proxy.waitForWrapper node_modules/@testing-library/dom/dist/wait-for.js:163:27
 笶ｯ src/app/05_admin/page.test.tsx:176:11
    174|     render(<AdminPage />);
    175| 
    176|     await waitFor(() => {
       |           ^
    177|       const mainElement = screen.getByRole('main');
    178|       expect(mainElement).toBeInTheDocument();

竡ｯ竡ｯ竡ｯ竡ｯ竡ｯ竡ｯ竡ｯ竡ｯ竡ｯ竡ｯ竡ｯ竡ｯ竡ｯ竡ｯ竡ｯ竡ｯ竡ｯ竡ｯ竡ｯ竡ｯ竡ｯ[75/201]竡ｯ

 FAIL  src/app/05_admin/page.test.tsx > Admin Page > should render stats labels
TestingLibraryElementError: Unable to find an element with the text: CONTENT. This could be because the text is broken up by multiple elements. In this case, you can provide a function for your text matcher to make your matcher more flexible.

Ignored nodes: comments, script, style
<body />

Ignored nodes: comments, script, style
<html>
  <head />
  <body>
    <div>
      <div
        class=" min-h-screen text-[var(--color-foreground)] bg-gray"
      >
        <nav
          class="border-foreground/20 border-b p-4"
        >
          <div
            class="container-grid"
          >
            <div
              class="xs:px-6 px-4 md:px-8 "
            >
              <div
                class="flex items-center justify-between"
              >
                <a
                  class="neue-haas-grotesk-display text-primary hover:text-primary/80 text-2xl"
                  href="/"
                >
                  竊・Home
                </a>
                <div
                  class="text-foreground/60 text-sm"
                >
                  Development Mode Only
                </div>
              </div>
            </div>
          </div>
        </nav>
        <header
          class="px-4 py-12 text-center"
        >
          <h1
            class="neue-haas-grotesk-display text-primary mb-4 text-4xl md:text-6xl"
          >
            Admin Dashboard
          </h1>
          <p
            class="noto-sans-jp text-foreground/80 text-lg"
          >
            Content Management & Analytics
          </p>
          <div
            class="bg-primary mx-auto mt-6 h-1 w-24"
          />
        </header>
        <main
          class="pb-16"
        >
          <div
            class="container-grid"
          >
            <div
              class="xs:px-6 px-4 md:px-8 "
            >
              <section
                class="mb-12"
              >
                <h2
                  class="neue-haas-grotesk-display text-foreground mb-6 text-2xl"
                >
                  Overview
                </h2>
                <div
                  class="grid gap-4 xs:gap-6 md:gap-8 grid-cols-1 xs:grid-cols-2 md:grid-cols-4 xl:grid-cols-4 2xl:grid-cols-4 "
                >
                  <div
                    class="border-foreground/20 bg-gray/50 border p-6"
                  >
                    <div
                      class="mb-2 flex items-center justify-between"
                    >
                      <svg
                        aria-hidden="true"
                        class="lucide lucide-file-text text-primary"
                        fill="none"
                        height="24"
                        stroke="currentColor"
                        stroke-linecap="round"
                        stroke-linejoin="round"
                        stroke-width="2"
                        viewBox="0 0 24 24"
                        width="24"
                        xmlns="http://www.w3.org/2000/svg"
                      >
                        <path
                          d="M15 2H6a2 2 0 0 0-2 2v16a2 2 0 0 0 2 2h12a2 2 0 0 0 2-2V7Z"
                        />
                        <path
                          d="M14 2v4a2 2 0 0 0 2 2h4"
                        />
                        <path
                          d="M10 9H8"
                        />
                        <path
                          d="M16 13H8"
                        />
                        <path
                          d="M16 17H8"
                        />
                      </svg>
                      <span
                        class="text-foreground/50 text-xs"
                      >
                        CONTENT
                      </span>
                    </div>
                    <div
                      class="neue-haas-grotesk-display text-foreground text-2xl"
                    >
                      25
                    </div>
                    <div
                      class="text-foreground/70 text-sm"
                    >
                      Total Items
                    </div>
                  </div>
                  <div
                    class="border-foreground/20 bg-gray/50 border p-6"
                  >
                    <div
                      class="mb-2 flex items-center justify-between"
                    >
                      <svg
                        aria-hidden="true"
                        class="lucide lucide-activity text-primary"
                        fill="none"
                        height="24"
                        stroke="currentColor"
                        stroke-linecap="round"
                        stroke-linejoin="round"
                        stroke-width="2"
                        viewBox="0 0 24 24"
                        width="24"
                        xmlns="http://www.w3.org/2000/svg"
                      >
                        <path
                          d="M22 12h-2.48a2 2 0 0 0-1.93 1.46l-2.35 8.36a.25.25 0 0 1-.48 0L9.24 2.18a.25.25 0 0 0-.48 0l-2.35 8.36A2 2 0 0 1 4.49 12H2"
                        />
                      </svg>
                      <span
                        class="text-foreground/50 text-xs"
                      >
      ...
 笶ｯ Proxy.waitForWrapper node_modules/@testing-library/dom/dist/wait-for.js:163:27
 笶ｯ src/app/05_admin/page.test.tsx:196:11
    194|     render(<AdminPage />);
    195| 
    196|     await waitFor(() => {
       |           ^
    197|       expect(screen.getByText('CONTENT')).toBeInTheDocument();
    198|       expect(screen.getByText('VIEWS')).toBeInTheDocument();

竡ｯ竡ｯ竡ｯ竡ｯ竡ｯ竡ｯ竡ｯ竡ｯ竡ｯ竡ｯ竡ｯ竡ｯ竡ｯ竡ｯ竡ｯ竡ｯ竡ｯ竡ｯ竡ｯ竡ｯ竡ｯ[76/201]竡ｯ

 FAIL  src/app/05_admin/page.test.tsx > Admin Page > should render additional management tools
TestingLibraryElementError: Unable to find an element with the text: Performance Monitor. This could be because the text is broken up by multiple elements. In this case, you can provide a function for your text matcher to make your matcher more flexible.

Ignored nodes: comments, script, style
<body />

Ignored nodes: comments, script, style
<html>
  <head />
  <body>
    <div>
      <div
        class=" min-h-screen text-[var(--color-foreground)] bg-gray"
      >
        <nav
          class="border-foreground/20 border-b p-4"
        >
          <div
            class="container-grid"
          >
            <div
              class="xs:px-6 px-4 md:px-8 "
            >
              <div
                class="flex items-center justify-between"
              >
                <a
                  class="neue-haas-grotesk-display text-primary hover:text-primary/80 text-2xl"
                  href="/"
                >
                  竊・Home
                </a>
                <div
                  class="text-foreground/60 text-sm"
                >
                  Development Mode Only
                </div>
              </div>
            </div>
          </div>
        </nav>
        <header
          class="px-4 py-12 text-center"
        >
          <h1
            class="neue-haas-grotesk-display text-primary mb-4 text-4xl md:text-6xl"
          >
            Admin Dashboard
          </h1>
          <p
            class="noto-sans-jp text-foreground/80 text-lg"
          >
            Content Management & Analytics
          </p>
          <div
            class="bg-primary mx-auto mt-6 h-1 w-24"
          />
        </header>
        <main
          class="pb-16"
        >
          <div
            class="container-grid"
          >
            <div
              class="xs:px-6 px-4 md:px-8 "
            >
              <section
                class="mb-12"
              >
                <h2
                  class="neue-haas-grotesk-display text-foreground mb-6 text-2xl"
                >
                  Overview
                </h2>
                <div
                  class="grid gap-4 xs:gap-6 md:gap-8 grid-cols-1 xs:grid-cols-2 md:grid-cols-4 xl:grid-cols-4 2xl:grid-cols-4 "
                >
                  <div
                    class="border-foreground/20 bg-gray/50 border p-6"
                  >
                    <div
                      class="mb-2 flex items-center justify-between"
                    >
                      <svg
                        aria-hidden="true"
                        class="lucide lucide-file-text text-primary"
                        fill="none"
                        height="24"
                        stroke="currentColor"
                        stroke-linecap="round"
                        stroke-linejoin="round"
                        stroke-width="2"
                        viewBox="0 0 24 24"
                        width="24"
                        xmlns="http://www.w3.org/2000/svg"
                      >
                        <path
                          d="M15 2H6a2 2 0 0 0-2 2v16a2 2 0 0 0 2 2h12a2 2 0 0 0 2-2V7Z"
                        />
                        <path
                          d="M14 2v4a2 2 0 0 0 2 2h4"
                        />
                        <path
                          d="M10 9H8"
                        />
                        <path
                          d="M16 13H8"
                        />
                        <path
                          d="M16 17H8"
                        />
                      </svg>
                      <span
                        class="text-foreground/50 text-xs"
                      >
                        CONTENT
                      </span>
                    </div>
                    <div
                      class="neue-haas-grotesk-display text-foreground text-2xl"
                    >
                      25
                    </div>
                    <div
                      class="text-foreground/70 text-sm"
                    >
                      Total Items
                    </div>
                  </div>
                  <div
                    class="border-foreground/20 bg-gray/50 border p-6"
                  >
                    <div
                      class="mb-2 flex items-center justify-between"
                    >
                      <svg
                        aria-hidden="true"
                        class="lucide lucide-activity text-primary"
                        fill="none"
                        height="24"
                        stroke="currentColor"
                        stroke-linecap="round"
                        stroke-linejoin="round"
                        stroke-width="2"
                        viewBox="0 0 24 24"
                        width="24"
                        xmlns="http://www.w3.org/2000/svg"
                      >
                        <path
                          d="M22 12h-2.48a2 2 0 0 0-1.93 1.46l-2.35 8.36a.25.25 0 0 1-.48 0L9.24 2.18a.25.25 0 0 0-.48 0l-2.35 8.36A2 2 0 0 1 4.49 12H2"
                        />
                      </svg>
                      <span
                        class="text-foreground/50 text-xs"
                      >
      ...
 笶ｯ Proxy.waitForWrapper node_modules/@testing-library/dom/dist/wait-for.js:163:27
 笶ｯ src/app/05_admin/page.test.tsx:212:11
    210|     render(<AdminPage />);
    211| 
    212|     await waitFor(() => {
       |           ^
    213|       expect(screen.getByText('Performance Monitor')).toBeInTheDocumen窶ｦ
    214|       expect(screen.getByText('Security')).toBeInTheDocument();

竡ｯ竡ｯ竡ｯ竡ｯ竡ｯ竡ｯ竡ｯ竡ｯ竡ｯ竡ｯ竡ｯ竡ｯ竡ｯ竡ｯ竡ｯ竡ｯ竡ｯ竡ｯ竡ｯ竡ｯ竡ｯ[77/201]竡ｯ

 FAIL  src/app/05_admin/page.test.tsx > Admin Page > should render additional management tool links
TestingLibraryElementError: Unable to find an element with the text: Performance Monitor. This could be because the text is broken up by multiple elements. In this case, you can provide a function for your text matcher to make your matcher more flexible.

Ignored nodes: comments, script, style
<body />

Ignored nodes: comments, script, style
<html>
  <head />
  <body>
    <div>
      <div
        class=" min-h-screen text-[var(--color-foreground)] bg-gray"
      >
        <nav
          class="border-foreground/20 border-b p-4"
        >
          <div
            class="container-grid"
          >
            <div
              class="xs:px-6 px-4 md:px-8 "
            >
              <div
                class="flex items-center justify-between"
              >
                <a
                  class="neue-haas-grotesk-display text-primary hover:text-primary/80 text-2xl"
                  href="/"
                >
                  竊・Home
                </a>
                <div
                  class="text-foreground/60 text-sm"
                >
                  Development Mode Only
                </div>
              </div>
            </div>
          </div>
        </nav>
        <header
          class="px-4 py-12 text-center"
        >
          <h1
            class="neue-haas-grotesk-display text-primary mb-4 text-4xl md:text-6xl"
          >
            Admin Dashboard
          </h1>
          <p
            class="noto-sans-jp text-foreground/80 text-lg"
          >
            Content Management & Analytics
          </p>
          <div
            class="bg-primary mx-auto mt-6 h-1 w-24"
          />
        </header>
        <main
          class="pb-16"
        >
          <div
            class="container-grid"
          >
            <div
              class="xs:px-6 px-4 md:px-8 "
            >
              <section
                class="mb-12"
              >
                <h2
                  class="neue-haas-grotesk-display text-foreground mb-6 text-2xl"
                >
                  Overview
                </h2>
                <div
                  class="grid gap-4 xs:gap-6 md:gap-8 grid-cols-1 xs:grid-cols-2 md:grid-cols-4 xl:grid-cols-4 2xl:grid-cols-4 "
                >
                  <div
                    class="border-foreground/20 bg-gray/50 border p-6"
                  >
                    <div
                      class="mb-2 flex items-center justify-between"
                    >
                      <svg
                        aria-hidden="true"
                        class="lucide lucide-file-text text-primary"
                        fill="none"
                        height="24"
                        stroke="currentColor"
                        stroke-linecap="round"
                        stroke-linejoin="round"
                        stroke-width="2"
                        viewBox="0 0 24 24"
                        width="24"
                        xmlns="http://www.w3.org/2000/svg"
                      >
                        <path
                          d="M15 2H6a2 2 0 0 0-2 2v16a2 2 0 0 0 2 2h12a2 2 0 0 0 2-2V7Z"
                        />
                        <path
                          d="M14 2v4a2 2 0 0 0 2 2h4"
                        />
                        <path
                          d="M10 9H8"
                        />
                        <path
                          d="M16 13H8"
                        />
                        <path
                          d="M16 17H8"
                        />
                      </svg>
                      <span
                        class="text-foreground/50 text-xs"
                      >
                        CONTENT
                      </span>
                    </div>
                    <div
                      class="neue-haas-grotesk-display text-foreground text-2xl"
                    >
                      25
                    </div>
                    <div
                      class="text-foreground/70 text-sm"
                    >
                      Total Items
                    </div>
                  </div>
                  <div
                    class="border-foreground/20 bg-gray/50 border p-6"
                  >
                    <div
                      class="mb-2 flex items-center justify-between"
                    >
                      <svg
                        aria-hidden="true"
                        class="lucide lucide-activity text-primary"
                        fill="none"
                        height="24"
                        stroke="currentColor"
                        stroke-linecap="round"
                        stroke-linejoin="round"
                        stroke-width="2"
                        viewBox="0 0 24 24"
                        width="24"
                        xmlns="http://www.w3.org/2000/svg"
                      >
                        <path
                          d="M22 12h-2.48a2 2 0 0 0-1.93 1.46l-2.35 8.36a.25.25 0 0 1-.48 0L9.24 2.18a.25.25 0 0 0-.48 0l-2.35 8.36A2 2 0 0 1 4.49 12H2"
                        />
                      </svg>
                      <span
                        class="text-foreground/50 text-xs"
                      >
      ...
 笶ｯ Proxy.waitForWrapper node_modules/@testing-library/dom/dist/wait-for.js:163:27
 笶ｯ src/app/05_admin/page.test.tsx:226:11
    224|     render(<AdminPage />);
    225| 
    226|     await waitFor(() => {
       |           ^
    227|       const performanceLink = screen.getByText('Performance Monitor').窶ｦ
    228|       expect(performanceLink).toHaveAttribute('href', '/admin/performa窶ｦ

竡ｯ竡ｯ竡ｯ竡ｯ竡ｯ竡ｯ竡ｯ竡ｯ竡ｯ竡ｯ竡ｯ竡ｯ竡ｯ竡ｯ竡ｯ竡ｯ竡ｯ竡ｯ竡ｯ竡ｯ竡ｯ[78/201]竡ｯ

 FAIL  src/app/05_admin/page.test.tsx > Admin Page > should render additional tool descriptions
TestingLibraryElementError: Unable to find an element with the text: Configure site settings, SEO, and integrations. This could be because the text is broken up by multiple elements. In this case, you can provide a function for your text matcher to make your matcher more flexible.

Ignored nodes: comments, script, style
<body />

Ignored nodes: comments, script, style
<html>
  <head />
  <body>
    <div>
      <div
        class=" min-h-screen text-[var(--color-foreground)] bg-gray"
      >
        <nav
          class="border-foreground/20 border-b p-4"
        >
          <div
            class="container-grid"
          >
            <div
              class="xs:px-6 px-4 md:px-8 "
            >
              <div
                class="flex items-center justify-between"
              >
                <a
                  class="neue-haas-grotesk-display text-primary hover:text-primary/80 text-2xl"
                  href="/"
                >
                  竊・Home
                </a>
                <div
                  class="text-foreground/60 text-sm"
                >
                  Development Mode Only
                </div>
              </div>
            </div>
          </div>
        </nav>
        <header
          class="px-4 py-12 text-center"
        >
          <h1
            class="neue-haas-grotesk-display text-primary mb-4 text-4xl md:text-6xl"
          >
            Admin Dashboard
          </h1>
          <p
            class="noto-sans-jp text-foreground/80 text-lg"
          >
            Content Management & Analytics
          </p>
          <div
            class="bg-primary mx-auto mt-6 h-1 w-24"
          />
        </header>
        <main
          class="pb-16"
        >
          <div
            class="container-grid"
          >
            <div
              class="xs:px-6 px-4 md:px-8 "
            >
              <section
                class="mb-12"
              >
                <h2
                  class="neue-haas-grotesk-display text-foreground mb-6 text-2xl"
                >
                  Overview
                </h2>
                <div
                  class="grid gap-4 xs:gap-6 md:gap-8 grid-cols-1 xs:grid-cols-2 md:grid-cols-4 xl:grid-cols-4 2xl:grid-cols-4 "
                >
                  <div
                    class="border-foreground/20 bg-gray/50 border p-6"
                  >
                    <div
                      class="mb-2 flex items-center justify-between"
                    >
                      <svg
                        aria-hidden="true"
                        class="lucide lucide-file-text text-primary"
                        fill="none"
                        height="24"
                        stroke="currentColor"
                        stroke-linecap="round"
                        stroke-linejoin="round"
                        stroke-width="2"
                        viewBox="0 0 24 24"
                        width="24"
                        xmlns="http://www.w3.org/2000/svg"
                      >
                        <path
                          d="M15 2H6a2 2 0 0 0-2 2v16a2 2 0 0 0 2 2h12a2 2 0 0 0 2-2V7Z"
                        />
                        <path
                          d="M14 2v4a2 2 0 0 0 2 2h4"
                        />
                        <path
                          d="M10 9H8"
                        />
                        <path
                          d="M16 13H8"
                        />
                        <path
                          d="M16 17H8"
                        />
                      </svg>
                      <span
                        class="text-foreground/50 text-xs"
                      >
                        CONTENT
                      </span>
                    </div>
                    <div
                      class="neue-haas-grotesk-display text-foreground text-2xl"
                    >
                      25
                    </div>
                    <div
                      class="text-foreground/70 text-sm"
                    >
                      Total Items
                    </div>
                  </div>
                  <div
                    class="border-foreground/20 bg-gray/50 border p-6"
                  >
                    <div
                      class="mb-2 flex items-center justify-between"
                    >
                      <svg
                        aria-hidden="true"
                        class="lucide lucide-activity text-primary"
                        fill="none"
                        height="24"
                        stroke="currentColor"
                        stroke-linecap="round"
                        stroke-linejoin="round"
                        stroke-width="2"
                        viewBox="0 0 24 24"
                        width="24"
                        xmlns="http://www.w3.org/2000/svg"
                      >
                        <path
                          d="M22 12h-2.48a2 2 0 0 0-1.93 1.46l-2.35 8.36a.25.25 0 0 1-.48 0L9.24 2.18a.25.25 0 0 0-.48 0l-2.35 8.36A2 2 0 0 1 4.49 12H2"
                        />
                      </svg>
                      <span
                        class="text-foreground/50 text-xs"
                      >
      ...
 笶ｯ Proxy.waitForWrapper node_modules/@testing-library/dom/dist/wait-for.js:163:27
 笶ｯ src/app/05_admin/page.test.tsx:243:11
    241|     render(<AdminPage />);
    242| 
    243|     await waitFor(() => {
       |           ^
    244|       expect(
    245|         screen.getByText('Configure site settings, SEO, and integratio窶ｦ

竡ｯ竡ｯ竡ｯ竡ｯ竡ｯ竡ｯ竡ｯ竡ｯ竡ｯ竡ｯ竡ｯ竡ｯ竡ｯ竡ｯ竡ｯ竡ｯ竡ｯ竡ｯ竡ｯ竡ｯ竡ｯ[79/201]竡ｯ

 FAIL  src/app/05_admin/page.test.tsx > Admin Page > should render Quick Actions section
TestingLibraryElementError: Unable to find an element with the text: Quick Actions. This could be because the text is broken up by multiple elements. In this case, you can provide a function for your text matcher to make your matcher more flexible.

Ignored nodes: comments, script, style
<body />

Ignored nodes: comments, script, style
<html>
  <head />
  <body>
    <div>
      <div
        class=" min-h-screen text-[var(--color-foreground)] bg-gray"
      >
        <nav
          class="border-foreground/20 border-b p-4"
        >
          <div
            class="container-grid"
          >
            <div
              class="xs:px-6 px-4 md:px-8 "
            >
              <div
                class="flex items-center justify-between"
              >
                <a
                  class="neue-haas-grotesk-display text-primary hover:text-primary/80 text-2xl"
                  href="/"
                >
                  竊・Home
                </a>
                <div
                  class="text-foreground/60 text-sm"
                >
                  Development Mode Only
                </div>
              </div>
            </div>
          </div>
        </nav>
        <header
          class="px-4 py-12 text-center"
        >
          <h1
            class="neue-haas-grotesk-display text-primary mb-4 text-4xl md:text-6xl"
          >
            Admin Dashboard
          </h1>
          <p
            class="noto-sans-jp text-foreground/80 text-lg"
          >
            Content Management & Analytics
          </p>
          <div
            class="bg-primary mx-auto mt-6 h-1 w-24"
          />
        </header>
        <main
          class="pb-16"
        >
          <div
            class="container-grid"
          >
            <div
              class="xs:px-6 px-4 md:px-8 "
            >
              <section
                class="mb-12"
              >
                <h2
                  class="neue-haas-grotesk-display text-foreground mb-6 text-2xl"
                >
                  Overview
                </h2>
                <div
                  class="grid gap-4 xs:gap-6 md:gap-8 grid-cols-1 xs:grid-cols-2 md:grid-cols-4 xl:grid-cols-4 2xl:grid-cols-4 "
                >
                  <div
                    class="border-foreground/20 bg-gray/50 border p-6"
                  >
                    <div
                      class="mb-2 flex items-center justify-between"
                    >
                      <svg
                        aria-hidden="true"
                        class="lucide lucide-file-text text-primary"
                        fill="none"
                        height="24"
                        stroke="currentColor"
                        stroke-linecap="round"
                        stroke-linejoin="round"
                        stroke-width="2"
                        viewBox="0 0 24 24"
                        width="24"
                        xmlns="http://www.w3.org/2000/svg"
                      >
                        <path
                          d="M15 2H6a2 2 0 0 0-2 2v16a2 2 0 0 0 2 2h12a2 2 0 0 0 2-2V7Z"
                        />
                        <path
                          d="M14 2v4a2 2 0 0 0 2 2h4"
                        />
                        <path
                          d="M10 9H8"
                        />
                        <path
                          d="M16 13H8"
                        />
                        <path
                          d="M16 17H8"
                        />
                      </svg>
                      <span
                        class="text-foreground/50 text-xs"
                      >
                        CONTENT
                      </span>
                    </div>
                    <div
                      class="neue-haas-grotesk-display text-foreground text-2xl"
                    >
                      25
                    </div>
                    <div
                      class="text-foreground/70 text-sm"
                    >
                      Total Items
                    </div>
                  </div>
                  <div
                    class="border-foreground/20 bg-gray/50 border p-6"
                  >
                    <div
                      class="mb-2 flex items-center justify-between"
                    >
                      <svg
                        aria-hidden="true"
                        class="lucide lucide-activity text-primary"
                        fill="none"
                        height="24"
                        stroke="currentColor"
                        stroke-linecap="round"
                        stroke-linejoin="round"
                        stroke-width="2"
                        viewBox="0 0 24 24"
                        width="24"
                        xmlns="http://www.w3.org/2000/svg"
                      >
                        <path
                          d="M22 12h-2.48a2 2 0 0 0-1.93 1.46l-2.35 8.36a.25.25 0 0 1-.48 0L9.24 2.18a.25.25 0 0 0-.48 0l-2.35 8.36A2 2 0 0 1 4.49 12H2"
                        />
                      </svg>
                      <span
                        class="text-foreground/50 text-xs"
                      >
      ...
 笶ｯ Proxy.waitForWrapper node_modules/@testing-library/dom/dist/wait-for.js:163:27
 笶ｯ src/app/05_admin/page.test.tsx:264:11
    262|     render(<AdminPage />);
    263| 
    264|     await waitFor(() => {
       |           ^
    265|       expect(screen.getByText('Quick Actions')).toBeInTheDocument();
    266|       expect(screen.getByText('Recent Activity')).toBeInTheDocument();

竡ｯ竡ｯ竡ｯ竡ｯ竡ｯ竡ｯ竡ｯ竡ｯ竡ｯ竡ｯ竡ｯ竡ｯ竡ｯ竡ｯ竡ｯ竡ｯ竡ｯ竡ｯ竡ｯ竡ｯ竡ｯ[80/201]竡ｯ

 FAIL  src/app/05_admin/page.test.tsx > Admin Page > should render Recent Activity items
TestingLibraryElementError: Unable to find an element with the text: New portfolio item added. This could be because the text is broken up by multiple elements. In this case, you can provide a function for your text matcher to make your matcher more flexible.

Ignored nodes: comments, script, style
<body />

Ignored nodes: comments, script, style
<html>
  <head />
  <body>
    <div>
      <div
        class=" min-h-screen text-[var(--color-foreground)] bg-gray"
      >
        <nav
          class="border-foreground/20 border-b p-4"
        >
          <div
            class="container-grid"
          >
            <div
              class="xs:px-6 px-4 md:px-8 "
            >
              <div
                class="flex items-center justify-between"
              >
                <a
                  class="neue-haas-grotesk-display text-primary hover:text-primary/80 text-2xl"
                  href="/"
                >
                  竊・Home
                </a>
                <div
                  class="text-foreground/60 text-sm"
                >
                  Development Mode Only
                </div>
              </div>
            </div>
          </div>
        </nav>
        <header
          class="px-4 py-12 text-center"
        >
          <h1
            class="neue-haas-grotesk-display text-primary mb-4 text-4xl md:text-6xl"
          >
            Admin Dashboard
          </h1>
          <p
            class="noto-sans-jp text-foreground/80 text-lg"
          >
            Content Management & Analytics
          </p>
          <div
            class="bg-primary mx-auto mt-6 h-1 w-24"
          />
        </header>
        <main
          class="pb-16"
        >
          <div
            class="container-grid"
          >
            <div
              class="xs:px-6 px-4 md:px-8 "
            >
              <section
                class="mb-12"
              >
                <h2
                  class="neue-haas-grotesk-display text-foreground mb-6 text-2xl"
                >
                  Overview
                </h2>
                <div
                  class="grid gap-4 xs:gap-6 md:gap-8 grid-cols-1 xs:grid-cols-2 md:grid-cols-4 xl:grid-cols-4 2xl:grid-cols-4 "
                >
                  <div
                    class="border-foreground/20 bg-gray/50 border p-6"
                  >
                    <div
                      class="mb-2 flex items-center justify-between"
                    >
                      <svg
                        aria-hidden="true"
                        class="lucide lucide-file-text text-primary"
                        fill="none"
                        height="24"
                        stroke="currentColor"
                        stroke-linecap="round"
                        stroke-linejoin="round"
                        stroke-width="2"
                        viewBox="0 0 24 24"
                        width="24"
                        xmlns="http://www.w3.org/2000/svg"
                      >
                        <path
                          d="M15 2H6a2 2 0 0 0-2 2v16a2 2 0 0 0 2 2h12a2 2 0 0 0 2-2V7Z"
                        />
                        <path
                          d="M14 2v4a2 2 0 0 0 2 2h4"
                        />
                        <path
                          d="M10 9H8"
                        />
                        <path
                          d="M16 13H8"
                        />
                        <path
                          d="M16 17H8"
                        />
                      </svg>
                      <span
                        class="text-foreground/50 text-xs"
                      >
                        CONTENT
                      </span>
                    </div>
                    <div
                      class="neue-haas-grotesk-display text-foreground text-2xl"
                    >
                      25
                    </div>
                    <div
                      class="text-foreground/70 text-sm"
                    >
                      Total Items
                    </div>
                  </div>
                  <div
                    class="border-foreground/20 bg-gray/50 border p-6"
                  >
                    <div
                      class="mb-2 flex items-center justify-between"
                    >
                      <svg
                        aria-hidden="true"
                        class="lucide lucide-activity text-primary"
                        fill="none"
                        height="24"
                        stroke="currentColor"
                        stroke-linecap="round"
                        stroke-linejoin="round"
                        stroke-width="2"
                        viewBox="0 0 24 24"
                        width="24"
                        xmlns="http://www.w3.org/2000/svg"
                      >
                        <path
                          d="M22 12h-2.48a2 2 0 0 0-1.93 1.46l-2.35 8.36a.25.25 0 0 1-.48 0L9.24 2.18a.25.25 0 0 0-.48 0l-2.35 8.36A2 2 0 0 1 4.49 12H2"
                        />
                      </svg>
                      <span
                        class="text-foreground/50 text-xs"
                      >
      ...
 笶ｯ Proxy.waitForWrapper node_modules/@testing-library/dom/dist/wait-for.js:163:27
 笶ｯ src/app/05_admin/page.test.tsx:279:11
    277|     render(<AdminPage />);
    278| 
    279|     await waitFor(() => {
       |           ^
    280|       expect(screen.getByText('New portfolio item added')).toBeInTheDo窶ｦ
    281|       expect(screen.getByText('2 hours ago')).toBeInTheDocument();

竡ｯ竡ｯ竡ｯ竡ｯ竡ｯ竡ｯ竡ｯ竡ｯ竡ｯ竡ｯ竡ｯ竡ｯ竡ｯ竡ｯ竡ｯ竡ｯ竡ｯ竡ｯ竡ｯ竡ｯ竡ｯ[81/201]竡ｯ

 FAIL  src/app/05_admin/page.test.tsx > Admin Page > should render System Status items
TestingLibraryElementError: Unable to find an element with the text: Website Status. This could be because the text is broken up by multiple elements. In this case, you can provide a function for your text matcher to make your matcher more flexible.

Ignored nodes: comments, script, style
<body />

Ignored nodes: comments, script, style
<html>
  <head />
  <body>
    <div>
      <div
        class=" min-h-screen text-[var(--color-foreground)] bg-gray"
      >
        <nav
          class="border-foreground/20 border-b p-4"
        >
          <div
            class="container-grid"
          >
            <div
              class="xs:px-6 px-4 md:px-8 "
            >
              <div
                class="flex items-center justify-between"
              >
                <a
                  class="neue-haas-grotesk-display text-primary hover:text-primary/80 text-2xl"
                  href="/"
                >
                  竊・Home
                </a>
                <div
                  class="text-foreground/60 text-sm"
                >
                  Development Mode Only
                </div>
              </div>
            </div>
          </div>
        </nav>
        <header
          class="px-4 py-12 text-center"
        >
          <h1
            class="neue-haas-grotesk-display text-primary mb-4 text-4xl md:text-6xl"
          >
            Admin Dashboard
          </h1>
          <p
            class="noto-sans-jp text-foreground/80 text-lg"
          >
            Content Management & Analytics
          </p>
          <div
            class="bg-primary mx-auto mt-6 h-1 w-24"
          />
        </header>
        <main
          class="pb-16"
        >
          <div
            class="container-grid"
          >
            <div
              class="xs:px-6 px-4 md:px-8 "
            >
              <section
                class="mb-12"
              >
                <h2
                  class="neue-haas-grotesk-display text-foreground mb-6 text-2xl"
                >
                  Overview
                </h2>
                <div
                  class="grid gap-4 xs:gap-6 md:gap-8 grid-cols-1 xs:grid-cols-2 md:grid-cols-4 xl:grid-cols-4 2xl:grid-cols-4 "
                >
                  <div
                    class="border-foreground/20 bg-gray/50 border p-6"
                  >
                    <div
                      class="mb-2 flex items-center justify-between"
                    >
                      <svg
                        aria-hidden="true"
                        class="lucide lucide-file-text text-primary"
                        fill="none"
                        height="24"
                        stroke="currentColor"
                        stroke-linecap="round"
                        stroke-linejoin="round"
                        stroke-width="2"
                        viewBox="0 0 24 24"
                        width="24"
                        xmlns="http://www.w3.org/2000/svg"
                      >
                        <path
                          d="M15 2H6a2 2 0 0 0-2 2v16a2 2 0 0 0 2 2h12a2 2 0 0 0 2-2V7Z"
                        />
                        <path
                          d="M14 2v4a2 2 0 0 0 2 2h4"
                        />
                        <path
                          d="M10 9H8"
                        />
                        <path
                          d="M16 13H8"
                        />
                        <path
                          d="M16 17H8"
                        />
                      </svg>
                      <span
                        class="text-foreground/50 text-xs"
                      >
                        CONTENT
                      </span>
                    </div>
                    <div
                      class="neue-haas-grotesk-display text-foreground text-2xl"
                    >
                      25
                    </div>
                    <div
                      class="text-foreground/70 text-sm"
                    >
                      Total Items
                    </div>
                  </div>
                  <div
                    class="border-foreground/20 bg-gray/50 border p-6"
                  >
                    <div
                      class="mb-2 flex items-center justify-between"
                    >
                      <svg
                        aria-hidden="true"
                        class="lucide lucide-activity text-primary"
                        fill="none"
                        height="24"
                        stroke="currentColor"
                        stroke-linecap="round"
                        stroke-linejoin="round"
                        stroke-width="2"
                        viewBox="0 0 24 24"
                        width="24"
                        xmlns="http://www.w3.org/2000/svg"
                      >
                        <path
                          d="M22 12h-2.48a2 2 0 0 0-1.93 1.46l-2.35 8.36a.25.25 0 0 1-.48 0L9.24 2.18a.25.25 0 0 0-.48 0l-2.35 8.36A2 2 0 0 1 4.49 12H2"
                        />
                      </svg>
                      <span
                        class="text-foreground/50 text-xs"
                      >
      ...
 笶ｯ Proxy.waitForWrapper node_modules/@testing-library/dom/dist/wait-for.js:163:27
 笶ｯ src/app/05_admin/page.test.tsx:297:11
    295|     render(<AdminPage />);
    296| 
    297|     await waitFor(() => {
       |           ^
    298|       expect(screen.getByText('Website Status')).toBeInTheDocument();
    299|       expect(screen.getByText('Database')).toBeInTheDocument();

竡ｯ竡ｯ竡ｯ竡ｯ竡ｯ竡ｯ竡ｯ竡ｯ竡ｯ竡ｯ竡ｯ竡ｯ竡ｯ竡ｯ竡ｯ竡ｯ竡ｯ竡ｯ竡ｯ竡ｯ竡ｯ[82/201]竡ｯ

 FAIL  src/app/05_admin/page.test.tsx > Admin Page > should render footer
TestingLibraryElementError: Unable to find role="contentinfo"

Ignored nodes: comments, script, style
<body />

Ignored nodes: comments, script, style
<html>
  <head />
  <body>
    <div>
      <div
        class=" min-h-screen text-[var(--color-foreground)] bg-gray"
      >
        <nav
          class="border-foreground/20 border-b p-4"
        >
          <div
            class="container-grid"
          >
            <div
              class="xs:px-6 px-4 md:px-8 "
            >
              <div
                class="flex items-center justify-between"
              >
                <a
                  class="neue-haas-grotesk-display text-primary hover:text-primary/80 text-2xl"
                  href="/"
                >
                  竊・Home
                </a>
                <div
                  class="text-foreground/60 text-sm"
                >
                  Development Mode Only
                </div>
              </div>
            </div>
          </div>
        </nav>
        <header
          class="px-4 py-12 text-center"
        >
          <h1
            class="neue-haas-grotesk-display text-primary mb-4 text-4xl md:text-6xl"
          >
            Admin Dashboard
          </h1>
          <p
            class="noto-sans-jp text-foreground/80 text-lg"
          >
            Content Management & Analytics
          </p>
          <div
            class="bg-primary mx-auto mt-6 h-1 w-24"
          />
        </header>
        <main
          class="pb-16"
        >
          <div
            class="container-grid"
          >
            <div
              class="xs:px-6 px-4 md:px-8 "
            >
              <section
                class="mb-12"
              >
                <h2
                  class="neue-haas-grotesk-display text-foreground mb-6 text-2xl"
                >
                  Overview
                </h2>
                <div
                  class="grid gap-4 xs:gap-6 md:gap-8 grid-cols-1 xs:grid-cols-2 md:grid-cols-4 xl:grid-cols-4 2xl:grid-cols-4 "
                >
                  <div
                    class="border-foreground/20 bg-gray/50 border p-6"
                  >
                    <div
                      class="mb-2 flex items-center justify-between"
                    >
                      <svg
                        aria-hidden="true"
                        class="lucide lucide-file-text text-primary"
                        fill="none"
                        height="24"
                        stroke="currentColor"
                        stroke-linecap="round"
                        stroke-linejoin="round"
                        stroke-width="2"
                        viewBox="0 0 24 24"
                        width="24"
                        xmlns="http://www.w3.org/2000/svg"
                      >
                        <path
                          d="M15 2H6a2 2 0 0 0-2 2v16a2 2 0 0 0 2 2h12a2 2 0 0 0 2-2V7Z"
                        />
                        <path
                          d="M14 2v4a2 2 0 0 0 2 2h4"
                        />
                        <path
                          d="M10 9H8"
                        />
                        <path
                          d="M16 13H8"
                        />
                        <path
                          d="M16 17H8"
                        />
                      </svg>
                      <span
                        class="text-foreground/50 text-xs"
                      >
                        CONTENT
                      </span>
                    </div>
                    <div
                      class="neue-haas-grotesk-display text-foreground text-2xl"
                    >
                      25
                    </div>
                    <div
                      class="text-foreground/70 text-sm"
                    >
                      Total Items
                    </div>
                  </div>
                  <div
                    class="border-foreground/20 bg-gray/50 border p-6"
                  >
                    <div
                      class="mb-2 flex items-center justify-between"
                    >
                      <svg
                        aria-hidden="true"
                        class="lucide lucide-activity text-primary"
                        fill="none"
                        height="24"
                        stroke="currentColor"
                        stroke-linecap="round"
                        stroke-linejoin="round"
                        stroke-width="2"
                        viewBox="0 0 24 24"
                        width="24"
                        xmlns="http://www.w3.org/2000/svg"
                      >
                        <path
                          d="M22 12h-2.48a2 2 0 0 0-1.93 1.46l-2.35 8.36a.25.25 0 0 1-.48 0L9.24 2.18a.25.25 0 0 0-.48 0l-2.35 8.36A2 2 0 0 1 4.49 12H2"
                        />
                      </svg>
                      <span
                        class="text-foreground/50 text-xs"
                      >
      ...
 笶ｯ Proxy.waitForWrapper node_modules/@testing-library/dom/dist/wait-for.js:163:27
 笶ｯ src/app/05_admin/page.test.tsx:318:11
    316|     render(<AdminPage />);
    317| 
    318|     await waitFor(() => {
       |           ^
    319|       expect(screen.getByRole('contentinfo')).toBeInTheDocument();
    320|       expect(screen.getByText('Admin Dashboard - Development Mode Only窶ｦ

竡ｯ竡ｯ竡ｯ竡ｯ竡ｯ竡ｯ竡ｯ竡ｯ竡ｯ竡ｯ竡ｯ竡ｯ竡ｯ竡ｯ竡ｯ竡ｯ竡ｯ竡ｯ竡ｯ竡ｯ竡ｯ[83/201]竡ｯ

 FAIL  src/app/05_admin/page.test.tsx > Admin Page > should initialize stats on component mount
TestingLibraryElementError: Unable to find an element with the text: 25. This could be because the text is broken up by multiple elements. In this case, you can provide a function for your text matcher to make your matcher more flexible.

Ignored nodes: comments, script, style
<body />

Ignored nodes: comments, script, style
<html>
  <head />
  <body>
    <div>
      <div
        class=" min-h-screen text-[var(--color-foreground)] bg-gray"
      >
        <nav
          class="border-foreground/20 border-b p-4"
        >
          <div
            class="container-grid"
          >
            <div
              class="xs:px-6 px-4 md:px-8 "
            >
              <div
                class="flex items-center justify-between"
              >
                <a
                  class="neue-haas-grotesk-display text-primary hover:text-primary/80 text-2xl"
                  href="/"
                >
                  竊・Home
                </a>
                <div
                  class="text-foreground/60 text-sm"
                >
                  Development Mode Only
                </div>
              </div>
            </div>
          </div>
        </nav>
        <header
          class="px-4 py-12 text-center"
        >
          <h1
            class="neue-haas-grotesk-display text-primary mb-4 text-4xl md:text-6xl"
          >
            Admin Dashboard
          </h1>
          <p
            class="noto-sans-jp text-foreground/80 text-lg"
          >
            Content Management & Analytics
          </p>
          <div
            class="bg-primary mx-auto mt-6 h-1 w-24"
          />
        </header>
        <main
          class="pb-16"
        >
          <div
            class="container-grid"
          >
            <div
              class="xs:px-6 px-4 md:px-8 "
            >
              <section
                class="mb-12"
              >
                <h2
                  class="neue-haas-grotesk-display text-foreground mb-6 text-2xl"
                >
                  Overview
                </h2>
                <div
                  class="grid gap-4 xs:gap-6 md:gap-8 grid-cols-1 xs:grid-cols-2 md:grid-cols-4 xl:grid-cols-4 2xl:grid-cols-4 "
                >
                  <div
                    class="border-foreground/20 bg-gray/50 border p-6"
                  >
                    <div
                      class="mb-2 flex items-center justify-between"
                    >
                      <svg
                        aria-hidden="true"
                        class="lucide lucide-file-text text-primary"
                        fill="none"
                        height="24"
                        stroke="currentColor"
                        stroke-linecap="round"
                        stroke-linejoin="round"
                        stroke-width="2"
                        viewBox="0 0 24 24"
                        width="24"
                        xmlns="http://www.w3.org/2000/svg"
                      >
                        <path
                          d="M15 2H6a2 2 0 0 0-2 2v16a2 2 0 0 0 2 2h12a2 2 0 0 0 2-2V7Z"
                        />
                        <path
                          d="M14 2v4a2 2 0 0 0 2 2h4"
                        />
                        <path
                          d="M10 9H8"
                        />
                        <path
                          d="M16 13H8"
                        />
                        <path
                          d="M16 17H8"
                        />
                      </svg>
                      <span
                        class="text-foreground/50 text-xs"
                      >
                        CONTENT
                      </span>
                    </div>
                    <div
                      class="neue-haas-grotesk-display text-foreground text-2xl"
                    >
                      25
                    </div>
                    <div
                      class="text-foreground/70 text-sm"
                    >
                      Total Items
                    </div>
                  </div>
                  <div
                    class="border-foreground/20 bg-gray/50 border p-6"
                  >
                    <div
                      class="mb-2 flex items-center justify-between"
                    >
                      <svg
                        aria-hidden="true"
                        class="lucide lucide-activity text-primary"
                        fill="none"
                        height="24"
                        stroke="currentColor"
                        stroke-linecap="round"
                        stroke-linejoin="round"
                        stroke-width="2"
                        viewBox="0 0 24 24"
                        width="24"
                        xmlns="http://www.w3.org/2000/svg"
                      >
                        <path
                          d="M22 12h-2.48a2 2 0 0 0-1.93 1.46l-2.35 8.36a.25.25 0 0 1-.48 0L9.24 2.18a.25.25 0 0 0-.48 0l-2.35 8.36A2 2 0 0 1 4.49 12H2"
                        />
                      </svg>
                      <span
                        class="text-foreground/50 text-xs"
                      >
      ...
 笶ｯ Proxy.waitForWrapper node_modules/@testing-library/dom/dist/wait-for.js:163:27
 笶ｯ src/app/05_admin/page.test.tsx:332:11
    330|     render(<AdminPage />);
    331| 
    332|     await waitFor(() => {
       |           ^
    333|       // These are the actual stats values set in useEffect
    334|       expect(screen.getByText('25')).toBeInTheDocument();

竡ｯ竡ｯ竡ｯ竡ｯ竡ｯ竡ｯ竡ｯ竡ｯ竡ｯ竡ｯ竡ｯ竡ｯ竡ｯ竡ｯ竡ｯ竡ｯ竡ｯ竡ｯ竡ｯ竡ｯ竡ｯ[84/201]竡ｯ

 FAIL  src/app/contact/page.test.tsx > ContactPage > should render the contact page with title and description
TestingLibraryElementError: Unable to find an element with the text: Contact Us. This could be because the text is broken up by multiple elements. In this case, you can provide a function for your text matcher to make your matcher more flexible.

Ignored nodes: comments, script, style
<body />
 笶ｯ Object.getElementError node_modules/@testing-library/dom/dist/config.js:37:19
 笶ｯ node_modules/@testing-library/dom/dist/query-helpers.js:76:38
 笶ｯ node_modules/@testing-library/dom/dist/query-helpers.js:52:17
 笶ｯ node_modules/@testing-library/dom/dist/query-helpers.js:95:19
 笶ｯ src/app/contact/page.test.tsx:23:19
     21|     render(<ContactPage />);
     22| 
     23|     expect(screen.getByText('Contact Us')).toBeInTheDocument();
       |                   ^
     24|     expect(screen.getByText('縺雁撫縺・粋繧上○')).toBeInTheDocument();
     25|   });

竡ｯ竡ｯ竡ｯ竡ｯ竡ｯ竡ｯ竡ｯ竡ｯ竡ｯ竡ｯ竡ｯ竡ｯ竡ｯ竡ｯ竡ｯ竡ｯ竡ｯ竡ｯ竡ｯ竡ｯ竡ｯ[85/201]竡ｯ

 FAIL  src/app/contact/page.test.tsx > ContactPage > should render the contact form
TestingLibraryElementError: Unable to find an element by: [data-testid="contact-form"]

Ignored nodes: comments, script, style
<body />
 笶ｯ Object.getElementError node_modules/@testing-library/dom/dist/config.js:37:19
 笶ｯ node_modules/@testing-library/dom/dist/query-helpers.js:76:38
 笶ｯ node_modules/@testing-library/dom/dist/query-helpers.js:52:17
 笶ｯ node_modules/@testing-library/dom/dist/query-helpers.js:95:19
 笶ｯ src/app/contact/page.test.tsx:30:19
     28|     render(<ContactPage />);
     29| 
     30|     expect(screen.getByTestId('contact-form')).toBeInTheDocument();
       |                   ^
     31|   });
     32| 

竡ｯ竡ｯ竡ｯ竡ｯ竡ｯ竡ｯ竡ｯ竡ｯ竡ｯ竡ｯ竡ｯ竡ｯ竡ｯ竡ｯ竡ｯ竡ｯ竡ｯ竡ｯ竡ｯ竡ｯ竡ｯ[86/201]竡ｯ

 FAIL  src/app/contact/page.test.tsx > ContactPage > should render contact information section
TestingLibraryElementError: Unable to find an element with the text: Contact Information. This could be because the text is broken up by multiple elements. In this case, you can provide a function for your text matcher to make your matcher more flexible.

Ignored nodes: comments, script, style
<body />
 笶ｯ Object.getElementError node_modules/@testing-library/dom/dist/config.js:37:19
 笶ｯ node_modules/@testing-library/dom/dist/query-helpers.js:76:38
 笶ｯ node_modules/@testing-library/dom/dist/query-helpers.js:52:17
 笶ｯ node_modules/@testing-library/dom/dist/query-helpers.js:95:19
 笶ｯ src/app/contact/page.test.tsx:36:19
     34|     render(<ContactPage />);
     35| 
     36|     expect(screen.getByText('Contact Information')).toBeInTheDocument(窶ｦ
       |                   ^
     37|     expect(screen.getByText('Email')).toBeInTheDocument();
     38|     expect(screen.getByText('info@samuido.com')).toBeInTheDocument();

竡ｯ竡ｯ竡ｯ竡ｯ竡ｯ竡ｯ竡ｯ竡ｯ竡ｯ竡ｯ竡ｯ竡ｯ竡ｯ竡ｯ竡ｯ竡ｯ竡ｯ竡ｯ竡ｯ竡ｯ竡ｯ[87/201]竡ｯ

 FAIL  src/app/contact/page.test.tsx > ContactPage > should render business hours section
TestingLibraryElementError: Unable to find an element with the text: Business Hours. This could be because the text is broken up by multiple elements. In this case, you can provide a function for your text matcher to make your matcher more flexible.

Ignored nodes: comments, script, style
<body />
 笶ｯ Object.getElementError node_modules/@testing-library/dom/dist/config.js:37:19
 笶ｯ node_modules/@testing-library/dom/dist/query-helpers.js:76:38
 笶ｯ node_modules/@testing-library/dom/dist/query-helpers.js:52:17
 笶ｯ node_modules/@testing-library/dom/dist/query-helpers.js:95:19
 笶ｯ src/app/contact/page.test.tsx:48:19
     46|     render(<ContactPage />);
     47| 
     48|     expect(screen.getByText('Business Hours')).toBeInTheDocument();
       |                   ^
     49|     expect(screen.getByText('Monday - Friday: 9:00 AM - 6:00 PM JST'))窶ｦ
     50|     expect(screen.getByText('Saturday - Sunday: Closed')).toBeInTheDoc窶ｦ

竡ｯ竡ｯ竡ｯ竡ｯ竡ｯ竡ｯ竡ｯ竡ｯ竡ｯ竡ｯ竡ｯ竡ｯ竡ｯ竡ｯ竡ｯ竡ｯ竡ｯ竡ｯ竡ｯ竡ｯ竡ｯ[88/201]竡ｯ

 FAIL  src/app/contact/page.test.tsx > ContactPage > should render FAQ section
TestingLibraryElementError: Unable to find an element with the text: Frequently Asked Questions. This could be because the text is broken up by multiple elements. In this case, you can provide a function for your text matcher to make your matcher more flexible.

Ignored nodes: comments, script, style
<body />
 笶ｯ Object.getElementError node_modules/@testing-library/dom/dist/config.js:37:19
 笶ｯ node_modules/@testing-library/dom/dist/query-helpers.js:76:38
 笶ｯ node_modules/@testing-library/dom/dist/query-helpers.js:52:17
 笶ｯ node_modules/@testing-library/dom/dist/query-helpers.js:95:19
 笶ｯ src/app/contact/page.test.tsx:56:19
     54|     render(<ContactPage />);
     55| 
     56|     expect(screen.getByText('Frequently Asked Questions')).toBeInTheDo窶ｦ
       |                   ^
     57|     expect(screen.getByText('What services do you offer?')).toBeInTheD窶ｦ
     58|     expect(screen.getByText('How quickly will I receive a response?'))窶ｦ

竡ｯ竡ｯ竡ｯ竡ｯ竡ｯ竡ｯ竡ｯ竡ｯ竡ｯ竡ｯ竡ｯ竡ｯ竡ｯ竡ｯ竡ｯ竡ｯ竡ｯ竡ｯ竡ｯ竡ｯ竡ｯ[89/201]竡ｯ

 FAIL  src/app/00_global/components/ContactForm.test.tsx > ContactForm > should render the form correctly
TestingLibraryElementError: Unable to find a label with the text of: /name/i

Ignored nodes: comments, script, style
<body />
 笶ｯ Object.getElementError node_modules/@testing-library/dom/dist/config.js:37:19
 笶ｯ getAllByLabelText node_modules/@testing-library/dom/dist/queries/label-text.js:111:38
 笶ｯ node_modules/@testing-library/dom/dist/query-helpers.js:52:17
 笶ｯ node_modules/@testing-library/dom/dist/query-helpers.js:95:19
 笶ｯ src/app/00_global/components/ContactForm.test.tsx:54:19
     52|     render(<ContactForm />);
     53| 
     54|     expect(screen.getByLabelText(/name/i)).toBeInTheDocument();
       |                   ^
     55|     expect(screen.getByLabelText(/email/i)).toBeInTheDocument();
     56|     expect(screen.getByLabelText(/subject/i)).toBeInTheDocument();

竡ｯ竡ｯ竡ｯ竡ｯ竡ｯ竡ｯ竡ｯ竡ｯ竡ｯ竡ｯ竡ｯ竡ｯ竡ｯ竡ｯ竡ｯ竡ｯ竡ｯ竡ｯ竡ｯ竡ｯ竡ｯ[90/201]竡ｯ

 FAIL  src/app/00_global/components/ContactForm.test.tsx > ContactForm > should show validation errors for empty required fields on submit
TestingLibraryElementError: Unable to find an accessible element with the role "button" and name `/send message/i`

There are no accessible roles. But there might be some inaccessible roles. If you wish to access them, then set the `hidden` option to `true`. Learn more about this here: https://testing-library.com/docs/dom-testing-library/api-queries#byrole

Ignored nodes: comments, script, style
<body />
 笶ｯ Object.getElementError node_modules/@testing-library/dom/dist/config.js:37:19
 笶ｯ node_modules/@testing-library/dom/dist/query-helpers.js:76:38
 笶ｯ node_modules/@testing-library/dom/dist/query-helpers.js:52:17
 笶ｯ node_modules/@testing-library/dom/dist/query-helpers.js:95:19
 笶ｯ src/app/00_global/components/ContactForm.test.tsx:65:31
     63|     render(<ContactForm />);
     64| 
     65|     const sendButton = screen.getByRole('button', { name: /send messag窶ｦ
       |                               ^
     66|     await user.click(sendButton);
     67| 

竡ｯ竡ｯ竡ｯ竡ｯ竡ｯ竡ｯ竡ｯ竡ｯ竡ｯ竡ｯ竡ｯ竡ｯ竡ｯ竡ｯ竡ｯ竡ｯ竡ｯ竡ｯ竡ｯ竡ｯ竡ｯ[91/201]竡ｯ

 FAIL  src/app/00_global/components/ContactForm.test.tsx > ContactForm > should show validation error for invalid email format
TestingLibraryElementError: Unable to find a label with the text of: /email/i

Ignored nodes: comments, script, style
<body />
 笶ｯ Object.getElementError node_modules/@testing-library/dom/dist/config.js:37:19
 笶ｯ getAllByLabelText node_modules/@testing-library/dom/dist/queries/label-text.js:111:38
 笶ｯ node_modules/@testing-library/dom/dist/query-helpers.js:52:17
 笶ｯ node_modules/@testing-library/dom/dist/query-helpers.js:95:19
 笶ｯ src/app/00_global/components/ContactForm.test.tsx:79:28
     77|   it('should show validation error for invalid email format', async ()窶ｦ
     78|     render(<ContactForm />);
     79|     await user.type(screen.getByLabelText(/email/i), 'invalid-email');
       |                            ^
     80| 
     81|     const sendButton = screen.getByRole('button', { name: /send messag窶ｦ

竡ｯ竡ｯ竡ｯ竡ｯ竡ｯ竡ｯ竡ｯ竡ｯ竡ｯ竡ｯ竡ｯ竡ｯ竡ｯ竡ｯ竡ｯ竡ｯ竡ｯ竡ｯ竡ｯ竡ｯ竡ｯ[92/201]竡ｯ

 FAIL  src/app/00_global/components/ContactForm.test.tsx > ContactForm > should show validation error for short message
TestingLibraryElementError: Unable to find a label with the text of: /message/i

Ignored nodes: comments, script, style
<body />
 笶ｯ Object.getElementError node_modules/@testing-library/dom/dist/config.js:37:19
 笶ｯ getAllByLabelText node_modules/@testing-library/dom/dist/queries/label-text.js:111:38
 笶ｯ node_modules/@testing-library/dom/dist/query-helpers.js:52:17
 笶ｯ node_modules/@testing-library/dom/dist/query-helpers.js:95:19
 笶ｯ src/app/00_global/components/ContactForm.test.tsx:91:28
     89|   it('should show validation error for short message', async () => {
     90|     render(<ContactForm />);
     91|     await user.type(screen.getByLabelText(/message/i), 'short');
       |                            ^
     92| 
     93|     const sendButton = screen.getByRole('button', { name: /send messag窶ｦ

竡ｯ竡ｯ竡ｯ竡ｯ竡ｯ竡ｯ竡ｯ竡ｯ竡ｯ竡ｯ竡ｯ竡ｯ竡ｯ竡ｯ竡ｯ竡ｯ竡ｯ竡ｯ竡ｯ竡ｯ竡ｯ[93/201]竡ｯ

 FAIL  src/app/00_global/components/ContactForm.test.tsx > ContactForm > should submit the form successfully with valid data
TestingLibraryElementError: Unable to find a label with the text of: /name/i

Ignored nodes: comments, script, style
<body />
 笶ｯ Object.getElementError node_modules/@testing-library/dom/dist/config.js:37:19
 笶ｯ getAllByLabelText node_modules/@testing-library/dom/dist/queries/label-text.js:111:38
 笶ｯ node_modules/@testing-library/dom/dist/query-helpers.js:52:17
 笶ｯ node_modules/@testing-library/dom/dist/query-helpers.js:95:19
 笶ｯ fillForm src/app/00_global/components/ContactForm.test.tsx:40:28
     38| 
     39|   const fillForm = async () => {
     40|     await user.type(screen.getByLabelText(/name/i), 'John Doe');
       |                            ^
     41|     await user.type(screen.getByLabelText(/email/i), 'john.doe@example窶ｦ
     42|     await user.type(screen.getByLabelText(/subject/i), 'Test Subject');
 笶ｯ src/app/00_global/components/ContactForm.test.tsx:103:11

竡ｯ竡ｯ竡ｯ竡ｯ竡ｯ竡ｯ竡ｯ竡ｯ竡ｯ竡ｯ竡ｯ竡ｯ竡ｯ竡ｯ竡ｯ竡ｯ竡ｯ竡ｯ竡ｯ竡ｯ竡ｯ[94/201]竡ｯ

 FAIL  src/app/00_global/components/ContactForm.test.tsx > ContactForm > should handle API error on submit
TestingLibraryElementError: Unable to find a label with the text of: /name/i

Ignored nodes: comments, script, style
<body />
 笶ｯ Object.getElementError node_modules/@testing-library/dom/dist/config.js:37:19
 笶ｯ getAllByLabelText node_modules/@testing-library/dom/dist/queries/label-text.js:111:38
 笶ｯ node_modules/@testing-library/dom/dist/query-helpers.js:52:17
 笶ｯ node_modules/@testing-library/dom/dist/query-helpers.js:95:19
 笶ｯ fillForm src/app/00_global/components/ContactForm.test.tsx:40:28
     38| 
     39|   const fillForm = async () => {
     40|     await user.type(screen.getByLabelText(/name/i), 'John Doe');
       |                            ^
     41|     await user.type(screen.getByLabelText(/email/i), 'john.doe@example窶ｦ
     42|     await user.type(screen.getByLabelText(/subject/i), 'Test Subject');
 笶ｯ src/app/00_global/components/ContactForm.test.tsx:117:11

竡ｯ竡ｯ竡ｯ竡ｯ竡ｯ竡ｯ竡ｯ竡ｯ竡ｯ竡ｯ竡ｯ竡ｯ竡ｯ竡ｯ竡ｯ竡ｯ竡ｯ竡ｯ竡ｯ竡ｯ竡ｯ[95/201]竡ｯ

 FAIL  src/app/00_global/components/ContactForm.test.tsx > ContactForm > should handle network error on submit
TestingLibraryElementError: Unable to find a label with the text of: /name/i

Ignored nodes: comments, script, style
<body />
 笶ｯ Object.getElementError node_modules/@testing-library/dom/dist/config.js:37:19
 笶ｯ getAllByLabelText node_modules/@testing-library/dom/dist/queries/label-text.js:111:38
 笶ｯ node_modules/@testing-library/dom/dist/query-helpers.js:52:17
 笶ｯ node_modules/@testing-library/dom/dist/query-helpers.js:95:19
 笶ｯ fillForm src/app/00_global/components/ContactForm.test.tsx:40:28
     38| 
     39|   const fillForm = async () => {
     40|     await user.type(screen.getByLabelText(/name/i), 'John Doe');
       |                            ^
     41|     await user.type(screen.getByLabelText(/email/i), 'john.doe@example窶ｦ
     42|     await user.type(screen.getByLabelText(/subject/i), 'Test Subject');
 笶ｯ src/app/00_global/components/ContactForm.test.tsx:130:11

竡ｯ竡ｯ竡ｯ竡ｯ竡ｯ竡ｯ竡ｯ竡ｯ竡ｯ竡ｯ竡ｯ竡ｯ竡ｯ竡ｯ竡ｯ竡ｯ竡ｯ竡ｯ竡ｯ竡ｯ竡ｯ[96/201]竡ｯ

 FAIL  src/app/00_global/components/ContactForm.test.tsx > ContactForm > should clear the form when clear button is clicked
TestingLibraryElementError: Unable to find a label with the text of: /name/i

Ignored nodes: comments, script, style
<body />
 笶ｯ Object.getElementError node_modules/@testing-library/dom/dist/config.js:37:19
 笶ｯ getAllByLabelText node_modules/@testing-library/dom/dist/queries/label-text.js:111:38
 笶ｯ node_modules/@testing-library/dom/dist/query-helpers.js:52:17
 笶ｯ node_modules/@testing-library/dom/dist/query-helpers.js:95:19
 笶ｯ src/app/00_global/components/ContactForm.test.tsx:142:28
    140|   it('should clear the form when clear button is clicked', async () =>窶ｦ
    141|     render(<ContactForm />);
    142|     await user.type(screen.getByLabelText(/name/i), 'John Doe');
       |                            ^
    143| 
    144|     const clearButton = screen.getByRole('button', { name: /clear/i });

竡ｯ竡ｯ竡ｯ竡ｯ竡ｯ竡ｯ竡ｯ竡ｯ竡ｯ竡ｯ竡ｯ竡ｯ竡ｯ竡ｯ竡ｯ竡ｯ竡ｯ竡ｯ竡ｯ竡ｯ竡ｯ[97/201]竡ｯ

 FAIL  src/app/00_global/components/ContactForm.test.tsx > ContactForm > should allow sending another message after successful submission
TestingLibraryElementError: Unable to find a label with the text of: /name/i

Ignored nodes: comments, script, style
<body />
 笶ｯ Object.getElementError node_modules/@testing-library/dom/dist/config.js:37:19
 笶ｯ getAllByLabelText node_modules/@testing-library/dom/dist/queries/label-text.js:111:38
 笶ｯ node_modules/@testing-library/dom/dist/query-helpers.js:52:17
 笶ｯ node_modules/@testing-library/dom/dist/query-helpers.js:95:19
 笶ｯ fillForm src/app/00_global/components/ContactForm.test.tsx:40:28
     38| 
     39|   const fillForm = async () => {
     40|     await user.type(screen.getByLabelText(/name/i), 'John Doe');
       |                            ^
     41|     await user.type(screen.getByLabelText(/email/i), 'john.doe@example窶ｦ
     42|     await user.type(screen.getByLabelText(/subject/i), 'Test Subject');
 笶ｯ src/app/00_global/components/ContactForm.test.tsx:152:11

竡ｯ竡ｯ竡ｯ竡ｯ竡ｯ竡ｯ竡ｯ竡ｯ竡ｯ竡ｯ竡ｯ竡ｯ竡ｯ竡ｯ竡ｯ竡ｯ竡ｯ竡ｯ竡ｯ竡ｯ竡ｯ[98/201]竡ｯ

 FAIL  src/app/00_global/components/ContactForm.test.tsx > ContactForm > should update security score as user types
TestingLibraryElementError: Unable to find an element with the text: 0%. This could be because the text is broken up by multiple elements. In this case, you can provide a function for your text matcher to make your matcher more flexible.

Ignored nodes: comments, script, style
<body />
 笶ｯ Object.getElementError node_modules/@testing-library/dom/dist/config.js:37:19
 笶ｯ node_modules/@testing-library/dom/dist/query-helpers.js:76:38
 笶ｯ node_modules/@testing-library/dom/dist/query-helpers.js:52:17
 笶ｯ node_modules/@testing-library/dom/dist/query-helpers.js:95:19
 笶ｯ src/app/00_global/components/ContactForm.test.tsx:171:19
    169| 
    170|     // Initial score
    171|     expect(screen.getByText('0%')).toBeInTheDocument();
       |                   ^
    172| 
    173|     // Fill name

竡ｯ竡ｯ竡ｯ竡ｯ竡ｯ竡ｯ竡ｯ竡ｯ竡ｯ竡ｯ竡ｯ竡ｯ竡ｯ竡ｯ竡ｯ竡ｯ竡ｯ竡ｯ竡ｯ竡ｯ竡ｯ[99/201]竡ｯ

 FAIL  src/app/02_portfolio/components/PortfolioStats.test.tsx > PortfolioStats > should render the portfolio stats component
TestingLibraryElementError: Unable to find an element with the text: Total Views. This could be because the text is broken up by multiple elements. In this case, you can provide a function for your text matcher to make your matcher more flexible.

Ignored nodes: comments, script, style
<body />
 笶ｯ Object.getElementError node_modules/@testing-library/dom/dist/config.js:37:19
 笶ｯ node_modules/@testing-library/dom/dist/query-helpers.js:76:38
 笶ｯ node_modules/@testing-library/dom/dist/query-helpers.js:52:17
 笶ｯ node_modules/@testing-library/dom/dist/query-helpers.js:95:19
 笶ｯ src/app/02_portfolio/components/PortfolioStats.test.tsx:38:19
     36|     render(<PortfolioStats portfolioStats={mockStats} />);
     37| 
     38|     expect(screen.getByText('Total Views')).toBeInTheDocument();
       |                   ^
     39|     expect(screen.getByText('525')).toBeInTheDocument(); // Total views
     40|     expect(screen.getByText('Filter by Category')).toBeInTheDocument();

竡ｯ竡ｯ竡ｯ竡ｯ竡ｯ竡ｯ竡ｯ竡ｯ竡ｯ竡ｯ竡ｯ竡ｯ竡ｯ竡ｯ竡ｯ竡ｯ竡ｯ竡ｯ竡ｯ竡ｯ[100/201]竡ｯ

 FAIL  src/app/02_portfolio/components/PortfolioStats.test.tsx > PortfolioStats > should render category filter buttons
TestingLibraryElementError: Unable to find an element with the text: All Categories. This could be because the text is broken up by multiple elements. In this case, you can provide a function for your text matcher to make your matcher more flexible.

Ignored nodes: comments, script, style
<body />
 笶ｯ Object.getElementError node_modules/@testing-library/dom/dist/config.js:37:19
 笶ｯ node_modules/@testing-library/dom/dist/query-helpers.js:76:38
 笶ｯ node_modules/@testing-library/dom/dist/query-helpers.js:52:17
 笶ｯ node_modules/@testing-library/dom/dist/query-helpers.js:95:19
 笶ｯ src/app/02_portfolio/components/PortfolioStats.test.tsx:47:19
     45|     render(<PortfolioStats portfolioStats={mockStats} />);
     46| 
     47|     expect(screen.getByText('All Categories')).toBeInTheDocument();
       |                   ^
     48|     expect(screen.getByText('develop')).toBeInTheDocument();
     49|     expect(screen.getByText('design')).toBeInTheDocument();

竡ｯ竡ｯ竡ｯ竡ｯ竡ｯ竡ｯ竡ｯ竡ｯ竡ｯ竡ｯ竡ｯ竡ｯ竡ｯ竡ｯ竡ｯ竡ｯ竡ｯ竡ｯ竡ｯ竡ｯ[101/201]竡ｯ

 FAIL  src/app/02_portfolio/components/PortfolioStats.test.tsx > PortfolioStats > should filter stats by category when filter button is clicked
TestingLibraryElementError: Unable to find an accessible element with the role "row"

There are no accessible roles. But there might be some inaccessible roles. If you wish to access them, then set the `hidden` option to `true`. Learn more about this here: https://testing-library.com/docs/dom-testing-library/api-queries#byrole

Ignored nodes: comments, script, style
<body />
 笶ｯ Object.getElementError node_modules/@testing-library/dom/dist/config.js:37:19
 笶ｯ node_modules/@testing-library/dom/dist/query-helpers.js:76:38
 笶ｯ node_modules/@testing-library/dom/dist/query-helpers.js:109:15
 笶ｯ src/app/02_portfolio/components/PortfolioStats.test.tsx:57:19
     55| 
     56|     // Initially all items should be shown
     57|     expect(screen.getAllByRole('row')).toHaveLength(5); // 4 items + h窶ｦ
       |                   ^
     58| 
     59|     // Click on develop filter

竡ｯ竡ｯ竡ｯ竡ｯ竡ｯ竡ｯ竡ｯ竡ｯ竡ｯ竡ｯ竡ｯ竡ｯ竡ｯ竡ｯ竡ｯ竡ｯ竡ｯ竡ｯ竡ｯ竡ｯ[102/201]竡ｯ

 FAIL  src/app/02_portfolio/components/PortfolioStats.test.tsx > PortfolioStats > should render the chart component
TestingLibraryElementError: Unable to find an element by: [data-testid="responsive-container"]

Ignored nodes: comments, script, style
<body />
 笶ｯ Object.getElementError node_modules/@testing-library/dom/dist/config.js:37:19
 笶ｯ node_modules/@testing-library/dom/dist/query-helpers.js:76:38
 笶ｯ node_modules/@testing-library/dom/dist/query-helpers.js:52:17
 笶ｯ node_modules/@testing-library/dom/dist/query-helpers.js:95:19
 笶ｯ src/app/02_portfolio/components/PortfolioStats.test.tsx:72:19
     70|     render(<PortfolioStats portfolioStats={mockStats} />);
     71| 
     72|     expect(screen.getByTestId('responsive-container')).toBeInTheDocume窶ｦ
       |                   ^
     73|     expect(screen.getByTestId('bar-chart')).toBeInTheDocument();
     74|   });

竡ｯ竡ｯ竡ｯ竡ｯ竡ｯ竡ｯ竡ｯ竡ｯ竡ｯ竡ｯ竡ｯ竡ｯ竡ｯ竡ｯ竡ｯ竡ｯ竡ｯ竡ｯ竡ｯ竡ｯ[103/201]竡ｯ

 FAIL  src/app/02_portfolio/components/PortfolioStats.test.tsx > PortfolioStats > should render the stats table with correct data
TestingLibraryElementError: Unable to find an element with the text: Portfolio Item. This could be because the text is broken up by multiple elements. In this case, you can provide a function for your text matcher to make your matcher more flexible.

Ignored nodes: comments, script, style
<body />
 笶ｯ Object.getElementError node_modules/@testing-library/dom/dist/config.js:37:19
 笶ｯ node_modules/@testing-library/dom/dist/query-helpers.js:76:38
 笶ｯ node_modules/@testing-library/dom/dist/query-helpers.js:52:17
 笶ｯ node_modules/@testing-library/dom/dist/query-helpers.js:95:19
 笶ｯ src/app/02_portfolio/components/PortfolioStats.test.tsx:80:19
     78| 
     79|     // Check table headers
     80|     expect(screen.getByText('Portfolio Item')).toBeInTheDocument();
       |                   ^
     81|     expect(screen.getByText('Category')).toBeInTheDocument();
     82|     expect(screen.getByText('Views')).toBeInTheDocument();

竡ｯ竡ｯ竡ｯ竡ｯ竡ｯ竡ｯ竡ｯ竡ｯ竡ｯ竡ｯ竡ｯ竡ｯ竡ｯ竡ｯ竡ｯ竡ｯ竡ｯ竡ｯ竡ｯ竡ｯ[104/201]竡ｯ

 FAIL  src/app/02_portfolio/components/PortfolioStats.test.tsx > PortfolioStats > should show empty state when no stats match the filter
TestingLibraryElementError: Unable to find an element with the text: All Categories. This could be because the text is broken up by multiple elements. In this case, you can provide a function for your text matcher to make your matcher more flexible.

Ignored nodes: comments, script, style
<body />
 笶ｯ Object.getElementError node_modules/@testing-library/dom/dist/config.js:37:19
 笶ｯ node_modules/@testing-library/dom/dist/query-helpers.js:76:38
 笶ｯ node_modules/@testing-library/dom/dist/query-helpers.js:52:17
 笶ｯ node_modules/@testing-library/dom/dist/query-helpers.js:95:19
 笶ｯ src/app/02_portfolio/components/PortfolioStats.test.tsx:102:28
    100| 
    101|     // Click on a non-existent category
    102|     fireEvent.click(screen.getByText('All Categories'));
       |                            ^
    103|     const customButton = document.createElement('button');
    104|     customButton.textContent = 'non-existent';

竡ｯ竡ｯ竡ｯ竡ｯ竡ｯ竡ｯ竡ｯ竡ｯ竡ｯ竡ｯ竡ｯ竡ｯ竡ｯ竡ｯ竡ｯ竡ｯ竡ｯ竡ｯ竡ｯ竡ｯ[105/201]竡ｯ

 FAIL  src/app/02_portfolio/components/PortfolioStats.test.tsx > PortfolioStats > should render view links for each portfolio item
TestingLibraryElementError: Unable to find an element with the text: View. This could be because the text is broken up by multiple elements. In this case, you can provide a function for your text matcher to make your matcher more flexible.

Ignored nodes: comments, script, style
<body />
 笶ｯ Object.getElementError node_modules/@testing-library/dom/dist/config.js:37:19
 笶ｯ node_modules/@testing-library/dom/dist/query-helpers.js:76:38
 笶ｯ node_modules/@testing-library/dom/dist/query-helpers.js:109:15
 笶ｯ src/app/02_portfolio/components/PortfolioStats.test.tsx:118:30
    116|     render(<PortfolioStats portfolioStats={mockStats} />);
    117| 
    118|     const viewLinks = screen.getAllByText('View');
       |                              ^
    119|     expect(viewLinks).toHaveLength(4);
    120| 

竡ｯ竡ｯ竡ｯ竡ｯ竡ｯ竡ｯ竡ｯ竡ｯ竡ｯ竡ｯ竡ｯ竡ｯ竡ｯ竡ｯ竡ｯ竡ｯ竡ｯ竡ｯ竡ｯ竡ｯ[106/201]竡ｯ

 FAIL  src/app/02_portfolio/components/ThreeJSPlayground.test.tsx > ThreeJSPlayground Component > should render the Three.js playground with title
TestingLibraryElementError: Unable to find an accessible element with the role "heading" and name "Three.js Playground"

There are no accessible roles. But there might be some inaccessible roles. If you wish to access them, then set the `hidden` option to `true`. Learn more about this here: https://testing-library.com/docs/dom-testing-library/api-queries#byrole

Ignored nodes: comments, script, style
<body />
 笶ｯ Object.getElementError node_modules/@testing-library/dom/dist/config.js:37:19
 笶ｯ node_modules/@testing-library/dom/dist/query-helpers.js:76:38
 笶ｯ node_modules/@testing-library/dom/dist/query-helpers.js:52:17
 笶ｯ node_modules/@testing-library/dom/dist/query-helpers.js:95:19
 笶ｯ src/app/02_portfolio/components/ThreeJSPlayground.test.tsx:58:19
     56|   it('should render the Three.js playground with title', () => {
     57|     render(<ThreeJSPlayground />);
     58|     expect(screen.getByRole('heading', { name: 'Three.js Playground' }窶ｦ
       |                   ^
     59|   });
     60| 

竡ｯ竡ｯ竡ｯ竡ｯ竡ｯ竡ｯ竡ｯ竡ｯ竡ｯ竡ｯ竡ｯ竡ｯ竡ｯ竡ｯ竡ｯ竡ｯ竡ｯ竡ｯ竡ｯ竡ｯ[107/201]竡ｯ

 FAIL  src/app/02_portfolio/components/ThreeJSPlayground.test.tsx > ThreeJSPlayground Component > should render canvas element
TestingLibraryElementError: Unable to find an accessible element with the role "img"

There are no accessible roles. But there might be some inaccessible roles. If you wish to access them, then set the `hidden` option to `true`. Learn more about this here: https://testing-library.com/docs/dom-testing-library/api-queries#byrole

Ignored nodes: comments, script, style
<body />
 笶ｯ Object.getElementError node_modules/@testing-library/dom/dist/config.js:37:19
 笶ｯ node_modules/@testing-library/dom/dist/query-helpers.js:76:38
 笶ｯ node_modules/@testing-library/dom/dist/query-helpers.js:52:17
 笶ｯ node_modules/@testing-library/dom/dist/query-helpers.js:95:19
 笶ｯ src/app/02_portfolio/components/ThreeJSPlayground.test.tsx:63:27
     61|   it('should render canvas element', () => {
     62|     render(<ThreeJSPlayground />);
     63|     const canvas = screen.getByRole('img');
       |                           ^
     64|     expect(canvas).toBeInTheDocument();
     65|     expect(canvas).toHaveAttribute('width', '600');

竡ｯ竡ｯ竡ｯ竡ｯ竡ｯ竡ｯ竡ｯ竡ｯ竡ｯ竡ｯ竡ｯ竡ｯ竡ｯ竡ｯ竡ｯ竡ｯ竡ｯ竡ｯ竡ｯ竡ｯ[108/201]竡ｯ

 FAIL  src/app/02_portfolio/components/ThreeJSPlayground.test.tsx > ThreeJSPlayground Component > should render description text
TestingLibraryElementError: Unable to find an element with the text: Interactive 3D graphics and animations powered by Three.js. This could be because the text is broken up by multiple elements. In this case, you can provide a function for your text matcher to make your matcher more flexible.

Ignored nodes: comments, script, style
<body />
 笶ｯ Object.getElementError node_modules/@testing-library/dom/dist/config.js:37:19
 笶ｯ node_modules/@testing-library/dom/dist/query-helpers.js:76:38
 笶ｯ node_modules/@testing-library/dom/dist/query-helpers.js:52:17
 笶ｯ node_modules/@testing-library/dom/dist/query-helpers.js:95:19
 笶ｯ src/app/02_portfolio/components/ThreeJSPlayground.test.tsx:72:14
     70|     render(<ThreeJSPlayground />);
     71|     expect(
     72|       screen.getByText('Interactive 3D graphics and animations powered窶ｦ
       |              ^
     73|     ).toBeInTheDocument();
     74|   });

竡ｯ竡ｯ竡ｯ竡ｯ竡ｯ竡ｯ竡ｯ竡ｯ竡ｯ竡ｯ竡ｯ竡ｯ竡ｯ竡ｯ竡ｯ竡ｯ竡ｯ竡ｯ竡ｯ竡ｯ[109/201]竡ｯ

 FAIL  src/app/02_portfolio/components/ThreeJSPlayground.test.tsx > ThreeJSPlayground Component > should render control buttons
TestingLibraryElementError: Unable to find an accessible element with the role "button" and name "Reset Scene"

There are no accessible roles. But there might be some inaccessible roles. If you wish to access them, then set the `hidden` option to `true`. Learn more about this here: https://testing-library.com/docs/dom-testing-library/api-queries#byrole

Ignored nodes: comments, script, style
<body />
 笶ｯ Object.getElementError node_modules/@testing-library/dom/dist/config.js:37:19
 笶ｯ node_modules/@testing-library/dom/dist/query-helpers.js:76:38
 笶ｯ node_modules/@testing-library/dom/dist/query-helpers.js:52:17
 笶ｯ node_modules/@testing-library/dom/dist/query-helpers.js:95:19
 笶ｯ src/app/02_portfolio/components/ThreeJSPlayground.test.tsx:78:19
     76|   it('should render control buttons', () => {
     77|     render(<ThreeJSPlayground />);
     78|     expect(screen.getByRole('button', { name: 'Reset Scene' })).toBeIn窶ｦ
       |                   ^
     79|     expect(screen.getByRole('button', { name: 'Toggle Animation' })).t窶ｦ
     80|   });

竡ｯ竡ｯ竡ｯ竡ｯ竡ｯ竡ｯ竡ｯ竡ｯ竡ｯ竡ｯ竡ｯ竡ｯ竡ｯ竡ｯ竡ｯ竡ｯ竡ｯ竡ｯ竡ｯ竡ｯ[110/201]竡ｯ

 FAIL  src/app/02_portfolio/components/ThreeJSPlayground.test.tsx > ThreeJSPlayground Component > should handle button clicks without errors
TestingLibraryElementError: Unable to find an accessible element with the role "button" and name "Reset Scene"

There are no accessible roles. But there might be some inaccessible roles. If you wish to access them, then set the `hidden` option to `true`. Learn more about this here: https://testing-library.com/docs/dom-testing-library/api-queries#byrole

Ignored nodes: comments, script, style
<body />
 笶ｯ Object.getElementError node_modules/@testing-library/dom/dist/config.js:37:19
 笶ｯ node_modules/@testing-library/dom/dist/query-helpers.js:76:38
 笶ｯ node_modules/@testing-library/dom/dist/query-helpers.js:52:17
 笶ｯ node_modules/@testing-library/dom/dist/query-helpers.js:95:19
 笶ｯ src/app/02_portfolio/components/ThreeJSPlayground.test.tsx:101:32
     99|   it('should handle button clicks without errors', async () => {
    100|     render(<ThreeJSPlayground />);
    101|     const resetButton = screen.getByRole('button', { name: 'Reset Scen窶ｦ
       |                                ^
    102|     await userEvent.click(resetButton);
    103|     // Add assertions here if reset has an effect

竡ｯ竡ｯ竡ｯ竡ｯ竡ｯ竡ｯ竡ｯ竡ｯ竡ｯ竡ｯ竡ｯ竡ｯ竡ｯ竡ｯ竡ｯ竡ｯ竡ｯ竡ｯ竡ｯ竡ｯ[111/201]竡ｯ

 FAIL  src/app/02_portfolio/[id]/page.test.tsx > PortfolioDetailPage > should render the portfolio detail page
TestingLibraryElementError: Unable to find an element by: [data-testid="portfolio-detail"]

Ignored nodes: comments, script, style
<body />
 笶ｯ Object.getElementError node_modules/@testing-library/dom/dist/config.js:37:19
 笶ｯ node_modules/@testing-library/dom/dist/query-helpers.js:76:38
 笶ｯ node_modules/@testing-library/dom/dist/query-helpers.js:52:17
 笶ｯ node_modules/@testing-library/dom/dist/query-helpers.js:95:19
 笶ｯ src/app/02_portfolio/[id]/page.test.tsx:54:19
     52|     render(await PortfolioDetailPage({ params: { id: 'portfolio-1' } }窶ｦ
     53| 
     54|     expect(screen.getByTestId('portfolio-detail')).toBeInTheDocument();
       |                   ^
     55|     expect(screen.getByText('Test Portfolio Item')).toBeInTheDocument(窶ｦ
     56|     expect(screen.getByText('Test description')).toBeInTheDocument();

竡ｯ竡ｯ竡ｯ竡ｯ竡ｯ竡ｯ竡ｯ竡ｯ竡ｯ竡ｯ竡ｯ竡ｯ竡ｯ竡ｯ竡ｯ竡ｯ竡ｯ竡ｯ竡ｯ竡ｯ[112/201]竡ｯ

 FAIL  src/app/02_portfolio/stats/page.test.tsx > PortfolioStatsPage > should render the portfolio stats page with title and description
TestingLibraryElementError: Unable to find an element with the text: Portfolio Statistics. This could be because the text is broken up by multiple elements. In this case, you can provide a function for your text matcher to make your matcher more flexible.

Ignored nodes: comments, script, style
<body />
 笶ｯ Object.getElementError node_modules/@testing-library/dom/dist/config.js:37:19
 笶ｯ node_modules/@testing-library/dom/dist/query-helpers.js:76:38
 笶ｯ node_modules/@testing-library/dom/dist/query-helpers.js:52:17
 笶ｯ node_modules/@testing-library/dom/dist/query-helpers.js:95:19
 笶ｯ src/app/02_portfolio/stats/page.test.tsx:95:19
     93|     render(await PortfolioStatsPage());
     94| 
     95|     expect(screen.getByText('Portfolio Statistics')).toBeInTheDocument窶ｦ
       |                   ^
     96|     expect(screen.getByText('繝昴・繝医ヵ繧ｩ繝ｪ繧ｪ邨ｱ險・)).toBeInTheDocument();
     97|   });

竡ｯ竡ｯ竡ｯ竡ｯ竡ｯ竡ｯ竡ｯ竡ｯ竡ｯ竡ｯ竡ｯ竡ｯ竡ｯ竡ｯ竡ｯ竡ｯ竡ｯ竡ｯ竡ｯ竡ｯ[113/201]竡ｯ

 FAIL  src/app/02_portfolio/stats/page.test.tsx > PortfolioStatsPage > should pass mapped portfolio stats to the PortfolioStats component
TestingLibraryElementError: Unable to find an element by: [data-testid="portfolio-stats"]

Ignored nodes: comments, script, style
<body />
 笶ｯ Object.getElementError node_modules/@testing-library/dom/dist/config.js:37:19
 笶ｯ node_modules/@testing-library/dom/dist/query-helpers.js:76:38
 笶ｯ node_modules/@testing-library/dom/dist/query-helpers.js:52:17
 笶ｯ node_modules/@testing-library/dom/dist/query-helpers.js:95:19
 笶ｯ src/app/02_portfolio/stats/page.test.tsx:109:19
    107|     render(await PortfolioStatsPage());
    108| 
    109|     expect(screen.getByTestId('portfolio-stats')).toBeInTheDocument();
       |                   ^
    110|     expect(screen.getByText('Stats Count: 3')).toBeInTheDocument();
    111| 

竡ｯ竡ｯ竡ｯ竡ｯ竡ｯ竡ｯ竡ｯ竡ｯ竡ｯ竡ｯ竡ｯ竡ｯ竡ｯ竡ｯ竡ｯ竡ｯ竡ｯ竡ｯ竡ｯ竡ｯ[114/201]竡ｯ

 FAIL  src/app/02_portfolio/stats/page.test.tsx > PortfolioStatsPage > should render the back link
TestingLibraryElementError: Unable to find an element with the text: Back to Portfolio. This could be because the text is broken up by multiple elements. In this case, you can provide a function for your text matcher to make your matcher more flexible.

Ignored nodes: comments, script, style
<body />
 笶ｯ Object.getElementError node_modules/@testing-library/dom/dist/config.js:37:19
 笶ｯ node_modules/@testing-library/dom/dist/query-helpers.js:76:38
 笶ｯ node_modules/@testing-library/dom/dist/query-helpers.js:52:17
 笶ｯ node_modules/@testing-library/dom/dist/query-helpers.js:95:19
 笶ｯ src/app/02_portfolio/stats/page.test.tsx:122:29
    120|     render(await PortfolioStatsPage());
    121| 
    122|     const backLink = screen.getByText('Back to Portfolio');
       |                             ^
    123|     expect(backLink).toBeInTheDocument();
    124|     expect(backLink.closest('a')).toHaveAttribute('href', '/02_portfol窶ｦ

竡ｯ竡ｯ竡ｯ竡ｯ竡ｯ竡ｯ竡ｯ竡ｯ竡ｯ竡ｯ竡ｯ竡ｯ竡ｯ竡ｯ竡ｯ竡ｯ竡ｯ竡ｯ竡ｯ竡ｯ[115/201]竡ｯ

 FAIL  src/app/02_portfolio/stats/page.test.tsx > PortfolioStatsPage > should handle unknown portfolio items
TestingLibraryElementError: Unable to find an element by: [data-testid="portfolio-stat-item"]

Ignored nodes: comments, script, style
<body />
 笶ｯ Object.getElementError node_modules/@testing-library/dom/dist/config.js:37:19
 笶ｯ node_modules/@testing-library/dom/dist/query-helpers.js:76:38
 笶ｯ node_modules/@testing-library/dom/dist/query-helpers.js:109:15
 笶ｯ src/app/02_portfolio/stats/page.test.tsx:136:30
    134|     render(await PortfolioStatsPage());
    135| 
    136|     const statItems = screen.getAllByTestId('portfolio-stat-item');
       |                              ^
    137|     expect(statItems).toHaveLength(4);
    138|     expect(statItems[3]).toHaveTextContent('unknown-item: 50 views');

竡ｯ竡ｯ竡ｯ竡ｯ竡ｯ竡ｯ竡ｯ竡ｯ竡ｯ竡ｯ竡ｯ竡ｯ竡ｯ竡ｯ竡ｯ竡ｯ竡ｯ竡ｯ竡ｯ竡ｯ[116/201]竡ｯ

 FAIL  src/app/04_tools/components/AeExpression.test.tsx > AeExpression Component > should render the AE Expression component
TestingLibraryElementError: Unable to find an accessible element with the role "heading" and name "AE Expression"

There are no accessible roles. But there might be some inaccessible roles. If you wish to access them, then set the `hidden` option to `true`. Learn more about this here: https://testing-library.com/docs/dom-testing-library/api-queries#byrole

Ignored nodes: comments, script, style
<body />
 笶ｯ Object.getElementError node_modules/@testing-library/dom/dist/config.js:37:19
 笶ｯ node_modules/@testing-library/dom/dist/query-helpers.js:76:38
 笶ｯ node_modules/@testing-library/dom/dist/query-helpers.js:52:17
 笶ｯ node_modules/@testing-library/dom/dist/query-helpers.js:95:19
 笶ｯ src/app/04_tools/components/AeExpression.test.tsx:10:19
      8|     render(<AeExpression />);
      9| 
     10|     expect(screen.getByRole('heading', { name: 'AE Expression' })).toB窶ｦ
       |                   ^
     11|     expect(
     12|       screen.getByText(

竡ｯ竡ｯ竡ｯ竡ｯ竡ｯ竡ｯ竡ｯ竡ｯ竡ｯ竡ｯ竡ｯ竡ｯ竡ｯ竡ｯ竡ｯ竡ｯ竡ｯ竡ｯ竡ｯ竡ｯ[117/201]竡ｯ

 FAIL  src/app/04_tools/components/AeExpression.test.tsx > AeExpression Component > should have proper heading styling
TestingLibraryElementError: Unable to find an accessible element with the role "heading" and name "AE Expression"

There are no accessible roles. But there might be some inaccessible roles. If you wish to access them, then set the `hidden` option to `true`. Learn more about this here: https://testing-library.com/docs/dom-testing-library/api-queries#byrole

Ignored nodes: comments, script, style
<body />
 笶ｯ Object.getElementError node_modules/@testing-library/dom/dist/config.js:37:19
 笶ｯ node_modules/@testing-library/dom/dist/query-helpers.js:76:38
 笶ｯ node_modules/@testing-library/dom/dist/query-helpers.js:52:17
 笶ｯ node_modules/@testing-library/dom/dist/query-helpers.js:95:19
 笶ｯ src/app/04_tools/components/AeExpression.test.tsx:21:28
     19|     render(<AeExpression />);
     20| 
     21|     const heading = screen.getByRole('heading', { name: 'AE Expression窶ｦ
       |                            ^
     22|     expect(heading).toHaveClass('neue-haas-grotesk-display', 'text-blu窶ｦ
     23|   });

竡ｯ竡ｯ竡ｯ竡ｯ竡ｯ竡ｯ竡ｯ竡ｯ竡ｯ竡ｯ竡ｯ竡ｯ竡ｯ竡ｯ竡ｯ竡ｯ竡ｯ竡ｯ竡ｯ竡ｯ[118/201]竡ｯ

 FAIL  src/app/04_tools/components/AeExpression.test.tsx > AeExpression Component > should have proper description styling
TestingLibraryElementError: Unable to find an element with the text: After Effects expression generator - Coming soon with Scratch-like block interface. This could be because the text is broken up by multiple elements. In this case, you can provide a function for your text matcher to make your matcher more flexible.

Ignored nodes: comments, script, style
<body />
 笶ｯ Object.getElementError node_modules/@testing-library/dom/dist/config.js:37:19
 笶ｯ node_modules/@testing-library/dom/dist/query-helpers.js:76:38
 笶ｯ node_modules/@testing-library/dom/dist/query-helpers.js:52:17
 笶ｯ node_modules/@testing-library/dom/dist/query-helpers.js:95:19
 笶ｯ src/app/04_tools/components/AeExpression.test.tsx:28:32
     26|     render(<AeExpression />);
     27| 
     28|     const description = screen.getByText(
       |                                ^
     29|       'After Effects expression generator - Coming soon with Scratch-l窶ｦ
     30|     );

竡ｯ竡ｯ竡ｯ竡ｯ竡ｯ竡ｯ竡ｯ竡ｯ竡ｯ竡ｯ竡ｯ竡ｯ竡ｯ竡ｯ竡ｯ竡ｯ竡ｯ竡ｯ竡ｯ竡ｯ[119/201]竡ｯ

 FAIL  src/app/04_tools/components/BusinessMailBlock.test.tsx > BusinessMailBlock Component > should render the business mail block component
TestingLibraryElementError: Unable to find an accessible element with the role "heading" and name "Business Mail Block"

There are no accessible roles. But there might be some inaccessible roles. If you wish to access them, then set the `hidden` option to `true`. Learn more about this here: https://testing-library.com/docs/dom-testing-library/api-queries#byrole

Ignored nodes: comments, script, style
<body />
 笶ｯ Object.getElementError node_modules/@testing-library/dom/dist/config.js:37:19
 笶ｯ node_modules/@testing-library/dom/dist/query-helpers.js:76:38
 笶ｯ node_modules/@testing-library/dom/dist/query-helpers.js:52:17
 笶ｯ node_modules/@testing-library/dom/dist/query-helpers.js:95:19
 笶ｯ src/app/04_tools/components/BusinessMailBlock.test.tsx:10:19
      8|     render(<BusinessMailBlock />);
      9| 
     10|     expect(screen.getByRole('heading', { name: 'Business Mail Block' }窶ｦ
       |                   ^
     11|     expect(
     12|       screen.getByText(

竡ｯ竡ｯ竡ｯ竡ｯ竡ｯ竡ｯ竡ｯ竡ｯ竡ｯ竡ｯ竡ｯ竡ｯ竡ｯ竡ｯ竡ｯ竡ｯ竡ｯ竡ｯ竡ｯ竡ｯ[120/201]竡ｯ

 FAIL  src/app/04_tools/components/BusinessMailBlock.test.tsx > BusinessMailBlock Component > should have proper heading styling
TestingLibraryElementError: Unable to find an accessible element with the role "heading" and name "Business Mail Block"

There are no accessible roles. But there might be some inaccessible roles. If you wish to access them, then set the `hidden` option to `true`. Learn more about this here: https://testing-library.com/docs/dom-testing-library/api-queries#byrole

Ignored nodes: comments, script, style
<body />
 笶ｯ Object.getElementError node_modules/@testing-library/dom/dist/config.js:37:19
 笶ｯ node_modules/@testing-library/dom/dist/query-helpers.js:76:38
 笶ｯ node_modules/@testing-library/dom/dist/query-helpers.js:52:17
 笶ｯ node_modules/@testing-library/dom/dist/query-helpers.js:95:19
 笶ｯ src/app/04_tools/components/BusinessMailBlock.test.tsx:21:28
     19|     render(<BusinessMailBlock />);
     20| 
     21|     const heading = screen.getByRole('heading', { name: 'Business Mail窶ｦ
       |                            ^
     22|     expect(heading).toHaveClass('neue-haas-grotesk-display', 'text-blu窶ｦ
     23|   });

竡ｯ竡ｯ竡ｯ竡ｯ竡ｯ竡ｯ竡ｯ竡ｯ竡ｯ竡ｯ竡ｯ竡ｯ竡ｯ竡ｯ竡ｯ竡ｯ竡ｯ竡ｯ竡ｯ竡ｯ[121/201]竡ｯ

 FAIL  src/app/04_tools/components/BusinessMailBlock.test.tsx > BusinessMailBlock Component > should have proper description styling
TestingLibraryElementError: Unable to find an element with the text: Business mail template generator - Coming soon with Scratch-like block interface. This could be because the text is broken up by multiple elements. In this case, you can provide a function for your text matcher to make your matcher more flexible.

Ignored nodes: comments, script, style
<body />
 笶ｯ Object.getElementError node_modules/@testing-library/dom/dist/config.js:37:19
 笶ｯ node_modules/@testing-library/dom/dist/query-helpers.js:76:38
 笶ｯ node_modules/@testing-library/dom/dist/query-helpers.js:52:17
 笶ｯ node_modules/@testing-library/dom/dist/query-helpers.js:95:19
 笶ｯ src/app/04_tools/components/BusinessMailBlock.test.tsx:28:32
     26|     render(<BusinessMailBlock />);
     27| 
     28|     const description = screen.getByText(
       |                                ^
     29|       'Business mail template generator - Coming soon with Scratch-lik窶ｦ
     30|     );

竡ｯ竡ｯ竡ｯ竡ｯ竡ｯ竡ｯ竡ｯ竡ｯ竡ｯ竡ｯ竡ｯ竡ｯ竡ｯ竡ｯ竡ｯ竡ｯ竡ｯ竡ｯ竡ｯ竡ｯ[122/201]竡ｯ

 FAIL  src/app/04_tools/components/ColorPalette.test.tsx > ColorPalette > should render the color palette component
TestingLibraryElementError: Unable to find an element with the text: Color Palette Generator. This could be because the text is broken up by multiple elements. In this case, you can provide a function for your text matcher to make your matcher more flexible.

Ignored nodes: comments, script, style
<body />
 笶ｯ Object.getElementError node_modules/@testing-library/dom/dist/config.js:37:19
 笶ｯ node_modules/@testing-library/dom/dist/query-helpers.js:76:38
 笶ｯ node_modules/@testing-library/dom/dist/query-helpers.js:52:17
 笶ｯ node_modules/@testing-library/dom/dist/query-helpers.js:95:19
 笶ｯ src/app/04_tools/components/ColorPalette.test.tsx:57:19
     55|     render(<ColorPalette />);
     56| 
     57|     expect(screen.getByText('Color Palette Generator')).toBeInTheDocum窶ｦ
       |                   ^
     58|     expect(screen.getByLabelText('Base Color')).toBeInTheDocument();
     59|     expect(screen.getByLabelText('Harmony Type')).toBeInTheDocument();

竡ｯ竡ｯ竡ｯ竡ｯ竡ｯ竡ｯ竡ｯ竡ｯ竡ｯ竡ｯ竡ｯ竡ｯ竡ｯ竡ｯ竡ｯ竡ｯ竡ｯ竡ｯ竡ｯ竡ｯ[123/201]竡ｯ

 FAIL  src/app/04_tools/components/ColorPalette.test.tsx > ColorPalette > should update base color when input changes
TestingLibraryElementError: Unable to find a label with the text of: Base Color

Ignored nodes: comments, script, style
<body />
 笶ｯ Object.getElementError node_modules/@testing-library/dom/dist/config.js:37:19
 笶ｯ getAllByLabelText node_modules/@testing-library/dom/dist/queries/label-text.js:111:38
 笶ｯ node_modules/@testing-library/dom/dist/query-helpers.js:52:17
 笶ｯ node_modules/@testing-library/dom/dist/query-helpers.js:95:19
 笶ｯ src/app/04_tools/components/ColorPalette.test.tsx:66:31
     64|     render(<ColorPalette />);
     65| 
     66|     const colorInput = screen.getByLabelText('Base Color');
       |                               ^
     67|     fireEvent.change(colorInput, { target: { value: '#ff0000' } });
     68| 

竡ｯ竡ｯ竡ｯ竡ｯ竡ｯ竡ｯ竡ｯ竡ｯ竡ｯ竡ｯ竡ｯ竡ｯ竡ｯ竡ｯ竡ｯ竡ｯ竡ｯ竡ｯ竡ｯ竡ｯ[124/201]竡ｯ

 FAIL  src/app/04_tools/components/ColorPalette.test.tsx > ColorPalette > should generate a random color when random button is clicked
TestingLibraryElementError: Unable to find a label with the text of: Base Color

Ignored nodes: comments, script, style
<body />
 笶ｯ Object.getElementError node_modules/@testing-library/dom/dist/config.js:37:19
 笶ｯ getAllByLabelText node_modules/@testing-library/dom/dist/queries/label-text.js:111:38
 笶ｯ node_modules/@testing-library/dom/dist/query-helpers.js:52:17
 笶ｯ node_modules/@testing-library/dom/dist/query-helpers.js:95:19
 笶ｯ src/app/04_tools/components/ColorPalette.test.tsx:80:33
     78|     render(<ColorPalette />);
     79| 
     80|     const initialColor = screen.getByLabelText('Base Color').getAttrib窶ｦ
       |                                 ^
     81|     const randomButton = screen.getByText('Random');
     82|     fireEvent.click(randomButton);

竡ｯ竡ｯ竡ｯ竡ｯ竡ｯ竡ｯ竡ｯ竡ｯ竡ｯ竡ｯ竡ｯ竡ｯ竡ｯ竡ｯ竡ｯ竡ｯ竡ｯ竡ｯ竡ｯ竡ｯ[125/201]竡ｯ

 FAIL  src/app/04_tools/components/ColorPalette.test.tsx > ColorPalette > should change harmony type when dropdown changes
TestingLibraryElementError: Unable to find a label with the text of: Harmony Type

Ignored nodes: comments, script, style
<body />
 笶ｯ Object.getElementError node_modules/@testing-library/dom/dist/config.js:37:19
 笶ｯ getAllByLabelText node_modules/@testing-library/dom/dist/queries/label-text.js:111:38
 笶ｯ node_modules/@testing-library/dom/dist/query-helpers.js:52:17
 笶ｯ node_modules/@testing-library/dom/dist/query-helpers.js:95:19
 笶ｯ src/app/04_tools/components/ColorPalette.test.tsx:94:34
     92|     render(<ColorPalette />);
     93| 
     94|     const harmonySelect = screen.getByLabelText('Harmony Type');
       |                                  ^
     95|     fireEvent.change(harmonySelect, { target: { value: 'triadic' } });
     96| 

竡ｯ竡ｯ竡ｯ竡ｯ竡ｯ竡ｯ竡ｯ竡ｯ竡ｯ竡ｯ竡ｯ竡ｯ竡ｯ竡ｯ竡ｯ竡ｯ竡ｯ竡ｯ竡ｯ竡ｯ[126/201]竡ｯ

 FAIL  src/app/04_tools/components/ColorPalette.test.tsx > ColorPalette > should change color format when format buttons are clicked
TestingLibraryElementError: Unable to find an element with the text: HEX. This could be because the text is broken up by multiple elements. In this case, you can provide a function for your text matcher to make your matcher more flexible.

Ignored nodes: comments, script, style
<body />
 笶ｯ Object.getElementError node_modules/@testing-library/dom/dist/config.js:37:19
 笶ｯ node_modules/@testing-library/dom/dist/query-helpers.js:76:38
 笶ｯ node_modules/@testing-library/dom/dist/query-helpers.js:52:17
 笶ｯ node_modules/@testing-library/dom/dist/query-helpers.js:95:19
 笶ｯ src/app/04_tools/components/ColorPalette.test.tsx:104:19
    102| 
    103|     // Initially in HEX format
    104|     expect(screen.getByText('HEX')).toHaveClass('bg-primary');
       |                   ^
    105| 
    106|     // Click RGB button

竡ｯ竡ｯ竡ｯ竡ｯ竡ｯ竡ｯ竡ｯ竡ｯ竡ｯ竡ｯ竡ｯ竡ｯ竡ｯ竡ｯ竡ｯ竡ｯ竡ｯ竡ｯ竡ｯ竡ｯ[127/201]竡ｯ

 FAIL  src/app/04_tools/components/ColorPalette.test.tsx > ColorPalette > should copy color to clipboard when copy button is clicked
TestingLibraryElementError: Unable to find an element with the title: Copy color.

Ignored nodes: comments, script, style
<body />
 笶ｯ Object.getElementError node_modules/@testing-library/dom/dist/config.js:37:19
 笶ｯ node_modules/@testing-library/dom/dist/query-helpers.js:76:38
 笶ｯ node_modules/@testing-library/dom/dist/query-helpers.js:109:15
 笶ｯ src/app/04_tools/components/ColorPalette.test.tsx:121:32
    119| 
    120|     // Find a copy button
    121|     const copyButtons = screen.getAllByTitle('Copy color');
       |                                ^
    122|     fireEvent.click(copyButtons[0]);
    123| 

竡ｯ竡ｯ竡ｯ竡ｯ竡ｯ竡ｯ竡ｯ竡ｯ竡ｯ竡ｯ竡ｯ竡ｯ竡ｯ竡ｯ竡ｯ竡ｯ竡ｯ竡ｯ竡ｯ竡ｯ[128/201]竡ｯ

 FAIL  src/app/04_tools/components/ColorPalette.test.tsx > ColorPalette > should save palette when save button is clicked
TestingLibraryElementError: Unable to find an element with the placeholder text of: My awesome palette

Ignored nodes: comments, script, style
<body />
 笶ｯ Object.getElementError node_modules/@testing-library/dom/dist/config.js:37:19
 笶ｯ node_modules/@testing-library/dom/dist/query-helpers.js:76:38
 笶ｯ node_modules/@testing-library/dom/dist/query-helpers.js:52:17
 笶ｯ node_modules/@testing-library/dom/dist/query-helpers.js:95:19
 笶ｯ src/app/04_tools/components/ColorPalette.test.tsx:143:30
    141| 
    142|     // Enter palette name
    143|     const nameInput = screen.getByPlaceholderText('My awesome palette'窶ｦ
       |                              ^
    144|     fireEvent.change(nameInput, { target: { value: 'Test Palette' } });
    145| 

竡ｯ竡ｯ竡ｯ竡ｯ竡ｯ竡ｯ竡ｯ竡ｯ竡ｯ竡ｯ竡ｯ竡ｯ竡ｯ竡ｯ竡ｯ竡ｯ竡ｯ竡ｯ竡ｯ竡ｯ[129/201]竡ｯ

 FAIL  src/app/04_tools/components/ColorPalette.test.tsx > ColorPalette > should export palette in different formats
TypeError: 'createElement' called on an object that is not a valid instance of Document.
 笶ｯ createElement node_modules/jsdom/lib/jsdom/living/generated/Document.js:237:15
 笶ｯ Document.<anonymous> src/app/04_tools/components/ColorPalette.test.tsx:173:14
    171|     document.createElement = vi.fn().mockImplementation(tag => {
    172|       if (tag === 'a') return mockAnchorElement;
    173|       return originalCreateElement(tag);
       |              ^
    174|     });
    175| 
 笶ｯ Proxy.render node_modules/@testing-library/react/dist/pure.js:260:50
 笶ｯ src/app/04_tools/components/ColorPalette.test.tsx:180:5

竡ｯ竡ｯ竡ｯ竡ｯ竡ｯ竡ｯ竡ｯ竡ｯ竡ｯ竡ｯ竡ｯ竡ｯ竡ｯ竡ｯ竡ｯ竡ｯ竡ｯ竡ｯ竡ｯ竡ｯ[130/201]竡ｯ

 FAIL  src/app/04_tools/components/ColorPalette.test.tsx > ColorPalette > should show error when trying to save palette without a name
TypeError: Failed to execute 'appendChild' on 'Node': parameter 1 is not of type 'Node'.
 笶ｯ Object.exports.convert node_modules/jsdom/lib/jsdom/living/generated/Node.js:25:9
 笶ｯ HTMLBodyElement.appendChild node_modules/jsdom/lib/jsdom/living/generated/Node.js:404:26
 笶ｯ Proxy.render node_modules/@testing-library/react/dist/pure.js:260:29
 笶ｯ src/app/04_tools/components/ColorPalette.test.tsx:210:5
    208| 
    209|   it('should show error when trying to save palette without a name', (窶ｦ
    210|     render(<ColorPalette />);
       |     ^
    211| 
    212|     // Click save button without entering a name

竡ｯ竡ｯ竡ｯ竡ｯ竡ｯ竡ｯ竡ｯ竡ｯ竡ｯ竡ｯ竡ｯ竡ｯ竡ｯ竡ｯ竡ｯ竡ｯ竡ｯ竡ｯ竡ｯ竡ｯ[131/201]竡ｯ

 FAIL  src/app/04_tools/components/ColorPalette.test.tsx > ColorPalette > should load saved palettes from localStorage on mount
TypeError: Failed to execute 'appendChild' on 'Node': parameter 1 is not of type 'Node'.
 笶ｯ Object.exports.convert node_modules/jsdom/lib/jsdom/living/generated/Node.js:25:9
 笶ｯ HTMLBodyElement.appendChild node_modules/jsdom/lib/jsdom/living/generated/Node.js:404:26
 笶ｯ Proxy.render node_modules/@testing-library/react/dist/pure.js:260:29
 笶ｯ src/app/04_tools/components/ColorPalette.test.tsx:235:5
    233|     );
    234| 
    235|     render(<ColorPalette />);
       |     ^
    236| 
    237|     // Check if saved palette is displayed

竡ｯ竡ｯ竡ｯ竡ｯ竡ｯ竡ｯ竡ｯ竡ｯ竡ｯ竡ｯ竡ｯ竡ｯ竡ｯ竡ｯ竡ｯ竡ｯ竡ｯ竡ｯ竡ｯ竡ｯ[132/201]竡ｯ

 FAIL  src/app/04_tools/components/PiGame.test.tsx > PiGame Component > should render the pi game component
TestingLibraryElementError: Unable to find an accessible element with the role "heading" and name "Pi Game"

There are no accessible roles. But there might be some inaccessible roles. If you wish to access them, then set the `hidden` option to `true`. Learn more about this here: https://testing-library.com/docs/dom-testing-library/api-queries#byrole

Ignored nodes: comments, script, style
<body />
 笶ｯ Object.getElementError node_modules/@testing-library/dom/dist/config.js:37:19
 笶ｯ node_modules/@testing-library/dom/dist/query-helpers.js:76:38
 笶ｯ node_modules/@testing-library/dom/dist/query-helpers.js:52:17
 笶ｯ node_modules/@testing-library/dom/dist/query-helpers.js:95:19
 笶ｯ src/app/04_tools/components/PiGame.test.tsx:10:19
      8|     render(<PiGame />);
      9| 
     10|     expect(screen.getByRole('heading', { name: 'Pi Game' })).toBeInThe窶ｦ
       |                   ^
     11|     expect(
     12|       screen.getByText('Pi sequence memory game - Coming soon with num窶ｦ

竡ｯ竡ｯ竡ｯ竡ｯ竡ｯ竡ｯ竡ｯ竡ｯ竡ｯ竡ｯ竡ｯ竡ｯ竡ｯ竡ｯ竡ｯ竡ｯ竡ｯ竡ｯ竡ｯ竡ｯ[133/201]竡ｯ

 FAIL  src/app/04_tools/components/PiGame.test.tsx > PiGame Component > should have proper heading styling
TestingLibraryElementError: Unable to find an accessible element with the role "heading" and name "Pi Game"

There are no accessible roles. But there might be some inaccessible roles. If you wish to access them, then set the `hidden` option to `true`. Learn more about this here: https://testing-library.com/docs/dom-testing-library/api-queries#byrole

Ignored nodes: comments, script, style
<body />
 笶ｯ Object.getElementError node_modules/@testing-library/dom/dist/config.js:37:19
 笶ｯ node_modules/@testing-library/dom/dist/query-helpers.js:76:38
 笶ｯ node_modules/@testing-library/dom/dist/query-helpers.js:52:17
 笶ｯ node_modules/@testing-library/dom/dist/query-helpers.js:95:19
 笶ｯ src/app/04_tools/components/PiGame.test.tsx:19:28
     17|     render(<PiGame />);
     18| 
     19|     const heading = screen.getByRole('heading', { name: 'Pi Game' });
       |                            ^
     20|     expect(heading).toHaveClass('neue-haas-grotesk-display', 'text-blu窶ｦ
     21|   });

竡ｯ竡ｯ竡ｯ竡ｯ竡ｯ竡ｯ竡ｯ竡ｯ竡ｯ竡ｯ竡ｯ竡ｯ竡ｯ竡ｯ竡ｯ竡ｯ竡ｯ竡ｯ竡ｯ竡ｯ[134/201]竡ｯ

 FAIL  src/app/04_tools/components/PiGame.test.tsx > PiGame Component > should have proper description styling
TestingLibraryElementError: Unable to find an element with the text: Pi sequence memory game - Coming soon with number pad interface. This could be because the text is broken up by multiple elements. In this case, you can provide a function for your text matcher to make your matcher more flexible.

Ignored nodes: comments, script, style
<body />
 笶ｯ Object.getElementError node_modules/@testing-library/dom/dist/config.js:37:19
 笶ｯ node_modules/@testing-library/dom/dist/query-helpers.js:76:38
 笶ｯ node_modules/@testing-library/dom/dist/query-helpers.js:52:17
 笶ｯ node_modules/@testing-library/dom/dist/query-helpers.js:95:19
 笶ｯ src/app/04_tools/components/PiGame.test.tsx:26:32
     24|     render(<PiGame />);
     25| 
     26|     const description = screen.getByText(
       |                                ^
     27|       'Pi sequence memory game - Coming soon with number pad interface'
     28|     );

竡ｯ竡ｯ竡ｯ竡ｯ竡ｯ竡ｯ竡ｯ竡ｯ竡ｯ竡ｯ竡ｯ竡ｯ竡ｯ竡ｯ竡ｯ竡ｯ竡ｯ竡ｯ竡ｯ竡ｯ[135/201]竡ｯ

 FAIL  src/app/04_tools/components/PriceCalculator.test.tsx > PriceCalculator Component > should render the Price Calculator component
TestingLibraryElementError: Unable to find an accessible element with the role "heading" and name "Price Calculator"

There are no accessible roles. But there might be some inaccessible roles. If you wish to access them, then set the `hidden` option to `true`. Learn more about this here: https://testing-library.com/docs/dom-testing-library/api-queries#byrole

Ignored nodes: comments, script, style
<body />
 笶ｯ Object.getElementError node_modules/@testing-library/dom/dist/config.js:37:19
 笶ｯ node_modules/@testing-library/dom/dist/query-helpers.js:76:38
 笶ｯ node_modules/@testing-library/dom/dist/query-helpers.js:52:17
 笶ｯ node_modules/@testing-library/dom/dist/query-helpers.js:95:19
 笶ｯ src/app/04_tools/components/PriceCalculator.test.tsx:8:19
      6|   it('should render the Price Calculator component', () => {
      7|     render(<PriceCalculator />);
      8|     expect(screen.getByRole('heading', { name: 'Price Calculator' })).窶ｦ
       |                   ^
      9|   });
     10| });

竡ｯ竡ｯ竡ｯ竡ｯ竡ｯ竡ｯ竡ｯ竡ｯ竡ｯ竡ｯ竡ｯ竡ｯ竡ｯ竡ｯ竡ｯ竡ｯ竡ｯ竡ｯ竡ｯ竡ｯ[136/201]竡ｯ

 FAIL  src/app/04_tools/components/ProtoType.test.tsx > ProtoType Component > should render the prototype component
TestingLibraryElementError: Unable to find an accessible element with the role "heading" and name "ProtoType"

There are no accessible roles. But there might be some inaccessible roles. If you wish to access them, then set the `hidden` option to `true`. Learn more about this here: https://testing-library.com/docs/dom-testing-library/api-queries#byrole

Ignored nodes: comments, script, style
<body />
 笶ｯ Object.getElementError node_modules/@testing-library/dom/dist/config.js:37:19
 笶ｯ node_modules/@testing-library/dom/dist/query-helpers.js:76:38
 笶ｯ node_modules/@testing-library/dom/dist/query-helpers.js:52:17
 笶ｯ node_modules/@testing-library/dom/dist/query-helpers.js:95:19
 笶ｯ src/app/04_tools/components/ProtoType.test.tsx:10:19
      8|     render(<ProtoType />);
      9| 
     10|     expect(screen.getByRole('heading', { name: 'ProtoType' })).toBeInT窶ｦ
       |                   ^
     11|     expect(
     12|       screen.getByText('PIXIjs typing game - Coming soon with GitHub r窶ｦ

竡ｯ竡ｯ竡ｯ竡ｯ竡ｯ竡ｯ竡ｯ竡ｯ竡ｯ竡ｯ竡ｯ竡ｯ竡ｯ竡ｯ竡ｯ竡ｯ竡ｯ竡ｯ竡ｯ竡ｯ[137/201]竡ｯ

 FAIL  src/app/04_tools/components/ProtoType.test.tsx > ProtoType Component > should have proper heading styling
TestingLibraryElementError: Unable to find an accessible element with the role "heading" and name "ProtoType"

There are no accessible roles. But there might be some inaccessible roles. If you wish to access them, then set the `hidden` option to `true`. Learn more about this here: https://testing-library.com/docs/dom-testing-library/api-queries#byrole

Ignored nodes: comments, script, style
<body />
 笶ｯ Object.getElementError node_modules/@testing-library/dom/dist/config.js:37:19
 笶ｯ node_modules/@testing-library/dom/dist/query-helpers.js:76:38
 笶ｯ node_modules/@testing-library/dom/dist/query-helpers.js:52:17
 笶ｯ node_modules/@testing-library/dom/dist/query-helpers.js:95:19
 笶ｯ src/app/04_tools/components/ProtoType.test.tsx:19:28
     17|     render(<ProtoType />);
     18| 
     19|     const heading = screen.getByRole('heading', { name: 'ProtoType' });
       |                            ^
     20|     expect(heading).toHaveClass('neue-haas-grotesk-display', 'text-blu窶ｦ
     21|   });

竡ｯ竡ｯ竡ｯ竡ｯ竡ｯ竡ｯ竡ｯ竡ｯ竡ｯ竡ｯ竡ｯ竡ｯ竡ｯ竡ｯ竡ｯ竡ｯ竡ｯ竡ｯ竡ｯ竡ｯ[138/201]竡ｯ

 FAIL  src/app/04_tools/components/ProtoType.test.tsx > ProtoType Component > should have proper description styling
TestingLibraryElementError: Unable to find an element with the text: PIXIjs typing game - Coming soon with GitHub repository integration. This could be because the text is broken up by multiple elements. In this case, you can provide a function for your text matcher to make your matcher more flexible.

Ignored nodes: comments, script, style
<body />
 笶ｯ Object.getElementError node_modules/@testing-library/dom/dist/config.js:37:19
 笶ｯ node_modules/@testing-library/dom/dist/query-helpers.js:76:38
 笶ｯ node_modules/@testing-library/dom/dist/query-helpers.js:52:17
 笶ｯ node_modules/@testing-library/dom/dist/query-helpers.js:95:19
 笶ｯ src/app/04_tools/components/ProtoType.test.tsx:26:32
     24|     render(<ProtoType />);
     25| 
     26|     const description = screen.getByText(
       |                                ^
     27|       'PIXIjs typing game - Coming soon with GitHub repository integra窶ｦ
     28|     );

竡ｯ竡ｯ竡ｯ竡ｯ竡ｯ竡ｯ竡ｯ竡ｯ竡ｯ竡ｯ竡ｯ竡ｯ竡ｯ竡ｯ竡ｯ竡ｯ竡ｯ竡ｯ竡ｯ竡ｯ[139/201]竡ｯ

 FAIL  src/app/04_tools/components/SimpleTools.test.tsx > Simple Tool Components > PiGame Component > should render the Pi Game component
TestingLibraryElementError: Unable to find an element with the text: Pi sequence memory game - Coming soon with number pad interface. This could be because the text is broken up by multiple elements. In this case, you can provide a function for your text matcher to make your matcher more flexible.

Ignored nodes: comments, script, style
<body />
 笶ｯ Object.getElementError node_modules/@testing-library/dom/dist/config.js:37:19
 笶ｯ node_modules/@testing-library/dom/dist/query-helpers.js:76:38
 笶ｯ node_modules/@testing-library/dom/dist/query-helpers.js:52:17
 笶ｯ node_modules/@testing-library/dom/dist/query-helpers.js:95:19
 笶ｯ src/app/04_tools/components/SimpleTools.test.tsx:18:16
     16|       expect(heading?.textContent).toBe('Pi Game');
     17|       expect(
     18|         screen.getByText('Pi sequence memory game - Coming soon with n窶ｦ
       |                ^
     19|       ).toBeInTheDocument();
     20|     });

竡ｯ竡ｯ竡ｯ竡ｯ竡ｯ竡ｯ竡ｯ竡ｯ竡ｯ竡ｯ竡ｯ竡ｯ竡ｯ竡ｯ竡ｯ竡ｯ竡ｯ竡ｯ竡ｯ竡ｯ[140/201]竡ｯ

 FAIL  src/app/04_tools/components/SimpleTools.test.tsx > Simple Tool Components > AeExpression Component > should render the AE Expression component
TestingLibraryElementError: Unable to find an element with the text: After Effects expression generator - Coming soon with Scratch-like block interface. This could be because the text is broken up by multiple elements. In this case, you can provide a function for your text matcher to make your matcher more flexible.

Ignored nodes: comments, script, style
<body />
 笶ｯ Object.getElementError node_modules/@testing-library/dom/dist/config.js:37:19
 笶ｯ node_modules/@testing-library/dom/dist/query-helpers.js:76:38
 笶ｯ node_modules/@testing-library/dom/dist/query-helpers.js:52:17
 笶ｯ node_modules/@testing-library/dom/dist/query-helpers.js:95:19
 笶ｯ src/app/04_tools/components/SimpleTools.test.tsx:54:16
     52|       expect(heading?.textContent).toBe('AE Expression');
     53|       expect(
     54|         screen.getByText(
       |                ^
     55|           'After Effects expression generator - Coming soon with Scrat窶ｦ
     56|         )

竡ｯ竡ｯ竡ｯ竡ｯ竡ｯ竡ｯ竡ｯ竡ｯ竡ｯ竡ｯ竡ｯ竡ｯ竡ｯ竡ｯ竡ｯ竡ｯ竡ｯ竡ｯ竡ｯ竡ｯ[141/201]竡ｯ

 FAIL  src/app/04_tools/components/SimpleTools.test.tsx > Simple Tool Components > ProtoType Component > should render the ProtoType component
TestingLibraryElementError: Unable to find an element with the text: PIXIjs typing game - Coming soon with GitHub repository integration. This could be because the text is broken up by multiple elements. In this case, you can provide a function for your text matcher to make your matcher more flexible.

Ignored nodes: comments, script, style
<body />
 笶ｯ Object.getElementError node_modules/@testing-library/dom/dist/config.js:37:19
 笶ｯ node_modules/@testing-library/dom/dist/query-helpers.js:76:38
 笶ｯ node_modules/@testing-library/dom/dist/query-helpers.js:52:17
 笶ｯ node_modules/@testing-library/dom/dist/query-helpers.js:95:19
 笶ｯ src/app/04_tools/components/SimpleTools.test.tsx:92:16
     90|       expect(heading?.textContent).toBe('ProtoType');
     91|       expect(
     92|         screen.getByText('PIXIjs typing game - Coming soon with GitHub窶ｦ
       |                ^
     93|       ).toBeInTheDocument();
     94|     });

竡ｯ竡ｯ竡ｯ竡ｯ竡ｯ竡ｯ竡ｯ竡ｯ竡ｯ竡ｯ竡ｯ竡ｯ竡ｯ竡ｯ竡ｯ竡ｯ竡ｯ竡ｯ竡ｯ竡ｯ[142/201]竡ｯ

 FAIL  src/app/04_tools/components/SimpleTools.test.tsx > Simple Tool Components > Svg2tsx Component > should render the SVG2TSX component
TestingLibraryElementError: Unable to find an element with the text: SVG to TSX converter - Coming soon with React component generation. This could be because the text is broken up by multiple elements. In this case, you can provide a function for your text matcher to make your matcher more flexible.

Ignored nodes: comments, script, style
<body />
 笶ｯ Object.getElementError node_modules/@testing-library/dom/dist/config.js:37:19
 笶ｯ node_modules/@testing-library/dom/dist/query-helpers.js:76:38
 笶ｯ node_modules/@testing-library/dom/dist/query-helpers.js:52:17
 笶ｯ node_modules/@testing-library/dom/dist/query-helpers.js:95:19
 笶ｯ src/app/04_tools/components/SimpleTools.test.tsx:128:16
    126|       expect(heading?.textContent).toBe('SVG2TSX');
    127|       expect(
    128|         screen.getByText('SVG to TSX converter - Coming soon with Reac窶ｦ
       |                ^
    129|       ).toBeInTheDocument();
    130|     });

竡ｯ竡ｯ竡ｯ竡ｯ竡ｯ竡ｯ竡ｯ竡ｯ竡ｯ竡ｯ竡ｯ竡ｯ竡ｯ竡ｯ竡ｯ竡ｯ竡ｯ竡ｯ竡ｯ竡ｯ[143/201]竡ｯ

 FAIL  src/app/04_tools/components/SimpleTools2.test.tsx > Simple Tool Components 2 > BusinessMailBlock Component > should render the Business Mail Block component
TestingLibraryElementError: Unable to find an accessible element with the role "heading" and name "Business Mail Block"

There are no accessible roles. But there might be some inaccessible roles. If you wish to access them, then set the `hidden` option to `true`. Learn more about this here: https://testing-library.com/docs/dom-testing-library/api-queries#byrole

Ignored nodes: comments, script, style
<body />
 笶ｯ Object.getElementError node_modules/@testing-library/dom/dist/config.js:37:19
 笶ｯ node_modules/@testing-library/dom/dist/query-helpers.js:76:38
 笶ｯ node_modules/@testing-library/dom/dist/query-helpers.js:52:17
 笶ｯ node_modules/@testing-library/dom/dist/query-helpers.js:95:19
 笶ｯ src/app/04_tools/components/SimpleTools2.test.tsx:12:21
     10|       render(<BusinessMailBlock />);
     11| 
     12|       expect(screen.getByRole('heading', { name: 'Business Mail Block'窶ｦ
       |                     ^
     13|       expect(
     14|         screen.getByText(

竡ｯ竡ｯ竡ｯ竡ｯ竡ｯ竡ｯ竡ｯ竡ｯ竡ｯ竡ｯ竡ｯ竡ｯ竡ｯ竡ｯ竡ｯ竡ｯ竡ｯ竡ｯ竡ｯ竡ｯ[144/201]竡ｯ

 FAIL  src/app/04_tools/components/SimpleTools2.test.tsx > Simple Tool Components 2 > BusinessMailBlock Component > should have proper CSS classes
TestingLibraryElementError: Unable to find an accessible element with the role "heading" and name "Business Mail Block"

There are no accessible roles. But there might be some inaccessible roles. If you wish to access them, then set the `hidden` option to `true`. Learn more about this here: https://testing-library.com/docs/dom-testing-library/api-queries#byrole

Ignored nodes: comments, script, style
<body />
 笶ｯ Object.getElementError node_modules/@testing-library/dom/dist/config.js:37:19
 笶ｯ node_modules/@testing-library/dom/dist/query-helpers.js:76:38
 笶ｯ node_modules/@testing-library/dom/dist/query-helpers.js:52:17
 笶ｯ node_modules/@testing-library/dom/dist/query-helpers.js:95:19
 笶ｯ src/app/04_tools/components/SimpleTools2.test.tsx:26:30
     24|       expect(mainDiv).toHaveClass('rounded-none', 'bg-gray-800', 'p-6'窶ｦ
     25| 
     26|       const heading = screen.getByRole('heading', { name: 'Business Ma窶ｦ
       |                              ^
     27|       expect(heading).toHaveClass(
     28|         'neue-haas-grotesk-display',

竡ｯ竡ｯ竡ｯ竡ｯ竡ｯ竡ｯ竡ｯ竡ｯ竡ｯ竡ｯ竡ｯ竡ｯ竡ｯ竡ｯ竡ｯ竡ｯ竡ｯ竡ｯ竡ｯ竡ｯ[145/201]竡ｯ

 FAIL  src/app/04_tools/components/SimpleTools2.test.tsx > Simple Tool Components 2 > SequentialPngPreview Component > should render the Sequential PNG Preview component
TestingLibraryElementError: Unable to find an accessible element with the role "heading" and name "Sequential PNG Preview"

There are no accessible roles. But there might be some inaccessible roles. If you wish to access them, then set the `hidden` option to `true`. Learn more about this here: https://testing-library.com/docs/dom-testing-library/api-queries#byrole

Ignored nodes: comments, script, style
<body />
 笶ｯ Object.getElementError node_modules/@testing-library/dom/dist/config.js:37:19
 笶ｯ node_modules/@testing-library/dom/dist/query-helpers.js:76:38
 笶ｯ node_modules/@testing-library/dom/dist/query-helpers.js:52:17
 笶ｯ node_modules/@testing-library/dom/dist/query-helpers.js:95:19
 笶ｯ src/app/04_tools/components/SimpleTools2.test.tsx:45:21
     43|       render(<SequentialPngPreview />);
     44| 
     45|       expect(screen.getByRole('heading', { name: 'Sequential PNG Previ窶ｦ
       |                     ^
     46|       expect(
     47|         screen.getByText('Sequential PNG animation preview - Coming so窶ｦ

竡ｯ竡ｯ竡ｯ竡ｯ竡ｯ竡ｯ竡ｯ竡ｯ竡ｯ竡ｯ竡ｯ竡ｯ竡ｯ竡ｯ竡ｯ竡ｯ竡ｯ竡ｯ竡ｯ竡ｯ[146/201]竡ｯ

 FAIL  src/app/04_tools/components/SimpleTools2.test.tsx > Simple Tool Components 2 > SequentialPngPreview Component > should have proper CSS classes
Error: expect(element).toHaveClass("rounded-none bg-gray-800 p-6 text-white")

Expected the element to have class:
  rounded-none bg-gray-800 p-6 text-white
Received:
  space-y-6
 笶ｯ src/app/04_tools/components/SimpleTools2.test.tsx:55:23
     53| 
     54|       const mainDiv = container.firstChild as HTMLElement;
     55|       expect(mainDiv).toHaveClass('rounded-none', 'bg-gray-800', 'p-6'窶ｦ
       |                       ^
     56| 
     57|       const heading = screen.getByRole('heading', { name: 'Sequential 窶ｦ

竡ｯ竡ｯ竡ｯ竡ｯ竡ｯ竡ｯ竡ｯ竡ｯ竡ｯ竡ｯ竡ｯ竡ｯ竡ｯ竡ｯ竡ｯ竡ｯ竡ｯ竡ｯ竡ｯ竡ｯ[147/201]竡ｯ

 FAIL  src/app/04_tools/components/SimpleTools2.test.tsx > Simple Tool Components 2 > PriceCalculator Component > should render the Price Calculator component
TestingLibraryElementError: Unable to find an accessible element with the role "heading" and name "Price Calculator"

There are no accessible roles. But there might be some inaccessible roles. If you wish to access them, then set the `hidden` option to `true`. Learn more about this here: https://testing-library.com/docs/dom-testing-library/api-queries#byrole

Ignored nodes: comments, script, style
<body />
 笶ｯ Object.getElementError node_modules/@testing-library/dom/dist/config.js:37:19
 笶ｯ node_modules/@testing-library/dom/dist/query-helpers.js:76:38
 笶ｯ node_modules/@testing-library/dom/dist/query-helpers.js:52:17
 笶ｯ node_modules/@testing-library/dom/dist/query-helpers.js:95:19
 笶ｯ src/app/04_tools/components/SimpleTools2.test.tsx:76:21
     74|       render(<PriceCalculator />);
     75| 
     76|       expect(screen.getByRole('heading', { name: 'Price Calculator' })窶ｦ
       |                     ^
     77|       expect(
     78|         screen.getByText('Price calculation tool - Coming soon with pr窶ｦ

竡ｯ竡ｯ竡ｯ竡ｯ竡ｯ竡ｯ竡ｯ竡ｯ竡ｯ竡ｯ竡ｯ竡ｯ竡ｯ竡ｯ竡ｯ竡ｯ竡ｯ竡ｯ竡ｯ竡ｯ[148/201]竡ｯ

 FAIL  src/app/04_tools/components/SimpleTools2.test.tsx > Simple Tool Components 2 > PriceCalculator Component > should have proper CSS classes
TestingLibraryElementError: Unable to find an accessible element with the role "heading" and name "Price Calculator"

There are no accessible roles. But there might be some inaccessible roles. If you wish to access them, then set the `hidden` option to `true`. Learn more about this here: https://testing-library.com/docs/dom-testing-library/api-queries#byrole

Ignored nodes: comments, script, style
<body />
 笶ｯ Object.getElementError node_modules/@testing-library/dom/dist/config.js:37:19
 笶ｯ node_modules/@testing-library/dom/dist/query-helpers.js:76:38
 笶ｯ node_modules/@testing-library/dom/dist/query-helpers.js:52:17
 笶ｯ node_modules/@testing-library/dom/dist/query-helpers.js:95:19
 笶ｯ src/app/04_tools/components/SimpleTools2.test.tsx:88:30
     86|       expect(mainDiv).toHaveClass('rounded-none', 'bg-gray-800', 'p-6'窶ｦ
     87| 
     88|       const heading = screen.getByRole('heading', { name: 'Price Calcu窶ｦ
       |                              ^
     89|       expect(heading).toHaveClass(
     90|         'neue-haas-grotesk-display',

竡ｯ竡ｯ竡ｯ竡ｯ竡ｯ竡ｯ竡ｯ竡ｯ竡ｯ竡ｯ竡ｯ竡ｯ竡ｯ竡ｯ竡ｯ竡ｯ竡ｯ竡ｯ竡ｯ竡ｯ[149/201]竡ｯ

 FAIL  src/app/04_tools/components/SimpleTools2.test.tsx > Simple Tool Components 2 > Common Structure Tests > should all have consistent "Coming soon" structure
TestingLibraryElementError: Unable to find an accessible element with the role "heading" and name "Business Mail Block"

There are no accessible roles. But there might be some inaccessible roles. If you wish to access them, then set the `hidden` option to `true`. Learn more about this here: https://testing-library.com/docs/dom-testing-library/api-queries#byrole

Ignored nodes: comments, script, style
<body />
 笶ｯ Object.getElementError node_modules/@testing-library/dom/dist/config.js:37:19
 笶ｯ node_modules/@testing-library/dom/dist/query-helpers.js:76:38
 笶ｯ node_modules/@testing-library/dom/dist/query-helpers.js:52:17
 笶ｯ node_modules/@testing-library/dom/dist/query-helpers.js:95:19
 笶ｯ src/app/04_tools/components/SimpleTools2.test.tsx:119:23
    117| 
    118|         // Check heading existence
    119|         expect(screen.getByRole('heading', { name })).toBeInTheDocumen窶ｦ
       |                       ^
    120| 
    121|         // Check content div existence
 笶ｯ src/app/04_tools/components/SimpleTools2.test.tsx:111:18

竡ｯ竡ｯ竡ｯ竡ｯ竡ｯ竡ｯ竡ｯ竡ｯ竡ｯ竡ｯ竡ｯ竡ｯ竡ｯ竡ｯ竡ｯ竡ｯ竡ｯ竡ｯ竡ｯ竡ｯ[150/201]竡ｯ

 FAIL  src/app/04_tools/components/SimpleTools2.test.tsx > Simple Tool Components 2 > Common Structure Tests > should all have proper accessibility structure
AssertionError: expected 'text-foreground/70 mb-4' to contain 'text-sm'

Expected: "text-sm"
Received: "text-foreground/70 mb-4"

 笶ｯ src/app/04_tools/components/SimpleTools2.test.tsx:144:40
    142|         const textContent = container.querySelector('p');
    143|         expect(textContent).toBeInTheDocument();
    144|         expect(textContent?.className).toContain('text-sm');
       |                                        ^
    145|       });
    146|     });
 笶ｯ src/app/04_tools/components/SimpleTools2.test.tsx:134:18

竡ｯ竡ｯ竡ｯ竡ｯ竡ｯ竡ｯ竡ｯ竡ｯ竡ｯ竡ｯ竡ｯ竡ｯ竡ｯ竡ｯ竡ｯ竡ｯ竡ｯ竡ｯ竡ｯ竡ｯ[151/201]竡ｯ

 FAIL  src/app/04_tools/components/SimpleTools2.test.tsx > Simple Tool Components 2 > Common Structure Tests > should all have blue heading color
TestingLibraryElementError: Unable to find an accessible element with the role "heading" and name "Business Mail Block"

There are no accessible roles. But there might be some inaccessible roles. If you wish to access them, then set the `hidden` option to `true`. Learn more about this here: https://testing-library.com/docs/dom-testing-library/api-queries#byrole

Ignored nodes: comments, script, style
<body />
 笶ｯ Object.getElementError node_modules/@testing-library/dom/dist/config.js:37:19
 笶ｯ node_modules/@testing-library/dom/dist/query-helpers.js:76:38
 笶ｯ node_modules/@testing-library/dom/dist/query-helpers.js:52:17
 笶ｯ node_modules/@testing-library/dom/dist/query-helpers.js:95:19
 笶ｯ src/app/04_tools/components/SimpleTools2.test.tsx:157:32
    155|       components.forEach(({ Component, name }) => {
    156|         render(<Component />);
    157|         const heading = screen.getByRole('heading', { name });
       |                                ^
    158|         expect(heading).toHaveClass('text-blue-500');
    159|       });
 笶ｯ src/app/04_tools/components/SimpleTools2.test.tsx:155:18

竡ｯ竡ｯ竡ｯ竡ｯ竡ｯ竡ｯ竡ｯ竡ｯ竡ｯ竡ｯ竡ｯ竡ｯ竡ｯ竡ｯ竡ｯ竡ｯ竡ｯ竡ｯ竡ｯ竡ｯ[152/201]竡ｯ

 FAIL  src/app/04_tools/components/SimpleTools2.test.tsx > Simple Tool Components 2 > Common Structure Tests > should all follow the same content structure pattern
Error: expect(element).toHaveClass("rounded-none bg-gray-800 p-6 text-white")

Expected the element to have class:
  rounded-none bg-gray-800 p-6 text-white
Received:
  space-y-6
 笶ｯ src/app/04_tools/components/SimpleTools2.test.tsx:170:26
    168|         // Check outer div structure
    169|         const outerDiv = container.firstChild as HTMLElement;
    170|         expect(outerDiv).toHaveClass('rounded-none', 'bg-gray-800', 'p窶ｦ
       |                          ^
    171| 
    172|         // Check inner content div
 笶ｯ src/app/04_tools/components/SimpleTools2.test.tsx:165:18

竡ｯ竡ｯ竡ｯ竡ｯ竡ｯ竡ｯ竡ｯ竡ｯ竡ｯ竡ｯ竡ｯ竡ｯ竡ｯ竡ｯ竡ｯ竡ｯ竡ｯ竡ｯ竡ｯ竡ｯ[153/201]竡ｯ

 FAIL  src/app/04_tools/components/TextCounter.test.tsx > TextCounter > should render the text counter component
TestingLibraryElementError: Unable to find an element with the text: Text Counter & Analyzer. This could be because the text is broken up by multiple elements. In this case, you can provide a function for your text matcher to make your matcher more flexible.

Ignored nodes: comments, script, style
<body />
 笶ｯ Object.getElementError node_modules/@testing-library/dom/dist/config.js:37:19
 笶ｯ node_modules/@testing-library/dom/dist/query-helpers.js:76:38
 笶ｯ node_modules/@testing-library/dom/dist/query-helpers.js:52:17
 笶ｯ node_modules/@testing-library/dom/dist/query-helpers.js:95:19
 笶ｯ src/app/04_tools/components/TextCounter.test.tsx:36:19
     34|     render(<TextCounter />);
     35| 
     36|     expect(screen.getByText('Text Counter & Analyzer')).toBeInTheDocum窶ｦ
       |                   ^
     37|     expect(screen.getByPlaceholderText('Paste or type your text here..窶ｦ
     38|     expect(screen.getByText('Basic Statistics')).toBeInTheDocument();

竡ｯ竡ｯ竡ｯ竡ｯ竡ｯ竡ｯ竡ｯ竡ｯ竡ｯ竡ｯ竡ｯ竡ｯ竡ｯ竡ｯ竡ｯ竡ｯ竡ｯ竡ｯ竡ｯ竡ｯ[154/201]竡ｯ

 FAIL  src/app/04_tools/components/TextCounter.test.tsx > TextCounter > should update character count when text is entered
TestingLibraryElementError: Unable to find an element with the placeholder text of: Paste or type your text here...

Ignored nodes: comments, script, style
<body />
 笶ｯ Object.getElementError node_modules/@testing-library/dom/dist/config.js:37:19
 笶ｯ node_modules/@testing-library/dom/dist/query-helpers.js:76:38
 笶ｯ node_modules/@testing-library/dom/dist/query-helpers.js:52:17
 笶ｯ node_modules/@testing-library/dom/dist/query-helpers.js:95:19
 笶ｯ src/app/04_tools/components/TextCounter.test.tsx:44:29
     42|     render(<TextCounter />);
     43| 
     44|     const textarea = screen.getByPlaceholderText('Paste or type your t窶ｦ
       |                             ^
     45|     fireEvent.change(textarea, { target: { value: 'Hello, world!' } });
     46| 

竡ｯ竡ｯ竡ｯ竡ｯ竡ｯ竡ｯ竡ｯ竡ｯ竡ｯ竡ｯ竡ｯ竡ｯ竡ｯ竡ｯ竡ｯ竡ｯ竡ｯ竡ｯ竡ｯ竡ｯ[155/201]竡ｯ

 FAIL  src/app/04_tools/components/TextCounter.test.tsx > TextCounter > should update word count when text is entered
TestingLibraryElementError: Unable to find an element with the placeholder text of: Paste or type your text here...

Ignored nodes: comments, script, style
<body />
 笶ｯ Object.getElementError node_modules/@testing-library/dom/dist/config.js:37:19
 笶ｯ node_modules/@testing-library/dom/dist/query-helpers.js:76:38
 笶ｯ node_modules/@testing-library/dom/dist/query-helpers.js:52:17
 笶ｯ node_modules/@testing-library/dom/dist/query-helpers.js:95:19
 笶ｯ src/app/04_tools/components/TextCounter.test.tsx:53:29
     51|     render(<TextCounter />);
     52| 
     53|     const textarea = screen.getByPlaceholderText('Paste or type your t窶ｦ
       |                             ^
     54|     fireEvent.change(textarea, { target: { value: 'Hello, world! This 窶ｦ
     55| 

竡ｯ竡ｯ竡ｯ竡ｯ竡ｯ竡ｯ竡ｯ竡ｯ竡ｯ竡ｯ竡ｯ竡ｯ竡ｯ竡ｯ竡ｯ竡ｯ竡ｯ竡ｯ竡ｯ竡ｯ[156/201]竡ｯ

 FAIL  src/app/04_tools/components/TextCounter.test.tsx > TextCounter > should update sentence count when text is entered
TestingLibraryElementError: Unable to find an element with the placeholder text of: Paste or type your text here...

Ignored nodes: comments, script, style
<body />
 笶ｯ Object.getElementError node_modules/@testing-library/dom/dist/config.js:37:19
 笶ｯ node_modules/@testing-library/dom/dist/query-helpers.js:76:38
 笶ｯ node_modules/@testing-library/dom/dist/query-helpers.js:52:17
 笶ｯ node_modules/@testing-library/dom/dist/query-helpers.js:95:19
 笶ｯ src/app/04_tools/components/TextCounter.test.tsx:62:29
     60|     render(<TextCounter />);
     61| 
     62|     const textarea = screen.getByPlaceholderText('Paste or type your t窶ｦ
       |                             ^
     63|     fireEvent.change(textarea, { target: { value: 'Hello, world! This 窶ｦ
     64| 

竡ｯ竡ｯ竡ｯ竡ｯ竡ｯ竡ｯ竡ｯ竡ｯ竡ｯ竡ｯ竡ｯ竡ｯ竡ｯ竡ｯ竡ｯ竡ｯ竡ｯ竡ｯ竡ｯ竡ｯ[157/201]竡ｯ

 FAIL  src/app/04_tools/components/TextCounter.test.tsx > TextCounter > should clear text when clear button is clicked
TestingLibraryElementError: Unable to find an element with the placeholder text of: Paste or type your text here...

Ignored nodes: comments, script, style
<body />
 笶ｯ Object.getElementError node_modules/@testing-library/dom/dist/config.js:37:19
 笶ｯ node_modules/@testing-library/dom/dist/query-helpers.js:76:38
 笶ｯ node_modules/@testing-library/dom/dist/query-helpers.js:52:17
 笶ｯ node_modules/@testing-library/dom/dist/query-helpers.js:95:19
 笶ｯ src/app/04_tools/components/TextCounter.test.tsx:71:29
     69|     render(<TextCounter />);
     70| 
     71|     const textarea = screen.getByPlaceholderText('Paste or type your t窶ｦ
       |                             ^
     72|     fireEvent.change(textarea, { target: { value: 'Hello, world!' } });
     73| 

竡ｯ竡ｯ竡ｯ竡ｯ竡ｯ竡ｯ竡ｯ竡ｯ竡ｯ竡ｯ竡ｯ竡ｯ竡ｯ竡ｯ竡ｯ竡ｯ竡ｯ竡ｯ竡ｯ竡ｯ[158/201]竡ｯ

 FAIL  src/app/04_tools/components/TextCounter.test.tsx > TextCounter > should copy text to clipboard when copy button is clicked
TestingLibraryElementError: Unable to find an element with the placeholder text of: Paste or type your text here...

Ignored nodes: comments, script, style
<body />
 笶ｯ Object.getElementError node_modules/@testing-library/dom/dist/config.js:37:19
 笶ｯ node_modules/@testing-library/dom/dist/query-helpers.js:76:38
 笶ｯ node_modules/@testing-library/dom/dist/query-helpers.js:52:17
 笶ｯ node_modules/@testing-library/dom/dist/query-helpers.js:95:19
 笶ｯ src/app/04_tools/components/TextCounter.test.tsx:84:29
     82|     render(<TextCounter />);
     83| 
     84|     const textarea = screen.getByPlaceholderText('Paste or type your t窶ｦ
       |                             ^
     85|     fireEvent.change(textarea, { target: { value: 'Hello, world!' } });
     86| 

竡ｯ竡ｯ竡ｯ竡ｯ竡ｯ竡ｯ竡ｯ竡ｯ竡ｯ竡ｯ竡ｯ竡ｯ竡ｯ竡ｯ竡ｯ竡ｯ竡ｯ竡ｯ竡ｯ竡ｯ[159/201]竡ｯ

 FAIL  src/app/04_tools/components/TextCounter.test.tsx > TextCounter > should export analysis when export button is clicked
TypeError: 'createElement' called on an object that is not a valid instance of Document.
 笶ｯ createElement node_modules/jsdom/lib/jsdom/living/generated/Document.js:237:15
 笶ｯ Document.<anonymous> src/app/04_tools/components/TextCounter.test.tsx:108:14
    106|     document.createElement = vi.fn().mockImplementation(tag => {
    107|       if (tag === 'a') return mockAnchorElement;
    108|       return originalCreateElement(tag);
       |              ^
    109|     });
    110| 
 笶ｯ Proxy.render node_modules/@testing-library/react/dist/pure.js:260:50
 笶ｯ src/app/04_tools/components/TextCounter.test.tsx:115:5

竡ｯ竡ｯ竡ｯ竡ｯ竡ｯ竡ｯ竡ｯ竡ｯ竡ｯ竡ｯ竡ｯ竡ｯ竡ｯ竡ｯ竡ｯ竡ｯ竡ｯ竡ｯ竡ｯ竡ｯ[160/201]竡ｯ

 FAIL  src/app/04_tools/components/TextCounter.test.tsx > TextCounter > should toggle SEO analysis when show/hide button is clicked
TypeError: Failed to execute 'appendChild' on 'Node': parameter 1 is not of type 'Node'.
 笶ｯ Object.exports.convert node_modules/jsdom/lib/jsdom/living/generated/Node.js:25:9
 笶ｯ HTMLBodyElement.appendChild node_modules/jsdom/lib/jsdom/living/generated/Node.js:404:26
 笶ｯ Proxy.render node_modules/@testing-library/react/dist/pure.js:260:29
 笶ｯ src/app/04_tools/components/TextCounter.test.tsx:133:5
    131| 
    132|   it('should toggle SEO analysis when show/hide button is clicked', ()窶ｦ
    133|     render(<TextCounter />);
       |     ^
    134| 
    135|     // Initially, SEO analysis should be hidden

竡ｯ竡ｯ竡ｯ竡ｯ竡ｯ竡ｯ竡ｯ竡ｯ竡ｯ竡ｯ竡ｯ竡ｯ竡ｯ竡ｯ竡ｯ竡ｯ竡ｯ竡ｯ竡ｯ竡ｯ[161/201]竡ｯ

 FAIL  src/app/04_tools/components/TextCounter.test.tsx > TextCounter > should correctly count Japanese characters
TypeError: Failed to execute 'appendChild' on 'Node': parameter 1 is not of type 'Node'.
 笶ｯ Object.exports.convert node_modules/jsdom/lib/jsdom/living/generated/Node.js:25:9
 笶ｯ HTMLBodyElement.appendChild node_modules/jsdom/lib/jsdom/living/generated/Node.js:404:26
 笶ｯ Proxy.render node_modules/@testing-library/react/dist/pure.js:260:29
 笶ｯ src/app/04_tools/components/TextCounter.test.tsx:154:5
    152| 
    153|   it('should correctly count Japanese characters', () => {
    154|     render(<TextCounter />);
       |     ^
    155| 
    156|     const textarea = screen.getByPlaceholderText('Paste or type your t窶ｦ

竡ｯ竡ｯ竡ｯ竡ｯ竡ｯ竡ｯ竡ｯ竡ｯ竡ｯ竡ｯ竡ｯ竡ｯ竡ｯ竡ｯ竡ｯ竡ｯ竡ｯ竡ｯ竡ｯ竡ｯ[162/201]竡ｯ

 FAIL  src/app/04_tools/components/TextCounter.test.tsx > TextCounter > should correctly count lines
TypeError: Failed to execute 'appendChild' on 'Node': parameter 1 is not of type 'Node'.
 笶ｯ Object.exports.convert node_modules/jsdom/lib/jsdom/living/generated/Node.js:25:9
 笶ｯ HTMLBodyElement.appendChild node_modules/jsdom/lib/jsdom/living/generated/Node.js:404:26
 笶ｯ Proxy.render node_modules/@testing-library/react/dist/pure.js:260:29
 笶ｯ src/app/04_tools/components/TextCounter.test.tsx:178:5
    176| 
    177|   it('should correctly count lines', () => {
    178|     render(<TextCounter />);
       |     ^
    179| 
    180|     const textarea = screen.getByPlaceholderText('Paste or type your t窶ｦ

竡ｯ竡ｯ竡ｯ竡ｯ竡ｯ竡ｯ竡ｯ竡ｯ竡ｯ竡ｯ竡ｯ竡ｯ竡ｯ竡ｯ竡ｯ竡ｯ竡ｯ竡ｯ竡ｯ竡ｯ[163/201]竡ｯ

 FAIL  src/app/04_tools/components/TextCounter.test.tsx > TextCounter > should show social media limits
TypeError: Failed to execute 'appendChild' on 'Node': parameter 1 is not of type 'Node'.
 笶ｯ Object.exports.convert node_modules/jsdom/lib/jsdom/living/generated/Node.js:25:9
 笶ｯ HTMLBodyElement.appendChild node_modules/jsdom/lib/jsdom/living/generated/Node.js:404:26
 笶ｯ Proxy.render node_modules/@testing-library/react/dist/pure.js:260:29
 笶ｯ src/app/04_tools/components/TextCounter.test.tsx:189:5
    187| 
    188|   it('should show social media limits', () => {
    189|     render(<TextCounter />);
       |     ^
    190| 
    191|     const textarea = screen.getByPlaceholderText('Paste or type your t窶ｦ

竡ｯ竡ｯ竡ｯ竡ｯ竡ｯ竡ｯ竡ｯ竡ｯ竡ｯ竡ｯ竡ｯ竡ｯ竡ｯ竡ｯ竡ｯ竡ｯ竡ｯ竡ｯ竡ｯ竡ｯ[164/201]竡ｯ

 FAIL  src/app/04_tools/components/TextCounter.test.tsx > TextCounter > should show copy success message when copying to clipboard
TypeError: Failed to execute 'appendChild' on 'Node': parameter 1 is not of type 'Node'.
 笶ｯ Object.exports.convert node_modules/jsdom/lib/jsdom/living/generated/Node.js:25:9
 笶ｯ HTMLBodyElement.appendChild node_modules/jsdom/lib/jsdom/living/generated/Node.js:404:26
 笶ｯ Proxy.render node_modules/@testing-library/react/dist/pure.js:260:29
 笶ｯ src/app/04_tools/components/TextCounter.test.tsx:203:5
    201| 
    202|   it('should show copy success message when copying to clipboard', asy窶ｦ
    203|     render(<TextCounter />);
       |     ^
    204| 
    205|     const textarea = screen.getByPlaceholderText('Paste or type your t窶ｦ

竡ｯ竡ｯ竡ｯ竡ｯ竡ｯ竡ｯ竡ｯ竡ｯ竡ｯ竡ｯ竡ｯ竡ｯ竡ｯ竡ｯ竡ｯ竡ｯ竡ｯ竡ｯ竡ｯ竡ｯ[165/201]竡ｯ

 FAIL  src/app/04_tools/components/TextCounter.test.tsx > TextCounter > should export analysis in different formats
TypeError: Failed to execute 'appendChild' on 'Node': parameter 1 is not of type 'Node'.
 笶ｯ Object.exports.convert node_modules/jsdom/lib/jsdom/living/generated/Node.js:25:9
 笶ｯ HTMLBodyElement.appendChild node_modules/jsdom/lib/jsdom/living/generated/Node.js:404:26
 笶ｯ Proxy.render node_modules/@testing-library/react/dist/pure.js:260:29
 笶ｯ src/app/04_tools/components/TextCounter.test.tsx:247:5
    245|     global.URL.revokeObjectURL = mockRevokeObjectURL;
    246| 
    247|     render(<TextCounter />);
       |     ^
    248| 
    249|     const textarea = screen.getByPlaceholderText('Paste or type your t窶ｦ

竡ｯ竡ｯ竡ｯ竡ｯ竡ｯ竡ｯ竡ｯ竡ｯ竡ｯ竡ｯ竡ｯ竡ｯ竡ｯ竡ｯ竡ｯ竡ｯ竡ｯ竡ｯ竡ｯ竡ｯ[166/201]竡ｯ

 FAIL  src/app/04_tools/components/ToolUsageTracker.test.tsx > ToolUsageTracker > should log success message when tracking succeeds
TypeError: [Function log] is not a spy or a call to a spy!
 笶ｯ src/app/04_tools/components/ToolUsageTracker.test.tsx:32:27
     30|     // Wait for useEffect to complete
     31|     await vi.waitFor(() => {
     32|       expect(console.log).toHaveBeenCalledWith('Tracked usage for tool窶ｦ
       |                           ^
     33|     });
     34|   });

竡ｯ竡ｯ竡ｯ竡ｯ竡ｯ竡ｯ竡ｯ竡ｯ竡ｯ竡ｯ竡ｯ竡ｯ竡ｯ竡ｯ竡ｯ竡ｯ竡ｯ竡ｯ竡ｯ竡ｯ[167/201]竡ｯ

 FAIL  src/app/04_tools/components/ToolUsageTracker.test.tsx > ToolUsageTracker > should log error when tracking fails
TypeError: [Function] is not a spy or a call to a spy!
 笶ｯ src/app/04_tools/components/ToolUsageTracker.test.tsx:44:29
     42|     // Wait for useEffect to complete
     43|     await vi.waitFor(() => {
     44|       expect(console.error).toHaveBeenCalledWith('Failed to track tool窶ｦ
       |                             ^
     45|     });
     46|   });

竡ｯ竡ｯ竡ｯ竡ｯ竡ｯ竡ｯ竡ｯ竡ｯ竡ｯ竡ｯ竡ｯ竡ｯ竡ｯ竡ｯ竡ｯ竡ｯ竡ｯ竡ｯ竡ｯ竡ｯ[168/201]竡ｯ

 FAIL  src/app/04_tools/text-counter/page.test.tsx > TextCounterPage > should render the text counter page with title and description
TestingLibraryElementError: Unable to find an element with the text: Text Counter. This could be because the text is broken up by multiple elements. In this case, you can provide a function for your text matcher to make your matcher more flexible.

Ignored nodes: comments, script, style
<body />
 笶ｯ Object.getElementError node_modules/@testing-library/dom/dist/config.js:37:19
 笶ｯ node_modules/@testing-library/dom/dist/query-helpers.js:76:38
 笶ｯ node_modules/@testing-library/dom/dist/query-helpers.js:52:17
 笶ｯ node_modules/@testing-library/dom/dist/query-helpers.js:95:19
 笶ｯ src/app/04_tools/text-counter/page.test.tsx:29:19
     27|     render(<TextCounterPage />);
     28| 
     29|     expect(screen.getByText('Text Counter')).toBeInTheDocument();
       |                   ^
     30|     expect(screen.getByText('繝・く繧ｹ繝医き繧ｦ繝ｳ繧ｿ繝ｼ')).toBeInTheDocument();
     31|   });

竡ｯ竡ｯ竡ｯ竡ｯ竡ｯ竡ｯ竡ｯ竡ｯ竡ｯ竡ｯ竡ｯ竡ｯ竡ｯ竡ｯ竡ｯ竡ｯ竡ｯ竡ｯ竡ｯ竡ｯ[169/201]竡ｯ

 FAIL  src/app/04_tools/text-counter/page.test.tsx > TextCounterPage > should render the text counter component
TestingLibraryElementError: Unable to find an element by: [data-testid="text-counter-component"]

Ignored nodes: comments, script, style
<body />
 笶ｯ Object.getElementError node_modules/@testing-library/dom/dist/config.js:37:19
 笶ｯ node_modules/@testing-library/dom/dist/query-helpers.js:76:38
 笶ｯ node_modules/@testing-library/dom/dist/query-helpers.js:52:17
 笶ｯ node_modules/@testing-library/dom/dist/query-helpers.js:95:19
 笶ｯ src/app/04_tools/text-counter/page.test.tsx:36:19
     34|     render(<TextCounterPage />);
     35| 
     36|     expect(screen.getByTestId('text-counter-component')).toBeInTheDocu窶ｦ
       |                   ^
     37|   });
     38| 

竡ｯ竡ｯ竡ｯ竡ｯ竡ｯ竡ｯ竡ｯ竡ｯ竡ｯ竡ｯ竡ｯ竡ｯ竡ｯ竡ｯ竡ｯ竡ｯ竡ｯ竡ｯ竡ｯ竡ｯ[170/201]竡ｯ

 FAIL  src/app/04_tools/text-counter/page.test.tsx > TextCounterPage > should render the tool usage tracker with correct tool ID
TestingLibraryElementError: Unable to find an element by: [data-testid="tool-usage-tracker"]

Ignored nodes: comments, script, style
<body />
 笶ｯ Object.getElementError node_modules/@testing-library/dom/dist/config.js:37:19
 笶ｯ node_modules/@testing-library/dom/dist/query-helpers.js:76:38
 笶ｯ node_modules/@testing-library/dom/dist/query-helpers.js:52:17
 笶ｯ node_modules/@testing-library/dom/dist/query-helpers.js:95:19
 笶ｯ src/app/04_tools/text-counter/page.test.tsx:42:19
     40|     render(<TextCounterPage />);
     41| 
     42|     expect(screen.getByTestId('tool-usage-tracker')).toBeInTheDocument窶ｦ
       |                   ^
     43|     expect(screen.getByText('Tool Usage Tracker: text-counter')).toBeI窶ｦ
     44|   });

竡ｯ竡ｯ竡ｯ竡ｯ竡ｯ竡ｯ竡ｯ竡ｯ竡ｯ竡ｯ竡ｯ竡ｯ竡ｯ竡ｯ竡ｯ竡ｯ竡ｯ竡ｯ竡ｯ竡ｯ[171/201]竡ｯ

 FAIL  src/app/04_tools/text-counter/page.test.tsx > TextCounterPage > should render the back link
TestingLibraryElementError: Unable to find an element with the text: Back to Tools. This could be because the text is broken up by multiple elements. In this case, you can provide a function for your text matcher to make your matcher more flexible.

Ignored nodes: comments, script, style
<body />
 笶ｯ Object.getElementError node_modules/@testing-library/dom/dist/config.js:37:19
 笶ｯ node_modules/@testing-library/dom/dist/query-helpers.js:76:38
 笶ｯ node_modules/@testing-library/dom/dist/query-helpers.js:52:17
 笶ｯ node_modules/@testing-library/dom/dist/query-helpers.js:95:19
 笶ｯ src/app/04_tools/text-counter/page.test.tsx:49:29
     47|     render(<TextCounterPage />);
     48| 
     49|     const backLink = screen.getByText('Back to Tools');
       |                             ^
     50|     expect(backLink).toBeInTheDocument();
     51|     expect(backLink.closest('a')).toHaveAttribute('href', '/04_tools');

竡ｯ竡ｯ竡ｯ竡ｯ竡ｯ竡ｯ竡ｯ竡ｯ竡ｯ竡ｯ竡ｯ竡ｯ竡ｯ竡ｯ竡ｯ竡ｯ竡ｯ竡ｯ竡ｯ竡ｯ[172/201]竡ｯ

 FAIL  src/app/04_tools/text-counter/page.test.tsx > TextCounterPage > should render the about section
TestingLibraryElementError: Unable to find an element with the text: About this tool. This could be because the text is broken up by multiple elements. In this case, you can provide a function for your text matcher to make your matcher more flexible.

Ignored nodes: comments, script, style
<body />
 笶ｯ Object.getElementError node_modules/@testing-library/dom/dist/config.js:37:19
 笶ｯ node_modules/@testing-library/dom/dist/query-helpers.js:76:38
 笶ｯ node_modules/@testing-library/dom/dist/query-helpers.js:52:17
 笶ｯ node_modules/@testing-library/dom/dist/query-helpers.js:95:19
 笶ｯ src/app/04_tools/text-counter/page.test.tsx:57:19
     55|     render(<TextCounterPage />);
     56| 
     57|     expect(screen.getByText('About this tool')).toBeInTheDocument();
       |                   ^
     58|     expect(
     59|       screen.getByText(/This text counter tool helps you analyze your 窶ｦ

竡ｯ竡ｯ竡ｯ竡ｯ竡ｯ竡ｯ竡ｯ竡ｯ竡ｯ竡ｯ竡ｯ竡ｯ竡ｯ竡ｯ竡ｯ竡ｯ竡ｯ竡ｯ竡ｯ竡ｯ[173/201]竡ｯ

 FAIL  src/app/03_workshop/components/BlogList.test.tsx > BlogList Component > should display loading state initially
TestingLibraryElementError: Unable to find an element with the text: Loading blog posts.... This could be because the text is broken up by multiple elements. In this case, you can provide a function for your text matcher to make your matcher more flexible.

Ignored nodes: comments, script, style
<body />
 笶ｯ Object.getElementError node_modules/@testing-library/dom/dist/config.js:37:19
 笶ｯ node_modules/@testing-library/dom/dist/query-helpers.js:76:38
 笶ｯ node_modules/@testing-library/dom/dist/query-helpers.js:52:17
 笶ｯ node_modules/@testing-library/dom/dist/query-helpers.js:95:19
 笶ｯ src/app/03_workshop/components/BlogList.test.tsx:38:19
     36|     mockFetch.mockImplementation(() => new Promise(() => {}));
     37|     render(<BlogList />);
     38|     expect(screen.getByText('Loading blog posts...')).toBeInTheDocumen窶ｦ
       |                   ^
     39|   });
     40| 

竡ｯ竡ｯ竡ｯ竡ｯ竡ｯ竡ｯ竡ｯ竡ｯ竡ｯ竡ｯ竡ｯ竡ｯ竡ｯ竡ｯ竡ｯ竡ｯ竡ｯ竡ｯ竡ｯ竡ｯ[174/201]竡ｯ

 FAIL  src/app/03_workshop/components/BlogList.test.tsx > BlogList Component > should display posts when data is loaded
TestingLibraryElementError: Unable to find an element with the text: Test Post 1. This could be because the text is broken up by multiple elements. In this case, you can provide a function for your text matcher to make your matcher more flexible.

Ignored nodes: comments, script, style
<body />

Ignored nodes: comments, script, style
<html>
  <head />
  <body>
    <div>
      <div
        class="rounded-none bg-gray-800 p-6 text-white"
      >
        <h2
          class="neue-haas-grotesk-display mb-4 text-xl font-bold text-blue-500"
        >
          Blog Posts
        </h2>
        <div
          class="space-y-6"
        >
          <a
            class="block rounded-none bg-gray-700 p-6"
            href="/workshop/blog/p1"
          >
            <h3
              class="text-lg font-semibold text-blue-400"
            >
              Test Post 1
            </h3>
            <div
              class="my-2 flex items-center gap-4 text-xs text-gray-400"
            >
              <div
                class="flex items-center gap-1"
              >
                <svg
                  aria-hidden="true"
                  class="lucide lucide-calendar"
                  fill="none"
                  height="14"
                  stroke="currentColor"
                  stroke-linecap="round"
                  stroke-linejoin="round"
                  stroke-width="2"
                  viewBox="0 0 24 24"
                  width="14"
                  xmlns="http://www.w3.org/2000/svg"
                >
                  <path
                    d="M8 2v4"
                  />
                  <path
                    d="M16 2v4"
                  />
                  <rect
                    height="18"
                    rx="2"
                    width="18"
                    x="3"
                    y="4"
                  />
                  <path
                    d="M3 10h18"
                  />
                </svg>
                <span>
                  January 1, 2024
                </span>
              </div>
            </div>
            <p
              class="mb-4 text-sm text-gray-300"
            >
              Excerpt 1
            </p>
            <div
              class="flex flex-wrap gap-2"
            >
              <span
                class="flex items-center gap-1 bg-gray-600 px-2 py-1 text-xs text-gray-300"
              >
                <svg
                  aria-hidden="true"
                  class="lucide lucide-tag"
                  fill="none"
                  height="12"
                  stroke="currentColor"
                  stroke-linecap="round"
                  stroke-linejoin="round"
                  stroke-width="2"
                  viewBox="0 0 24 24"
                  width="12"
                  xmlns="http://www.w3.org/2000/svg"
                >
                  <path
                    d="M12.586 2.586A2 2 0 0 0 11.172 2H4a2 2 0 0 0-2 2v7.172a2 2 0 0 0 .586 1.414l8.704 8.704a2.426 2.426 0 0 0 3.42 0l6.58-6.58a2.426 2.426 0 0 0 0-3.42z"
                  />
                  <circle
                    cx="7.5"
                    cy="7.5"
                    fill="currentColor"
                    r=".5"
                  />
                </svg>
                tech
              </span>
            </div>
          </a>
          <a
            class="block rounded-none bg-gray-700 p-6"
            href="/workshop/blog/p2"
          >
            <h3
              class="text-lg font-semibold text-blue-400"
            >
              Test Post 2
            </h3>
            <div
              class="my-2 flex items-center gap-4 text-xs text-gray-400"
            >
              <div
                class="flex items-center gap-1"
              >
                <svg
                  aria-hidden="true"
                  class="lucide lucide-calendar"
                  fill="none"
                  height="14"
                  stroke="currentColor"
                  stroke-linecap="round"
                  stroke-linejoin="round"
                  stroke-width="2"
                  viewBox="0 0 24 24"
                  width="14"
                  xmlns="http://www.w3.org/2000/svg"
                >
                  <path
                    d="M8 2v4"
                  />
                  <path
                    d="M16 2v4"
                  />
                  <rect
                    height="18"
                    rx="2"
                    width="18"
                    x="3"
                    y="4"
                  />
                  <path
                    d="M3 10h18"
                  />
                </svg>
                <span>
                  January 2, 2024
                </span>
              </div>
            </div>
            <p
              class="mb-4 text-sm text-gray-300"
            >
              Excerpt 2
            </p>
            <div
              class="flex flex-wrap gap-2"
            >
              <span
                class="flex items-center gap-1 bg-gray-600 px-2 py-1 text-xs text-gray-300"
              >
                <svg
                  aria-hidden="true"
                  class="lucide lucide-tag"
                  fill="none"
                  height="12"
                  stroke="currentColor"
                  stroke-linecap="round"
                  stroke-linejoin="round"
                  stroke-width="2"
                  viewBox="0 0 24 24"
                  width="12"
                  xmlns="http://www.w3.org/2000/svg"
                >
                  <path
                    d="M12.586 2.586A2 2 0 0 0 11.172 2H4a2 2 0 0 0-2 2v7.172a2 2 0 0 0 .586 1.414l8.704 8.704a2.426 2.426 0 0 0 3.42 0l6.58-6.58a2.426 2.426 0 0 0 0-3.42z"
                  />
                  <circle
                    cx="7.5"
                    cy="7.5"
                    fill="currentColor"
                    r=".5"
                  />
                </svg>
                life
              </span>
            </div>
          </a>
        </div>
      </div>
    </div>
  </body>
</html>
 笶ｯ waitForWrapper node_modules/@testing-library/dom/dist/wait-for.js:163:27
 笶ｯ src/app/03_workshop/components/BlogList.test.tsx:47:11
     45|     });
     46|     render(<BlogList />);
     47|     await waitFor(() => {
       |           ^
     48|       expect(screen.getByText('Test Post 1')).toBeInTheDocument();
     49|       expect(screen.getByText('Excerpt 2')).toBeInTheDocument();

竡ｯ竡ｯ竡ｯ竡ｯ竡ｯ竡ｯ竡ｯ竡ｯ竡ｯ竡ｯ竡ｯ竡ｯ竡ｯ竡ｯ竡ｯ竡ｯ竡ｯ竡ｯ竡ｯ竡ｯ[175/201]竡ｯ

 FAIL  src/app/03_workshop/components/BlogList.test.tsx > BlogList Component > should display error message when fetch fails with a network error
TestingLibraryElementError: Unable to find an element with the text: Network request failed. This could be because the text is broken up by multiple elements. In this case, you can provide a function for your text matcher to make your matcher more flexible.

Ignored nodes: comments, script, style
<body />

Ignored nodes: comments, script, style
<html>
  <head />
  <body>
    <div>
      <div>
        Network request failed
      </div>
    </div>
  </body>
</html>
 笶ｯ waitForWrapper node_modules/@testing-library/dom/dist/wait-for.js:163:27
 笶ｯ src/app/03_workshop/components/BlogList.test.tsx:56:11
     54|     mockFetch.mockRejectedValue(new Error('Network request failed'));
     55|     render(<BlogList />);
     56|     await waitFor(() => {
       |           ^
     57|       expect(screen.getByText('Network request failed')).toBeInTheDocu窶ｦ
     58|     });

竡ｯ竡ｯ竡ｯ竡ｯ竡ｯ竡ｯ竡ｯ竡ｯ竡ｯ竡ｯ竡ｯ竡ｯ竡ｯ竡ｯ竡ｯ竡ｯ竡ｯ竡ｯ竡ｯ竡ｯ[176/201]竡ｯ

 FAIL  src/app/03_workshop/components/BlogList.test.tsx > BlogList Component > should display error message when response is not ok
TestingLibraryElementError: Unable to find an element with the text: Failed to fetch blog posts. This could be because the text is broken up by multiple elements. In this case, you can provide a function for your text matcher to make your matcher more flexible.

Ignored nodes: comments, script, style
<body />

Ignored nodes: comments, script, style
<html>
  <head />
  <body>
    <div>
      <div>
        Failed to fetch blog posts
      </div>
    </div>
  </body>
</html>
 笶ｯ waitForWrapper node_modules/@testing-library/dom/dist/wait-for.js:163:27
 笶ｯ src/app/03_workshop/components/BlogList.test.tsx:66:11
     64|     });
     65|     render(<BlogList />);
     66|     await waitFor(() => {
       |           ^
     67|       expect(screen.getByText('Failed to fetch blog posts')).toBeInThe窶ｦ
     68|     });

竡ｯ竡ｯ竡ｯ竡ｯ竡ｯ竡ｯ竡ｯ竡ｯ竡ｯ竡ｯ竡ｯ竡ｯ竡ｯ竡ｯ竡ｯ竡ｯ竡ｯ竡ｯ竡ｯ竡ｯ[177/201]竡ｯ

 FAIL  src/app/03_workshop/components/BlogList.test.tsx > BlogList Component > should handle non-Error objects being thrown
TestingLibraryElementError: Unable to find an element with the text: An unknown error occurred. This could be because the text is broken up by multiple elements. In this case, you can provide a function for your text matcher to make your matcher more flexible.

Ignored nodes: comments, script, style
<body />

Ignored nodes: comments, script, style
<html>
  <head />
  <body>
    <div>
      <div>
        An unknown error occurred
      </div>
    </div>
  </body>
</html>
 笶ｯ waitForWrapper node_modules/@testing-library/dom/dist/wait-for.js:163:27
 笶ｯ src/app/03_workshop/components/BlogList.test.tsx:74:11
     72|     mockFetch.mockRejectedValue('A custom error string');
     73|     render(<BlogList />);
     74|     await waitFor(() => {
       |           ^
     75|       expect(screen.getByText('An unknown error occurred')).toBeInTheD窶ｦ
     76|     });

竡ｯ竡ｯ竡ｯ竡ｯ竡ｯ竡ｯ竡ｯ竡ｯ竡ｯ竡ｯ竡ｯ竡ｯ竡ｯ竡ｯ竡ｯ竡ｯ竡ｯ竡ｯ竡ｯ竡ｯ[178/201]竡ｯ

 FAIL  src/app/03_workshop/components/BlogList.test.tsx > BlogList Component > should handle empty blog data
TestingLibraryElementError: Unable to find an element with the text: Blog Posts. This could be because the text is broken up by multiple elements. In this case, you can provide a function for your text matcher to make your matcher more flexible.

Ignored nodes: comments, script, style
<body />

Ignored nodes: comments, script, style
<html>
  <head />
  <body>
    <div>
      <div
        class="rounded-none bg-gray-800 p-6 text-white"
      >
        <h2
          class="neue-haas-grotesk-display mb-4 text-xl font-bold text-blue-500"
        >
          Blog Posts
        </h2>
        <div
          class="space-y-6"
        />
      </div>
    </div>
  </body>
</html>
 笶ｯ waitForWrapper node_modules/@testing-library/dom/dist/wait-for.js:163:27
 笶ｯ src/app/03_workshop/components/BlogList.test.tsx:85:11
     83|     });
     84|     render(<BlogList />);
     85|     await waitFor(() => {
       |           ^
     86|       // Check that the main container is there, but no posts are rend窶ｦ
     87|       expect(screen.getByText('Blog Posts')).toBeInTheDocument();

竡ｯ竡ｯ竡ｯ竡ｯ竡ｯ竡ｯ竡ｯ竡ｯ竡ｯ竡ｯ竡ｯ竡ｯ竡ｯ竡ｯ竡ｯ竡ｯ竡ｯ竡ｯ竡ｯ竡ｯ[179/201]竡ｯ

 FAIL  src/app/03_workshop/components/PluginList.test.tsx > PluginList Component > should display loading state initially
TestingLibraryElementError: Unable to find an element with the text: Loading plugins.... This could be because the text is broken up by multiple elements. In this case, you can provide a function for your text matcher to make your matcher more flexible.

Ignored nodes: comments, script, style
<body />
 笶ｯ Object.getElementError node_modules/@testing-library/dom/dist/config.js:37:19
 笶ｯ node_modules/@testing-library/dom/dist/query-helpers.js:76:38
 笶ｯ node_modules/@testing-library/dom/dist/query-helpers.js:52:17
 笶ｯ node_modules/@testing-library/dom/dist/query-helpers.js:95:19
 笶ｯ src/app/03_workshop/components/PluginList.test.tsx:43:19
     41|     mockFetch.mockImplementation(() => new Promise(() => {})); // Neve窶ｦ
     42|     render(<PluginList />);
     43|     expect(screen.getByText('Loading plugins...')).toBeInTheDocument();
       |                   ^
     44|   });
     45| 

竡ｯ竡ｯ竡ｯ竡ｯ竡ｯ竡ｯ竡ｯ竡ｯ竡ｯ竡ｯ竡ｯ竡ｯ竡ｯ竡ｯ竡ｯ竡ｯ竡ｯ竡ｯ竡ｯ竡ｯ[180/201]竡ｯ

 FAIL  src/app/03_workshop/components/PluginList.test.tsx > PluginList Component > should display plugins when data is loaded
TestingLibraryElementError: Unable to find an element with the text: Test Plugin 1. This could be because the text is broken up by multiple elements. In this case, you can provide a function for your text matcher to make your matcher more flexible.

Ignored nodes: comments, script, style
<body />

Ignored nodes: comments, script, style
<html>
  <head />
  <body>
    <div>
      <div
        class="rounded-none bg-gray-800 p-6 text-white"
      >
        <h2
          class="neue-haas-grotesk-display mb-4 text-xl font-bold text-blue-500"
        >
          Plugin Library
        </h2>
        <div
          class="grid grid-cols-1 gap-6 md:grid-cols-2 lg:grid-cols-3"
        >
          <a
            class="block rounded-none bg-gray-700 p-6"
            href="/workshop/plugins/p1"
          >
            <h3
              class="text-lg font-semibold text-blue-400"
            >
              Test Plugin 1
            </h3>
            <p
              class="mb-2 text-xs text-gray-400"
            >
              v
              1.0
            </p>
            <p
              class="mb-4 text-sm text-gray-300"
            >
              Desc 1
            </p>
            <div
              class="flex items-center justify-between text-sm text-gray-400"
            >
              <div
                class="flex items-center gap-1"
              >
                <svg
                  aria-hidden="true"
                  class="lucide lucide-download"
                  fill="none"
                  height="16"
                  stroke="currentColor"
                  stroke-linecap="round"
                  stroke-linejoin="round"
                  stroke-width="2"
                  viewBox="0 0 24 24"
                  width="16"
                  xmlns="http://www.w3.org/2000/svg"
                >
                  <path
                    d="M12 15V3"
                  />
                  <path
                    d="M21 15v4a2 2 0 0 1-2 2H5a2 2 0 0 1-2-2v-4"
                  />
                  <path
                    d="m7 10 5 5 5-5"
                  />
                </svg>
                <span>
                  1.2k
                </span>
              </div>
              <div
                class="flex items-center gap-1"
              >
                <svg
                  aria-hidden="true"
                  class="lucide lucide-star"
                  fill="none"
                  height="16"
                  stroke="currentColor"
                  stroke-linecap="round"
                  stroke-linejoin="round"
                  stroke-width="2"
                  viewBox="0 0 24 24"
                  width="16"
                  xmlns="http://www.w3.org/2000/svg"
                >
                  <path
                    d="M11.525 2.295a.53.53 0 0 1 .95 0l2.31 4.679a2.123 2.123 0 0 0 1.595 1.16l5.166.756a.53.53 0 0 1 .294.904l-3.736 3.638a2.123 2.123 0 0 0-.611 1.878l.882 5.14a.53.53 0 0 1-.771.56l-4.618-2.428a2.122 2.122 0 0 0-1.973 0L6.396 21.01a.53.53 0 0 1-.77-.56l.881-5.139a2.122 2.122 0 0 0-.611-1.879L2.16 9.795a.53.53 0 0 1 .294-.906l5.165-.755a2.122 2.122 0 0 0 1.597-1.16z"
                  />
                </svg>
                <span>
                  4.5
                </span>
              </div>
            </div>
          </a>
          <a
            class="block rounded-none bg-gray-700 p-6"
            href="/workshop/plugins/p2"
          >
            <h3
              class="text-lg font-semibold text-blue-400"
            >
              Test Plugin 2
            </h3>
            <p
              class="mb-2 text-xs text-gray-400"
            >
              v
              2.0
            </p>
            <p
              class="mb-4 text-sm text-gray-300"
            >
              Desc 2
            </p>
            <div
              class="flex items-center justify-between text-sm text-gray-400"
            >
              <div
                class="flex items-center gap-1"
              >
                <svg
                  aria-hidden="true"
                  class="lucide lucide-download"
                  fill="none"
                  height="16"
                  stroke="currentColor"
                  stroke-linecap="round"
                  stroke-linejoin="round"
                  stroke-width="2"
                  viewBox="0 0 24 24"
                  width="16"
                  xmlns="http://www.w3.org/2000/svg"
                >
                  <path
                    d="M12 15V3"
                  />
                  <path
                    d="M21 15v4a2 2 0 0 1-2 2H5a2 2 0 0 1-2-2v-4"
                  />
                  <path
                    d="m7 10 5 5 5-5"
                  />
                </svg>
                <span>
                  500
                </span>
              </div>
              <div
                class="flex items-center gap-1"
              >
                <svg
                  aria-hidden="true"
                  class="lucide lucide-star"
                  fill="none"
                  height="16"
                  stroke="currentColor"
                  stroke-linecap="round"
                  stroke-linejoin="round"
                  stroke-width="2"
                  viewBox="0 0 24 24"
                  width="16"
                  xmlns="http://www.w3.org/2000/svg"
                >
                  <path
                    d="M11.525 2.295a.53.53 0 0 1 .95 0l2.31 4.679a2.123 2.123 0 0 0 1.595 1.16l5.166.756a.53.53 0 0 1 .294.904l-3.736 3.638a2.123 2.123 0 0 0-.611 1.878l.882 5.14a.53.53 0 0 1-.771.56l-4.618-2.428a2.122 2.122 0 0 0-1.973 0L6.396 21.01a.53.53 0 0 1-.77-.56l.881-5.139a2.122 2.122 0 0 0-.611-1.879L2.16 9.795a.53.53 0 0 1 .294-.906l5.165-.755a2.122 2.122 0 0 0 1.597-1.16z"
                  />
                </svg>
                <span>
                  4
                </span>
              </div>
            </div>
          </a>
        </div>
      </div>
    </div>
  </body>
</html>
 笶ｯ waitForWrapper node_modules/@testing-library/dom/dist/wait-for.js:163:27
 笶ｯ src/app/03_workshop/components/PluginList.test.tsx:52:11
     50|     });
     51|     render(<PluginList />);
     52|     await waitFor(() => {
       |           ^
     53|       expect(screen.getByText('Test Plugin 1')).toBeInTheDocument();
     54|       expect(screen.getByText('1.2k')).toBeInTheDocument(); // Check f窶ｦ

竡ｯ竡ｯ竡ｯ竡ｯ竡ｯ竡ｯ竡ｯ竡ｯ竡ｯ竡ｯ竡ｯ竡ｯ竡ｯ竡ｯ竡ｯ竡ｯ竡ｯ竡ｯ竡ｯ竡ｯ[181/201]竡ｯ

 FAIL  src/app/03_workshop/components/PluginList.test.tsx > PluginList Component > should display error message when fetch fails with a network error
TestingLibraryElementError: Unable to find an element with the text: Network request failed. This could be because the text is broken up by multiple elements. In this case, you can provide a function for your text matcher to make your matcher more flexible.

Ignored nodes: comments, script, style
<body />

Ignored nodes: comments, script, style
<html>
  <head />
  <body>
    <div>
      <div>
        Network request failed
      </div>
    </div>
  </body>
</html>
 笶ｯ waitForWrapper node_modules/@testing-library/dom/dist/wait-for.js:163:27
 笶ｯ src/app/03_workshop/components/PluginList.test.tsx:62:11
     60|     mockFetch.mockRejectedValue(new Error('Network request failed'));
     61|     render(<PluginList />);
     62|     await waitFor(() => {
       |           ^
     63|       expect(screen.getByText('Network request failed')).toBeInTheDocu窶ｦ
     64|     });

竡ｯ竡ｯ竡ｯ竡ｯ竡ｯ竡ｯ竡ｯ竡ｯ竡ｯ竡ｯ竡ｯ竡ｯ竡ｯ竡ｯ竡ｯ竡ｯ竡ｯ竡ｯ竡ｯ竡ｯ[182/201]竡ｯ

 FAIL  src/app/03_workshop/components/PluginList.test.tsx > PluginList Component > should display error message when response is not ok
TestingLibraryElementError: Unable to find an element with the text: Failed to fetch plugins. This could be because the text is broken up by multiple elements. In this case, you can provide a function for your text matcher to make your matcher more flexible.

Ignored nodes: comments, script, style
<body />

Ignored nodes: comments, script, style
<html>
  <head />
  <body>
    <div>
      <div>
        Failed to fetch plugins
      </div>
    </div>
  </body>
</html>
 笶ｯ waitForWrapper node_modules/@testing-library/dom/dist/wait-for.js:163:27
 笶ｯ src/app/03_workshop/components/PluginList.test.tsx:72:11
     70|     });
     71|     render(<PluginList />);
     72|     await waitFor(() => {
       |           ^
     73|       expect(screen.getByText('Failed to fetch plugins')).toBeInTheDoc窶ｦ
     74|     });

竡ｯ竡ｯ竡ｯ竡ｯ竡ｯ竡ｯ竡ｯ竡ｯ竡ｯ竡ｯ竡ｯ竡ｯ竡ｯ竡ｯ竡ｯ竡ｯ竡ｯ竡ｯ竡ｯ竡ｯ[183/201]竡ｯ

 FAIL  src/app/03_workshop/components/PluginList.test.tsx > PluginList Component > should handle non-Error objects being thrown
TestingLibraryElementError: Unable to find an element with the text: An unknown error occurred. This could be because the text is broken up by multiple elements. In this case, you can provide a function for your text matcher to make your matcher more flexible.

Ignored nodes: comments, script, style
<body />

Ignored nodes: comments, script, style
<html>
  <head />
  <body>
    <div>
      <div>
        An unknown error occurred
      </div>
    </div>
  </body>
</html>
 笶ｯ waitForWrapper node_modules/@testing-library/dom/dist/wait-for.js:163:27
 笶ｯ src/app/03_workshop/components/PluginList.test.tsx:80:11
     78|     mockFetch.mockRejectedValue('A custom error string');
     79|     render(<PluginList />);
     80|     await waitFor(() => {
       |           ^
     81|       expect(screen.getByText('An unknown error occurred')).toBeInTheD窶ｦ
     82|     });

竡ｯ竡ｯ竡ｯ竡ｯ竡ｯ竡ｯ竡ｯ竡ｯ竡ｯ竡ｯ竡ｯ竡ｯ竡ｯ竡ｯ竡ｯ竡ｯ竡ｯ竡ｯ竡ｯ竡ｯ[184/201]竡ｯ

 FAIL  src/app/03_workshop/components/PluginList.test.tsx > PluginList Component > should handle empty plugin data
TestingLibraryElementError: Unable to find an element with the text: Plugin Library. This could be because the text is broken up by multiple elements. In this case, you can provide a function for your text matcher to make your matcher more flexible.

Ignored nodes: comments, script, style
<body />

Ignored nodes: comments, script, style
<html>
  <head />
  <body>
    <div>
      <div
        class="rounded-none bg-gray-800 p-6 text-white"
      >
        <h2
          class="neue-haas-grotesk-display mb-4 text-xl font-bold text-blue-500"
        >
          Plugin Library
        </h2>
        <div
          class="grid grid-cols-1 gap-6 md:grid-cols-2 lg:grid-cols-3"
        />
      </div>
    </div>
  </body>
</html>
 笶ｯ waitForWrapper node_modules/@testing-library/dom/dist/wait-for.js:163:27
 笶ｯ src/app/03_workshop/components/PluginList.test.tsx:91:11
     89|     });
     90|     render(<PluginList />);
     91|     await waitFor(() => {
       |           ^
     92|       expect(screen.getByText('Plugin Library')).toBeInTheDocument();
     93|       expect(screen.queryByRole('link')).not.toBeInTheDocument();

竡ｯ竡ｯ竡ｯ竡ｯ竡ｯ竡ｯ竡ｯ竡ｯ竡ｯ竡ｯ竡ｯ竡ｯ竡ｯ竡ｯ竡ｯ竡ｯ竡ｯ竡ｯ竡ｯ竡ｯ[185/201]竡ｯ

 FAIL  src/app/api/contact/route.test.ts > Contact API > POST > should process a valid contact form submission
AssertionError: expected 500 to be 200 // Object.is equality

- Expected
+ Received

- 200
+ 500

 笶ｯ src/app/api/contact/route.test.ts:83:31
     81|       const data = await response.json();
     82| 
     83|       expect(response.status).toBe(200);
       |                               ^
     84|       expect(data.success).toBe(true);
     85|       expect(data.message).toContain('sent successfully');

竡ｯ竡ｯ竡ｯ竡ｯ竡ｯ竡ｯ竡ｯ竡ｯ竡ｯ竡ｯ竡ｯ竡ｯ竡ｯ竡ｯ竡ｯ竡ｯ竡ｯ竡ｯ竡ｯ竡ｯ[186/201]竡ｯ

 FAIL  src/app/api/contact/route.test.ts > Contact API > POST > should route emails based on inquiry type
AssertionError: expected "spy" to be called 2 times, but got 0 times
 笶ｯ src/app/api/contact/route.test.ts:147:38
    145| 
    146|       // Verify emails were processed with correct inquiry types
    147|       expect(mockProcessContactForm).toHaveBeenCalledTimes(2);
       |                                      ^
    148| 
    149|       // First call should be for development inquiry

竡ｯ竡ｯ竡ｯ竡ｯ竡ｯ竡ｯ竡ｯ竡ｯ竡ｯ竡ｯ竡ｯ竡ｯ竡ｯ竡ｯ竡ｯ竡ｯ竡ｯ竡ｯ竡ｯ竡ｯ[187/201]竡ｯ

 FAIL  src/app/api/contact/route.test.ts > Contact API > POST > should handle email sending failure
AssertionError: expected 'Failed to process contact form submis窶ｦ' to contain 'Failed to send email'

Expected: "Failed to send email"
Received: "Failed to process contact form submission"

 笶ｯ src/app/api/contact/route.test.ts:289:26
    287|       expect(response.status).toBe(500);
    288|       expect(data.success).toBe(false);
    289|       expect(data.error).toContain('Failed to send email');
       |                          ^
    290|     });
    291| 

竡ｯ竡ｯ竡ｯ竡ｯ竡ｯ竡ｯ竡ｯ竡ｯ竡ｯ竡ｯ竡ｯ竡ｯ竡ｯ竡ｯ竡ｯ竡ｯ竡ｯ竡ｯ竡ｯ竡ｯ[188/201]竡ｯ

 FAIL  src/app/05_admin/components/AdminDataManager.test.tsx > AdminDataManager > should render loading state initially and then the content
TestingLibraryElementError: Unable to find an element with the text: Admin Data Manager. This could be because the text is broken up by multiple elements. In this case, you can provide a function for your text matcher to make your matcher more flexible.

Ignored nodes: comments, script, style
<body />

Ignored nodes: comments, script, style
<html>
  <head />
  <body>
    <div>
      <div
        class="rounded-none bg-gray-800 p-6 text-white"
      >
        <h2
          class="neue-haas-grotesk-display mb-4 text-xl font-bold text-blue-500"
        >
          Admin Data Manager
        </h2>
        <div
          class="mb-6 flex gap-2"
        >
          <button
            class="rounded-none px-4 py-2 text-sm font-medium transition-colors bg-blue-500 text-white"
          >
            Overview
          </button>
          <button
            class="rounded-none px-4 py-2 text-sm font-medium transition-colors bg-gray-700 text-gray-300 hover:bg-gray-600"
          >
            Data Management
          </button>
          <button
            class="rounded-none px-4 py-2 text-sm font-medium transition-colors bg-gray-700 text-gray-300 hover:bg-gray-600"
          >
            Settings
          </button>
        </div>
        <div
          class="space-y-6"
        >
          <div
            class="grid grid-cols-1 gap-4 md:grid-cols-2 lg:grid-cols-4"
          >
            <div
              class="rounded-none bg-gray-700 p-4"
            >
              <div
                class="text-2xl font-bold text-blue-400"
              >
                1247
              </div>
              <div
                class="text-sm text-gray-300"
              >
                Total Users
              </div>
            </div>
            <div
              class="rounded-none bg-gray-700 p-4"
            >
              <div
                class="text-2xl font-bold text-green-400"
              >
                89
              </div>
              <div
                class="text-sm text-gray-300"
              >
                Content Items
              </div>
            </div>
            <div
              class="rounded-none bg-gray-700 p-4"
            >
              <div
                class="text-2xl font-bold text-yellow-400"
              >
                15,420
              </div>
              <div
                class="text-sm text-gray-300"
              >
                Total Views
              </div>
            </div>
            <div
              class="rounded-none bg-gray-700 p-4"
            >
              <div
                class="text-2xl font-bold text-purple-400"
              >
                2.3
                 GB
              </div>
              <div
                class="text-sm text-gray-300"
              >
                Storage Used
              </div>
            </div>
          </div>
          <div
            class="rounded-none bg-gray-700 p-6"
          >
            <h3
              class="mb-4 text-lg font-semibold text-blue-400"
            >
              System Health
            </h3>
            <div
              class="space-y-3"
            >
              <div
                class="flex items-center justify-between"
              >
                <span
                  class="text-gray-300"
                >
                  Database Connection
                </span>
                <span
                  class="text-green-400"
                >
                  笨・Connected
                </span>
              </div>
              <div
                class="flex items-center justify-between"
              >
                <span
                  class="text-gray-300"
                >
                  API Response Time
                </span>
                <span
                  class="text-green-400"
                >
                  124ms
                </span>
              </div>
              <div
                class="flex items-center justify-between"
              >
                <span
                  class="text-gray-300"
                >
                  Memory Usage
                </span>
                <span
                  class="text-yellow-400"
                >
                  68%
                </span>
              </div>
            </div>
          </div>
        </div>
      </div>
    </div>
  </body>
</html>
 笶ｯ waitForWrapper node_modules/@testing-library/dom/dist/wait-for.js:163:27
 笶ｯ src/app/05_admin/components/AdminDataManager.test.tsx:15:11
     13|     // Since data loading is synchronous in useEffect, the loading sta窶ｦ
     14|     // We'll just check for the final state.
     15|     await waitFor(() => {
       |           ^
     16|       expect(screen.getByText('Admin Data Manager')).toBeInTheDocument窶ｦ
     17|     });

竡ｯ竡ｯ竡ｯ竡ｯ竡ｯ竡ｯ竡ｯ竡ｯ竡ｯ竡ｯ竡ｯ竡ｯ竡ｯ竡ｯ竡ｯ竡ｯ竡ｯ竡ｯ竡ｯ竡ｯ[189/201]竡ｯ

 FAIL  src/app/05_admin/components/AdminDataManager.test.tsx > AdminDataManager > should render the admin data manager and switch tabs
TestingLibraryElementError: Unable to find an element with the text: Total Users. This could be because the text is broken up by multiple elements. In this case, you can provide a function for your text matcher to make your matcher more flexible.

Ignored nodes: comments, script, style
<body />

Ignored nodes: comments, script, style
<html>
  <head />
  <body>
    <div>
      <div
        class="rounded-none bg-gray-800 p-6 text-white"
      >
        <h2
          class="neue-haas-grotesk-display mb-4 text-xl font-bold text-blue-500"
        >
          Admin Data Manager
        </h2>
        <div
          class="mb-6 flex gap-2"
        >
          <button
            class="rounded-none px-4 py-2 text-sm font-medium transition-colors bg-blue-500 text-white"
          >
            Overview
          </button>
          <button
            class="rounded-none px-4 py-2 text-sm font-medium transition-colors bg-gray-700 text-gray-300 hover:bg-gray-600"
          >
            Data Management
          </button>
          <button
            class="rounded-none px-4 py-2 text-sm font-medium transition-colors bg-gray-700 text-gray-300 hover:bg-gray-600"
          >
            Settings
          </button>
        </div>
        <div
          class="space-y-6"
        >
          <div
            class="grid grid-cols-1 gap-4 md:grid-cols-2 lg:grid-cols-4"
          >
            <div
              class="rounded-none bg-gray-700 p-4"
            >
              <div
                class="text-2xl font-bold text-blue-400"
              >
                1247
              </div>
              <div
                class="text-sm text-gray-300"
              >
                Total Users
              </div>
            </div>
            <div
              class="rounded-none bg-gray-700 p-4"
            >
              <div
                class="text-2xl font-bold text-green-400"
              >
                89
              </div>
              <div
                class="text-sm text-gray-300"
              >
                Content Items
              </div>
            </div>
            <div
              class="rounded-none bg-gray-700 p-4"
            >
              <div
                class="text-2xl font-bold text-yellow-400"
              >
                15,420
              </div>
              <div
                class="text-sm text-gray-300"
              >
                Total Views
              </div>
            </div>
            <div
              class="rounded-none bg-gray-700 p-4"
            >
              <div
                class="text-2xl font-bold text-purple-400"
              >
                2.3
                 GB
              </div>
              <div
                class="text-sm text-gray-300"
              >
                Storage Used
              </div>
            </div>
          </div>
          <div
            class="rounded-none bg-gray-700 p-6"
          >
            <h3
              class="mb-4 text-lg font-semibold text-blue-400"
            >
              System Health
            </h3>
            <div
              class="space-y-3"
            >
              <div
                class="flex items-center justify-between"
              >
                <span
                  class="text-gray-300"
                >
                  Database Connection
                </span>
                <span
                  class="text-green-400"
                >
                  笨・Connected
                </span>
              </div>
              <div
                class="flex items-center justify-between"
              >
                <span
                  class="text-gray-300"
                >
                  API Response Time
                </span>
                <span
                  class="text-green-400"
                >
                  124ms
                </span>
              </div>
              <div
                class="flex items-center justify-between"
              >
                <span
                  class="text-gray-300"
                >
                  Memory Usage
                </span>
                <span
                  class="text-yellow-400"
                >
                  68%
                </span>
              </div>
            </div>
          </div>
        </div>
      </div>
    </div>
  </body>
</html>
 笶ｯ waitForWrapper node_modules/@testing-library/dom/dist/wait-for.js:163:27
 笶ｯ src/app/05_admin/components/AdminDataManager.test.tsx:26:11
     24| 
     25|     // Wait for data to load
     26|     await waitFor(() => {
       |           ^
     27|       expect(screen.getByText('Total Users')).toBeInTheDocument();
     28|     });

竡ｯ竡ｯ竡ｯ竡ｯ竡ｯ竡ｯ竡ｯ竡ｯ竡ｯ竡ｯ竡ｯ竡ｯ竡ｯ竡ｯ竡ｯ竡ｯ竡ｯ竡ｯ竡ｯ竡ｯ[190/201]竡ｯ

 FAIL  src/app/05_admin/components/AdminDataManager.test.tsx > AdminDataManager > should display correct data in overview
TestingLibraryElementError: Unable to find an element with the text: 1247. This could be because the text is broken up by multiple elements. In this case, you can provide a function for your text matcher to make your matcher more flexible.

Ignored nodes: comments, script, style
<body />

Ignored nodes: comments, script, style
<html>
  <head />
  <body>
    <div>
      <div
        class="rounded-none bg-gray-800 p-6 text-white"
      >
        <h2
          class="neue-haas-grotesk-display mb-4 text-xl font-bold text-blue-500"
        >
          Admin Data Manager
        </h2>
        <div
          class="mb-6 flex gap-2"
        >
          <button
            class="rounded-none px-4 py-2 text-sm font-medium transition-colors bg-blue-500 text-white"
          >
            Overview
          </button>
          <button
            class="rounded-none px-4 py-2 text-sm font-medium transition-colors bg-gray-700 text-gray-300 hover:bg-gray-600"
          >
            Data Management
          </button>
          <button
            class="rounded-none px-4 py-2 text-sm font-medium transition-colors bg-gray-700 text-gray-300 hover:bg-gray-600"
          >
            Settings
          </button>
        </div>
        <div
          class="space-y-6"
        >
          <div
            class="grid grid-cols-1 gap-4 md:grid-cols-2 lg:grid-cols-4"
          >
            <div
              class="rounded-none bg-gray-700 p-4"
            >
              <div
                class="text-2xl font-bold text-blue-400"
              >
                1247
              </div>
              <div
                class="text-sm text-gray-300"
              >
                Total Users
              </div>
            </div>
            <div
              class="rounded-none bg-gray-700 p-4"
            >
              <div
                class="text-2xl font-bold text-green-400"
              >
                89
              </div>
              <div
                class="text-sm text-gray-300"
              >
                Content Items
              </div>
            </div>
            <div
              class="rounded-none bg-gray-700 p-4"
            >
              <div
                class="text-2xl font-bold text-yellow-400"
              >
                15,420
              </div>
              <div
                class="text-sm text-gray-300"
              >
                Total Views
              </div>
            </div>
            <div
              class="rounded-none bg-gray-700 p-4"
            >
              <div
                class="text-2xl font-bold text-purple-400"
              >
                2.3
                 GB
              </div>
              <div
                class="text-sm text-gray-300"
              >
                Storage Used
              </div>
            </div>
          </div>
          <div
            class="rounded-none bg-gray-700 p-6"
          >
            <h3
              class="mb-4 text-lg font-semibold text-blue-400"
            >
              System Health
            </h3>
            <div
              class="space-y-3"
            >
              <div
                class="flex items-center justify-between"
              >
                <span
                  class="text-gray-300"
                >
                  Database Connection
                </span>
                <span
                  class="text-green-400"
                >
                  笨・Connected
                </span>
              </div>
              <div
                class="flex items-center justify-between"
              >
                <span
                  class="text-gray-300"
                >
                  API Response Time
                </span>
                <span
                  class="text-green-400"
                >
                  124ms
                </span>
              </div>
              <div
                class="flex items-center justify-between"
              >
                <span
                  class="text-gray-300"
                >
                  Memory Usage
                </span>
                <span
                  class="text-yellow-400"
                >
                  68%
                </span>
              </div>
            </div>
          </div>
        </div>
      </div>
    </div>
  </body>
</html>
 笶ｯ waitForWrapper node_modules/@testing-library/dom/dist/wait-for.js:163:27
 笶ｯ src/app/05_admin/components/AdminDataManager.test.tsx:45:11
     43|   it('should display correct data in overview', async () => {
     44|     render(<AdminDataManager />);
     45|     await waitFor(() => {
       |           ^
     46|       expect(screen.getByText('1247')).toBeInTheDocument();
     47|       expect(screen.getByText('89')).toBeInTheDocument();

竡ｯ竡ｯ竡ｯ竡ｯ竡ｯ竡ｯ竡ｯ竡ｯ竡ｯ竡ｯ竡ｯ竡ｯ竡ｯ竡ｯ竡ｯ竡ｯ竡ｯ竡ｯ竡ｯ竡ｯ[191/201]竡ｯ

 FAIL  src/app/05_admin/components/AdminDataManager.test.tsx > AdminDataManager > should render all data types and statuses, and handle button clicks
TestingLibraryElementError: Unable to find an element with the text: Total Users. This could be because the text is broken up by multiple elements. In this case, you can provide a function for your text matcher to make your matcher more flexible.

Ignored nodes: comments, script, style
<body />

Ignored nodes: comments, script, style
<html>
  <head />
  <body>
    <div>
      <div
        class="rounded-none bg-gray-800 p-6 text-white"
      >
        <h2
          class="neue-haas-grotesk-display mb-4 text-xl font-bold text-blue-500"
        >
          Admin Data Manager
        </h2>
        <div
          class="mb-6 flex gap-2"
        >
          <button
            class="rounded-none px-4 py-2 text-sm font-medium transition-colors bg-blue-500 text-white"
          >
            Overview
          </button>
          <button
            class="rounded-none px-4 py-2 text-sm font-medium transition-colors bg-gray-700 text-gray-300 hover:bg-gray-600"
          >
            Data Management
          </button>
          <button
            class="rounded-none px-4 py-2 text-sm font-medium transition-colors bg-gray-700 text-gray-300 hover:bg-gray-600"
          >
            Settings
          </button>
        </div>
        <div
          class="space-y-6"
        >
          <div
            class="grid grid-cols-1 gap-4 md:grid-cols-2 lg:grid-cols-4"
          >
            <div
              class="rounded-none bg-gray-700 p-4"
            >
              <div
                class="text-2xl font-bold text-blue-400"
              >
                1247
              </div>
              <div
                class="text-sm text-gray-300"
              >
                Total Users
              </div>
            </div>
            <div
              class="rounded-none bg-gray-700 p-4"
            >
              <div
                class="text-2xl font-bold text-green-400"
              >
                89
              </div>
              <div
                class="text-sm text-gray-300"
              >
                Content Items
              </div>
            </div>
            <div
              class="rounded-none bg-gray-700 p-4"
            >
              <div
                class="text-2xl font-bold text-yellow-400"
              >
                15,420
              </div>
              <div
                class="text-sm text-gray-300"
              >
                Total Views
              </div>
            </div>
            <div
              class="rounded-none bg-gray-700 p-4"
            >
              <div
                class="text-2xl font-bold text-purple-400"
              >
                2.3
                 GB
              </div>
              <div
                class="text-sm text-gray-300"
              >
                Storage Used
              </div>
            </div>
          </div>
          <div
            class="rounded-none bg-gray-700 p-6"
          >
            <h3
              class="mb-4 text-lg font-semibold text-blue-400"
            >
              System Health
            </h3>
            <div
              class="space-y-3"
            >
              <div
                class="flex items-center justify-between"
              >
                <span
                  class="text-gray-300"
                >
                  Database Connection
                </span>
                <span
                  class="text-green-400"
                >
                  笨・Connected
                </span>
              </div>
              <div
                class="flex items-center justify-between"
              >
                <span
                  class="text-gray-300"
                >
                  API Response Time
                </span>
                <span
                  class="text-green-400"
                >
                  124ms
                </span>
              </div>
              <div
                class="flex items-center justify-between"
              >
                <span
                  class="text-gray-300"
                >
                  Memory Usage
                </span>
                <span
                  class="text-yellow-400"
                >
                  68%
                </span>
              </div>
            </div>
          </div>
        </div>
      </div>
    </div>
  </body>
</html>
 笶ｯ waitForWrapper node_modules/@testing-library/dom/dist/wait-for.js:163:27
 笶ｯ src/app/05_admin/components/AdminDataManager.test.tsx:58:11
     56| 
     57|     // Wait for data to load and switch to the data tab
     58|     await waitFor(() => {
       |           ^
     59|       expect(screen.getByText('Total Users')).toBeInTheDocument();
     60|     });

竡ｯ竡ｯ竡ｯ竡ｯ竡ｯ竡ｯ竡ｯ竡ｯ竡ｯ竡ｯ竡ｯ竡ｯ竡ｯ竡ｯ竡ｯ竡ｯ竡ｯ竡ｯ竡ｯ竡ｯ[192/201]竡ｯ

 FAIL  src/app/api/content/search/route.test.ts > Search API > GET > should track search queries
AssertionError: expected "spy" to be called at least once
 笶ｯ src/app/api/content/search/route.test.ts:155:28
    153| 
    154|       expect(fs.mkdir).toHaveBeenCalled();
    155|       expect(fs.writeFile).toHaveBeenCalled();
       |                            ^
    156|     });
    157| 

竡ｯ竡ｯ竡ｯ竡ｯ竡ｯ竡ｯ竡ｯ竡ｯ竡ｯ竡ｯ竡ｯ竡ｯ竡ｯ竡ｯ竡ｯ竡ｯ竡ｯ竡ｯ竡ｯ竡ｯ[193/201]竡ｯ

 FAIL  src/app/api/content/[type]/route.test.ts > Content API > POST > should create a new content item
AssertionError: expected 500 to be 200 // Object.is equality

- Expected
+ Received

- 200
+ 500

 笶ｯ src/app/api/content/[type]/route.test.ts:175:31
    173|       const data = await response.json();
    174| 
    175|       expect(response.status).toBe(200);
       |                               ^
    176|       expect(data.success).toBe(true);
    177|       expect(data.data.title).toBe('New Blog Post');

竡ｯ竡ｯ竡ｯ竡ｯ竡ｯ竡ｯ竡ｯ竡ｯ竡ｯ竡ｯ竡ｯ竡ｯ竡ｯ竡ｯ竡ｯ竡ｯ竡ｯ竡ｯ竡ｯ竡ｯ[194/201]竡ｯ

 FAIL  src/app/api/content/[type]/route.test.ts > Content API > POST > should check for duplicate IDs
AssertionError: expected 500 to be 409 // Object.is equality

- Expected
+ Received

- 409
+ 500

 笶ｯ src/app/api/content/[type]/route.test.ts:220:31
    218|       const data = await response.json();
    219| 
    220|       expect(response.status).toBe(409);
       |                               ^
    221|       expect(data.success).toBe(false);
    222|       expect(data.error).toContain('already exists');

竡ｯ竡ｯ竡ｯ竡ｯ竡ｯ竡ｯ竡ｯ竡ｯ竡ｯ竡ｯ竡ｯ竡ｯ竡ｯ竡ｯ竡ｯ竡ｯ竡ｯ竡ｯ竡ｯ竡ｯ[195/201]竡ｯ

 FAIL  src/app/api/content/[type]/route.test.ts > Content API > PUT > should update an existing content item
AssertionError: expected 500 to be 200 // Object.is equality

- Expected
+ Received

- 200
+ 500

 笶ｯ src/app/api/content/[type]/route.test.ts:262:31
    260|       const data = await response.json();
    261| 
    262|       expect(response.status).toBe(200);
       |                               ^
    263|       expect(data.success).toBe(true);
    264|       expect(data.data.title).toBe('Updated Blog Post');

竡ｯ竡ｯ竡ｯ竡ｯ竡ｯ竡ｯ竡ｯ竡ｯ竡ｯ竡ｯ竡ｯ竡ｯ竡ｯ竡ｯ竡ｯ竡ｯ竡ｯ竡ｯ竡ｯ竡ｯ[196/201]竡ｯ

 FAIL  src/app/api/content/[type]/route.test.ts > Content API > PUT > should validate the item does exist
AssertionError: expected 500 to be 404 // Object.is equality

- Expected
+ Received

- 404
+ 500

 笶ｯ src/app/api/content/[type]/route.test.ts:296:31
    294|       const data = await response.json();
    295| 
    296|       expect(response.status).toBe(404);
       |                               ^
    297|       expect(data.success).toBe(false);
    298|       expect(data.error).toContain('not found');

竡ｯ竡ｯ竡ｯ竡ｯ竡ｯ竡ｯ竡ｯ竡ｯ竡ｯ竡ｯ竡ｯ竡ｯ竡ｯ竡ｯ竡ｯ竡ｯ竡ｯ竡ｯ竡ｯ竡ｯ[197/201]竡ｯ

 FAIL  src/app/api/content/[type]/route.test.ts > Content API > PUT > should validate content before update
AssertionError: expected 500 to be 400 // Object.is equality

- Expected
+ Received

- 400
+ 500

 笶ｯ src/app/api/content/[type]/route.test.ts:317:31
    315|       const data = await response.json();
    316| 
    317|       expect(response.status).toBe(400);
       |                               ^
    318|       expect(data.success).toBe(false);
    319|       expect(data.error).toContain('Content validation failed');

竡ｯ竡ｯ竡ｯ竡ｯ竡ｯ竡ｯ竡ｯ竡ｯ竡ｯ竡ｯ竡ｯ竡ｯ竡ｯ竡ｯ竡ｯ竡ｯ竡ｯ竡ｯ竡ｯ竡ｯ[198/201]竡ｯ

 FAIL  src/app/api/content/[type]/route.test.ts > Content API > DELETE > should delete an existing content item
AssertionError: expected 500 to be 200 // Object.is equality

- Expected
+ Received

- 200
+ 500

 笶ｯ src/app/api/content/[type]/route.test.ts:348:31
    346|       const data = await response.json();
    347| 
    348|       expect(response.status).toBe(200);
       |                               ^
    349|       expect(data.success).toBe(true);
    350|       expect(data.data.id).toBe('blog-1');

竡ｯ竡ｯ竡ｯ竡ｯ竡ｯ竡ｯ竡ｯ竡ｯ竡ｯ竡ｯ竡ｯ竡ｯ竡ｯ竡ｯ竡ｯ竡ｯ竡ｯ竡ｯ竡ｯ竡ｯ[199/201]竡ｯ

 FAIL  src/app/api/content/[type]/route.test.ts > Content API > DELETE > should validate the item exists
AssertionError: expected 500 to be 404 // Object.is equality

- Expected
+ Received

- 404
+ 500

 笶ｯ src/app/api/content/[type]/route.test.ts:372:31
    370|       const data = await response.json();
    371| 
    372|       expect(response.status).toBe(404);
       |                               ^
    373|       expect(data.success).toBe(false);
    374|       expect(data.error).toContain('not found');

竡ｯ竡ｯ竡ｯ竡ｯ竡ｯ竡ｯ竡ｯ竡ｯ竡ｯ竡ｯ竡ｯ竡ｯ竡ｯ竡ｯ竡ｯ竡ｯ竡ｯ竡ｯ竡ｯ竡ｯ[200/201]竡ｯ

 FAIL  src/app/api/stats/[type]/route.test.ts > Stats API > GET > should handle top stats errors
AssertionError: expected 200 to be 500 // Object.is equality

- Expected
+ Received

- 500
+ 200

 笶ｯ src/app/api/stats/[type]/route.test.ts:115:31
    113|       const data = await response.json();
    114| 
    115|       expect(response.status).toBe(500);
       |                               ^
    116|       expect(data.success).toBe(false);
    117|       expect(data.error).toBeDefined();

竡ｯ竡ｯ竡ｯ竡ｯ竡ｯ竡ｯ竡ｯ竡ｯ竡ｯ竡ｯ竡ｯ竡ｯ竡ｯ竡ｯ竡ｯ竡ｯ竡ｯ竡ｯ竡ｯ竡ｯ[201/201]竡ｯ


[2m Test Files [22m [1m[31m35 failed[39m[22m[2m | [22m[1m[32m27 passed[39m[22m[90m (62)[39m
[2m      Tests [22m [1m[31m200 failed[39m[22m[2m | [22m[1m[32m371 passed[39m[22m[2m | [22m[33m1 skipped[39m[90m (572)[39m
[2m   Start at [22m 16:05:18
[2m   Duration [22m 41.89s[2m (transform 1.02s, setup 736ms, collect 2.43s, tests 37.51s, environment 531ms, prepare 157ms)[22m

